Archive member included to satisfy reference by file (symbol)

/opt/Atollic_TrueSTUDIO_for_STM32_x86_64_9.1.0/ARMTools/bin/../lib/gcc/arm-atollic-eabi/6.3.1/armv7e-m/fpu/libgcc.a(_arm_addsubdf3.o)
                              /tmp/ccDg7Kd3.ltrans0.ltrans.o (__aeabi_dsub)
/opt/Atollic_TrueSTUDIO_for_STM32_x86_64_9.1.0/ARMTools/bin/../lib/gcc/arm-atollic-eabi/6.3.1/armv7e-m/fpu/libgcc.a(_arm_muldivdf3.o)
                              /tmp/ccDg7Kd3.ltrans0.ltrans.o (__aeabi_dmul)
/opt/Atollic_TrueSTUDIO_for_STM32_x86_64_9.1.0/ARMTools/bin/../lib/gcc/arm-atollic-eabi/6.3.1/armv7e-m/fpu/libgcc.a(_arm_fixdfsi.o)
                              /tmp/ccDg7Kd3.ltrans0.ltrans.o (__aeabi_d2iz)
/opt/Atollic_TrueSTUDIO_for_STM32_x86_64_9.1.0/ARMTools/bin/../lib/gcc/arm-atollic-eabi/6.3.1/armv7e-m/fpu/libgcc.a(_arm_truncdfsf2.o)
                              /tmp/ccDg7Kd3.ltrans0.ltrans.o (__aeabi_d2f)
/opt/Atollic_TrueSTUDIO_for_STM32_x86_64_9.1.0/ARMTools/bin/../lib/gcc/arm-atollic-eabi/6.3.1/armv7e-m/fpu/libgcc.a(_aeabi_uldivmod.o)
                              /tmp/ccDg7Kd3.ltrans0.ltrans.o (__aeabi_uldivmod)
/opt/Atollic_TrueSTUDIO_for_STM32_x86_64_9.1.0/ARMTools/bin/../lib/gcc/arm-atollic-eabi/6.3.1/armv7e-m/fpu/libgcc.a(_udivmoddi4.o)
                              /opt/Atollic_TrueSTUDIO_for_STM32_x86_64_9.1.0/ARMTools/bin/../lib/gcc/arm-atollic-eabi/6.3.1/armv7e-m/fpu/libgcc.a(_aeabi_uldivmod.o) (__udivmoddi4)
/opt/Atollic_TrueSTUDIO_for_STM32_x86_64_9.1.0/ARMTools/bin/../lib/gcc/arm-atollic-eabi/6.3.1/armv7e-m/fpu/libgcc.a(_dvmd_tls.o)
                              /opt/Atollic_TrueSTUDIO_for_STM32_x86_64_9.1.0/ARMTools/bin/../lib/gcc/arm-atollic-eabi/6.3.1/armv7e-m/fpu/libgcc.a(_aeabi_uldivmod.o) (__aeabi_ldiv0)
/opt/Atollic_TrueSTUDIO_for_STM32_x86_64_9.1.0/ARMTools/bin/../lib/gcc/arm-atollic-eabi/6.3.1/../../../../arm-atollic-eabi/lib/armv7e-m/fpu/libc.a(lib_a-memcpy-stub.o)
                              /tmp/ccDg7Kd3.ltrans0.ltrans.o (memcpy)
/opt/Atollic_TrueSTUDIO_for_STM32_x86_64_9.1.0/ARMTools/bin/../lib/gcc/arm-atollic-eabi/6.3.1/../../../../arm-atollic-eabi/lib/armv7e-m/fpu/libc.a(lib_a-memset.o)
                              /tmp/ccDg7Kd3.ltrans1.ltrans.o (memset)
/opt/Atollic_TrueSTUDIO_for_STM32_x86_64_9.1.0/ARMTools/bin/../lib/gcc/arm-atollic-eabi/6.3.1/../../../../arm-atollic-eabi/lib/armv7e-m/fpu/libc.a(lib_a-strcmp.o)
                              /tmp/ccDg7Kd3.ltrans3.ltrans.o (strcmp)
/opt/Atollic_TrueSTUDIO_for_STM32_x86_64_9.1.0/ARMTools/bin/../lib/gcc/arm-atollic-eabi/6.3.1/../../../../arm-atollic-eabi/lib/armv7e-m/fpu/libc.a(lib_a-strncmp.o)
                              /tmp/ccDg7Kd3.ltrans1.ltrans.o (strncmp)
/opt/Atollic_TrueSTUDIO_for_STM32_x86_64_9.1.0/ARMTools/bin/../lib/gcc/arm-atollic-eabi/6.3.1/../../../../arm-atollic-eabi/lib/armv7e-m/fpu/libc.a(lib_a-strncpy.o)
                              /tmp/ccDg7Kd3.ltrans1.ltrans.o (strncpy)

Discarded input sections

 .data          0x0000000000000000        0x0 build/obj/crt0_v7m.o
 .bss           0x0000000000000000        0x0 build/obj/crt0_v7m.o
 .data          0x0000000000000000        0x0 build/obj/vectors.o
 .bss           0x0000000000000000        0x0 build/obj/vectors.o
 .data          0x0000000000000000        0x0 build/obj/chcoreasm_v7m.o
 .bss           0x0000000000000000        0x0 build/obj/chcoreasm_v7m.o
 .text          0x0000000000000000        0x0 build/obj/crt1.o (symbol from plugin)
 .text          0x0000000000000000        0x0 /tmp/ccDg7Kd3.ltrans0.ltrans.o
 .data          0x0000000000000000        0x0 /tmp/ccDg7Kd3.ltrans0.ltrans.o
 .bss           0x0000000000000000        0x0 /tmp/ccDg7Kd3.ltrans0.ltrans.o
 .data.SystemCoreClock
                0x0000000000000000        0x4 /tmp/ccDg7Kd3.ltrans0.ltrans.o
 .bss._pal_events
                0x0000000000000000        0x0 /tmp/ccDg7Kd3.ltrans0.ltrans.o
 .rodata.default_config.lto_priv.150
                0x0000000000000000        0xc /tmp/ccDg7Kd3.ltrans0.ltrans.o
 .text.l3gd20Stop
                0x0000000000000000       0x3e /tmp/ccDg7Kd3.ltrans0.ltrans.o
 .text.chsnprintf
                0x0000000000000000       0x66 /tmp/ccDg7Kd3.ltrans0.ltrans.o
 .text._writes  0x0000000000000000       0x56 /tmp/ccDg7Kd3.ltrans0.ltrans.o
 .text._reads   0x0000000000000000       0x56 /tmp/ccDg7Kd3.ltrans0.ltrans.o
 .text._put.lto_priv.17
                0x0000000000000000       0x48 /tmp/ccDg7Kd3.ltrans0.ltrans.o
 .text._get.lto_priv.14
                0x0000000000000000       0x44 /tmp/ccDg7Kd3.ltrans0.ltrans.o
 .rodata.vmt.lto_priv.10
                0x0000000000000000       0x14 /tmp/ccDg7Kd3.ltrans0.ltrans.o
 .text.msObjectInit
                0x0000000000000000       0x3c /tmp/ccDg7Kd3.ltrans0.ltrans.o
 .text.writes   0x0000000000000000       0x1a /tmp/ccDg7Kd3.ltrans0.ltrans.o
 .text.reads    0x0000000000000000       0x1a /tmp/ccDg7Kd3.ltrans0.ltrans.o
 .text.put      0x0000000000000000       0x1a /tmp/ccDg7Kd3.ltrans0.ltrans.o
[...]
Memory Configuration

Name             Origin             Length             Attributes
flash0           0x0000000008000000 0x0000000000040000
flash1           0x0000000000000000 0x0000000000000000
flash2           0x0000000000000000 0x0000000000000000
flash3           0x0000000000000000 0x0000000000000000
flash4           0x0000000000000000 0x0000000000000000
flash5           0x0000000000000000 0x0000000000000000
flash6           0x0000000000000000 0x0000000000000000
flash7           0x0000000000000000 0x0000000000000000
ram0             0x0000000020000000 0x0000000000010000
ram1             0x0000000000000000 0x0000000000000000
ram2             0x0000000000000000 0x0000000000000000
ram3             0x0000000000000000 0x0000000000000000
ram4             0x0000000000000000 0x0000000000000000
ram5             0x0000000000000000 0x0000000000000000
ram6             0x0000000000000000 0x0000000000000000
ram7             0x0000000000000000 0x0000000000000000
*default*        0x0000000000000000 0xffffffffffffffff

Linker script and memory map

LOAD build/obj/crt0_v7m.o
LOAD build/obj/vectors.o
LOAD build/obj/chcoreasm_v7m.o
LOAD build/obj/crt1.o
LOAD /tmp/ccDg7Kd3.ltrans0.ltrans.o
LOAD /tmp/ccDg7Kd3.ltrans1.ltrans.o
LOAD /tmp/ccDg7Kd3.ltrans2.ltrans.o
LOAD /tmp/ccDg7Kd3.ltrans3.ltrans.o
LOAD /tmp/ccDg7Kd3.ltrans4.ltrans.o
LOAD /tmp/ccDg7Kd3.ltrans5.ltrans.o
LOAD /tmp/ccDg7Kd3.ltrans6.ltrans.o
LOAD /tmp/ccDg7Kd3.ltrans7.ltrans.o
LOAD /tmp/ccDg7Kd3.ltrans8.ltrans.o
LOAD /tmp/ccDg7Kd3.ltrans9.ltrans.o
LOAD build/obj/hal.o
LOAD build/obj/hal_st.o
LOAD build/obj/hal_buffers.o
LOAD build/obj/hal_queues.o
LOAD build/obj/hal_mmcsd.o
LOAD build/obj/hal_pal.o
LOAD build/obj/hal_serial.o
LOAD build/obj/hal_serial_usb.o
LOAD build/obj/hal_spi.o
LOAD build/obj/hal_uart.o
LOAD build/obj/hal_usb.o
LOAD build/obj/nvic.o
LOAD build/obj/stm32_isr.o
LOAD build/obj/hal_lld.o
LOAD build/obj/stm32_dma.o
LOAD build/obj/hal_pal_lld.o
LOAD build/obj/hal_usb_lld.o
LOAD build/obj/hal_spi_lld.o
LOAD build/obj/hal_st_lld.o
LOAD build/obj/hal_serial_lld.o
LOAD build/obj/hal_uart_lld.o
LOAD build/obj/board.o
LOAD build/obj/osal.o
LOAD build/obj/chsys.o
LOAD build/obj/chdebug.o
LOAD build/obj/chtrace.o
LOAD build/obj/chvt.o
LOAD build/obj/chschd.o
LOAD build/obj/chthreads.o
LOAD build/obj/chtm.o
LOAD build/obj/chregistry.o
LOAD build/obj/chsem.o
LOAD build/obj/chmtx.o
LOAD build/obj/chcond.o
LOAD build/obj/chevents.o
LOAD build/obj/chmsg.o
LOAD build/obj/chdynamic.o
LOAD build/obj/chmboxes.o
LOAD build/obj/chmemcore.o
LOAD build/obj/chheap.o
LOAD build/obj/chmempools.o
LOAD build/obj/chfactory.o
LOAD build/obj/chcore.o
LOAD build/obj/chcore_v7m.o
LOAD build/obj/l3gd20.o
LOAD build/obj/chprintf.o
LOAD build/obj/memstreams.o
LOAD build/obj/nullstreams.o
LOAD build/obj/usbcfg.o
LOAD build/obj/main.o
LOAD build/obj/mbcrc.o

.mstack         0x0000000020000000      0x400
                0x0000000020000000                . = ALIGN (0x8)
                0x0000000020000000                __main_stack_base__ = .
                0x0000000020000400                . = (. + __main_stack_size__)
 *fill*         0x0000000020000000      0x400 
                0x0000000020000400                . = ALIGN (0x8)
                0x0000000020000400                __main_stack_end__ = .

.pstack         0x0000000020000400      0x400
                0x0000000020000400                __process_stack_base__ = .
                0x0000000020000400                __main_thread_stack_base__ = .
                0x0000000020000800                . = (. + __process_stack_size__)
 *fill*         0x0000000020000400      0x400 
                0x0000000020000800                . = ALIGN (0x8)
                0x0000000020000800                __process_stack_end__ = .
                0x0000000020000800                __main_thread_stack_end__ = .

.vectors        0x0000000008000000      0x1e0
 *(.vectors)
 .vectors       0x0000000008000000      0x1e0 build/obj/vectors.o
                0x0000000008000000                _vectors

.xtors          0x00000000080001e0        0x0
                0x00000000080001e0                __init_array_start = .
 *(SORT(.init_array.*))
 *(.init_array)
                0x00000000080001e0                __init_array_end = .
                0x00000000080001e0                __fini_array_start = .
 *(.fini_array)
 *(SORT(.fini_array.*))
                0x00000000080001e0                __fini_array_end = .

.text           0x00000000080001e0     0x8a8a
 *(.text)
 .text          0x00000000080001e0      0x120 build/obj/crt0_v7m.o
                0x00000000080001e0                _crt0_entry
 .text          0x0000000008000300        0x8 build/obj/vectors.o
                0x0000000008000300                Reset_Handler
                0x0000000008000302                Vector58
                0x0000000008000302                VectorE8
                0x0000000008000302                Vector9C
                0x0000000008000302                VectorAC
                0x0000000008000302                DebugMon_Handler
                0x0000000008000302                Vector1A0
                0x0000000008000302                Vector5C
                0x0000000008000302                Vector11C
                0x0000000008000302                HardFault_Handler
                0x0000000008000302                Vector1B8
                0x0000000008000302                Vector19C
                0x0000000008000302                Vector8C
                0x0000000008000302                SysTick_Handler
                0x0000000008000302                VectorDC
                0x0000000008000302                PendSV_Handler
                0x0000000008000302                Vector168
                0x0000000008000302                NMI_Handler
                0x0000000008000302                Vector110
                0x0000000008000302                Vector1D8
                0x0000000008000302                VectorC8
                0x0000000008000302                Vector94
                0x0000000008000302                VectorA8
                0x0000000008000302                VectorB4
                0x0000000008000302                Vector160
                0x0000000008000302                Vector1B0
                0x0000000008000302                UsageFault_Handler
                0x0000000008000302                VectorEC
                0x0000000008000302                Vector40
                0x0000000008000302                VectorF8
                0x0000000008000302                Vector108
                0x0000000008000302                VectorBC
                0x0000000008000302                Vector190
                0x0000000008000302                Vector1C4
                0x0000000008000302                Vector1CC
                0x0000000008000302                Vector148
                0x0000000008000302                Vector188
                0x0000000008000302                Vector198
                0x0000000008000302                Vector118
                0x0000000008000302                Vector64
                0x0000000008000302                VectorCC
                0x0000000008000302                Vector54
                0x0000000008000302                Vector98
                0x0000000008000302                Vector138
                0x0000000008000302                Vector24
                0x0000000008000302                Vector1AC
                0x0000000008000302                Vector178
                0x0000000008000302                Vector1A4
                0x0000000008000302                VectorD0
                0x0000000008000302                Vector1B4
                0x0000000008000302                Vector140
                0x0000000008000302                VectorE4
                0x0000000008000302                VectorC0
                0x0000000008000302                Vector1C0
                0x0000000008000302                Vector134
                0x0000000008000302                Vector1D0
                0x0000000008000302                VectorF0
                0x0000000008000302                Vector13C
                0x0000000008000302                Vector100
                0x0000000008000302                VectorE0
                0x0000000008000302                VectorF4
                0x0000000008000302                MemManage_Handler
                0x0000000008000302                VectorA0
                0x0000000008000302                VectorC4
                0x0000000008000302                Vector180
                0x0000000008000302                Vector90
                0x0000000008000302                Vector114
                0x0000000008000302                Vector164
                0x0000000008000302                Vector60
                0x0000000008000302                Vector1C
                0x0000000008000302                Vector1BC
                0x0000000008000302                Vector1D4
                0x0000000008000302                Vector17C
                0x0000000008000302                Vector48
                0x0000000008000302                Vector1A8
                0x0000000008000302                Vector16C
                0x0000000008000302                Vector4C
                0x0000000008000302                Vector144
                0x0000000008000302                Vector68
                0x0000000008000302                Vector170
                0x0000000008000302                Vector88
                0x0000000008000302                Vector104
                0x0000000008000302                Vector184
                0x0000000008000302                Vector10C
                0x0000000008000302                BusFault_Handler
                0x0000000008000302                Vector50
                0x0000000008000302                Vector1C8
                0x0000000008000302                Vector194
                0x0000000008000302                Vector1DC
                0x0000000008000302                Vector44
                0x0000000008000302                Vector28
                0x0000000008000302                VectorB8
                0x0000000008000302                Vector34
                0x0000000008000302                VectorA4
                0x0000000008000302                Vector20
                0x0000000008000302                Vector18C
                0x0000000008000302                Vector174
                0x0000000008000306                _unhandled_exception
 .text          0x0000000008000308       0x30 build/obj/chcoreasm_v7m.o
                0x0000000008000308                _port_switch
                0x0000000008000320                _port_thread_start
                0x0000000008000330                _port_switch_from_isr
                0x0000000008000334                _port_exit_from_isr
 .text          0x0000000008000338      0x370 /opt/Atollic_TrueSTUDIO_for_STM32_x86_64_9.1.0/ARMTools/bin/../lib/gcc/arm-atollic-eabi/6.3.1/armv7e-m/fpu/libgcc.a(_arm_addsubdf3.o)
                0x0000000008000338                __aeabi_drsub
                0x0000000008000340                __aeabi_dsub
                0x0000000008000340                __subdf3
                0x0000000008000344                __adddf3
                0x0000000008000344                __aeabi_dadd
                0x00000000080005bc                __aeabi_ui2d
                0x00000000080005bc                __floatunsidf
                0x00000000080005dc                __floatsidf
                0x00000000080005dc                __aeabi_i2d
                0x0000000008000600                __extendsfdf2
                0x0000000008000600                __aeabi_f2d
                0x000000000800063c                __aeabi_ul2d
                0x000000000800063c                __floatundidf
                0x000000000800064c                __floatdidf
                0x000000000800064c                __aeabi_l2d
 .text          0x00000000080006a8      0x424 /opt/Atollic_TrueSTUDIO_for_STM32_x86_64_9.1.0/ARMTools/bin/../lib/gcc/arm-atollic-eabi/6.3.1/armv7e-m/fpu/libgcc.a(_arm_muldivdf3.o)
                0x00000000080006a8                __aeabi_dmul
                0x00000000080006a8                __muldf3
                0x00000000080008fc                __aeabi_ddiv
                0x00000000080008fc                __divdf3
 .text          0x0000000008000acc       0x50 /opt/Atollic_TrueSTUDIO_for_STM32_x86_64_9.1.0/ARMTools/bin/../lib/gcc/arm-atollic-eabi/6.3.1/armv7e-m/fpu/libgcc.a(_arm_fixdfsi.o)
                0x0000000008000acc                __fixdfsi
                0x0000000008000acc                __aeabi_d2iz
 .text          0x0000000008000b1c       0xa0 /opt/Atollic_TrueSTUDIO_for_STM32_x86_64_9.1.0/ARMTools/bin/../lib/gcc/arm-atollic-eabi/6.3.1/armv7e-m/fpu/libgcc.a(_arm_truncdfsf2.o)
                0x0000000008000b1c                __aeabi_d2f
                0x0000000008000b1c                __truncdfsf2
 .text          0x0000000008000bbc       0x30 /opt/Atollic_TrueSTUDIO_for_STM32_x86_64_9.1.0/ARMTools/bin/../lib/gcc/arm-atollic-eabi/6.3.1/armv7e-m/fpu/libgcc.a(_aeabi_uldivmod.o)
                0x0000000008000bbc                __aeabi_uldivmod
 .text          0x0000000008000bec      0x2dc /opt/Atollic_TrueSTUDIO_for_STM32_x86_64_9.1.0/ARMTools/bin/../lib/gcc/arm-atollic-eabi/6.3.1/armv7e-m/fpu/libgcc.a(_udivmoddi4.o)
                0x0000000008000bec                __udivmoddi4
 .text          0x0000000008000ec8        0x4 /opt/Atollic_TrueSTUDIO_for_STM32_x86_64_9.1.0/ARMTools/bin/../lib/gcc/arm-atollic-eabi/6.3.1/armv7e-m/fpu/libgcc.a(_dvmd_tls.o)
                0x0000000008000ec8                __aeabi_ldiv0
                0x0000000008000ec8                __aeabi_idiv0
 *(.text.*)
 .text.SVC_Handler
                0x0000000008000ecc       0x3c /tmp/ccDg7Kd3.ltrans0.ltrans.o
                0x0000000008000ecc                SVC_Handler
 .text._port_irq_epilogue
                0x0000000008000f08       0x7c /tmp/ccDg7Kd3.ltrans0.ltrans.o
                0x0000000008000f08                _port_irq_epilogue
 .text.osalThreadSleep
                0x0000000008000f84       0x14 /tmp/ccDg7Kd3.ltrans0.ltrans.o
 .text.l3gd20SPIReadRegister
                0x0000000008000f98       0x56 /tmp/ccDg7Kd3.ltrans0.ltrans.o
 .text.l3gd20SPIWriteRegister
                0x0000000008000fee       0x50 /tmp/ccDg7Kd3.ltrans0.ltrans.o
 .text.gyro_get_axes_number
                0x000000000800103e       0x16 /tmp/ccDg7Kd3.ltrans0.ltrans.o
 .text.gyro_read_raw
                0x0000000008001054       0x82 /tmp/ccDg7Kd3.ltrans0.ltrans.o
 .text.gyro_read_cooked
                0x00000000080010d6       0x88 /tmp/ccDg7Kd3.ltrans0.ltrans.o
 *fill*         0x000000000800115e        0x2 
 .text.gyro_sample_bias
                0x0000000008001160      0x110 /tmp/ccDg7Kd3.ltrans0.ltrans.o
 .text.gyro_set_bias
                0x0000000008001270       0x50 /tmp/ccDg7Kd3.ltrans0.ltrans.o
 .text.gyro_reset_bias
                0x00000000080012c0       0x48 /tmp/ccDg7Kd3.ltrans0.ltrans.o
 .text.gyro_set_sensivity
                0x0000000008001308       0x52 /tmp/ccDg7Kd3.ltrans0.ltrans.o
 *fill*         0x000000000800135a        0x2 
 .text.gyro_reset_sensivity
                0x000000000800135c       0xc4 /tmp/ccDg7Kd3.ltrans0.ltrans.o
 .text.gyro_set_full_scale
                0x0000000008001420      0x114 /tmp/ccDg7Kd3.ltrans0.ltrans.o
 .text.l3gd20ObjectInit
                0x0000000008001534       0x34 /tmp/ccDg7Kd3.ltrans0.ltrans.o
 .text.l3gd20Start
                0x0000000008001568      0x1ec /tmp/ccDg7Kd3.ltrans0.ltrans.o
 .text.long_to_string_with_divisor
                0x0000000008001754       0xaa /tmp/ccDg7Kd3.ltrans0.ltrans.o
 .text.ch_ltoa  0x00000000080017fe       0x22 /tmp/ccDg7Kd3.ltrans0.ltrans.o
 .text.ftoa     0x0000000008001820       0xb4 /tmp/ccDg7Kd3.ltrans0.ltrans.o
 .text.chvprintf
                0x00000000080018d4      0x4b0 /tmp/ccDg7Kd3.ltrans0.ltrans.o
 .text.chprintf
                0x0000000008001d84       0x2c /tmp/ccDg7Kd3.ltrans0.ltrans.o
 .text.port_lock.lto_priv.2
                0x0000000008001db0       0x1a /tmp/ccDg7Kd3.ltrans0.ltrans.o
 .text.port_unlock.lto_priv.0
                0x0000000008001dca       0x1a /tmp/ccDg7Kd3.ltrans0.ltrans.o
 .text.port_lock_from_isr.lto_priv.7
                0x0000000008001de4        0xa /tmp/ccDg7Kd3.ltrans0.ltrans.o
 .text.port_unlock_from_isr.lto_priv.5
                0x0000000008001dee        0xa /tmp/ccDg7Kd3.ltrans0.ltrans.o
 .text.chSysLockFromISR
                0x0000000008001df8        0xa /tmp/ccDg7Kd3.ltrans0.ltrans.o
 .text.chSysUnlockFromISR
                0x0000000008001e02        0xa /tmp/ccDg7Kd3.ltrans0.ltrans.o
 .text.osalSysLockFromISR
                0x0000000008001e0c        0xa /tmp/ccDg7Kd3.ltrans0.ltrans.o
 .text.osalSysUnlockFromISR
                0x0000000008001e16        0xa /tmp/ccDg7Kd3.ltrans0.ltrans.o
 .text.get_descriptor
                0x0000000008001e20       0x5c /tmp/ccDg7Kd3.ltrans0.ltrans.o
 .text.usb_event
                0x0000000008001e7c       0x88 /tmp/ccDg7Kd3.ltrans0.ltrans.o
 .text.sof_handler
                0x0000000008001f04       0x20 /tmp/ccDg7Kd3.ltrans0.ltrans.o
 .text.port_lock.lto_priv.3
                0x0000000008001f24       0x1a /tmp/ccDg7Kd3.ltrans0.ltrans.o
 .text.port_unlock.lto_priv.1
                0x0000000008001f3e       0x1a /tmp/ccDg7Kd3.ltrans0.ltrans.o
 .text.st_lld_get_counter
                0x0000000008001f58       0x14 /tmp/ccDg7Kd3.ltrans0.ltrans.o
 .text.port_timer_get_time
                0x0000000008001f6c        0xe /tmp/ccDg7Kd3.ltrans0.ltrans.o
 .text.chSysLock
                0x0000000008001f7a        0xa /tmp/ccDg7Kd3.ltrans0.ltrans.o
 .text.chSysUnlock
                0x0000000008001f84        0xa /tmp/ccDg7Kd3.ltrans0.ltrans.o
 .text.chVTGetSystemTimeX
                0x0000000008001f8e        0xe /tmp/ccDg7Kd3.ltrans0.ltrans.o
 .text.chVTGetSystemTime
                0x0000000008001f9c       0x1e /tmp/ccDg7Kd3.ltrans0.ltrans.o
 *fill*         0x0000000008001fba        0x2 
 .text.chRegSetThreadName
                0x0000000008001fbc       0x20 /tmp/ccDg7Kd3.ltrans0.ltrans.o
 .text.Thread1  0x0000000008001fdc      0x174 /tmp/ccDg7Kd3.ltrans0.ltrans.o
 .text.main     0x0000000008002150      0x110 /tmp/ccDg7Kd3.ltrans0.ltrans.o
                0x0000000008002150                main
 .text.timer_expired
                0x0000000008002260       0x10 /tmp/ccDg7Kd3.ltrans0.ltrans.o
 .text.stop_timer
                0x0000000008002270       0x18 /tmp/ccDg7Kd3.ltrans0.ltrans.o
 .text.restart_timer
                0x0000000008002288       0x14 /tmp/ccDg7Kd3.ltrans0.ltrans.o
 .text.construct_response
                0x000000000800229c       0x6a /tmp/ccDg7Kd3.ltrans0.ltrans.o
 *fill*         0x0000000008002306        0x2 
 .text.send_response
                0x0000000008002308       0x24 /tmp/ccDg7Kd3.ltrans0.ltrans.o
 .text.is_frame_valid
                0x000000000800232c       0x4c /tmp/ccDg7Kd3.ltrans0.ltrans.o
 .text.process_request
                0x0000000008002378       0x4c /tmp/ccDg7Kd3.ltrans0.ltrans.o
 .text.poll_uart_for_character
                0x00000000080023c4       0x28 /tmp/ccDg7Kd3.ltrans0.ltrans.o
 .text.handle_rx_packet
                0x00000000080023ec       0xac /tmp/ccDg7Kd3.ltrans0.ltrans.o
 .text.modbus_driver_thread
                0x0000000008002498       0xa8 /tmp/ccDg7Kd3.ltrans0.ltrans.o
 .text.usMBCRC16
                0x0000000008002540       0x64 /tmp/ccDg7Kd3.ltrans0.ltrans.o
 .text.port_lock.lto_priv.36
                0x00000000080025a4       0x1a /tmp/ccDg7Kd3.ltrans1.ltrans.o
 .text.port_unlock.lto_priv.33
                0x00000000080025be       0x1a /tmp/ccDg7Kd3.ltrans1.ltrans.o
 .text.chSysLock.lto_priv.41
                0x00000000080025d8        0xa /tmp/ccDg7Kd3.ltrans1.ltrans.o
 .text.chSysUnlock.lto_priv.39
                0x00000000080025e2        0xa /tmp/ccDg7Kd3.ltrans1.ltrans.o
 .text._core_init
                0x00000000080025ec       0x24 /tmp/ccDg7Kd3.ltrans1.ltrans.o
                0x00000000080025ec                _core_init
 .text.chCoreAllocAlignedWithOffsetI
                0x0000000008002610       0x6c /tmp/ccDg7Kd3.ltrans1.ltrans.o
 .text.chCoreAllocAlignedWithOffset
                0x000000000800267c       0x2a /tmp/ccDg7Kd3.ltrans1.ltrans.o
 *fill*         0x00000000080026a6        0x2 
 .text._heap_init
                0x00000000080026a8       0x2c /tmp/ccDg7Kd3.ltrans1.ltrans.o
                0x00000000080026a8                _heap_init
 .text.chPoolObjectInitAligned
                0x00000000080026d4       0x30 /tmp/ccDg7Kd3.ltrans1.ltrans.o
 .text.chCoreAllocAlignedI
                0x0000000008002704       0x1e /tmp/ccDg7Kd3.ltrans1.ltrans.o
 .text.chPoolObjectInit
                0x0000000008002722       0x1e /tmp/ccDg7Kd3.ltrans1.ltrans.o
 .text.dyn_list_init
                0x0000000008002740       0x18 /tmp/ccDg7Kd3.ltrans1.ltrans.o
 .text._factory_init
                0x0000000008002758       0x64 /tmp/ccDg7Kd3.ltrans1.ltrans.o
                0x0000000008002758                _factory_init
 .text.port_lock.lto_priv.38
                0x00000000080027bc       0x1a /tmp/ccDg7Kd3.ltrans1.ltrans.o
 .text.port_unlock.lto_priv.35
                0x00000000080027d6       0x1a /tmp/ccDg7Kd3.ltrans1.ltrans.o
 .text.port_lock_from_isr.lto_priv.6
                0x00000000080027f0        0xa /tmp/ccDg7Kd3.ltrans1.ltrans.o
                0x00000000080027f0                port_lock_from_isr.lto_priv.6
 .text.port_unlock_from_isr.lto_priv.4
                0x00000000080027fa        0xa /tmp/ccDg7Kd3.ltrans1.ltrans.o
                0x00000000080027fa                port_unlock_from_isr.lto_priv.4
 .text.chMtxObjectInit
                0x0000000008002804       0x1c /tmp/ccDg7Kd3.ltrans2.ltrans.o
                0x0000000008002804                chMtxObjectInit
 .text.chEvtBroadcastFlagsI
                0x0000000008002820       0x56 /tmp/ccDg7Kd3.ltrans2.ltrans.o
                0x0000000008002820                chEvtBroadcastFlagsI
 .text.chEvtSignalI
                0x0000000008002876       0x5c /tmp/ccDg7Kd3.ltrans2.ltrans.o
 *fill*         0x00000000080028d2        0x2 
 .text._thread_init
                0x00000000080028d4       0x80 /tmp/ccDg7Kd3.ltrans3.ltrans.o
                0x00000000080028d4                _thread_init
 .text.chThdCreateSuspendedI
                0x0000000008002954       0x5c /tmp/ccDg7Kd3.ltrans3.ltrans.o
                0x0000000008002954                chThdCreateSuspendedI
 .text.chThdCreate
                0x00000000080029b0       0x2a /tmp/ccDg7Kd3.ltrans3.ltrans.o
                0x00000000080029b0                chThdCreate
 *fill*         0x00000000080029da        0x2 
 .text.chThdCreateStatic
                0x00000000080029dc       0x70 /tmp/ccDg7Kd3.ltrans3.ltrans.o
                0x00000000080029dc                chThdCreateStatic
 .text.chThdExit
                0x0000000008002a4c       0x18 /tmp/ccDg7Kd3.ltrans3.ltrans.o
                0x0000000008002a4c                chThdExit
 .text.chThdExitS
                0x0000000008002a64       0x74 /tmp/ccDg7Kd3.ltrans3.ltrans.o
 .text.chThdSleep
                0x0000000008002ad8       0x1c /tmp/ccDg7Kd3.ltrans3.ltrans.o
                0x0000000008002ad8                chThdSleep
 .text.chThdSuspendTimeoutS
                0x0000000008002af4       0x3a /tmp/ccDg7Kd3.ltrans3.ltrans.o
                0x0000000008002af4                chThdSuspendTimeoutS
 .text.chThdResumeI
                0x0000000008002b2e       0x30 /tmp/ccDg7Kd3.ltrans3.ltrans.o
                0x0000000008002b2e                chThdResumeI
 *fill*         0x0000000008002b5e        0x2 
 .text.chThdEnqueueTimeoutS
                0x0000000008002b60       0x38 /tmp/ccDg7Kd3.ltrans3.ltrans.o
                0x0000000008002b60                chThdEnqueueTimeoutS
 .text.chThdDequeueNextI
                0x0000000008002b98       0x24 /tmp/ccDg7Kd3.ltrans3.ltrans.o
                0x0000000008002b98                chThdDequeueNextI
 .text.chThdDequeueAllI
                0x0000000008002bbc       0x26 /tmp/ccDg7Kd3.ltrans3.ltrans.o
                0x0000000008002bbc                chThdDequeueAllI
 *fill*         0x0000000008002be2        0x2 
 .text.port_rt_get_counter_value
                0x0000000008002be4       0x18 /tmp/ccDg7Kd3.ltrans3.ltrans.o
 .text.tm_stop  0x0000000008002bfc       0x70 /tmp/ccDg7Kd3.ltrans3.ltrans.o
 .text._tm_init
                0x0000000008002c6c       0x34 /tmp/ccDg7Kd3.ltrans3.ltrans.o
                0x0000000008002c6c                _tm_init
 .text.chTMObjectInit
                0x0000000008002ca0       0x38 /tmp/ccDg7Kd3.ltrans3.ltrans.o
 .text.chTMStartMeasurementX
                0x0000000008002cd8       0x18 /tmp/ccDg7Kd3.ltrans3.ltrans.o
 .text.chTMStopMeasurementX
                0x0000000008002cf0       0x24 /tmp/ccDg7Kd3.ltrans3.ltrans.o
 .text.queue_init.lto_priv.57
                0x0000000008002d14       0x1e /tmp/ccDg7Kd3.ltrans3.ltrans.o
                0x0000000008002d14                queue_init.lto_priv.57
 *fill*         0x0000000008002d32        0x2 
 .text.Vector15C
                0x0000000008002d34       0x14 /tmp/ccDg7Kd3.ltrans4.ltrans.o
                0x0000000008002d34                Vector15C
 .text.uart_lld_init
                0x0000000008002d48       0x30 /tmp/ccDg7Kd3.ltrans4.ltrans.o
                0x0000000008002d48                uart_lld_init
 .text.uart_lld_start
                0x0000000008002d78       0xd0 /tmp/ccDg7Kd3.ltrans4.ltrans.o
                0x0000000008002d78                uart_lld_start
 .text.uart_lld_start_send
                0x0000000008002e48       0x72 /tmp/ccDg7Kd3.ltrans4.ltrans.o
                0x0000000008002e48                uart_lld_start_send
 .text.uart_lld_start_receive
                0x0000000008002eba       0x86 /tmp/ccDg7Kd3.ltrans4.ltrans.o
                0x0000000008002eba                uart_lld_start_receive
 .text.gpio_init
                0x0000000008002f40       0x4c /tmp/ccDg7Kd3.ltrans4.ltrans.o
 .text.stm32_gpio_init
                0x0000000008002f8c       0x94 /tmp/ccDg7Kd3.ltrans4.ltrans.o
 .text.__early_init
                0x0000000008003020        0xe /tmp/ccDg7Kd3.ltrans4.ltrans.o
                0x0000000008003020                __early_init
 .text.boardInit
                0x000000000800302e        0xc /tmp/ccDg7Kd3.ltrans4.ltrans.o
                0x000000000800302e                boardInit
 .text.chTimeAddX.lto_priv.138
                0x000000000800303a       0x1c /tmp/ccDg7Kd3.ltrans4.ltrans.o
 .text.chTimeDiffX.lto_priv.136
                0x0000000008003056       0x1c /tmp/ccDg7Kd3.ltrans4.ltrans.o
 *fill*         0x0000000008003072        0x2 
 .text.__NVIC_SetPriorityGrouping
                0x0000000008003074       0x48 /tmp/ccDg7Kd3.ltrans4.ltrans.o
 .text.__NVIC_SetPriority
                0x00000000080030bc       0x54 /tmp/ccDg7Kd3.ltrans4.ltrans.o
 .text.port_init
                0x0000000008003110       0x40 /tmp/ccDg7Kd3.ltrans4.ltrans.o
 .text.port_lock.lto_priv.119
                0x0000000008003150       0x1a /tmp/ccDg7Kd3.ltrans4.ltrans.o
 .text.port_unlock.lto_priv.116
                0x000000000800316a       0x1a /tmp/ccDg7Kd3.ltrans4.ltrans.o
 .text.port_lock_from_isr.lto_priv.128
                0x0000000008003184        0xa /tmp/ccDg7Kd3.ltrans4.ltrans.o
 .text.port_unlock_from_isr.lto_priv.126
                0x000000000800318e        0xa /tmp/ccDg7Kd3.ltrans4.ltrans.o
 .text.port_disable
                0x0000000008003198        0xe /tmp/ccDg7Kd3.ltrans4.ltrans.o
 .text.port_enable
                0x00000000080031a6       0x1c /tmp/ccDg7Kd3.ltrans4.ltrans.o
 .text.port_wait_for_interrupt
                0x00000000080031c2        0xc /tmp/ccDg7Kd3.ltrans4.ltrans.o
 *fill*         0x00000000080031ce        0x2 
 .text.port_rt_get_counter_value
                0x00000000080031d0       0x18 /tmp/ccDg7Kd3.ltrans4.ltrans.o
 .text.st_lld_get_counter.lto_priv.113
                0x00000000080031e8       0x14 /tmp/ccDg7Kd3.ltrans4.ltrans.o
 .text.port_timer_stop_alarm.lto_priv.134
                0x00000000080031fc        0xa /tmp/ccDg7Kd3.ltrans4.ltrans.o
 .text.port_timer_set_alarm.lto_priv.132
                0x0000000008003206       0x14 /tmp/ccDg7Kd3.ltrans4.ltrans.o
 .text.port_timer_get_time.lto_priv.110
                0x000000000800321a        0xe /tmp/ccDg7Kd3.ltrans4.ltrans.o
 .text.chSysEnable
                0x0000000008003228        0xa /tmp/ccDg7Kd3.ltrans4.ltrans.o
 .text.chSysLockFromISR.lto_priv.124
                0x0000000008003232        0xa /tmp/ccDg7Kd3.ltrans4.ltrans.o
 .text.chSysUnlockFromISR.lto_priv.122
                0x000000000800323c        0xa /tmp/ccDg7Kd3.ltrans4.ltrans.o
 .text.chVTGetSystemTimeX.lto_priv.130
                0x0000000008003246        0xe /tmp/ccDg7Kd3.ltrans4.ltrans.o
 .text.chVTDoTickI
                0x0000000008003254       0xfc /tmp/ccDg7Kd3.ltrans4.ltrans.o
 .text._idle_thread.lto_priv.18
                0x0000000008003350        0xe /tmp/ccDg7Kd3.ltrans4.ltrans.o
                0x0000000008003350                _idle_thread.lto_priv.18
 *fill*         0x000000000800335e        0x2 
 .text.chSysInit
                0x0000000008003360       0x60 /tmp/ccDg7Kd3.ltrans4.ltrans.o
                0x0000000008003360                chSysInit
 .text.chSysHalt
                0x00000000080033c0       0x18 /tmp/ccDg7Kd3.ltrans4.ltrans.o
                0x00000000080033c0                chSysHalt
 .text.chSysTimerHandlerI
                0x00000000080033d8        0xa /tmp/ccDg7Kd3.ltrans4.ltrans.o
                0x00000000080033d8                chSysTimerHandlerI
 .text.chSysIsCounterWithinX
                0x00000000080033e2       0x2e /tmp/ccDg7Kd3.ltrans4.ltrans.o
 .text.chSysPolledDelayX
                0x0000000008003410       0x32 /tmp/ccDg7Kd3.ltrans4.ltrans.o
                0x0000000008003410                chSysPolledDelayX
 .text.chTimeAddX.lto_priv.139
                0x0000000008003442       0x1c /tmp/ccDg7Kd3.ltrans4.ltrans.o
 .text.chTimeDiffX.lto_priv.137
                0x000000000800345e       0x1c /tmp/ccDg7Kd3.ltrans4.ltrans.o
 .text.st_lld_get_counter.lto_priv.114
                0x000000000800347a       0x14 /tmp/ccDg7Kd3.ltrans4.ltrans.o
 .text.port_timer_start_alarm
                0x000000000800348e       0x14 /tmp/ccDg7Kd3.ltrans4.ltrans.o
 .text.port_timer_stop_alarm.lto_priv.135
                0x00000000080034a2        0xa /tmp/ccDg7Kd3.ltrans4.ltrans.o
 .text.port_timer_set_alarm.lto_priv.133
                0x00000000080034ac       0x14 /tmp/ccDg7Kd3.ltrans4.ltrans.o
 .text.port_timer_get_time.lto_priv.111
                0x00000000080034c0        0xe /tmp/ccDg7Kd3.ltrans4.ltrans.o
 .text.chVTGetSystemTimeX.lto_priv.131
                0x00000000080034ce        0xe /tmp/ccDg7Kd3.ltrans4.ltrans.o
 .text._vt_init
                0x00000000080034dc       0x30 /tmp/ccDg7Kd3.ltrans4.ltrans.o
 .text.chVTDoSetI
                0x000000000800350c      0x134 /tmp/ccDg7Kd3.ltrans4.ltrans.o
 .text.chVTDoResetI
                0x0000000008003640       0xec /tmp/ccDg7Kd3.ltrans4.ltrans.o
 .text.port_lock.lto_priv.120
                0x000000000800372c       0x1a /tmp/ccDg7Kd3.ltrans4.ltrans.o
 .text.port_unlock.lto_priv.117
                0x0000000008003746       0x1a /tmp/ccDg7Kd3.ltrans4.ltrans.o
 .text.port_lock_from_isr.lto_priv.129
                0x0000000008003760        0xa /tmp/ccDg7Kd3.ltrans4.ltrans.o
 .text.port_unlock_from_isr.lto_priv.127
                0x000000000800376a        0xa /tmp/ccDg7Kd3.ltrans4.ltrans.o
 .text.queue_init
                0x0000000008003774       0x1e /tmp/ccDg7Kd3.ltrans4.ltrans.o
 .text.queue_fifo_remove.lto_priv.108
                0x0000000008003792       0x2c /tmp/ccDg7Kd3.ltrans4.ltrans.o
 .text.queue_dequeue
                0x00000000080037be       0x2a /tmp/ccDg7Kd3.ltrans4.ltrans.o
 .text.chSysLockFromISR.lto_priv.125
                0x00000000080037e8        0xa /tmp/ccDg7Kd3.ltrans4.ltrans.o
 .text.chSysUnlockFromISR.lto_priv.123
                0x00000000080037f2        0xa /tmp/ccDg7Kd3.ltrans4.ltrans.o
 .text.chVTIsArmedI
                0x00000000080037fc       0x22 /tmp/ccDg7Kd3.ltrans4.ltrans.o
 .text.chSemFastSignalI
                0x000000000800381e       0x1c /tmp/ccDg7Kd3.ltrans4.ltrans.o
 *fill*         0x000000000800383a        0x2 
 .text._scheduler_init
                0x000000000800383c       0x24 /tmp/ccDg7Kd3.ltrans4.ltrans.o
 .text.chSchReadyI
                0x0000000008003860       0x54 /tmp/ccDg7Kd3.ltrans4.ltrans.o
                0x0000000008003860                chSchReadyI
 .text.chSchReadyAheadI
                0x00000000080038b4       0x54 /tmp/ccDg7Kd3.ltrans4.ltrans.o
 .text.chSchGoSleepS
                0x0000000008003908       0x44 /tmp/ccDg7Kd3.ltrans4.ltrans.o
                0x0000000008003908                chSchGoSleepS
 .text.wakeup   0x000000000800394c       0x78 /tmp/ccDg7Kd3.ltrans4.ltrans.o
 .text.chSchGoSleepTimeoutS
                0x00000000080039c4       0x68 /tmp/ccDg7Kd3.ltrans4.ltrans.o
                0x00000000080039c4                chSchGoSleepTimeoutS
 .text.chSchWakeupS
                0x0000000008003a2c       0x54 /tmp/ccDg7Kd3.ltrans4.ltrans.o
                0x0000000008003a2c                chSchWakeupS
 .text.chSchIsPreemptionRequired
                0x0000000008003a80       0x34 /tmp/ccDg7Kd3.ltrans4.ltrans.o
                0x0000000008003a80                chSchIsPreemptionRequired
 .text.chSchDoReschedule
                0x0000000008003ab4       0x40 /tmp/ccDg7Kd3.ltrans4.ltrans.o
                0x0000000008003ab4                chSchDoReschedule
 .text.port_lock.lto_priv.121
                0x0000000008003af4       0x1a /tmp/ccDg7Kd3.ltrans4.ltrans.o
 .text.port_unlock.lto_priv.118
                0x0000000008003b0e       0x1a /tmp/ccDg7Kd3.ltrans4.ltrans.o
 .text.list_init.lto_priv.107
                0x0000000008003b28       0x18 /tmp/ccDg7Kd3.ltrans4.ltrans.o
                0x0000000008003b28                list_init.lto_priv.107
 .text.list_notempty.lto_priv.105
                0x0000000008003b40       0x24 /tmp/ccDg7Kd3.ltrans4.ltrans.o
                0x0000000008003b40                list_notempty.lto_priv.105
 .text.queue_init.lto_priv.93
                0x0000000008003b64       0x1e /tmp/ccDg7Kd3.ltrans4.ltrans.o
                0x0000000008003b64                queue_init.lto_priv.93
 .text.queue_notempty.lto_priv.77
                0x0000000008003b82       0x24 /tmp/ccDg7Kd3.ltrans4.ltrans.o
                0x0000000008003b82                queue_notempty.lto_priv.77
 .text.list_remove.lto_priv.106
                0x0000000008003ba6       0x24 /tmp/ccDg7Kd3.ltrans4.ltrans.o
                0x0000000008003ba6                list_remove.lto_priv.106
 .text.queue_insert.lto_priv.91
                0x0000000008003bca       0x30 /tmp/ccDg7Kd3.ltrans4.ltrans.o
                0x0000000008003bca                queue_insert.lto_priv.91
 .text.queue_fifo_remove.lto_priv.109
                0x0000000008003bfa       0x2c /tmp/ccDg7Kd3.ltrans4.ltrans.o
 .text.chSysLock.lto_priv.88
                0x0000000008003c26        0xa /tmp/ccDg7Kd3.ltrans4.ltrans.o
                0x0000000008003c26                chSysLock.lto_priv.88
 .text.chSysUnlock.lto_priv.85
                0x0000000008003c30        0xa /tmp/ccDg7Kd3.ltrans4.ltrans.o
                0x0000000008003c30                chSysUnlock.lto_priv.85
 *fill*         0x0000000008003c3a        0x2 
 .text.chThdGetSelfX.lto_priv.98
                0x0000000008003c3c       0x18 /tmp/ccDg7Kd3.ltrans4.ltrans.o
                0x0000000008003c3c                chThdGetSelfX.lto_priv.98
 .text.chThdSleepS.lto_priv.100
                0x0000000008003c54       0x16 /tmp/ccDg7Kd3.ltrans4.ltrans.o
                0x0000000008003c54                chThdSleepS.lto_priv.100
 .text.chThdDoDequeueNextI.lto_priv.97
                0x0000000008003c6a       0x24 /tmp/ccDg7Kd3.ltrans4.ltrans.o
                0x0000000008003c6a                chThdDoDequeueNextI.lto_priv.97
 .text.usb_lld_start_in
                0x0000000008003c8e      0x14a /tmp/ccDg7Kd3.ltrans5.ltrans.o
                0x0000000008003c8e                usb_lld_start_in
 .text.usb_lld_stall_out
                0x0000000008003dd8       0x36 /tmp/ccDg7Kd3.ltrans5.ltrans.o
                0x0000000008003dd8                usb_lld_stall_out
 .text.usb_lld_stall_in
                0x0000000008003e0e       0x36 /tmp/ccDg7Kd3.ltrans5.ltrans.o
                0x0000000008003e0e                usb_lld_stall_in
 .text.usb_lld_clear_out
                0x0000000008003e44       0x36 /tmp/ccDg7Kd3.ltrans5.ltrans.o
                0x0000000008003e44                usb_lld_clear_out
 .text.usb_lld_clear_in
                0x0000000008003e7a       0x36 /tmp/ccDg7Kd3.ltrans5.ltrans.o
                0x0000000008003e7a                usb_lld_clear_in
 .text.port_lock.lto_priv.172
                0x0000000008003eb0       0x1a /tmp/ccDg7Kd3.ltrans5.ltrans.o
 .text.port_unlock.lto_priv.169
                0x0000000008003eca       0x1a /tmp/ccDg7Kd3.ltrans5.ltrans.o
 .text.port_lock_from_isr.lto_priv.166
                0x0000000008003ee4        0xa /tmp/ccDg7Kd3.ltrans5.ltrans.o
 .text.port_unlock_from_isr.lto_priv.163
                0x0000000008003eee        0xa /tmp/ccDg7Kd3.ltrans5.ltrans.o
 .text.chSysLockFromISR.lto_priv.160
                0x0000000008003ef8        0xa /tmp/ccDg7Kd3.ltrans5.ltrans.o
 .text.chSysUnlockFromISR.lto_priv.157
                0x0000000008003f02        0xa /tmp/ccDg7Kd3.ltrans5.ltrans.o
 .text.osalSysHalt.lto_priv.148
                0x0000000008003f0c       0x14 /tmp/ccDg7Kd3.ltrans5.ltrans.o
 .text.osalSysLockFromISR.lto_priv.154
                0x0000000008003f20        0xa /tmp/ccDg7Kd3.ltrans5.ltrans.o
 .text.osalSysUnlockFromISR.lto_priv.151
                0x0000000008003f2a        0xa /tmp/ccDg7Kd3.ltrans5.ltrans.o
 .text.osalThreadResumeI
                0x0000000008003f34       0x18 /tmp/ccDg7Kd3.ltrans5.ltrans.o
 .text.spi_lld_serve_rx_interrupt
                0x0000000008003f4c      0x12c /tmp/ccDg7Kd3.ltrans5.ltrans.o
 .text.spi_lld_serve_tx_interrupt
                0x0000000008004078       0x24 /tmp/ccDg7Kd3.ltrans5.ltrans.o
 .text.spi_lld_init
                0x000000000800409c       0x44 /tmp/ccDg7Kd3.ltrans5.ltrans.o
                0x000000000800409c                spi_lld_init
 .text.spi_lld_start
                0x00000000080040e0      0x150 /tmp/ccDg7Kd3.ltrans5.ltrans.o
                0x00000000080040e0                spi_lld_start
 .text.spi_lld_send
                0x0000000008004230       0x88 /tmp/ccDg7Kd3.ltrans5.ltrans.o
                0x0000000008004230                spi_lld_send
 .text.spi_lld_receive
                0x00000000080042b8       0x88 /tmp/ccDg7Kd3.ltrans5.ltrans.o
                0x00000000080042b8                spi_lld_receive
 .text.port_lock.lto_priv.173
                0x0000000008004340       0x1a /tmp/ccDg7Kd3.ltrans5.ltrans.o
 .text.port_unlock.lto_priv.170
                0x000000000800435a       0x1a /tmp/ccDg7Kd3.ltrans5.ltrans.o
 .text.port_lock_from_isr.lto_priv.167
                0x0000000008004374        0xa /tmp/ccDg7Kd3.ltrans5.ltrans.o
 .text.port_unlock_from_isr.lto_priv.164
                0x000000000800437e        0xa /tmp/ccDg7Kd3.ltrans5.ltrans.o
 .text.chSysLockFromISR.lto_priv.161
                0x0000000008004388        0xa /tmp/ccDg7Kd3.ltrans5.ltrans.o
 .text.chSysUnlockFromISR.lto_priv.158
                0x0000000008004392        0xa /tmp/ccDg7Kd3.ltrans5.ltrans.o
 .text.osalSysLockFromISR.lto_priv.155
                0x000000000800439c        0xa /tmp/ccDg7Kd3.ltrans5.ltrans.o
 .text.osalSysUnlockFromISR.lto_priv.152
                0x00000000080043a6        0xa /tmp/ccDg7Kd3.ltrans5.ltrans.o
 .text.osalOsTimerHandlerI
                0x00000000080043b0        0xa /tmp/ccDg7Kd3.ltrans5.ltrans.o
 .text.VectorB0
                0x00000000080043ba       0x2c /tmp/ccDg7Kd3.ltrans5.ltrans.o
                0x00000000080043ba                VectorB0
 *fill*         0x00000000080043e6        0x2 
 .text.st_lld_init
                0x00000000080043e8       0x80 /tmp/ccDg7Kd3.ltrans5.ltrans.o
                0x00000000080043e8                st_lld_init
 .text.port_lock.lto_priv.174
                0x0000000008004468       0x1a /tmp/ccDg7Kd3.ltrans5.ltrans.o
 .text.port_unlock.lto_priv.171
                0x0000000008004482       0x1a /tmp/ccDg7Kd3.ltrans5.ltrans.o
 .text.port_lock_from_isr.lto_priv.168
                0x000000000800449c        0xa /tmp/ccDg7Kd3.ltrans5.ltrans.o
 .text.port_unlock_from_isr.lto_priv.165
                0x00000000080044a6        0xa /tmp/ccDg7Kd3.ltrans5.ltrans.o
 .text.chSysLockFromISR.lto_priv.162
                0x00000000080044b0        0xa /tmp/ccDg7Kd3.ltrans5.ltrans.o
 .text.chSysUnlockFromISR.lto_priv.159
                0x00000000080044ba        0xa /tmp/ccDg7Kd3.ltrans5.ltrans.o
 .text.osalSysLockFromISR.lto_priv.156
                0x00000000080044c4        0xa /tmp/ccDg7Kd3.ltrans5.ltrans.o
 .text.osalSysUnlockFromISR.lto_priv.153
                0x00000000080044ce        0xa /tmp/ccDg7Kd3.ltrans5.ltrans.o
 .text.osalEventBroadcastFlagsI
                0x00000000080044d8       0x18 /tmp/ccDg7Kd3.ltrans5.ltrans.o
 .text.set_error
                0x00000000080044f0       0x6a /tmp/ccDg7Kd3.ltrans5.ltrans.o
 .text.serve_interrupt
                0x000000000800455a      0x140 /tmp/ccDg7Kd3.ltrans5.ltrans.o
 *fill*         0x000000000800469a        0x2 
 .text.notify1  0x000000000800469c       0x24 /tmp/ccDg7Kd3.ltrans5.ltrans.o
 .text.notify2  0x00000000080046c0       0x24 /tmp/ccDg7Kd3.ltrans5.ltrans.o
 .text.VectorD4
                0x00000000080046e4       0x14 /tmp/ccDg7Kd3.ltrans5.ltrans.o
                0x00000000080046e4                VectorD4
 .text.VectorD8
                0x00000000080046f8       0x14 /tmp/ccDg7Kd3.ltrans5.ltrans.o
                0x00000000080046f8                VectorD8
 .text.sd_lld_init
                0x000000000800470c       0x40 /tmp/ccDg7Kd3.ltrans5.ltrans.o
                0x000000000800470c                sd_lld_init
 .text.osalSysHalt.lto_priv.149
                0x000000000800474c       0x14 /tmp/ccDg7Kd3.ltrans5.ltrans.o
 .text.translate_errors
                0x0000000008004760       0x76 /tmp/ccDg7Kd3.ltrans5.ltrans.o
 .text.uart_enter_rx_idle_loop.lto_priv.144
                0x00000000080047d6       0x64 /tmp/ccDg7Kd3.ltrans5.ltrans.o
                0x00000000080047d6                uart_enter_rx_idle_loop.lto_priv.144
 .text.usart_stop.lto_priv.145
                0x000000000800483a       0x9a /tmp/ccDg7Kd3.ltrans5.ltrans.o
                0x000000000800483a                usart_stop.lto_priv.145
 .text.usart_start.lto_priv.146
                0x00000000080048d4       0xb0 /tmp/ccDg7Kd3.ltrans5.ltrans.o
                0x00000000080048d4                usart_start.lto_priv.146
 .text.uart_lld_serve_rx_end_irq.lto_priv.142
                0x0000000008004984       0xb0 /tmp/ccDg7Kd3.ltrans5.ltrans.o
                0x0000000008004984                uart_lld_serve_rx_end_irq.lto_priv.142
 .text.uart_lld_serve_tx_end_irq.lto_priv.143
                0x0000000008004a34       0x84 /tmp/ccDg7Kd3.ltrans5.ltrans.o
                0x0000000008004a34                uart_lld_serve_tx_end_irq.lto_priv.143
 .text.serve_usart_irq.lto_priv.147
                0x0000000008004ab8       0x92 /tmp/ccDg7Kd3.ltrans5.ltrans.o
                0x0000000008004ab8                serve_usart_irq.lto_priv.147
 *fill*         0x0000000008004b4a        0x2 
 .text.Vector120
                0x0000000008004b4c       0x40 /tmp/ccDg7Kd3.ltrans6.ltrans.o
                0x0000000008004b4c                Vector120
 .text.Vector124
                0x0000000008004b8c       0x44 /tmp/ccDg7Kd3.ltrans6.ltrans.o
                0x0000000008004b8c                Vector124
 .text.Vector128
                0x0000000008004bd0       0x44 /tmp/ccDg7Kd3.ltrans6.ltrans.o
                0x0000000008004bd0                Vector128
 .text.Vector12C
                0x0000000008004c14       0x44 /tmp/ccDg7Kd3.ltrans6.ltrans.o
                0x0000000008004c14                Vector12C
 .text.Vector130
                0x0000000008004c58       0x40 /tmp/ccDg7Kd3.ltrans6.ltrans.o
                0x0000000008004c58                Vector130
 .text.Vector150
                0x0000000008004c98       0x44 /tmp/ccDg7Kd3.ltrans6.ltrans.o
                0x0000000008004c98                Vector150
 .text.Vector154
                0x0000000008004cdc       0x44 /tmp/ccDg7Kd3.ltrans6.ltrans.o
                0x0000000008004cdc                Vector154
 .text.Vector158
                0x0000000008004d20       0x44 /tmp/ccDg7Kd3.ltrans6.ltrans.o
                0x0000000008004d20                Vector158
 .text.dmaInit  0x0000000008004d64       0x7c /tmp/ccDg7Kd3.ltrans6.ltrans.o
                0x0000000008004d64                dmaInit
 .text.dmaStreamAllocate
                0x0000000008004de0      0x108 /tmp/ccDg7Kd3.ltrans6.ltrans.o
                0x0000000008004de0                dmaStreamAllocate
 .text._pal_lld_init
                0x0000000008004ee8        0xc /tmp/ccDg7Kd3.ltrans6.ltrans.o
                0x0000000008004ee8                _pal_lld_init
 .text.port_lock
                0x0000000008004ef4       0x1a /tmp/ccDg7Kd3.ltrans6.ltrans.o
 .text.port_unlock
                0x0000000008004f0e       0x1a /tmp/ccDg7Kd3.ltrans6.ltrans.o
 .text.port_lock_from_isr
                0x0000000008004f28        0xa /tmp/ccDg7Kd3.ltrans6.ltrans.o
 .text.port_unlock_from_isr
                0x0000000008004f32        0xa /tmp/ccDg7Kd3.ltrans6.ltrans.o
 .text.chSysLockFromISR
                0x0000000008004f3c        0xa /tmp/ccDg7Kd3.ltrans6.ltrans.o
 .text.chSysUnlockFromISR
                0x0000000008004f46        0xa /tmp/ccDg7Kd3.ltrans6.ltrans.o
 .text.osalSysLockFromISR
                0x0000000008004f50        0xa /tmp/ccDg7Kd3.ltrans6.ltrans.o
 .text.osalSysUnlockFromISR
                0x0000000008004f5a        0xa /tmp/ccDg7Kd3.ltrans6.ltrans.o
 .text.osalSysPolledDelayX
                0x0000000008004f64       0x14 /tmp/ccDg7Kd3.ltrans6.ltrans.o
 .text.otg_core_reset
                0x0000000008004f78       0x3a /tmp/ccDg7Kd3.ltrans6.ltrans.o
 .text.otg_disable_ep
                0x0000000008004fb2       0x9a /tmp/ccDg7Kd3.ltrans6.ltrans.o
 .text.otg_rxfifo_flush
                0x000000000800504c       0x2c /tmp/ccDg7Kd3.ltrans6.ltrans.o
 .text.otg_txfifo_flush
                0x0000000008005078       0x34 /tmp/ccDg7Kd3.ltrans6.ltrans.o
 .text.otg_ram_reset
                0x00000000080050ac       0x1c /tmp/ccDg7Kd3.ltrans6.ltrans.o
 .text.otg_ram_alloc
                0x00000000080050c8       0x2a /tmp/ccDg7Kd3.ltrans6.ltrans.o
 .text.otg_fifo_write_from_buffer
                0x00000000080050f2       0x32 /tmp/ccDg7Kd3.ltrans6.ltrans.o
 .text.otg_fifo_read_to_buffer
                0x0000000008005124       0x5a /tmp/ccDg7Kd3.ltrans6.ltrans.o
 .text.otg_rxfifo_handler
                0x000000000800517e       0xfe /tmp/ccDg7Kd3.ltrans6.ltrans.o
 .text.otg_txfifo_handler
                0x000000000800527c      0x12e /tmp/ccDg7Kd3.ltrans6.ltrans.o
 .text.otg_epin_handler
                0x00000000080053aa      0x102 /tmp/ccDg7Kd3.ltrans6.ltrans.o
 .text.otg_epout_handler
                0x00000000080054ac      0x12e /tmp/ccDg7Kd3.ltrans6.ltrans.o
 .text.otg_isoc_in_failed_handler
                0x00000000080055da       0xd8 /tmp/ccDg7Kd3.ltrans6.ltrans.o
 .text.otg_isoc_out_failed_handler
                0x00000000080056b2       0x98 /tmp/ccDg7Kd3.ltrans6.ltrans.o
 .text.usb_lld_serve_interrupt
                0x000000000800574a      0x1ba /tmp/ccDg7Kd3.ltrans6.ltrans.o
 .text.Vector14C
                0x0000000008005904       0x14 /tmp/ccDg7Kd3.ltrans6.ltrans.o
                0x0000000008005904                Vector14C
 .text.usb_lld_init
                0x0000000008005918       0x24 /tmp/ccDg7Kd3.ltrans6.ltrans.o
                0x0000000008005918                usb_lld_init
 .text.usb_lld_start
                0x000000000800593c       0xe8 /tmp/ccDg7Kd3.ltrans6.ltrans.o
                0x000000000800593c                usb_lld_start
 .text.usb_lld_reset
                0x0000000008005a24      0x130 /tmp/ccDg7Kd3.ltrans6.ltrans.o
                0x0000000008005a24                usb_lld_reset
 .text.usb_lld_set_address
                0x0000000008005b54       0x32 /tmp/ccDg7Kd3.ltrans6.ltrans.o
                0x0000000008005b54                usb_lld_set_address
 *fill*         0x0000000008005b86        0x2 
 .text.usb_lld_init_endpoint
                0x0000000008005b88      0x220 /tmp/ccDg7Kd3.ltrans6.ltrans.o
                0x0000000008005b88                usb_lld_init_endpoint
 .text.usb_lld_disable_endpoints
                0x0000000008005da8       0x1a /tmp/ccDg7Kd3.ltrans6.ltrans.o
                0x0000000008005da8                usb_lld_disable_endpoints
 .text.usb_lld_get_status_out
                0x0000000008005dc2       0x46 /tmp/ccDg7Kd3.ltrans6.ltrans.o
                0x0000000008005dc2                usb_lld_get_status_out
 .text.usb_lld_get_status_in
                0x0000000008005e08       0x46 /tmp/ccDg7Kd3.ltrans6.ltrans.o
                0x0000000008005e08                usb_lld_get_status_in
 .text.usb_lld_read_setup
                0x0000000008005e4e       0x2c /tmp/ccDg7Kd3.ltrans6.ltrans.o
                0x0000000008005e4e                usb_lld_read_setup
 .text.usb_lld_start_out
                0x0000000008005e7a      0x12e /tmp/ccDg7Kd3.ltrans6.ltrans.o
                0x0000000008005e7a                usb_lld_start_out
 .text.uartInit
                0x0000000008005fa8        0xa /tmp/ccDg7Kd3.ltrans7.ltrans.o
                0x0000000008005fa8                uartInit
 .text.uartObjectInit
                0x0000000008005fb2       0x2a /tmp/ccDg7Kd3.ltrans7.ltrans.o
                0x0000000008005fb2                uartObjectInit
 .text.uartStart
                0x0000000008005fdc       0x2a /tmp/ccDg7Kd3.ltrans7.ltrans.o
                0x0000000008005fdc                uartStart
 .text.uartStartSend
                0x0000000008006006       0x2a /tmp/ccDg7Kd3.ltrans7.ltrans.o
                0x0000000008006006                uartStartSend
 .text.uartStartReceive
                0x0000000008006030       0x2a /tmp/ccDg7Kd3.ltrans7.ltrans.o
                0x0000000008006030                uartStartReceive
 .text.port_lock
                0x000000000800605a       0x1a /tmp/ccDg7Kd3.ltrans7.ltrans.o
 .text.port_unlock
                0x0000000008006074       0x1a /tmp/ccDg7Kd3.ltrans7.ltrans.o
 .text.port_lock_from_isr
                0x000000000800608e        0xa /tmp/ccDg7Kd3.ltrans7.ltrans.o
 .text.port_unlock_from_isr
                0x0000000008006098        0xa /tmp/ccDg7Kd3.ltrans7.ltrans.o
 .text.chSysLock
                0x00000000080060a2        0xa /tmp/ccDg7Kd3.ltrans7.ltrans.o
 .text.chSysUnlock
                0x00000000080060ac        0xa /tmp/ccDg7Kd3.ltrans7.ltrans.o
 .text.chSysLockFromISR
                0x00000000080060b6        0xa /tmp/ccDg7Kd3.ltrans7.ltrans.o
 .text.chSysUnlockFromISR
                0x00000000080060c0        0xa /tmp/ccDg7Kd3.ltrans7.ltrans.o
 .text.osalSysLock.lto_priv.189
                0x00000000080060ca        0xa /tmp/ccDg7Kd3.ltrans7.ltrans.o
 .text.osalSysUnlock.lto_priv.187
                0x00000000080060d4        0xa /tmp/ccDg7Kd3.ltrans7.ltrans.o
 .text.osalSysLockFromISR
                0x00000000080060de        0xa /tmp/ccDg7Kd3.ltrans7.ltrans.o
 .text.osalSysUnlockFromISR
                0x00000000080060e8        0xa /tmp/ccDg7Kd3.ltrans7.ltrans.o
 .text.get_hword
                0x00000000080060f2       0x32 /tmp/ccDg7Kd3.ltrans7.ltrans.o
 .text.set_address
                0x0000000008006124       0x3c /tmp/ccDg7Kd3.ltrans7.ltrans.o
 .text.default_handler
                0x0000000008006160      0x3d4 /tmp/ccDg7Kd3.ltrans7.ltrans.o
 .text.usbInit  0x0000000008006534        0xa /tmp/ccDg7Kd3.ltrans7.ltrans.o
                0x0000000008006534                usbInit
 .text.usbObjectInit
                0x000000000800653e       0x56 /tmp/ccDg7Kd3.ltrans7.ltrans.o
                0x000000000800653e                usbObjectInit
 .text.usbStart
                0x0000000008006594       0x4a /tmp/ccDg7Kd3.ltrans7.ltrans.o
                0x0000000008006594                usbStart
 .text.usbInitEndpointI
                0x00000000080065de       0x58 /tmp/ccDg7Kd3.ltrans7.ltrans.o
                0x00000000080065de                usbInitEndpointI
 .text.usbDisableEndpointsI
                0x0000000008006636       0x50 /tmp/ccDg7Kd3.ltrans7.ltrans.o
 .text.usbStartReceiveI
                0x0000000008006686       0x58 /tmp/ccDg7Kd3.ltrans7.ltrans.o
                0x0000000008006686                usbStartReceiveI
 .text.usbStartTransmitI
                0x00000000080066de       0x58 /tmp/ccDg7Kd3.ltrans7.ltrans.o
                0x00000000080066de                usbStartTransmitI
 .text._usb_reset
                0x0000000008006736       0x7c /tmp/ccDg7Kd3.ltrans7.ltrans.o
                0x0000000008006736                _usb_reset
 .text._usb_suspend
                0x00000000080067b2       0x34 /tmp/ccDg7Kd3.ltrans7.ltrans.o
                0x00000000080067b2                _usb_suspend
 .text._usb_wakeup
                0x00000000080067e6       0x2e /tmp/ccDg7Kd3.ltrans7.ltrans.o
                0x00000000080067e6                _usb_wakeup
 .text._usb_ep0setup
                0x0000000008006814      0x15c /tmp/ccDg7Kd3.ltrans7.ltrans.o
                0x0000000008006814                _usb_ep0setup
 .text._usb_ep0in
                0x0000000008006970      0x134 /tmp/ccDg7Kd3.ltrans7.ltrans.o
                0x0000000008006970                _usb_ep0in
 .text._usb_ep0out
                0x0000000008006aa4       0xec /tmp/ccDg7Kd3.ltrans7.ltrans.o
                0x0000000008006aa4                _usb_ep0out
 .text.nvicEnableVector
                0x0000000008006b90       0x5c /tmp/ccDg7Kd3.ltrans7.ltrans.o
                0x0000000008006b90                nvicEnableVector
 .text.irqInit  0x0000000008006bec       0x3e /tmp/ccDg7Kd3.ltrans7.ltrans.o
 *fill*         0x0000000008006c2a        0x2 
 .text.hal_lld_backup_domain_init
                0x0000000008006c2c       0x48 /tmp/ccDg7Kd3.ltrans7.ltrans.o
 .text.hal_lld_init
                0x0000000008006c74       0x78 /tmp/ccDg7Kd3.ltrans7.ltrans.o
                0x0000000008006c74                hal_lld_init
 .text.stm32_clock_init
                0x0000000008006cec      0x138 /tmp/ccDg7Kd3.ltrans7.ltrans.o
                0x0000000008006cec                stm32_clock_init
 .text.Vector6C
                0x0000000008006e24       0x40 /tmp/ccDg7Kd3.ltrans7.ltrans.o
                0x0000000008006e24                Vector6C
 .text.Vector70
                0x0000000008006e64       0x44 /tmp/ccDg7Kd3.ltrans7.ltrans.o
                0x0000000008006e64                Vector70
 .text.Vector74
                0x0000000008006ea8       0x44 /tmp/ccDg7Kd3.ltrans7.ltrans.o
                0x0000000008006ea8                Vector74
 .text.Vector78
                0x0000000008006eec       0x44 /tmp/ccDg7Kd3.ltrans7.ltrans.o
                0x0000000008006eec                Vector78
 .text.Vector7C
                0x0000000008006f30       0x40 /tmp/ccDg7Kd3.ltrans7.ltrans.o
                0x0000000008006f30                Vector7C
 .text.Vector80
                0x0000000008006f70       0x44 /tmp/ccDg7Kd3.ltrans7.ltrans.o
                0x0000000008006f70                Vector80
 .text.Vector84
                0x0000000008006fb4       0x44 /tmp/ccDg7Kd3.ltrans7.ltrans.o
                0x0000000008006fb4                Vector84
 .text.VectorFC
                0x0000000008006ff8       0x44 /tmp/ccDg7Kd3.ltrans7.ltrans.o
                0x0000000008006ff8                VectorFC
 .text.iqGetTimeout
                0x000000000800703c       0x7c /tmp/ccDg7Kd3.ltrans8.ltrans.o
 .text.iqReadTimeout
                0x00000000080070b8       0x7e /tmp/ccDg7Kd3.ltrans8.ltrans.o
 .text.oqObjectInit
                0x0000000008007136       0x4a /tmp/ccDg7Kd3.ltrans8.ltrans.o
 .text.oqPutTimeout
                0x0000000008007180       0x80 /tmp/ccDg7Kd3.ltrans8.ltrans.o
 .text.oqGetI   0x0000000008007200       0x78 /tmp/ccDg7Kd3.ltrans8.ltrans.o
                0x0000000008007200                oqGetI
 .text.oqWriteTimeout
                0x0000000008007278       0x7e /tmp/ccDg7Kd3.ltrans8.ltrans.o
 .text.chEvtObjectInit.lto_priv.224
                0x00000000080072f6       0x18 /tmp/ccDg7Kd3.ltrans8.ltrans.o
 .text.osalEventObjectInit.lto_priv.220
                0x000000000800730e       0x14 /tmp/ccDg7Kd3.ltrans8.ltrans.o
 .text.osalEventBroadcastFlagsI.lto_priv.218
                0x0000000008007322       0x18 /tmp/ccDg7Kd3.ltrans8.ltrans.o
 .text._write.lto_priv.19
                0x000000000800733a       0x28 /tmp/ccDg7Kd3.ltrans8.ltrans.o
                0x000000000800733a                _write.lto_priv.19
 .text._read.lto_priv.21
                0x0000000008007362       0x28 /tmp/ccDg7Kd3.ltrans8.ltrans.o
                0x0000000008007362                _read.lto_priv.21
 .text._put.lto_priv.15
                0x000000000800738a       0x26 /tmp/ccDg7Kd3.ltrans8.ltrans.o
                0x000000000800738a                _put.lto_priv.15
 .text._get.lto_priv.12
                0x00000000080073b0       0x20 /tmp/ccDg7Kd3.ltrans8.ltrans.o
                0x00000000080073b0                _get.lto_priv.12
 .text._putt.lto_priv.23
                0x00000000080073d0       0x26 /tmp/ccDg7Kd3.ltrans8.ltrans.o
                0x00000000080073d0                _putt.lto_priv.23
 .text._gett.lto_priv.25
                0x00000000080073f6       0x20 /tmp/ccDg7Kd3.ltrans8.ltrans.o
                0x00000000080073f6                _gett.lto_priv.25
 .text._writet.lto_priv.27
                0x0000000008007416       0x28 /tmp/ccDg7Kd3.ltrans8.ltrans.o
                0x0000000008007416                _writet.lto_priv.27
 .text._readt.lto_priv.29
                0x000000000800743e       0x28 /tmp/ccDg7Kd3.ltrans8.ltrans.o
                0x000000000800743e                _readt.lto_priv.29
 .text._ctl.lto_priv.31
                0x0000000008007466       0x26 /tmp/ccDg7Kd3.ltrans8.ltrans.o
                0x0000000008007466                _ctl.lto_priv.31
 .text.sdInit   0x000000000800748c        0xa /tmp/ccDg7Kd3.ltrans8.ltrans.o
                0x000000000800748c                sdInit
 *fill*         0x0000000008007496        0x2 
 .text.sdObjectInit
                0x0000000008007498       0x5c /tmp/ccDg7Kd3.ltrans8.ltrans.o
                0x0000000008007498                sdObjectInit
 .text.sdIncomingDataI
                0x00000000080074f4       0x48 /tmp/ccDg7Kd3.ltrans8.ltrans.o
                0x00000000080074f4                sdIncomingDataI
 .text.port_lock.lto_priv.203
                0x000000000800753c       0x1a /tmp/ccDg7Kd3.ltrans8.ltrans.o
 .text.port_unlock.lto_priv.199
                0x0000000008007556       0x1a /tmp/ccDg7Kd3.ltrans8.ltrans.o
 .text.port_lock_from_isr
                0x0000000008007570        0xa /tmp/ccDg7Kd3.ltrans8.ltrans.o
 .text.port_unlock_from_isr
                0x000000000800757a        0xa /tmp/ccDg7Kd3.ltrans8.ltrans.o
 .text.chSysLock.lto_priv.195
                0x0000000008007584        0xa /tmp/ccDg7Kd3.ltrans8.ltrans.o
 .text.chSysUnlock.lto_priv.191
                0x000000000800758e        0xa /tmp/ccDg7Kd3.ltrans8.ltrans.o
 .text.chSysLockFromISR
                0x0000000008007598        0xa /tmp/ccDg7Kd3.ltrans8.ltrans.o
 .text.chSysUnlockFromISR
                0x00000000080075a2        0xa /tmp/ccDg7Kd3.ltrans8.ltrans.o
 .text.chEvtObjectInit.lto_priv.225
                0x00000000080075ac       0x18 /tmp/ccDg7Kd3.ltrans8.ltrans.o
 .text.osalSysLock.lto_priv.215
                0x00000000080075c4        0xa /tmp/ccDg7Kd3.ltrans8.ltrans.o
 .text.osalSysUnlock.lto_priv.211
                0x00000000080075ce        0xa /tmp/ccDg7Kd3.ltrans8.ltrans.o
 .text.osalSysLockFromISR
                0x00000000080075d8        0xa /tmp/ccDg7Kd3.ltrans8.ltrans.o
 .text.osalSysUnlockFromISR
                0x00000000080075e2        0xa /tmp/ccDg7Kd3.ltrans8.ltrans.o
 .text.osalThreadDequeueAllI.lto_priv.223
                0x00000000080075ec       0x18 /tmp/ccDg7Kd3.ltrans8.ltrans.o
 .text.osalEventObjectInit.lto_priv.221
                0x0000000008007604       0x14 /tmp/ccDg7Kd3.ltrans8.ltrans.o
 .text.osalEventBroadcastFlagsI.lto_priv.219
                0x0000000008007618       0x18 /tmp/ccDg7Kd3.ltrans8.ltrans.o
 .text.sdu_start_receive
                0x0000000008007630       0x82 /tmp/ccDg7Kd3.ltrans8.ltrans.o
 .text._write.lto_priv.20
                0x00000000080076b2       0x28 /tmp/ccDg7Kd3.ltrans8.ltrans.o
                0x00000000080076b2                _write.lto_priv.20
 .text._read.lto_priv.22
                0x00000000080076da       0x28 /tmp/ccDg7Kd3.ltrans8.ltrans.o
                0x00000000080076da                _read.lto_priv.22
 .text._put.lto_priv.16
                0x0000000008007702       0x26 /tmp/ccDg7Kd3.ltrans8.ltrans.o
                0x0000000008007702                _put.lto_priv.16
 .text._get.lto_priv.13
                0x0000000008007728       0x20 /tmp/ccDg7Kd3.ltrans8.ltrans.o
                0x0000000008007728                _get.lto_priv.13
 .text._putt.lto_priv.24
                0x0000000008007748       0x26 /tmp/ccDg7Kd3.ltrans8.ltrans.o
                0x0000000008007748                _putt.lto_priv.24
 .text._gett.lto_priv.26
                0x000000000800776e       0x20 /tmp/ccDg7Kd3.ltrans8.ltrans.o
                0x000000000800776e                _gett.lto_priv.26
 .text._writet.lto_priv.28
                0x000000000800778e       0x28 /tmp/ccDg7Kd3.ltrans8.ltrans.o
                0x000000000800778e                _writet.lto_priv.28
 .text._readt.lto_priv.30
                0x00000000080077b6       0x28 /tmp/ccDg7Kd3.ltrans8.ltrans.o
                0x00000000080077b6                _readt.lto_priv.30
 .text._ctl.lto_priv.32
                0x00000000080077de       0x26 /tmp/ccDg7Kd3.ltrans8.ltrans.o
                0x00000000080077de                _ctl.lto_priv.32
 .text.ibnotify
                0x0000000008007804       0x1a /tmp/ccDg7Kd3.ltrans8.ltrans.o
 .text.obnotify
                0x000000000800781e       0x80 /tmp/ccDg7Kd3.ltrans8.ltrans.o
 .text.sduInit  0x000000000800789e        0xc /tmp/ccDg7Kd3.ltrans8.ltrans.o
                0x000000000800789e                sduInit
 *fill*         0x00000000080078aa        0x2 
 .text.sduObjectInit
                0x00000000080078ac       0x74 /tmp/ccDg7Kd3.ltrans8.ltrans.o
                0x00000000080078ac                sduObjectInit
 .text.sduStart
                0x0000000008007920       0x68 /tmp/ccDg7Kd3.ltrans8.ltrans.o
                0x0000000008007920                sduStart
 .text.sduSuspendHookI
                0x0000000008007988       0x44 /tmp/ccDg7Kd3.ltrans8.ltrans.o
                0x0000000008007988                sduSuspendHookI
 .text.sduWakeupHookI
                0x00000000080079cc       0x28 /tmp/ccDg7Kd3.ltrans8.ltrans.o
                0x00000000080079cc                sduWakeupHookI
 .text.sduConfigureHookI
                0x00000000080079f4       0x42 /tmp/ccDg7Kd3.ltrans8.ltrans.o
                0x00000000080079f4                sduConfigureHookI
 *fill*         0x0000000008007a36        0x2 
 .text.sduRequestsHook
                0x0000000008007a38       0x84 /tmp/ccDg7Kd3.ltrans8.ltrans.o
                0x0000000008007a38                sduRequestsHook
 .text.sduSOFHookI
                0x0000000008007abc       0x80 /tmp/ccDg7Kd3.ltrans8.ltrans.o
                0x0000000008007abc                sduSOFHookI
 .text.sduDataTransmitted
                0x0000000008007b3c       0xce /tmp/ccDg7Kd3.ltrans8.ltrans.o
                0x0000000008007b3c                sduDataTransmitted
 .text.sduDataReceived
                0x0000000008007c0a       0x70 /tmp/ccDg7Kd3.ltrans8.ltrans.o
                0x0000000008007c0a                sduDataReceived
 .text.sduInterruptTransmitted
                0x0000000008007c7a       0x16 /tmp/ccDg7Kd3.ltrans8.ltrans.o
                0x0000000008007c7a                sduInterruptTransmitted
 .text.port_lock.lto_priv.204
                0x0000000008007c90       0x1a /tmp/ccDg7Kd3.ltrans8.ltrans.o
 .text.port_unlock.lto_priv.200
                0x0000000008007caa       0x1a /tmp/ccDg7Kd3.ltrans8.ltrans.o
 .text.chSysLock.lto_priv.196
                0x0000000008007cc4        0xa /tmp/ccDg7Kd3.ltrans8.ltrans.o
 .text.chSysUnlock.lto_priv.192
                0x0000000008007cce        0xa /tmp/ccDg7Kd3.ltrans8.ltrans.o
 .text.osalSysLock.lto_priv.216
                0x0000000008007cd8        0xa /tmp/ccDg7Kd3.ltrans8.ltrans.o
 .text.osalSysUnlock.lto_priv.212
                0x0000000008007ce2        0xa /tmp/ccDg7Kd3.ltrans8.ltrans.o
 .text.osalThreadSuspendS
                0x0000000008007cec       0x1c /tmp/ccDg7Kd3.ltrans8.ltrans.o
 .text.osalMutexObjectInit
                0x0000000008007d08       0x14 /tmp/ccDg7Kd3.ltrans8.ltrans.o
 .text.spiInit  0x0000000008007d1c        0xa /tmp/ccDg7Kd3.ltrans8.ltrans.o
                0x0000000008007d1c                spiInit
 .text.spiObjectInit
                0x0000000008007d26       0x2a /tmp/ccDg7Kd3.ltrans8.ltrans.o
                0x0000000008007d26                spiObjectInit
 .text.spiStart
                0x0000000008007d50       0x2a /tmp/ccDg7Kd3.ltrans8.ltrans.o
                0x0000000008007d50                spiStart
 .text.spiSelect
                0x0000000008007d7a       0x2c /tmp/ccDg7Kd3.ltrans8.ltrans.o
                0x0000000008007d7a                spiSelect
 .text.spiUnselect
                0x0000000008007da6       0x2c /tmp/ccDg7Kd3.ltrans8.ltrans.o
                0x0000000008007da6                spiUnselect
 .text.spiSend  0x0000000008007dd2       0x34 /tmp/ccDg7Kd3.ltrans8.ltrans.o
                0x0000000008007dd2                spiSend
 .text.spiReceive
                0x0000000008007e06       0x34 /tmp/ccDg7Kd3.ltrans8.ltrans.o
                0x0000000008007e06                spiReceive
 .text.port_lock.lto_priv.205
                0x0000000008007e3a       0x1a /tmp/ccDg7Kd3.ltrans8.ltrans.o
 .text.port_unlock.lto_priv.201
                0x0000000008007e54       0x1a /tmp/ccDg7Kd3.ltrans8.ltrans.o
 .text.chSysLock.lto_priv.197
                0x0000000008007e6e        0xa /tmp/ccDg7Kd3.ltrans8.ltrans.o
 .text.chSysUnlock.lto_priv.193
                0x0000000008007e78        0xa /tmp/ccDg7Kd3.ltrans8.ltrans.o
 .text.osalSysLock.lto_priv.188
                0x0000000008007e82        0xa /tmp/ccDg7Kd3.ltrans8.ltrans.o
                0x0000000008007e82                osalSysLock.lto_priv.188
 .text.osalSysUnlock.lto_priv.186
                0x0000000008007e8c        0xa /tmp/ccDg7Kd3.ltrans8.ltrans.o
                0x0000000008007e8c                osalSysUnlock.lto_priv.186
 .text.__core_init
                0x0000000008007e96        0xc /tmp/ccDg7Kd3.ltrans9.ltrans.o
                0x0000000008007e96                __core_init
 .text.__late_init
                0x0000000008007ea2        0xc /tmp/ccDg7Kd3.ltrans9.ltrans.o
                0x0000000008007ea2                __late_init
 .text.__default_exit
                0x0000000008007eae        0x6 /tmp/ccDg7Kd3.ltrans9.ltrans.o
                0x0000000008007eae                __default_exit
 .text.__init_ram_areas
                0x0000000008007eb4       0x70 /tmp/ccDg7Kd3.ltrans9.ltrans.o
                0x0000000008007eb4                __init_ram_areas
 .text.osalInit
                0x0000000008007f24        0xc /tmp/ccDg7Kd3.ltrans9.ltrans.o
 .text.halInit  0x0000000008007f30       0x2e /tmp/ccDg7Kd3.ltrans9.ltrans.o
                0x0000000008007f30                halInit
 .text.st_lld_start_alarm
                0x0000000008007f5e       0x2a /tmp/ccDg7Kd3.ltrans9.ltrans.o
 .text.st_lld_stop_alarm
                0x0000000008007f88       0x14 /tmp/ccDg7Kd3.ltrans9.ltrans.o
 .text.st_lld_set_alarm
                0x0000000008007f9c       0x1a /tmp/ccDg7Kd3.ltrans9.ltrans.o
 .text.stInit   0x0000000008007fb6        0xa /tmp/ccDg7Kd3.ltrans9.ltrans.o
 .text.stStartAlarm
                0x0000000008007fc0       0x14 /tmp/ccDg7Kd3.ltrans9.ltrans.o
                0x0000000008007fc0                stStartAlarm
 .text.stStopAlarm
                0x0000000008007fd4        0xa /tmp/ccDg7Kd3.ltrans9.ltrans.o
                0x0000000008007fd4                stStopAlarm
 .text.stSetAlarm
                0x0000000008007fde       0x14 /tmp/ccDg7Kd3.ltrans9.ltrans.o
                0x0000000008007fde                stSetAlarm
 .text.chTimeAddX
                0x0000000008007ff2       0x1c /tmp/ccDg7Kd3.ltrans9.ltrans.o
 .text.chTimeDiffX
                0x000000000800800e       0x1c /tmp/ccDg7Kd3.ltrans9.ltrans.o
 .text.port_lock.lto_priv.241
                0x000000000800802a       0x1a /tmp/ccDg7Kd3.ltrans9.ltrans.o
 .text.port_unlock.lto_priv.239
                0x0000000008008044       0x1a /tmp/ccDg7Kd3.ltrans9.ltrans.o
 .text.st_lld_get_counter
                0x000000000800805e       0x14 /tmp/ccDg7Kd3.ltrans9.ltrans.o
 .text.port_timer_get_time
                0x0000000008008072        0xe /tmp/ccDg7Kd3.ltrans9.ltrans.o
 .text.queue_init.lto_priv.237
                0x0000000008008080       0x1e /tmp/ccDg7Kd3.ltrans9.ltrans.o
 .text.chSysLock.lto_priv.235
                0x000000000800809e        0xa /tmp/ccDg7Kd3.ltrans9.ltrans.o
 .text.chSysUnlock.lto_priv.233
                0x00000000080080a8        0xa /tmp/ccDg7Kd3.ltrans9.ltrans.o
 .text.chVTGetSystemTimeX
                0x00000000080080b2        0xe /tmp/ccDg7Kd3.ltrans9.ltrans.o
 .text.chThdQueueObjectInit.lto_priv.231
                0x00000000080080c0       0x14 /tmp/ccDg7Kd3.ltrans9.ltrans.o
 .text.osalSysLock
                0x00000000080080d4        0xa /tmp/ccDg7Kd3.ltrans9.ltrans.o
 .text.osalSysUnlock
                0x00000000080080de        0xa /tmp/ccDg7Kd3.ltrans9.ltrans.o
 .text.osalOsGetSystemTimeX
                0x00000000080080e8        0xe /tmp/ccDg7Kd3.ltrans9.ltrans.o
 .text.osalTimeAddX
                0x00000000080080f6       0x1c /tmp/ccDg7Kd3.ltrans9.ltrans.o
 .text.osalTimeDiffX
                0x0000000008008112       0x1c /tmp/ccDg7Kd3.ltrans9.ltrans.o
 .text.osalThreadQueueObjectInit
                0x000000000800812e       0x14 /tmp/ccDg7Kd3.ltrans9.ltrans.o
 .text.osalThreadEnqueueTimeoutS
                0x0000000008008142       0x1c /tmp/ccDg7Kd3.ltrans9.ltrans.o
 .text.osalThreadDequeueNextI
                0x000000000800815e       0x18 /tmp/ccDg7Kd3.ltrans9.ltrans.o
 .text.osalThreadDequeueAllI
                0x0000000008008176       0x18 /tmp/ccDg7Kd3.ltrans9.ltrans.o
 .text.ibqObjectInit
                0x000000000800818e       0x74 /tmp/ccDg7Kd3.ltrans9.ltrans.o
                0x000000000800818e                ibqObjectInit
 .text.ibqResetI
                0x0000000008008202       0x3c /tmp/ccDg7Kd3.ltrans9.ltrans.o
                0x0000000008008202                ibqResetI
 .text.ibqGetEmptyBufferI
                0x000000000800823e       0x42 /tmp/ccDg7Kd3.ltrans9.ltrans.o
                0x000000000800823e                ibqGetEmptyBufferI
 .text.ibqPostFullBufferI
                0x0000000008008280       0x4e /tmp/ccDg7Kd3.ltrans9.ltrans.o
                0x0000000008008280                ibqPostFullBufferI
 .text.ibqGetFullBufferTimeoutS
                0x00000000080082ce       0x5c /tmp/ccDg7Kd3.ltrans9.ltrans.o
 .text.ibqReleaseEmptyBufferS
                0x000000000800832a       0x50 /tmp/ccDg7Kd3.ltrans9.ltrans.o
 .text.ibqGetTimeout
                0x000000000800837a       0x60 /tmp/ccDg7Kd3.ltrans9.ltrans.o
                0x000000000800837a                ibqGetTimeout
 .text.ibqReadTimeout
                0x00000000080083da      0x12a /tmp/ccDg7Kd3.ltrans9.ltrans.o
                0x00000000080083da                ibqReadTimeout
 .text.obqObjectInit
                0x0000000008008504       0x74 /tmp/ccDg7Kd3.ltrans9.ltrans.o
                0x0000000008008504                obqObjectInit
 .text.obqResetI
                0x0000000008008578       0x3e /tmp/ccDg7Kd3.ltrans9.ltrans.o
                0x0000000008008578                obqResetI
 .text.obqGetFullBufferI
                0x00000000080085b6       0x4e /tmp/ccDg7Kd3.ltrans9.ltrans.o
                0x00000000080085b6                obqGetFullBufferI
 .text.obqReleaseEmptyBufferI
                0x0000000008008604       0x44 /tmp/ccDg7Kd3.ltrans9.ltrans.o
                0x0000000008008604                obqReleaseEmptyBufferI
 .text.obqGetEmptyBufferTimeoutS
                0x0000000008008648       0x5a /tmp/ccDg7Kd3.ltrans9.ltrans.o
 .text.obqPostFullBufferS
                0x00000000080086a2       0x5a /tmp/ccDg7Kd3.ltrans9.ltrans.o
 .text.obqPutTimeout
                0x00000000080086fc       0x6c /tmp/ccDg7Kd3.ltrans9.ltrans.o
                0x00000000080086fc                obqPutTimeout
 .text.obqWriteTimeout
                0x0000000008008768      0x132 /tmp/ccDg7Kd3.ltrans9.ltrans.o
                0x0000000008008768                obqWriteTimeout
 .text.obqTryFlushI
                0x000000000800889a       0x96 /tmp/ccDg7Kd3.ltrans9.ltrans.o
                0x000000000800889a                obqTryFlushI
 .text.port_lock.lto_priv.242
                0x0000000008008930       0x1a /tmp/ccDg7Kd3.ltrans9.ltrans.o
 .text.port_unlock.lto_priv.240
                0x000000000800894a       0x1a /tmp/ccDg7Kd3.ltrans9.ltrans.o
 .text.queue_init.lto_priv.238
                0x0000000008008964       0x1e /tmp/ccDg7Kd3.ltrans9.ltrans.o
 .text.chSysLock.lto_priv.236
                0x0000000008008982        0xa /tmp/ccDg7Kd3.ltrans9.ltrans.o
 .text.chSysUnlock.lto_priv.234
                0x000000000800898c        0xa /tmp/ccDg7Kd3.ltrans9.ltrans.o
 .text.chThdQueueObjectInit.lto_priv.232
                0x0000000008008996       0x14 /tmp/ccDg7Kd3.ltrans9.ltrans.o
 .text.osalSysLock.lto_priv.213
                0x00000000080089aa        0xa /tmp/ccDg7Kd3.ltrans9.ltrans.o
                0x00000000080089aa                osalSysLock.lto_priv.213
 .text.osalSysUnlock.lto_priv.209
                0x00000000080089b4        0xa /tmp/ccDg7Kd3.ltrans9.ltrans.o
                0x00000000080089b4                osalSysUnlock.lto_priv.209
 .text.osalThreadQueueObjectInit.lto_priv.229
                0x00000000080089be       0x14 /tmp/ccDg7Kd3.ltrans9.ltrans.o
                0x00000000080089be                osalThreadQueueObjectInit.lto_priv.229
 .text.osalThreadEnqueueTimeoutS.lto_priv.226
                0x00000000080089d2       0x1c /tmp/ccDg7Kd3.ltrans9.ltrans.o
                0x00000000080089d2                osalThreadEnqueueTimeoutS.lto_priv.226
 .text.osalThreadDequeueNextI.lto_priv.228
                0x00000000080089ee       0x18 /tmp/ccDg7Kd3.ltrans9.ltrans.o
                0x00000000080089ee                osalThreadDequeueNextI.lto_priv.228
 .text.iq_read.lto_priv.230
                0x0000000008008a06       0xbc /tmp/ccDg7Kd3.ltrans9.ltrans.o
                0x0000000008008a06                iq_read.lto_priv.230
 .text.oq_write.lto_priv.227
                0x0000000008008ac2       0xbc /tmp/ccDg7Kd3.ltrans9.ltrans.o
                0x0000000008008ac2                oq_write.lto_priv.227
 .text.iqObjectInit
                0x0000000008008b7e       0x4a /tmp/ccDg7Kd3.ltrans9.ltrans.o
                0x0000000008008b7e                iqObjectInit
 .text.iqPutI   0x0000000008008bc8       0x7c /tmp/ccDg7Kd3.ltrans9.ltrans.o
                0x0000000008008bc8                iqPutI
 .text.memcpy   0x0000000008008c44       0x16 /opt/Atollic_TrueSTUDIO_for_STM32_x86_64_9.1.0/ARMTools/bin/../lib/gcc/arm-atollic-eabi/6.3.1/../../../../arm-atollic-eabi/lib/armv7e-m/fpu/libc.a(lib_a-memcpy-stub.o)
                0x0000000008008c44                memcpy
 .text.memset   0x0000000008008c5a       0x10 /opt/Atollic_TrueSTUDIO_for_STM32_x86_64_9.1.0/ARMTools/bin/../lib/gcc/arm-atollic-eabi/6.3.1/../../../../arm-atollic-eabi/lib/armv7e-m/fpu/libc.a(lib_a-memset.o)
                0x0000000008008c5a                memset
 *(.glue_7t)
 .glue_7t       0x0000000008008c6a        0x0 linker stubs
 *(.glue_7)
 .glue_7        0x0000000008008c6a        0x0 linker stubs
 *(.gcc*)

.vfp11_veneer   0x0000000008008c6c        0x0
 .vfp11_veneer  0x0000000008008c6c        0x0 linker stubs

.v4_bx          0x0000000008008c6c        0x0
 .v4_bx         0x0000000008008c6c        0x0 linker stubs

.iplt           0x0000000008008c6c        0x0
 .iplt          0x0000000008008c6c        0x0 build/obj/crt0_v7m.o

.rodata         0x0000000008008c6c      0x6ac
                0x0000000008008c6c                . = ALIGN (0x4)
                0x0000000008008c6c                __rodata_base__ = .
 *(.rodata)
 *(.rodata.*)
 .rodata.ram_areas.lto_priv.243
                0x0000000008008c6c       0x80 /tmp/ccDg7Kd3.ltrans0.ltrans.o
                0x0000000008008c6c                ram_areas.lto_priv.243
 .rodata.vmt.lto_priv.8
                0x0000000008008cec       0x28 /tmp/ccDg7Kd3.ltrans0.ltrans.o
                0x0000000008008cec                vmt.lto_priv.8
 .rodata.vmt.lto_priv.9
                0x0000000008008d14       0x28 /tmp/ccDg7Kd3.ltrans0.ltrans.o
                0x0000000008008d14                vmt.lto_priv.9
 .rodata.zero_status.lto_priv.183
                0x0000000008008d3c        0x2 /tmp/ccDg7Kd3.ltrans0.ltrans.o
                0x0000000008008d3c                zero_status.lto_priv.183
 *fill*         0x0000000008008d3e        0x2 
 .rodata.active_status.lto_priv.185
                0x0000000008008d40        0x2 /tmp/ccDg7Kd3.ltrans0.ltrans.o
                0x0000000008008d40                active_status.lto_priv.185
 *fill*         0x0000000008008d42        0x2 
 .rodata.halted_status.lto_priv.184
                0x0000000008008d44        0x2 /tmp/ccDg7Kd3.ltrans0.ltrans.o
                0x0000000008008d44                halted_status.lto_priv.184
 *fill*         0x0000000008008d46        0x2 
 .rodata._stm32_dma_streams
                0x0000000008008d48       0xc0 /tmp/ccDg7Kd3.ltrans0.ltrans.o
                0x0000000008008d48                _stm32_dma_streams
 .rodata.ep0config.lto_priv.177
                0x0000000008008e08       0x24 /tmp/ccDg7Kd3.ltrans0.ltrans.o
                0x0000000008008e08                ep0config.lto_priv.177
 .rodata.fsparams.lto_priv.178
                0x0000000008008e2c        0xc /tmp/ccDg7Kd3.ltrans0.ltrans.o
                0x0000000008008e2c                fsparams.lto_priv.178
 .rodata.dummytx.lto_priv.175
                0x0000000008008e38        0x2 /tmp/ccDg7Kd3.ltrans0.ltrans.o
                0x0000000008008e38                dummytx.lto_priv.175
 *fill*         0x0000000008008e3a        0x2 
 .rodata.gpio_default_config.lto_priv.141
                0x0000000008008e3c       0xa8 /tmp/ccDg7Kd3.ltrans0.ltrans.o
                0x0000000008008e3c                gpio_default_config.lto_priv.141
 .rodata.str1.4
                0x0000000008008ee4        0x5 /tmp/ccDg7Kd3.ltrans0.ltrans.o
 *fill*         0x0000000008008ee9        0x3 
 .rodata.idle_descriptor.7876.lto_priv.140
                0x0000000008008eec       0x18 /tmp/ccDg7Kd3.ltrans0.ltrans.o
                0x0000000008008eec                idle_descriptor.7876.lto_priv.140
 .rodata.ch_debug
                0x0000000008008f04       0x16 /tmp/ccDg7Kd3.ltrans0.ltrans.o
                0x0000000008008f04                ch_debug
 *fill*         0x0000000008008f1a        0x2 
 .rodata.vmt_device
                0x0000000008008f1c        0x8 /tmp/ccDg7Kd3.ltrans0.ltrans.o
 .rodata.vmt_gyroscope
                0x0000000008008f24       0x24 /tmp/ccDg7Kd3.ltrans0.ltrans.o
 .rodata.pow10  0x0000000008008f48       0x24 /tmp/ccDg7Kd3.ltrans0.ltrans.o
 .rodata.chvprintf.str1.4
                0x0000000008008f6c        0x7 /tmp/ccDg7Kd3.ltrans0.ltrans.o
 *fill*         0x0000000008008f73        0x1 
 .rodata.vcom_device_descriptor_data
                0x0000000008008f74       0x12 /tmp/ccDg7Kd3.ltrans0.ltrans.o
 *fill*         0x0000000008008f86        0x2 
 .rodata.vcom_device_descriptor
                0x0000000008008f88        0x8 /tmp/ccDg7Kd3.ltrans0.ltrans.o
 .rodata.vcom_configuration_descriptor_data
                0x0000000008008f90       0x43 /tmp/ccDg7Kd3.ltrans0.ltrans.o
 *fill*         0x0000000008008fd3        0x1 
 .rodata.vcom_configuration_descriptor
                0x0000000008008fd4        0x8 /tmp/ccDg7Kd3.ltrans0.ltrans.o
 .rodata.vcom_string0
                0x0000000008008fdc        0x4 /tmp/ccDg7Kd3.ltrans0.ltrans.o
 .rodata.vcom_string1
                0x0000000008008fe0       0x26 /tmp/ccDg7Kd3.ltrans0.ltrans.o
 *fill*         0x0000000008009006        0x2 
 .rodata.vcom_string2
                0x0000000008009008       0x38 /tmp/ccDg7Kd3.ltrans0.ltrans.o
 .rodata.vcom_string3
                0x0000000008009040        0x8 /tmp/ccDg7Kd3.ltrans0.ltrans.o
 .rodata.vcom_strings
                0x0000000008009048       0x20 /tmp/ccDg7Kd3.ltrans0.ltrans.o
 .rodata.ep1config
                0x0000000008009068       0x24 /tmp/ccDg7Kd3.ltrans0.ltrans.o
 .rodata.ep2config
                0x000000000800908c       0x24 /tmp/ccDg7Kd3.ltrans0.ltrans.o
 .rodata.usbcfg
                0x00000000080090b0       0x10 /tmp/ccDg7Kd3.ltrans0.ltrans.o
 .rodata.serusbcfg
                0x00000000080090c0        0x8 /tmp/ccDg7Kd3.ltrans0.ltrans.o
 .rodata.spicfg
                0x00000000080090c8       0x14 /tmp/ccDg7Kd3.ltrans0.ltrans.o
 .rodata.Thread1.str1.4
                0x00000000080090dc        0x8 /tmp/ccDg7Kd3.ltrans0.ltrans.o
 .rodata.main.str1.4
                0x00000000080090e4        0xb /tmp/ccDg7Kd3.ltrans0.ltrans.o
 *fill*         0x00000000080090ef        0x1 
 .rodata.handle_rx_packet.str1.4
                0x00000000080090f0       0x11 /tmp/ccDg7Kd3.ltrans0.ltrans.o
 *fill*         0x0000000008009101        0x3 
 .rodata.aucCRCHi
                0x0000000008009104      0x100 /tmp/ccDg7Kd3.ltrans0.ltrans.o
 .rodata.aucCRCLo
                0x0000000008009204      0x100 /tmp/ccDg7Kd3.ltrans0.ltrans.o
 .rodata.chThdCreateStatic.str1.4
                0x0000000008009304        0x7 /tmp/ccDg7Kd3.ltrans3.ltrans.o
 *fill*         0x000000000800930b        0x1 
 .rodata.spi_lld_serve_rx_interrupt.str1.4
                0x000000000800930c        0xc /tmp/ccDg7Kd3.ltrans5.ltrans.o
                0x0000000008009318                . = ALIGN (0x4)
                0x0000000008009318                __rodata_end__ = .

.ARM.extab
 *(.ARM.extab* .gnu.linkonce.armextab.*)

.ARM.exidx      0x0000000008009318        0x8
                0x0000000008009318                __exidx_start = .
 *(.ARM.exidx* .gnu.linkonce.armexidx.*)
 .ARM.exidx     0x0000000008009318        0x8 /opt/Atollic_TrueSTUDIO_for_STM32_x86_64_9.1.0/ARMTools/bin/../lib/gcc/arm-atollic-eabi/6.3.1/armv7e-m/fpu/libgcc.a(_udivmoddi4.o)
                0x0000000008009320                __exidx_end = .

.rel.dyn        0x0000000008009320        0x0
 .rel.iplt      0x0000000008009320        0x0 build/obj/crt0_v7m.o

.eh_frame_hdr
 *(.eh_frame_hdr)

.eh_frame
 *(.eh_frame)
                0x0000000020000000                __ram0_start__ = ORIGIN (ram0)
                0x0000000000010000                __ram0_size__ = LENGTH (ram0)
                0x0000000020010000                __ram0_end__ = (__ram0_start__ + __ram0_size__)
                0x0000000000000000                __ram1_start__ = ORIGIN (ram1)
                0x0000000000000000                __ram1_size__ = LENGTH (ram1)
                0x0000000000000000                __ram1_end__ = (__ram1_start__ + __ram1_size__)
                0x0000000000000000                __ram2_start__ = ORIGIN (ram2)
                0x0000000000000000                __ram2_size__ = LENGTH (ram2)
                0x0000000000000000                __ram2_end__ = (__ram2_start__ + __ram2_size__)
                0x0000000000000000                __ram3_start__ = ORIGIN (ram3)
                0x0000000000000000                __ram3_size__ = LENGTH (ram3)
                0x0000000000000000                __ram3_end__ = (__ram3_start__ + __ram3_size__)
                0x0000000000000000                __ram4_start__ = ORIGIN (ram4)
                0x0000000000000000                __ram4_size__ = LENGTH (ram4)
                0x0000000000000000                __ram4_end__ = (__ram4_start__ + __ram4_size__)
                0x0000000000000000                __ram5_start__ = ORIGIN (ram5)
                0x0000000000000000                __ram5_size__ = LENGTH (ram5)
                0x0000000000000000                __ram5_end__ = (__ram5_start__ + __ram5_size__)
                0x0000000000000000                __ram6_start__ = ORIGIN (ram6)
                0x0000000000000000                __ram6_size__ = LENGTH (ram6)
                0x0000000000000000                __ram6_end__ = (__ram6_start__ + __ram6_size__)
                0x0000000000000000                __ram7_start__ = ORIGIN (ram7)
                0x0000000000000000                __ram7_size__ = LENGTH (ram7)
                0x0000000000000000                __ram7_end__ = (__ram7_start__ + __ram7_size__)

.data           0x0000000020000800       0x40 load address 0x0000000008009320
                0x0000000020000800                . = ALIGN (0x4)
                [!provide]                        PROVIDE (_textdata, LOADADDR (.data))
                [!provide]                        PROVIDE (_data, .)
                0x0000000008009320                _textdata_start = LOADADDR (.data)
                0x0000000020000800                _data_start = .
 *(.data)
 *(.data.*)
 .data.linecoding.lto_priv.217
                0x0000000020000800        0x7 /tmp/ccDg7Kd3.ltrans0.ltrans.o
                0x0000000020000800                linecoding.lto_priv.217
 *fill*         0x0000000020000807        0x1 
 .data.uart_cfg_1
                0x0000000020000808       0x20 /tmp/ccDg7Kd3.ltrans0.ltrans.o
 .data.l3gd20cfg
                0x0000000020000828       0x14 /tmp/ccDg7Kd3.ltrans0.ltrans.o
 .data.chp      0x000000002000083c        0x4 /tmp/ccDg7Kd3.ltrans0.ltrans.o
 *(.ramtext)
                0x0000000020000840                . = ALIGN (0x4)
                [!provide]                        PROVIDE (_edata, .)
                0x0000000020000840                _data_end = .

.igot.plt       0x0000000020000840        0x0 load address 0x0000000008009360
 .igot.plt      0x0000000020000840        0x0 build/obj/crt0_v7m.o

.bss            0x0000000020000840      0xb88 load address 0x0000000008009360
                0x0000000020000840                . = ALIGN (0x4)
                0x0000000020000840                _bss_start = .
 *(.bss)
 *(.bss.*)
 .bss.dma_streams_mask.lto_priv.179
                0x0000000020000840        0x4 /tmp/ccDg7Kd3.ltrans0.ltrans.o
                0x0000000020000840                dma_streams_mask.lto_priv.179
 .bss.dma_isr_redir.lto_priv.180
                0x0000000020000844       0x80 /tmp/ccDg7Kd3.ltrans0.ltrans.o
                0x0000000020000844                dma_isr_redir.lto_priv.180
 .bss.USBD1     0x00000000200008c4       0x60 /tmp/ccDg7Kd3.ltrans0.ltrans.o
                0x00000000200008c4                USBD1
 .bss.ep0_state.lto_priv.181
                0x0000000020000924       0x10 /tmp/ccDg7Kd3.ltrans0.ltrans.o
                0x0000000020000924                ep0_state.lto_priv.181
 .bss.ep0setup_buffer.lto_priv.182
                0x0000000020000934        0x8 /tmp/ccDg7Kd3.ltrans0.ltrans.o
                0x0000000020000934                ep0setup_buffer.lto_priv.182
 .bss.SPID1     0x000000002000093c       0x30 /tmp/ccDg7Kd3.ltrans0.ltrans.o
                0x000000002000093c                SPID1
 .bss.dummyrx.lto_priv.176
                0x000000002000096c        0x2 /tmp/ccDg7Kd3.ltrans0.ltrans.o
                0x000000002000096c                dummyrx.lto_priv.176
 *fill*         0x000000002000096e        0x2 
 .bss.SD1       0x0000000020000970       0x7c /tmp/ccDg7Kd3.ltrans0.ltrans.o
                0x0000000020000970                SD1
 .bss.SD2       0x00000000200009ec       0x7c /tmp/ccDg7Kd3.ltrans0.ltrans.o
                0x00000000200009ec                SD2
 .bss.UARTD6    0x0000000020000a68       0x1c /tmp/ccDg7Kd3.ltrans0.ltrans.o
                0x0000000020000a68                UARTD6
 *fill*         0x0000000020000a84        0x4 
 .bss.ch_idle_thread_wa
                0x0000000020000a88      0x160 /tmp/ccDg7Kd3.ltrans0.ltrans.o
                0x0000000020000a88                ch_idle_thread_wa
 .bss.ch        0x0000000020000be8       0x78 /tmp/ccDg7Kd3.ltrans0.ltrans.o
                0x0000000020000be8                ch
 .bss.ch_memcore
                0x0000000020000c60        0x8 /tmp/ccDg7Kd3.ltrans0.ltrans.o
                0x0000000020000c60                ch_memcore
 .bss.default_heap.lto_priv.43
                0x0000000020000c68       0x1c /tmp/ccDg7Kd3.ltrans0.ltrans.o
                0x0000000020000c68                default_heap.lto_priv.43
 .bss.ch_factory
                0x0000000020000c84       0x44 /tmp/ccDg7Kd3.ltrans0.ltrans.o
                0x0000000020000c84                ch_factory
 .bss.SDU1      0x0000000020000cc8      0x490 /tmp/ccDg7Kd3.ltrans0.ltrans.o
 .bss.ep1instate
                0x0000000020001158       0x10 /tmp/ccDg7Kd3.ltrans0.ltrans.o
 .bss.ep1outstate
                0x0000000020001168       0x10 /tmp/ccDg7Kd3.ltrans0.ltrans.o
 .bss.ep2instate
                0x0000000020001178       0x10 /tmp/ccDg7Kd3.ltrans0.ltrans.o
 .bss.L3GD20D1  0x0000000020001188       0x30 /tmp/ccDg7Kd3.ltrans0.ltrans.o
 .bss.gyroraw   0x00000000200011b8        0xc /tmp/ccDg7Kd3.ltrans0.ltrans.o
 .bss.gyrocooked
                0x00000000200011c4        0xc /tmp/ccDg7Kd3.ltrans0.ltrans.o
 .bss.i         0x00000000200011d0        0x4 /tmp/ccDg7Kd3.ltrans0.ltrans.o
 *fill*         0x00000000200011d4        0x4 
 .bss.waThread1
                0x00000000200011d8      0x1d0 /tmp/ccDg7Kd3.ltrans0.ltrans.o
 .bss.modbus_registers
                0x00000000200013a8       0x18 /tmp/ccDg7Kd3.ltrans0.ltrans.o
 .bss.start_time
                0x00000000200013c0        0x4 /tmp/ccDg7Kd3.ltrans0.ltrans.o
 .bss.timeout   0x00000000200013c4        0x4 /tmp/ccDg7Kd3.ltrans0.ltrans.o
 *(COMMON)
                0x00000000200013c8                . = ALIGN (0x4)
                0x00000000200013c8                _bss_end = .
                [!provide]                        PROVIDE (end, .)

.ram0_init      0x00000000200013c8        0x0 load address 0x0000000008009360
                0x00000000200013c8                . = ALIGN (0x4)
                0x0000000008009360                __ram0_init_text__ = LOADADDR (.ram0_init)
                0x00000000200013c8                __ram0_init__ = .
 *(.ram0_init)
 *(.ram0_init.*)
                0x00000000200013c8                . = ALIGN (0x4)

.ram0           0x00000000200013c8        0x0 load address 0x0000000008009360
                0x00000000200013c8                . = ALIGN (0x4)
                0x00000000200013c8                __ram0_clear__ = .
 *(.ram0_clear)
 *(.ram0_clear.*)
                0x00000000200013c8                . = ALIGN (0x4)
                0x00000000200013c8                __ram0_noinit__ = .
 *(.ram0)
 *(.ram0.*)
                0x00000000200013c8                . = ALIGN (0x4)
                0x00000000200013c8                __ram0_free__ = .

.ram1_init      0x0000000000000000        0x0 load address 0x0000000008009360
                0x0000000000000000                . = ALIGN (0x4)
                0x0000000008009360                __ram1_init_text__ = LOADADDR (.ram1_init)
                0x0000000000000000                __ram1_init__ = .
 *(.ram1_init)
 *(.ram1_init.*)
                0x0000000000000000                . = ALIGN (0x4)

.ram1           0x0000000000000000        0x0 load address 0x0000000008009360
                0x0000000000000000                . = ALIGN (0x4)
                0x0000000000000000                __ram1_clear__ = .
 *(.ram1_clear)
 *(.ram1_clear.*)
                0x0000000000000000                . = ALIGN (0x4)
                0x0000000000000000                __ram1_noinit__ = .
 *(.ram1)
 *(.ram1.*)
                0x0000000000000000                . = ALIGN (0x4)
                0x0000000000000000                __ram1_free__ = .

.ram2_init      0x0000000000000000        0x0 load address 0x0000000008009360
                0x0000000000000000                . = ALIGN (0x4)
                0x0000000008009360                __ram2_init_text__ = LOADADDR (.ram2_init)
                0x0000000000000000                __ram2_init__ = .
 *(.ram2_init)
 *(.ram2_init.*)
                0x0000000000000000                . = ALIGN (0x4)

.ram2           0x0000000000000000        0x0 load address 0x0000000008009360
                0x0000000000000000                . = ALIGN (0x4)
                0x0000000000000000                __ram2_clear__ = .
 *(.ram2_clear)
 *(.ram2_clear.*)
                0x0000000000000000                . = ALIGN (0x4)
                0x0000000000000000                __ram2_noinit__ = .
 *(.ram2)
 *(.ram2.*)
                0x0000000000000000                . = ALIGN (0x4)
                0x0000000000000000                __ram2_free__ = .

.ram3_init      0x0000000000000000        0x0 load address 0x0000000008009360
                0x0000000000000000                . = ALIGN (0x4)
                0x0000000008009360                __ram3_init_text__ = LOADADDR (.ram3_init)
                0x0000000000000000                __ram3_init__ = .
 *(.ram3_init)
 *(.ram3_init.*)
                0x0000000000000000                . = ALIGN (0x4)

.ram3           0x0000000000000000        0x0 load address 0x0000000008009360
                0x0000000000000000                . = ALIGN (0x4)
                0x0000000000000000                __ram3_clear__ = .
 *(.ram3_clear)
 *(.ram3_clear.*)
                0x0000000000000000                . = ALIGN (0x4)
                0x0000000000000000                __ram3_noinit__ = .
 *(.ram3)
 *(.ram3.*)
                0x0000000000000000                . = ALIGN (0x4)
                0x0000000000000000                __ram3_free__ = .

.ram4_init      0x0000000000000000        0x0 load address 0x0000000008009360
                0x0000000000000000                . = ALIGN (0x4)
                0x0000000008009360                __ram4_init_text__ = LOADADDR (.ram4_init)