Archive member included to satisfy reference by file (symbol)

/opt/Atollic_TrueSTUDIO_for_STM32_x86_64_9.1.0/ARMTools/bin/../lib/gcc/arm-atollic-eabi/6.3.1/armv7e-m/fpu/libgcc.a(_arm_addsubdf3.o)
                              /tmp/ccd2O6iv.ltrans0.ltrans.o (__aeabi_dsub)
/opt/Atollic_TrueSTUDIO_for_STM32_x86_64_9.1.0/ARMTools/bin/../lib/gcc/arm-atollic-eabi/6.3.1/armv7e-m/fpu/libgcc.a(_arm_muldivdf3.o)
                              /tmp/ccd2O6iv.ltrans0.ltrans.o (__aeabi_dmul)
/opt/Atollic_TrueSTUDIO_for_STM32_x86_64_9.1.0/ARMTools/bin/../lib/gcc/arm-atollic-eabi/6.3.1/armv7e-m/fpu/libgcc.a(_arm_fixdfsi.o)
                              /tmp/ccd2O6iv.ltrans0.ltrans.o (__aeabi_d2iz)
/opt/Atollic_TrueSTUDIO_for_STM32_x86_64_9.1.0/ARMTools/bin/../lib/gcc/arm-atollic-eabi/6.3.1/armv7e-m/fpu/libgcc.a(_arm_truncdfsf2.o)
                              /tmp/ccd2O6iv.ltrans0.ltrans.o (__aeabi_d2f)
/opt/Atollic_TrueSTUDIO_for_STM32_x86_64_9.1.0/ARMTools/bin/../lib/gcc/arm-atollic-eabi/6.3.1/armv7e-m/fpu/libgcc.a(_aeabi_uldivmod.o)
                              /tmp/ccd2O6iv.ltrans0.ltrans.o (__aeabi_uldivmod)
/opt/Atollic_TrueSTUDIO_for_STM32_x86_64_9.1.0/ARMTools/bin/../lib/gcc/arm-atollic-eabi/6.3.1/armv7e-m/fpu/libgcc.a(_udivmoddi4.o)
                              /opt/Atollic_TrueSTUDIO_for_STM32_x86_64_9.1.0/ARMTools/bin/../lib/gcc/arm-atollic-eabi/6.3.1/armv7e-m/fpu/libgcc.a(_aeabi_uldivmod.o) (__udivmoddi4)
/opt/Atollic_TrueSTUDIO_for_STM32_x86_64_9.1.0/ARMTools/bin/../lib/gcc/arm-atollic-eabi/6.3.1/armv7e-m/fpu/libgcc.a(_dvmd_tls.o)
                              /opt/Atollic_TrueSTUDIO_for_STM32_x86_64_9.1.0/ARMTools/bin/../lib/gcc/arm-atollic-eabi/6.3.1/armv7e-m/fpu/libgcc.a(_aeabi_uldivmod.o) (__aeabi_ldiv0)
/opt/Atollic_TrueSTUDIO_for_STM32_x86_64_9.1.0/ARMTools/bin/../lib/gcc/arm-atollic-eabi/6.3.1/../../../../arm-atollic-eabi/lib/armv7e-m/fpu/libc.a(lib_a-memcpy-stub.o)
                              /tmp/ccd2O6iv.ltrans0.ltrans.o (memcpy)
/opt/Atollic_TrueSTUDIO_for_STM32_x86_64_9.1.0/ARMTools/bin/../lib/gcc/arm-atollic-eabi/6.3.1/../../../../arm-atollic-eabi/lib/armv7e-m/fpu/libc.a(lib_a-memset.o)
                              /tmp/ccd2O6iv.ltrans1.ltrans.o (memset)
/opt/Atollic_TrueSTUDIO_for_STM32_x86_64_9.1.0/ARMTools/bin/../lib/gcc/arm-atollic-eabi/6.3.1/../../../../arm-atollic-eabi/lib/armv7e-m/fpu/libc.a(lib_a-strcmp.o)
                              /tmp/ccd2O6iv.ltrans3.ltrans.o (strcmp)
/opt/Atollic_TrueSTUDIO_for_STM32_x86_64_9.1.0/ARMTools/bin/../lib/gcc/arm-atollic-eabi/6.3.1/../../../../arm-atollic-eabi/lib/armv7e-m/fpu/libc.a(lib_a-strncmp.o)
                              /tmp/ccd2O6iv.ltrans1.ltrans.o (strncmp)
/opt/Atollic_TrueSTUDIO_for_STM32_x86_64_9.1.0/ARMTools/bin/../lib/gcc/arm-atollic-eabi/6.3.1/../../../../arm-atollic-eabi/lib/armv7e-m/fpu/libc.a(lib_a-strncpy.o)
                              /tmp/ccd2O6iv.ltrans1.ltrans.o (strncpy)

Discarded input sections

 .data          0x0000000000000000        0x0 build/obj/crt0_v7m.o
 .bss           0x0000000000000000        0x0 build/obj/crt0_v7m.o
 .data          0x0000000000000000        0x0 build/obj/vectors.o
 .bss           0x0000000000000000        0x0 build/obj/vectors.o
 .data          0x0000000000000000        0x0 build/obj/chcoreasm_v7m.o
 .bss           0x0000000000000000        0x0 build/obj/chcoreasm_v7m.o
 .text          0x0000000000000000        0x0 build/obj/crt1.o (symbol from plugin)
 .text          0x0000000000000000        0x0 /tmp/ccd2O6iv.ltrans0.ltrans.o
 .data          0x0000000000000000        0x0 /tmp/ccd2O6iv.ltrans0.ltrans.o
 .bss           0x0000000000000000        0x0 /tmp/ccd2O6iv.ltrans0.ltrans.o
 .data.SystemCoreClock
                0x0000000000000000        0x4 /tmp/ccd2O6iv.ltrans0.ltrans.o
 .bss._pal_events
                0x0000000000000000        0x0 /tmp/ccd2O6iv.ltrans0.ltrans.o
 .rodata.default_config.lto_priv.150
                0x0000000000000000        0xc /tmp/ccd2O6iv.ltrans0.ltrans.o
 .text.l3gd20Stop
                0x0000000000000000       0x3e /tmp/ccd2O6iv.ltrans0.ltrans.o
 .text.chsnprintf
                0x0000000000000000       0x66 /tmp/ccd2O6iv.ltrans0.ltrans.o
 .text._writes  0x0000000000000000       0x56 /tmp/ccd2O6iv.ltrans0.ltrans.o
 .text._reads   0x0000000000000000       0x56 /tmp/ccd2O6iv.ltrans0.ltrans.o
 .text._put.lto_priv.17
                0x0000000000000000       0x48 /tmp/ccd2O6iv.ltrans0.ltrans.o
 .text._get.lto_priv.14
                0x0000000000000000       0x44 /tmp/ccd2O6iv.ltrans0.ltrans.o
 .rodata.vmt.lto_priv.10
                0x0000000000000000       0x14 /tmp/ccd2O6iv.ltrans0.ltrans.o
 .text.msObjectInit
                0x0000000000000000       0x3c /tmp/ccd2O6iv.ltrans0.ltrans.o
 .text.writes   0x0000000000000000       0x1a /tmp/ccd2O6iv.ltrans0.ltrans.o
 .text.reads    0x0000000000000000       0x1a /tmp/ccd2O6iv.ltrans0.ltrans.o
 .text.put      0x0000000000000000       0x1a /tmp/ccd2O6iv.ltrans0.ltrans.o
[...]
Memory Configuration

Name             Origin             Length             Attributes
flash0           0x0000000008000000 0x0000000000040000
flash1           0x0000000000000000 0x0000000000000000
flash2           0x0000000000000000 0x0000000000000000
flash3           0x0000000000000000 0x0000000000000000
flash4           0x0000000000000000 0x0000000000000000
flash5           0x0000000000000000 0x0000000000000000
flash6           0x0000000000000000 0x0000000000000000
flash7           0x0000000000000000 0x0000000000000000
ram0             0x0000000020000000 0x0000000000010000
ram1             0x0000000000000000 0x0000000000000000
ram2             0x0000000000000000 0x0000000000000000
ram3             0x0000000000000000 0x0000000000000000
ram4             0x0000000000000000 0x0000000000000000
ram5             0x0000000000000000 0x0000000000000000
ram6             0x0000000000000000 0x0000000000000000
ram7             0x0000000000000000 0x0000000000000000
*default*        0x0000000000000000 0xffffffffffffffff

Linker script and memory map

LOAD build/obj/crt0_v7m.o
LOAD build/obj/vectors.o
LOAD build/obj/chcoreasm_v7m.o
LOAD build/obj/crt1.o
LOAD /tmp/ccd2O6iv.ltrans0.ltrans.o
LOAD /tmp/ccd2O6iv.ltrans1.ltrans.o
LOAD /tmp/ccd2O6iv.ltrans2.ltrans.o
LOAD /tmp/ccd2O6iv.ltrans3.ltrans.o
LOAD /tmp/ccd2O6iv.ltrans4.ltrans.o
LOAD /tmp/ccd2O6iv.ltrans5.ltrans.o
LOAD /tmp/ccd2O6iv.ltrans6.ltrans.o
LOAD /tmp/ccd2O6iv.ltrans7.ltrans.o
LOAD /tmp/ccd2O6iv.ltrans8.ltrans.o
LOAD /tmp/ccd2O6iv.ltrans9.ltrans.o
LOAD build/obj/hal.o
LOAD build/obj/hal_st.o
LOAD build/obj/hal_buffers.o
LOAD build/obj/hal_queues.o
LOAD build/obj/hal_mmcsd.o
LOAD build/obj/hal_pal.o
LOAD build/obj/hal_serial.o
LOAD build/obj/hal_serial_usb.o
LOAD build/obj/hal_spi.o
LOAD build/obj/hal_uart.o
LOAD build/obj/hal_usb.o
LOAD build/obj/nvic.o
LOAD build/obj/stm32_isr.o
LOAD build/obj/hal_lld.o
LOAD build/obj/stm32_dma.o
LOAD build/obj/hal_pal_lld.o
LOAD build/obj/hal_usb_lld.o
LOAD build/obj/hal_spi_lld.o
LOAD build/obj/hal_st_lld.o
LOAD build/obj/hal_serial_lld.o
LOAD build/obj/hal_uart_lld.o
LOAD build/obj/board.o
LOAD build/obj/osal.o
LOAD build/obj/chsys.o
LOAD build/obj/chdebug.o
LOAD build/obj/chtrace.o
LOAD build/obj/chvt.o
LOAD build/obj/chschd.o
LOAD build/obj/chthreads.o
LOAD build/obj/chtm.o
LOAD build/obj/chregistry.o
LOAD build/obj/chsem.o
LOAD build/obj/chmtx.o
LOAD build/obj/chcond.o
LOAD build/obj/chevents.o
LOAD build/obj/chmsg.o
LOAD build/obj/chdynamic.o
LOAD build/obj/chmboxes.o
LOAD build/obj/chmemcore.o
LOAD build/obj/chheap.o
LOAD build/obj/chmempools.o
LOAD build/obj/chfactory.o
LOAD build/obj/chcore.o
LOAD build/obj/chcore_v7m.o
LOAD build/obj/l3gd20.o
LOAD build/obj/chprintf.o
LOAD build/obj/memstreams.o
LOAD build/obj/nullstreams.o
LOAD build/obj/usbcfg.o
LOAD build/obj/main.o
LOAD build/obj/mbcrc.o

.mstack         0x0000000020000000      0x400
                0x0000000020000000                . = ALIGN (0x8)
                0x0000000020000000                __main_stack_base__ = .
                0x0000000020000400                . = (. + __main_stack_size__)
 *fill*         0x0000000020000000      0x400 
                0x0000000020000400                . = ALIGN (0x8)
                0x0000000020000400                __main_stack_end__ = .

.pstack         0x0000000020000400      0x400
                0x0000000020000400                __process_stack_base__ = .
                0x0000000020000400                __main_thread_stack_base__ = .
                0x0000000020000800                . = (. + __process_stack_size__)
 *fill*         0x0000000020000400      0x400 
                0x0000000020000800                . = ALIGN (0x8)
                0x0000000020000800                __process_stack_end__ = .
                0x0000000020000800                __main_thread_stack_end__ = .

.vectors        0x0000000008000000      0x1e0
 *(.vectors)
 .vectors       0x0000000008000000      0x1e0 build/obj/vectors.o
                0x0000000008000000                _vectors

.xtors          0x00000000080001e0        0x0
                0x00000000080001e0                __init_array_start = .
 *(SORT(.init_array.*))
 *(.init_array)
                0x00000000080001e0                __init_array_end = .
                0x00000000080001e0                __fini_array_start = .
 *(.fini_array)
 *(SORT(.fini_array.*))
                0x00000000080001e0                __fini_array_end = .

.text           0x00000000080001e0     0x8076
 *(.text)
 .text          0x00000000080001e0      0x120 build/obj/crt0_v7m.o
                0x00000000080001e0                _crt0_entry
 .text          0x0000000008000300        0x8 build/obj/vectors.o
                0x0000000008000300                Reset_Handler
                0x0000000008000302                Vector58
                0x0000000008000302                VectorE8
                0x0000000008000302                Vector9C
                0x0000000008000302                VectorAC
                0x0000000008000302                DebugMon_Handler
                0x0000000008000302                Vector1A0
                0x0000000008000302                Vector5C
                0x0000000008000302                Vector11C
                0x0000000008000302                HardFault_Handler
                0x0000000008000302                Vector1B8
                0x0000000008000302                Vector19C
                0x0000000008000302                Vector8C
                0x0000000008000302                SysTick_Handler
                0x0000000008000302                VectorDC
                0x0000000008000302                PendSV_Handler
                0x0000000008000302                Vector168
                0x0000000008000302                NMI_Handler
                0x0000000008000302                Vector110
                0x0000000008000302                Vector1D8
                0x0000000008000302                VectorC8
                0x0000000008000302                Vector94
                0x0000000008000302                VectorA8
                0x0000000008000302                VectorB4
                0x0000000008000302                Vector160
                0x0000000008000302                Vector1B0
                0x0000000008000302                UsageFault_Handler
                0x0000000008000302                VectorEC
                0x0000000008000302                Vector40
                0x0000000008000302                VectorF8
                0x0000000008000302                Vector108
                0x0000000008000302                VectorBC
                0x0000000008000302                Vector190
                0x0000000008000302                Vector1C4
                0x0000000008000302                Vector1CC
                0x0000000008000302                Vector148
                0x0000000008000302                Vector188
                0x0000000008000302                Vector198
                0x0000000008000302                Vector118
                0x0000000008000302                Vector64
                0x0000000008000302                VectorCC
                0x0000000008000302                Vector54
                0x0000000008000302                Vector98
                0x0000000008000302                Vector138
                0x0000000008000302                Vector24
                0x0000000008000302                Vector1AC
                0x0000000008000302                Vector178
                0x0000000008000302                Vector1A4
                0x0000000008000302                VectorD0
                0x0000000008000302                Vector1B4
                0x0000000008000302                Vector140
                0x0000000008000302                VectorE4
                0x0000000008000302                VectorC0
                0x0000000008000302                Vector1C0
                0x0000000008000302                Vector134
                0x0000000008000302                Vector1D0
                0x0000000008000302                VectorF0
                0x0000000008000302                Vector13C
                0x0000000008000302                Vector100
                0x0000000008000302                VectorE0
                0x0000000008000302                VectorF4
                0x0000000008000302                MemManage_Handler
                0x0000000008000302                VectorA0
                0x0000000008000302                VectorC4
                0x0000000008000302                Vector180
                0x0000000008000302                Vector90
                0x0000000008000302                Vector114
                0x0000000008000302                Vector164
                0x0000000008000302                Vector60
                0x0000000008000302                Vector1C
                0x0000000008000302                Vector1BC
                0x0000000008000302                Vector1D4
                0x0000000008000302                Vector17C
                0x0000000008000302                Vector48
                0x0000000008000302                Vector1A8
                0x0000000008000302                Vector16C
                0x0000000008000302                Vector4C
                0x0000000008000302                Vector144
                0x0000000008000302                Vector15C
                0x0000000008000302                Vector68
                0x0000000008000302                Vector170
                0x0000000008000302                Vector88
                0x0000000008000302                Vector104
                0x0000000008000302                Vector184
                0x0000000008000302                Vector10C
                0x0000000008000302                BusFault_Handler
                0x0000000008000302                Vector50
                0x0000000008000302                Vector1C8
                0x0000000008000302                Vector194
                0x0000000008000302                Vector1DC
                0x0000000008000302                Vector44
                0x0000000008000302                Vector28
                0x0000000008000302                VectorB8
                0x0000000008000302                Vector34
                0x0000000008000302                VectorA4
                0x0000000008000302                Vector20
                0x0000000008000302                Vector18C
                0x0000000008000302                Vector174
                0x0000000008000306                _unhandled_exception
 .text          0x0000000008000308       0x30 build/obj/chcoreasm_v7m.o
                0x0000000008000308                _port_switch
                0x0000000008000320                _port_thread_start
                0x0000000008000330                _port_switch_from_isr
                0x0000000008000334                _port_exit_from_isr
 .text          0x0000000008000338      0x370 /opt/Atollic_TrueSTUDIO_for_STM32_x86_64_9.1.0/ARMTools/bin/../lib/gcc/arm-atollic-eabi/6.3.1/armv7e-m/fpu/libgcc.a(_arm_addsubdf3.o)
                0x0000000008000338                __aeabi_drsub
                0x0000000008000340                __aeabi_dsub
                0x0000000008000340                __subdf3
                0x0000000008000344                __adddf3
                0x0000000008000344                __aeabi_dadd
                0x00000000080005bc                __aeabi_ui2d
                0x00000000080005bc                __floatunsidf
                0x00000000080005dc                __floatsidf
                0x00000000080005dc                __aeabi_i2d
                0x0000000008000600                __extendsfdf2
                0x0000000008000600                __aeabi_f2d
                0x000000000800063c                __aeabi_ul2d
                0x000000000800063c                __floatundidf
                0x000000000800064c                __floatdidf
                0x000000000800064c                __aeabi_l2d
 .text          0x00000000080006a8      0x424 /opt/Atollic_TrueSTUDIO_for_STM32_x86_64_9.1.0/ARMTools/bin/../lib/gcc/arm-atollic-eabi/6.3.1/armv7e-m/fpu/libgcc.a(_arm_muldivdf3.o)
                0x00000000080006a8                __aeabi_dmul
                0x00000000080006a8                __muldf3
                0x00000000080008fc                __aeabi_ddiv
                0x00000000080008fc                __divdf3
 .text          0x0000000008000acc       0x50 /opt/Atollic_TrueSTUDIO_for_STM32_x86_64_9.1.0/ARMTools/bin/../lib/gcc/arm-atollic-eabi/6.3.1/armv7e-m/fpu/libgcc.a(_arm_fixdfsi.o)
                0x0000000008000acc                __fixdfsi
                0x0000000008000acc                __aeabi_d2iz
 .text          0x0000000008000b1c       0xa0 /opt/Atollic_TrueSTUDIO_for_STM32_x86_64_9.1.0/ARMTools/bin/../lib/gcc/arm-atollic-eabi/6.3.1/armv7e-m/fpu/libgcc.a(_arm_truncdfsf2.o)
                0x0000000008000b1c                __aeabi_d2f
                0x0000000008000b1c                __truncdfsf2
 .text          0x0000000008000bbc       0x30 /opt/Atollic_TrueSTUDIO_for_STM32_x86_64_9.1.0/ARMTools/bin/../lib/gcc/arm-atollic-eabi/6.3.1/armv7e-m/fpu/libgcc.a(_aeabi_uldivmod.o)
                0x0000000008000bbc                __aeabi_uldivmod
 .text          0x0000000008000bec      0x2dc /opt/Atollic_TrueSTUDIO_for_STM32_x86_64_9.1.0/ARMTools/bin/../lib/gcc/arm-atollic-eabi/6.3.1/armv7e-m/fpu/libgcc.a(_udivmoddi4.o)
                0x0000000008000bec                __udivmoddi4
 .text          0x0000000008000ec8        0x4 /opt/Atollic_TrueSTUDIO_for_STM32_x86_64_9.1.0/ARMTools/bin/../lib/gcc/arm-atollic-eabi/6.3.1/armv7e-m/fpu/libgcc.a(_dvmd_tls.o)
                0x0000000008000ec8                __aeabi_ldiv0
                0x0000000008000ec8                __aeabi_idiv0
 *(.text.*)
 .text.SVC_Handler
                0x0000000008000ecc       0x3c /tmp/ccd2O6iv.ltrans0.ltrans.o
                0x0000000008000ecc                SVC_Handler
 .text._port_irq_epilogue
                0x0000000008000f08       0x7c /tmp/ccd2O6iv.ltrans0.ltrans.o
                0x0000000008000f08                _port_irq_epilogue
 .text.osalThreadSleep
                0x0000000008000f84       0x14 /tmp/ccd2O6iv.ltrans0.ltrans.o
 .text.l3gd20SPIReadRegister
                0x0000000008000f98       0x56 /tmp/ccd2O6iv.ltrans0.ltrans.o
 .text.l3gd20SPIWriteRegister
                0x0000000008000fee       0x50 /tmp/ccd2O6iv.ltrans0.ltrans.o
 .text.gyro_get_axes_number
                0x000000000800103e       0x16 /tmp/ccd2O6iv.ltrans0.ltrans.o
 .text.gyro_read_raw
                0x0000000008001054       0x82 /tmp/ccd2O6iv.ltrans0.ltrans.o
 .text.gyro_read_cooked
                0x00000000080010d6       0x88 /tmp/ccd2O6iv.ltrans0.ltrans.o
 *fill*         0x000000000800115e        0x2 
 .text.gyro_sample_bias
                0x0000000008001160      0x110 /tmp/ccd2O6iv.ltrans0.ltrans.o
 .text.gyro_set_bias
                0x0000000008001270       0x50 /tmp/ccd2O6iv.ltrans0.ltrans.o
 .text.gyro_reset_bias
                0x00000000080012c0       0x48 /tmp/ccd2O6iv.ltrans0.ltrans.o
 .text.gyro_set_sensivity
                0x0000000008001308       0x52 /tmp/ccd2O6iv.ltrans0.ltrans.o
 *fill*         0x000000000800135a        0x2 
 .text.gyro_reset_sensivity
                0x000000000800135c       0xc4 /tmp/ccd2O6iv.ltrans0.ltrans.o
 .text.gyro_set_full_scale
                0x0000000008001420      0x114 /tmp/ccd2O6iv.ltrans0.ltrans.o
 .text.l3gd20ObjectInit
                0x0000000008001534       0x34 /tmp/ccd2O6iv.ltrans0.ltrans.o
 .text.l3gd20Start
                0x0000000008001568      0x1ec /tmp/ccd2O6iv.ltrans0.ltrans.o
 .text.long_to_string_with_divisor
                0x0000000008001754       0xaa /tmp/ccd2O6iv.ltrans0.ltrans.o
 .text.ch_ltoa  0x00000000080017fe       0x22 /tmp/ccd2O6iv.ltrans0.ltrans.o
 .text.ftoa     0x0000000008001820       0xb4 /tmp/ccd2O6iv.ltrans0.ltrans.o
 .text.chvprintf
                0x00000000080018d4      0x4b0 /tmp/ccd2O6iv.ltrans0.ltrans.o
 .text.chprintf
                0x0000000008001d84       0x2c /tmp/ccd2O6iv.ltrans0.ltrans.o
 .text.port_lock.lto_priv.2
                0x0000000008001db0       0x1a /tmp/ccd2O6iv.ltrans0.ltrans.o
 .text.port_unlock.lto_priv.0
                0x0000000008001dca       0x1a /tmp/ccd2O6iv.ltrans0.ltrans.o
 .text.port_lock_from_isr.lto_priv.7
                0x0000000008001de4        0xa /tmp/ccd2O6iv.ltrans0.ltrans.o
 .text.port_unlock_from_isr.lto_priv.5
                0x0000000008001dee        0xa /tmp/ccd2O6iv.ltrans0.ltrans.o
 .text.chSysLockFromISR
                0x0000000008001df8        0xa /tmp/ccd2O6iv.ltrans0.ltrans.o
 .text.chSysUnlockFromISR
                0x0000000008001e02        0xa /tmp/ccd2O6iv.ltrans0.ltrans.o
 .text.osalSysLockFromISR
                0x0000000008001e0c        0xa /tmp/ccd2O6iv.ltrans0.ltrans.o
 .text.osalSysUnlockFromISR
                0x0000000008001e16        0xa /tmp/ccd2O6iv.ltrans0.ltrans.o
 .text.get_descriptor
                0x0000000008001e20       0x5c /tmp/ccd2O6iv.ltrans0.ltrans.o
 .text.usb_event
                0x0000000008001e7c       0x88 /tmp/ccd2O6iv.ltrans0.ltrans.o
 .text.sof_handler
                0x0000000008001f04       0x20 /tmp/ccd2O6iv.ltrans0.ltrans.o
 .text.chRegSetThreadName
                0x0000000008001f24       0x20 /tmp/ccd2O6iv.ltrans0.ltrans.o
 .text.Thread1  0x0000000008001f44      0x170 /tmp/ccd2O6iv.ltrans0.ltrans.o
 .text.main     0x00000000080020b4      0x18c /tmp/ccd2O6iv.ltrans0.ltrans.o
                0x00000000080020b4                main
 .text.port_lock.lto_priv.36
                0x0000000008002240       0x1a /tmp/ccd2O6iv.ltrans1.ltrans.o
 .text.port_unlock.lto_priv.33
                0x000000000800225a       0x1a /tmp/ccd2O6iv.ltrans1.ltrans.o
 .text.chSysLock.lto_priv.41
                0x0000000008002274        0xa /tmp/ccd2O6iv.ltrans1.ltrans.o
 .text.chSysUnlock.lto_priv.39
                0x000000000800227e        0xa /tmp/ccd2O6iv.ltrans1.ltrans.o
 .text._core_init
                0x0000000008002288       0x24 /tmp/ccd2O6iv.ltrans1.ltrans.o
                0x0000000008002288                _core_init
 .text.chCoreAllocAlignedWithOffsetI
                0x00000000080022ac       0x6c /tmp/ccd2O6iv.ltrans1.ltrans.o
 .text.chCoreAllocAlignedWithOffset
                0x0000000008002318       0x2a /tmp/ccd2O6iv.ltrans1.ltrans.o
 *fill*         0x0000000008002342        0x2 
 .text._heap_init
                0x0000000008002344       0x2c /tmp/ccd2O6iv.ltrans1.ltrans.o
                0x0000000008002344                _heap_init
 .text.chPoolObjectInitAligned
                0x0000000008002370       0x30 /tmp/ccd2O6iv.ltrans1.ltrans.o
 .text.chCoreAllocAlignedI
                0x00000000080023a0       0x1e /tmp/ccd2O6iv.ltrans1.ltrans.o
 .text.chPoolObjectInit
                0x00000000080023be       0x1e /tmp/ccd2O6iv.ltrans1.ltrans.o
 .text.dyn_list_init
                0x00000000080023dc       0x18 /tmp/ccd2O6iv.ltrans1.ltrans.o
 .text._factory_init
                0x00000000080023f4       0x64 /tmp/ccd2O6iv.ltrans1.ltrans.o
                0x00000000080023f4                _factory_init
 .text.port_lock.lto_priv.38
                0x0000000008002458       0x1a /tmp/ccd2O6iv.ltrans1.ltrans.o
 .text.port_unlock.lto_priv.35
                0x0000000008002472       0x1a /tmp/ccd2O6iv.ltrans1.ltrans.o
 .text.port_lock_from_isr.lto_priv.6
                0x000000000800248c        0xa /tmp/ccd2O6iv.ltrans1.ltrans.o
                0x000000000800248c                port_lock_from_isr.lto_priv.6
 .text.port_unlock_from_isr.lto_priv.4
                0x0000000008002496        0xa /tmp/ccd2O6iv.ltrans1.ltrans.o
                0x0000000008002496                port_unlock_from_isr.lto_priv.4
 .text.chMtxObjectInit
                0x00000000080024a0       0x1c /tmp/ccd2O6iv.ltrans2.ltrans.o
                0x00000000080024a0                chMtxObjectInit
 .text.chEvtBroadcastFlagsI
                0x00000000080024bc       0x56 /tmp/ccd2O6iv.ltrans2.ltrans.o
                0x00000000080024bc                chEvtBroadcastFlagsI
 .text.chEvtSignalI
                0x0000000008002512       0x5c /tmp/ccd2O6iv.ltrans2.ltrans.o
 *fill*         0x000000000800256e        0x2 
 .text._thread_init
                0x0000000008002570       0x80 /tmp/ccd2O6iv.ltrans3.ltrans.o
                0x0000000008002570                _thread_init
 .text.chThdCreateSuspendedI
                0x00000000080025f0       0x5c /tmp/ccd2O6iv.ltrans3.ltrans.o
                0x00000000080025f0                chThdCreateSuspendedI
 .text.chThdCreate
                0x000000000800264c       0x2a /tmp/ccd2O6iv.ltrans3.ltrans.o
                0x000000000800264c                chThdCreate
 *fill*         0x0000000008002676        0x2 
 .text.chThdCreateStatic
                0x0000000008002678       0x70 /tmp/ccd2O6iv.ltrans3.ltrans.o
                0x0000000008002678                chThdCreateStatic
 .text.chThdExit
                0x00000000080026e8       0x18 /tmp/ccd2O6iv.ltrans3.ltrans.o
                0x00000000080026e8                chThdExit
 .text.chThdExitS
                0x0000000008002700       0x74 /tmp/ccd2O6iv.ltrans3.ltrans.o
 .text.chThdSleep
                0x0000000008002774       0x1c /tmp/ccd2O6iv.ltrans3.ltrans.o
                0x0000000008002774                chThdSleep
 .text.chThdSuspendTimeoutS
                0x0000000008002790       0x3a /tmp/ccd2O6iv.ltrans3.ltrans.o
                0x0000000008002790                chThdSuspendTimeoutS
 .text.chThdResumeI
                0x00000000080027ca       0x30 /tmp/ccd2O6iv.ltrans3.ltrans.o
                0x00000000080027ca                chThdResumeI
 *fill*         0x00000000080027fa        0x2 
 .text.chThdEnqueueTimeoutS
                0x00000000080027fc       0x38 /tmp/ccd2O6iv.ltrans3.ltrans.o
                0x00000000080027fc                chThdEnqueueTimeoutS
 .text.chThdDequeueNextI
                0x0000000008002834       0x24 /tmp/ccd2O6iv.ltrans3.ltrans.o
                0x0000000008002834                chThdDequeueNextI
 .text.chThdDequeueAllI
                0x0000000008002858       0x26 /tmp/ccd2O6iv.ltrans3.ltrans.o
                0x0000000008002858                chThdDequeueAllI
 *fill*         0x000000000800287e        0x2 
 .text.port_rt_get_counter_value
                0x0000000008002880       0x18 /tmp/ccd2O6iv.ltrans3.ltrans.o
 .text.tm_stop  0x0000000008002898       0x70 /tmp/ccd2O6iv.ltrans3.ltrans.o
 .text._tm_init
                0x0000000008002908       0x34 /tmp/ccd2O6iv.ltrans3.ltrans.o
                0x0000000008002908                _tm_init
 .text.chTMObjectInit
                0x000000000800293c       0x38 /tmp/ccd2O6iv.ltrans3.ltrans.o
 .text.chTMStartMeasurementX
                0x0000000008002974       0x18 /tmp/ccd2O6iv.ltrans3.ltrans.o
 .text.chTMStopMeasurementX
                0x000000000800298c       0x24 /tmp/ccd2O6iv.ltrans3.ltrans.o
 .text.queue_init.lto_priv.57
                0x00000000080029b0       0x1e /tmp/ccd2O6iv.ltrans3.ltrans.o
                0x00000000080029b0                queue_init.lto_priv.57
 *fill*         0x00000000080029ce        0x2 
 .text.uart_lld_init
                0x00000000080029d0       0x34 /tmp/ccd2O6iv.ltrans4.ltrans.o
                0x00000000080029d0                uart_lld_init
 .text.gpio_init
                0x0000000008002a04       0x4c /tmp/ccd2O6iv.ltrans4.ltrans.o
 .text.stm32_gpio_init
                0x0000000008002a50       0x94 /tmp/ccd2O6iv.ltrans4.ltrans.o
 .text.__early_init
                0x0000000008002ae4        0xe /tmp/ccd2O6iv.ltrans4.ltrans.o
                0x0000000008002ae4                __early_init
 .text.boardInit
                0x0000000008002af2        0xc /tmp/ccd2O6iv.ltrans4.ltrans.o
                0x0000000008002af2                boardInit
 .text.chTimeAddX.lto_priv.138
                0x0000000008002afe       0x1c /tmp/ccd2O6iv.ltrans4.ltrans.o
 .text.chTimeDiffX.lto_priv.136
                0x0000000008002b1a       0x1c /tmp/ccd2O6iv.ltrans4.ltrans.o
 *fill*         0x0000000008002b36        0x2 
 .text.__NVIC_SetPriorityGrouping
                0x0000000008002b38       0x48 /tmp/ccd2O6iv.ltrans4.ltrans.o
 .text.__NVIC_SetPriority
                0x0000000008002b80       0x54 /tmp/ccd2O6iv.ltrans4.ltrans.o
 .text.port_init
                0x0000000008002bd4       0x40 /tmp/ccd2O6iv.ltrans4.ltrans.o
 .text.port_lock.lto_priv.119
                0x0000000008002c14       0x1a /tmp/ccd2O6iv.ltrans4.ltrans.o
 .text.port_unlock.lto_priv.116
                0x0000000008002c2e       0x1a /tmp/ccd2O6iv.ltrans4.ltrans.o
 .text.port_lock_from_isr.lto_priv.128
                0x0000000008002c48        0xa /tmp/ccd2O6iv.ltrans4.ltrans.o
 .text.port_unlock_from_isr.lto_priv.126
                0x0000000008002c52        0xa /tmp/ccd2O6iv.ltrans4.ltrans.o
 .text.port_disable
                0x0000000008002c5c        0xe /tmp/ccd2O6iv.ltrans4.ltrans.o
 .text.port_enable
                0x0000000008002c6a       0x1c /tmp/ccd2O6iv.ltrans4.ltrans.o
 .text.port_wait_for_interrupt
                0x0000000008002c86        0xc /tmp/ccd2O6iv.ltrans4.ltrans.o
 *fill*         0x0000000008002c92        0x2 
 .text.port_rt_get_counter_value
                0x0000000008002c94       0x18 /tmp/ccd2O6iv.ltrans4.ltrans.o
 .text.st_lld_get_counter.lto_priv.113
                0x0000000008002cac       0x14 /tmp/ccd2O6iv.ltrans4.ltrans.o
 .text.port_timer_stop_alarm.lto_priv.134
                0x0000000008002cc0        0xa /tmp/ccd2O6iv.ltrans4.ltrans.o
 .text.port_timer_set_alarm.lto_priv.132
                0x0000000008002cca       0x14 /tmp/ccd2O6iv.ltrans4.ltrans.o
 .text.port_timer_get_time.lto_priv.110
                0x0000000008002cde        0xe /tmp/ccd2O6iv.ltrans4.ltrans.o
 .text.chSysEnable
                0x0000000008002cec        0xa /tmp/ccd2O6iv.ltrans4.ltrans.o
 .text.chSysLockFromISR.lto_priv.124
                0x0000000008002cf6        0xa /tmp/ccd2O6iv.ltrans4.ltrans.o
 .text.chSysUnlockFromISR.lto_priv.122
                0x0000000008002d00        0xa /tmp/ccd2O6iv.ltrans4.ltrans.o
 .text.chVTGetSystemTimeX.lto_priv.130
                0x0000000008002d0a        0xe /tmp/ccd2O6iv.ltrans4.ltrans.o
 .text.chVTDoTickI
                0x0000000008002d18       0xfc /tmp/ccd2O6iv.ltrans4.ltrans.o
 .text._idle_thread.lto_priv.18
                0x0000000008002e14        0xe /tmp/ccd2O6iv.ltrans4.ltrans.o
                0x0000000008002e14                _idle_thread.lto_priv.18
 *fill*         0x0000000008002e22        0x2 
 .text.chSysInit
                0x0000000008002e24       0x60 /tmp/ccd2O6iv.ltrans4.ltrans.o
                0x0000000008002e24                chSysInit
 .text.chSysHalt
                0x0000000008002e84       0x18 /tmp/ccd2O6iv.ltrans4.ltrans.o
                0x0000000008002e84                chSysHalt
 .text.chSysTimerHandlerI
                0x0000000008002e9c        0xa /tmp/ccd2O6iv.ltrans4.ltrans.o
                0x0000000008002e9c                chSysTimerHandlerI
 .text.chSysIsCounterWithinX
                0x0000000008002ea6       0x2e /tmp/ccd2O6iv.ltrans4.ltrans.o
 .text.chSysPolledDelayX
                0x0000000008002ed4       0x32 /tmp/ccd2O6iv.ltrans4.ltrans.o
                0x0000000008002ed4                chSysPolledDelayX
 .text.chTimeAddX.lto_priv.139
                0x0000000008002f06       0x1c /tmp/ccd2O6iv.ltrans4.ltrans.o
 .text.chTimeDiffX.lto_priv.137
                0x0000000008002f22       0x1c /tmp/ccd2O6iv.ltrans4.ltrans.o
 .text.st_lld_get_counter.lto_priv.114
                0x0000000008002f3e       0x14 /tmp/ccd2O6iv.ltrans4.ltrans.o
 .text.port_timer_start_alarm
                0x0000000008002f52       0x14 /tmp/ccd2O6iv.ltrans4.ltrans.o
 .text.port_timer_stop_alarm.lto_priv.135
                0x0000000008002f66        0xa /tmp/ccd2O6iv.ltrans4.ltrans.o
 .text.port_timer_set_alarm.lto_priv.133
                0x0000000008002f70       0x14 /tmp/ccd2O6iv.ltrans4.ltrans.o
 .text.port_timer_get_time.lto_priv.111
                0x0000000008002f84        0xe /tmp/ccd2O6iv.ltrans4.ltrans.o
 .text.chVTGetSystemTimeX.lto_priv.131
                0x0000000008002f92        0xe /tmp/ccd2O6iv.ltrans4.ltrans.o
 .text._vt_init
                0x0000000008002fa0       0x30 /tmp/ccd2O6iv.ltrans4.ltrans.o
 .text.chVTDoSetI
                0x0000000008002fd0      0x134 /tmp/ccd2O6iv.ltrans4.ltrans.o
 .text.chVTDoResetI
                0x0000000008003104       0xec /tmp/ccd2O6iv.ltrans4.ltrans.o
 .text.port_lock.lto_priv.120
                0x00000000080031f0       0x1a /tmp/ccd2O6iv.ltrans4.ltrans.o
 .text.port_unlock.lto_priv.117
                0x000000000800320a       0x1a /tmp/ccd2O6iv.ltrans4.ltrans.o
 .text.port_lock_from_isr.lto_priv.129
                0x0000000008003224        0xa /tmp/ccd2O6iv.ltrans4.ltrans.o
 .text.port_unlock_from_isr.lto_priv.127
                0x000000000800322e        0xa /tmp/ccd2O6iv.ltrans4.ltrans.o
 .text.queue_init
                0x0000000008003238       0x1e /tmp/ccd2O6iv.ltrans4.ltrans.o
 .text.queue_fifo_remove.lto_priv.108
                0x0000000008003256       0x2c /tmp/ccd2O6iv.ltrans4.ltrans.o
 .text.queue_dequeue
                0x0000000008003282       0x2a /tmp/ccd2O6iv.ltrans4.ltrans.o
 .text.chSysLockFromISR.lto_priv.125
                0x00000000080032ac        0xa /tmp/ccd2O6iv.ltrans4.ltrans.o
 .text.chSysUnlockFromISR.lto_priv.123
                0x00000000080032b6        0xa /tmp/ccd2O6iv.ltrans4.ltrans.o
 .text.chVTIsArmedI
                0x00000000080032c0       0x22 /tmp/ccd2O6iv.ltrans4.ltrans.o
 .text.chSemFastSignalI
                0x00000000080032e2       0x1c /tmp/ccd2O6iv.ltrans4.ltrans.o
 *fill*         0x00000000080032fe        0x2 
 .text._scheduler_init
                0x0000000008003300       0x24 /tmp/ccd2O6iv.ltrans4.ltrans.o
 .text.chSchReadyI
                0x0000000008003324       0x54 /tmp/ccd2O6iv.ltrans4.ltrans.o
                0x0000000008003324                chSchReadyI
 .text.chSchReadyAheadI
                0x0000000008003378       0x54 /tmp/ccd2O6iv.ltrans4.ltrans.o
 .text.chSchGoSleepS
                0x00000000080033cc       0x44 /tmp/ccd2O6iv.ltrans4.ltrans.o
                0x00000000080033cc                chSchGoSleepS
 .text.wakeup   0x0000000008003410       0x78 /tmp/ccd2O6iv.ltrans4.ltrans.o
 .text.chSchGoSleepTimeoutS
                0x0000000008003488       0x68 /tmp/ccd2O6iv.ltrans4.ltrans.o
                0x0000000008003488                chSchGoSleepTimeoutS
 .text.chSchWakeupS
                0x00000000080034f0       0x54 /tmp/ccd2O6iv.ltrans4.ltrans.o
                0x00000000080034f0                chSchWakeupS
 .text.chSchIsPreemptionRequired
                0x0000000008003544       0x34 /tmp/ccd2O6iv.ltrans4.ltrans.o
                0x0000000008003544                chSchIsPreemptionRequired
 .text.chSchDoReschedule
                0x0000000008003578       0x40 /tmp/ccd2O6iv.ltrans4.ltrans.o
                0x0000000008003578                chSchDoReschedule
 .text.port_lock.lto_priv.121
                0x00000000080035b8       0x1a /tmp/ccd2O6iv.ltrans4.ltrans.o
 .text.port_unlock.lto_priv.118
                0x00000000080035d2       0x1a /tmp/ccd2O6iv.ltrans4.ltrans.o
 .text.list_init.lto_priv.107
                0x00000000080035ec       0x18 /tmp/ccd2O6iv.ltrans4.ltrans.o
                0x00000000080035ec                list_init.lto_priv.107
 .text.list_notempty.lto_priv.105
                0x0000000008003604       0x24 /tmp/ccd2O6iv.ltrans4.ltrans.o
                0x0000000008003604                list_notempty.lto_priv.105
 .text.queue_init.lto_priv.93
                0x0000000008003628       0x1e /tmp/ccd2O6iv.ltrans4.ltrans.o
                0x0000000008003628                queue_init.lto_priv.93
 .text.queue_notempty.lto_priv.77
                0x0000000008003646       0x24 /tmp/ccd2O6iv.ltrans4.ltrans.o
                0x0000000008003646                queue_notempty.lto_priv.77
 .text.list_remove.lto_priv.106
                0x000000000800366a       0x24 /tmp/ccd2O6iv.ltrans4.ltrans.o
                0x000000000800366a                list_remove.lto_priv.106
 .text.queue_insert.lto_priv.91
                0x000000000800368e       0x30 /tmp/ccd2O6iv.ltrans4.ltrans.o
                0x000000000800368e                queue_insert.lto_priv.91
 .text.queue_fifo_remove.lto_priv.109
                0x00000000080036be       0x2c /tmp/ccd2O6iv.ltrans4.ltrans.o
 .text.chSysLock.lto_priv.88
                0x00000000080036ea        0xa /tmp/ccd2O6iv.ltrans4.ltrans.o
                0x00000000080036ea                chSysLock.lto_priv.88
 .text.chSysUnlock.lto_priv.85
                0x00000000080036f4        0xa /tmp/ccd2O6iv.ltrans4.ltrans.o
                0x00000000080036f4                chSysUnlock.lto_priv.85
 *fill*         0x00000000080036fe        0x2 
 .text.chThdGetSelfX.lto_priv.98
                0x0000000008003700       0x18 /tmp/ccd2O6iv.ltrans4.ltrans.o
                0x0000000008003700                chThdGetSelfX.lto_priv.98
 .text.chThdSleepS.lto_priv.100
                0x0000000008003718       0x16 /tmp/ccd2O6iv.ltrans4.ltrans.o
                0x0000000008003718                chThdSleepS.lto_priv.100
 .text.chThdDoDequeueNextI.lto_priv.97
                0x000000000800372e       0x24 /tmp/ccd2O6iv.ltrans4.ltrans.o
                0x000000000800372e                chThdDoDequeueNextI.lto_priv.97
 .text.usb_lld_get_status_out
                0x0000000008003752       0x46 /tmp/ccd2O6iv.ltrans5.ltrans.o
                0x0000000008003752                usb_lld_get_status_out
 .text.usb_lld_get_status_in
                0x0000000008003798       0x46 /tmp/ccd2O6iv.ltrans5.ltrans.o
                0x0000000008003798                usb_lld_get_status_in
 .text.usb_lld_read_setup
                0x00000000080037de       0x2c /tmp/ccd2O6iv.ltrans5.ltrans.o
                0x00000000080037de                usb_lld_read_setup
 .text.usb_lld_start_out
                0x000000000800380a      0x12e /tmp/ccd2O6iv.ltrans5.ltrans.o
                0x000000000800380a                usb_lld_start_out
 .text.usb_lld_start_in
                0x0000000008003938      0x14a /tmp/ccd2O6iv.ltrans5.ltrans.o
                0x0000000008003938                usb_lld_start_in
 .text.usb_lld_stall_out
                0x0000000008003a82       0x36 /tmp/ccd2O6iv.ltrans5.ltrans.o
                0x0000000008003a82                usb_lld_stall_out
 .text.usb_lld_stall_in
                0x0000000008003ab8       0x36 /tmp/ccd2O6iv.ltrans5.ltrans.o
                0x0000000008003ab8                usb_lld_stall_in
 .text.usb_lld_clear_out
                0x0000000008003aee       0x36 /tmp/ccd2O6iv.ltrans5.ltrans.o
                0x0000000008003aee                usb_lld_clear_out
 .text.usb_lld_clear_in
                0x0000000008003b24       0x36 /tmp/ccd2O6iv.ltrans5.ltrans.o
                0x0000000008003b24                usb_lld_clear_in
 .text.port_lock.lto_priv.172
                0x0000000008003b5a       0x1a /tmp/ccd2O6iv.ltrans5.ltrans.o
 .text.port_unlock.lto_priv.169
                0x0000000008003b74       0x1a /tmp/ccd2O6iv.ltrans5.ltrans.o
 .text.port_lock_from_isr.lto_priv.166
                0x0000000008003b8e        0xa /tmp/ccd2O6iv.ltrans5.ltrans.o
 .text.port_unlock_from_isr.lto_priv.163
                0x0000000008003b98        0xa /tmp/ccd2O6iv.ltrans5.ltrans.o
 .text.chSysLockFromISR.lto_priv.160
                0x0000000008003ba2        0xa /tmp/ccd2O6iv.ltrans5.ltrans.o
 .text.chSysUnlockFromISR.lto_priv.157
                0x0000000008003bac        0xa /tmp/ccd2O6iv.ltrans5.ltrans.o
 .text.osalSysHalt.lto_priv.148
                0x0000000008003bb6       0x14 /tmp/ccd2O6iv.ltrans5.ltrans.o
 .text.osalSysLockFromISR.lto_priv.154
                0x0000000008003bca        0xa /tmp/ccd2O6iv.ltrans5.ltrans.o
 .text.osalSysUnlockFromISR.lto_priv.151
                0x0000000008003bd4        0xa /tmp/ccd2O6iv.ltrans5.ltrans.o
 .text.osalThreadResumeI
                0x0000000008003bde       0x18 /tmp/ccd2O6iv.ltrans5.ltrans.o
 *fill*         0x0000000008003bf6        0x2 
 .text.spi_lld_serve_rx_interrupt
                0x0000000008003bf8      0x12c /tmp/ccd2O6iv.ltrans5.ltrans.o
 .text.spi_lld_serve_tx_interrupt
                0x0000000008003d24       0x24 /tmp/ccd2O6iv.ltrans5.ltrans.o
 .text.spi_lld_init
                0x0000000008003d48       0x44 /tmp/ccd2O6iv.ltrans5.ltrans.o
                0x0000000008003d48                spi_lld_init
 .text.spi_lld_start
                0x0000000008003d8c      0x150 /tmp/ccd2O6iv.ltrans5.ltrans.o
                0x0000000008003d8c                spi_lld_start
 .text.spi_lld_send
                0x0000000008003edc       0x88 /tmp/ccd2O6iv.ltrans5.ltrans.o
                0x0000000008003edc                spi_lld_send
 .text.spi_lld_receive
                0x0000000008003f64       0x88 /tmp/ccd2O6iv.ltrans5.ltrans.o
                0x0000000008003f64                spi_lld_receive
 .text.port_lock.lto_priv.173
                0x0000000008003fec       0x1a /tmp/ccd2O6iv.ltrans5.ltrans.o
 .text.port_unlock.lto_priv.170
                0x0000000008004006       0x1a /tmp/ccd2O6iv.ltrans5.ltrans.o
 .text.port_lock_from_isr.lto_priv.167
                0x0000000008004020        0xa /tmp/ccd2O6iv.ltrans5.ltrans.o
 .text.port_unlock_from_isr.lto_priv.164
                0x000000000800402a        0xa /tmp/ccd2O6iv.ltrans5.ltrans.o
 .text.chSysLockFromISR.lto_priv.161
                0x0000000008004034        0xa /tmp/ccd2O6iv.ltrans5.ltrans.o
 .text.chSysUnlockFromISR.lto_priv.158
                0x000000000800403e        0xa /tmp/ccd2O6iv.ltrans5.ltrans.o
 .text.osalSysLockFromISR.lto_priv.155
                0x0000000008004048        0xa /tmp/ccd2O6iv.ltrans5.ltrans.o
 .text.osalSysUnlockFromISR.lto_priv.152
                0x0000000008004052        0xa /tmp/ccd2O6iv.ltrans5.ltrans.o
 .text.osalOsTimerHandlerI
                0x000000000800405c        0xa /tmp/ccd2O6iv.ltrans5.ltrans.o
 .text.VectorB0
                0x0000000008004066       0x2c /tmp/ccd2O6iv.ltrans5.ltrans.o
                0x0000000008004066                VectorB0
 *fill*         0x0000000008004092        0x2 
 .text.st_lld_init
                0x0000000008004094       0x80 /tmp/ccd2O6iv.ltrans5.ltrans.o
                0x0000000008004094                st_lld_init
 .text.port_lock.lto_priv.174
                0x0000000008004114       0x1a /tmp/ccd2O6iv.ltrans5.ltrans.o
 .text.port_unlock.lto_priv.171
                0x000000000800412e       0x1a /tmp/ccd2O6iv.ltrans5.ltrans.o
 .text.port_lock_from_isr.lto_priv.168
                0x0000000008004148        0xa /tmp/ccd2O6iv.ltrans5.ltrans.o
 .text.port_unlock_from_isr.lto_priv.165
                0x0000000008004152        0xa /tmp/ccd2O6iv.ltrans5.ltrans.o
 .text.chSysLockFromISR.lto_priv.162
                0x000000000800415c        0xa /tmp/ccd2O6iv.ltrans5.ltrans.o
 .text.chSysUnlockFromISR.lto_priv.159
                0x0000000008004166        0xa /tmp/ccd2O6iv.ltrans5.ltrans.o
 .text.osalSysLockFromISR.lto_priv.156
                0x0000000008004170        0xa /tmp/ccd2O6iv.ltrans5.ltrans.o
 .text.osalSysUnlockFromISR.lto_priv.153
                0x000000000800417a        0xa /tmp/ccd2O6iv.ltrans5.ltrans.o
 .text.osalEventBroadcastFlagsI
                0x0000000008004184       0x18 /tmp/ccd2O6iv.ltrans5.ltrans.o
 .text.set_error
                0x000000000800419c       0x6a /tmp/ccd2O6iv.ltrans5.ltrans.o
 .text.serve_interrupt
                0x0000000008004206      0x140 /tmp/ccd2O6iv.ltrans5.ltrans.o
 *fill*         0x0000000008004346        0x2 
 .text.notify1  0x0000000008004348       0x24 /tmp/ccd2O6iv.ltrans5.ltrans.o
 .text.notify2  0x000000000800436c       0x24 /tmp/ccd2O6iv.ltrans5.ltrans.o
 .text.VectorD4
                0x0000000008004390       0x14 /tmp/ccd2O6iv.ltrans5.ltrans.o
                0x0000000008004390                VectorD4
 .text.VectorD8
                0x00000000080043a4       0x14 /tmp/ccd2O6iv.ltrans5.ltrans.o
                0x00000000080043a4                VectorD8
 .text.sd_lld_init
                0x00000000080043b8       0x40 /tmp/ccd2O6iv.ltrans5.ltrans.o
                0x00000000080043b8                sd_lld_init
 .text.Vector78
                0x00000000080043f8       0x44 /tmp/ccd2O6iv.ltrans6.ltrans.o
                0x00000000080043f8                Vector78
 .text.Vector7C
                0x000000000800443c       0x40 /tmp/ccd2O6iv.ltrans6.ltrans.o
                0x000000000800443c                Vector7C
 .text.Vector80
                0x000000000800447c       0x44 /tmp/ccd2O6iv.ltrans6.ltrans.o
                0x000000000800447c                Vector80
 .text.Vector84
                0x00000000080044c0       0x44 /tmp/ccd2O6iv.ltrans6.ltrans.o
                0x00000000080044c0                Vector84
 .text.VectorFC
                0x0000000008004504       0x44 /tmp/ccd2O6iv.ltrans6.ltrans.o
                0x0000000008004504                VectorFC
 .text.Vector120
                0x0000000008004548       0x40 /tmp/ccd2O6iv.ltrans6.ltrans.o
                0x0000000008004548                Vector120
 .text.Vector124
                0x0000000008004588       0x44 /tmp/ccd2O6iv.ltrans6.ltrans.o
                0x0000000008004588                Vector124
 .text.Vector128
                0x00000000080045cc       0x44 /tmp/ccd2O6iv.ltrans6.ltrans.o
                0x00000000080045cc                Vector128
 .text.Vector12C
                0x0000000008004610       0x44 /tmp/ccd2O6iv.ltrans6.ltrans.o
                0x0000000008004610                Vector12C
 .text.Vector130
                0x0000000008004654       0x40 /tmp/ccd2O6iv.ltrans6.ltrans.o
                0x0000000008004654                Vector130
 .text.Vector150
                0x0000000008004694       0x44 /tmp/ccd2O6iv.ltrans6.ltrans.o
                0x0000000008004694                Vector150
 .text.Vector154
                0x00000000080046d8       0x44 /tmp/ccd2O6iv.ltrans6.ltrans.o
                0x00000000080046d8                Vector154
 .text.Vector158
                0x000000000800471c       0x44 /tmp/ccd2O6iv.ltrans6.ltrans.o
                0x000000000800471c                Vector158
 .text.dmaInit  0x0000000008004760       0x7c /tmp/ccd2O6iv.ltrans6.ltrans.o
                0x0000000008004760                dmaInit
 .text.dmaStreamAllocate
                0x00000000080047dc      0x108 /tmp/ccd2O6iv.ltrans6.ltrans.o
                0x00000000080047dc                dmaStreamAllocate
 .text._pal_lld_init
                0x00000000080048e4        0xc /tmp/ccd2O6iv.ltrans6.ltrans.o
                0x00000000080048e4                _pal_lld_init
 .text.port_lock
                0x00000000080048f0       0x1a /tmp/ccd2O6iv.ltrans6.ltrans.o
 .text.port_unlock
                0x000000000800490a       0x1a /tmp/ccd2O6iv.ltrans6.ltrans.o
 .text.port_lock_from_isr
                0x0000000008004924        0xa /tmp/ccd2O6iv.ltrans6.ltrans.o
 .text.port_unlock_from_isr
                0x000000000800492e        0xa /tmp/ccd2O6iv.ltrans6.ltrans.o
 .text.chSysLockFromISR
                0x0000000008004938        0xa /tmp/ccd2O6iv.ltrans6.ltrans.o
 .text.chSysUnlockFromISR
                0x0000000008004942        0xa /tmp/ccd2O6iv.ltrans6.ltrans.o
 .text.osalSysLockFromISR
                0x000000000800494c        0xa /tmp/ccd2O6iv.ltrans6.ltrans.o
 .text.osalSysUnlockFromISR
                0x0000000008004956        0xa /tmp/ccd2O6iv.ltrans6.ltrans.o
 .text.osalSysPolledDelayX
                0x0000000008004960       0x14 /tmp/ccd2O6iv.ltrans6.ltrans.o
 .text.otg_core_reset
                0x0000000008004974       0x3a /tmp/ccd2O6iv.ltrans6.ltrans.o
 .text.otg_disable_ep
                0x00000000080049ae       0x9a /tmp/ccd2O6iv.ltrans6.ltrans.o
 .text.otg_rxfifo_flush
                0x0000000008004a48       0x2c /tmp/ccd2O6iv.ltrans6.ltrans.o
 .text.otg_txfifo_flush
                0x0000000008004a74       0x34 /tmp/ccd2O6iv.ltrans6.ltrans.o
 .text.otg_ram_reset
                0x0000000008004aa8       0x1c /tmp/ccd2O6iv.ltrans6.ltrans.o
 .text.otg_ram_alloc
                0x0000000008004ac4       0x2a /tmp/ccd2O6iv.ltrans6.ltrans.o
 .text.otg_fifo_write_from_buffer
                0x0000000008004aee       0x32 /tmp/ccd2O6iv.ltrans6.ltrans.o
 .text.otg_fifo_read_to_buffer
                0x0000000008004b20       0x5a /tmp/ccd2O6iv.ltrans6.ltrans.o
 .text.otg_rxfifo_handler
                0x0000000008004b7a       0xfe /tmp/ccd2O6iv.ltrans6.ltrans.o
 .text.otg_txfifo_handler
                0x0000000008004c78      0x12e /tmp/ccd2O6iv.ltrans6.ltrans.o
 .text.otg_epin_handler
                0x0000000008004da6      0x102 /tmp/ccd2O6iv.ltrans6.ltrans.o
 .text.otg_epout_handler
                0x0000000008004ea8      0x12e /tmp/ccd2O6iv.ltrans6.ltrans.o
 .text.otg_isoc_in_failed_handler
                0x0000000008004fd6       0xd8 /tmp/ccd2O6iv.ltrans6.ltrans.o
 .text.otg_isoc_out_failed_handler
                0x00000000080050ae       0x98 /tmp/ccd2O6iv.ltrans6.ltrans.o
 .text.usb_lld_serve_interrupt
                0x0000000008005146      0x1ba /tmp/ccd2O6iv.ltrans6.ltrans.o
 .text.Vector14C
                0x0000000008005300       0x14 /tmp/ccd2O6iv.ltrans6.ltrans.o
                0x0000000008005300                Vector14C
 .text.usb_lld_init
                0x0000000008005314       0x24 /tmp/ccd2O6iv.ltrans6.ltrans.o
                0x0000000008005314                usb_lld_init
 .text.usb_lld_start
                0x0000000008005338       0xe8 /tmp/ccd2O6iv.ltrans6.ltrans.o
                0x0000000008005338                usb_lld_start
 .text.usb_lld_reset
                0x0000000008005420      0x130 /tmp/ccd2O6iv.ltrans6.ltrans.o
                0x0000000008005420                usb_lld_reset
 .text.usb_lld_set_address
                0x0000000008005550       0x32 /tmp/ccd2O6iv.ltrans6.ltrans.o
                0x0000000008005550                usb_lld_set_address
 *fill*         0x0000000008005582        0x2 
 .text.usb_lld_init_endpoint
                0x0000000008005584      0x220 /tmp/ccd2O6iv.ltrans6.ltrans.o
                0x0000000008005584                usb_lld_init_endpoint
 .text.usb_lld_disable_endpoints
                0x00000000080057a4       0x1a /tmp/ccd2O6iv.ltrans6.ltrans.o
                0x00000000080057a4                usb_lld_disable_endpoints
 .text.spiSend  0x00000000080057be       0x34 /tmp/ccd2O6iv.ltrans7.ltrans.o
                0x00000000080057be                spiSend
 .text.spiReceive
                0x00000000080057f2       0x34 /tmp/ccd2O6iv.ltrans7.ltrans.o
                0x00000000080057f2                spiReceive
 .text.uartInit
                0x0000000008005826        0xa /tmp/ccd2O6iv.ltrans7.ltrans.o
                0x0000000008005826                uartInit
 .text.uartObjectInit
                0x0000000008005830       0x2a /tmp/ccd2O6iv.ltrans7.ltrans.o
                0x0000000008005830                uartObjectInit
 .text.port_lock.lto_priv.201
                0x000000000800585a       0x1a /tmp/ccd2O6iv.ltrans7.ltrans.o
 .text.port_unlock.lto_priv.199
                0x0000000008005874       0x1a /tmp/ccd2O6iv.ltrans7.ltrans.o
 .text.port_lock_from_isr
                0x000000000800588e        0xa /tmp/ccd2O6iv.ltrans7.ltrans.o
 .text.port_unlock_from_isr
                0x0000000008005898        0xa /tmp/ccd2O6iv.ltrans7.ltrans.o
 .text.chSysLock.lto_priv.197
                0x00000000080058a2        0xa /tmp/ccd2O6iv.ltrans7.ltrans.o
 .text.chSysUnlock.lto_priv.195
                0x00000000080058ac        0xa /tmp/ccd2O6iv.ltrans7.ltrans.o
 .text.chSysLockFromISR
                0x00000000080058b6        0xa /tmp/ccd2O6iv.ltrans7.ltrans.o
 .text.chSysUnlockFromISR
                0x00000000080058c0        0xa /tmp/ccd2O6iv.ltrans7.ltrans.o
 .text.osalSysLock.lto_priv.193
                0x00000000080058ca        0xa /tmp/ccd2O6iv.ltrans7.ltrans.o
 .text.osalSysUnlock.lto_priv.190
                0x00000000080058d4        0xa /tmp/ccd2O6iv.ltrans7.ltrans.o
 .text.osalSysLockFromISR
                0x00000000080058de        0xa /tmp/ccd2O6iv.ltrans7.ltrans.o
 .text.osalSysUnlockFromISR
                0x00000000080058e8        0xa /tmp/ccd2O6iv.ltrans7.ltrans.o
 .text.get_hword
                0x00000000080058f2       0x32 /tmp/ccd2O6iv.ltrans7.ltrans.o
 .text.set_address
                0x0000000008005924       0x3c /tmp/ccd2O6iv.ltrans7.ltrans.o
 .text.default_handler
                0x0000000008005960      0x3d4 /tmp/ccd2O6iv.ltrans7.ltrans.o
 .text.usbInit  0x0000000008005d34        0xa /tmp/ccd2O6iv.ltrans7.ltrans.o
                0x0000000008005d34                usbInit
 .text.usbObjectInit
                0x0000000008005d3e       0x56 /tmp/ccd2O6iv.ltrans7.ltrans.o
                0x0000000008005d3e                usbObjectInit
 .text.usbStart
                0x0000000008005d94       0x4a /tmp/ccd2O6iv.ltrans7.ltrans.o
                0x0000000008005d94                usbStart
 .text.usbInitEndpointI
                0x0000000008005dde       0x58 /tmp/ccd2O6iv.ltrans7.ltrans.o
                0x0000000008005dde                usbInitEndpointI
 .text.usbDisableEndpointsI
                0x0000000008005e36       0x50 /tmp/ccd2O6iv.ltrans7.ltrans.o
 .text.usbStartReceiveI
                0x0000000008005e86       0x58 /tmp/ccd2O6iv.ltrans7.ltrans.o
                0x0000000008005e86                usbStartReceiveI
 .text.usbStartTransmitI
                0x0000000008005ede       0x58 /tmp/ccd2O6iv.ltrans7.ltrans.o
                0x0000000008005ede                usbStartTransmitI
 .text._usb_reset
                0x0000000008005f36       0x7c /tmp/ccd2O6iv.ltrans7.ltrans.o
                0x0000000008005f36                _usb_reset
 .text._usb_suspend
                0x0000000008005fb2       0x34 /tmp/ccd2O6iv.ltrans7.ltrans.o
                0x0000000008005fb2                _usb_suspend
 .text._usb_wakeup
                0x0000000008005fe6       0x2e /tmp/ccd2O6iv.ltrans7.ltrans.o
                0x0000000008005fe6                _usb_wakeup
 .text._usb_ep0setup
                0x0000000008006014      0x15c /tmp/ccd2O6iv.ltrans7.ltrans.o
                0x0000000008006014                _usb_ep0setup
 .text._usb_ep0in
                0x0000000008006170      0x134 /tmp/ccd2O6iv.ltrans7.ltrans.o
                0x0000000008006170                _usb_ep0in
 .text._usb_ep0out
                0x00000000080062a4       0xec /tmp/ccd2O6iv.ltrans7.ltrans.o
                0x00000000080062a4                _usb_ep0out
 .text.nvicEnableVector
                0x0000000008006390       0x5c /tmp/ccd2O6iv.ltrans7.ltrans.o
                0x0000000008006390                nvicEnableVector
 .text.irqInit  0x00000000080063ec       0x3e /tmp/ccd2O6iv.ltrans7.ltrans.o
 *fill*         0x000000000800642a        0x2 
 .text.hal_lld_backup_domain_init
                0x000000000800642c       0x48 /tmp/ccd2O6iv.ltrans7.ltrans.o
 .text.hal_lld_init
                0x0000000008006474       0x78 /tmp/ccd2O6iv.ltrans7.ltrans.o
                0x0000000008006474                hal_lld_init
 .text.stm32_clock_init
                0x00000000080064ec      0x138 /tmp/ccd2O6iv.ltrans7.ltrans.o
                0x00000000080064ec                stm32_clock_init
 .text.Vector6C
                0x0000000008006624       0x40 /tmp/ccd2O6iv.ltrans7.ltrans.o
                0x0000000008006624                Vector6C
 .text.Vector70
                0x0000000008006664       0x44 /tmp/ccd2O6iv.ltrans7.ltrans.o
                0x0000000008006664                Vector70
 .text.Vector74
                0x00000000080066a8       0x44 /tmp/ccd2O6iv.ltrans7.ltrans.o
                0x00000000080066a8                Vector74
 .text.iqGetTimeout
                0x00000000080066ec       0x7c /tmp/ccd2O6iv.ltrans8.ltrans.o
 .text.iqReadTimeout
                0x0000000008006768       0x7e /tmp/ccd2O6iv.ltrans8.ltrans.o
 .text.oqObjectInit
                0x00000000080067e6       0x4a /tmp/ccd2O6iv.ltrans8.ltrans.o
 .text.oqPutTimeout
                0x0000000008006830       0x80 /tmp/ccd2O6iv.ltrans8.ltrans.o
 .text.oqGetI   0x00000000080068b0       0x78 /tmp/ccd2O6iv.ltrans8.ltrans.o
                0x00000000080068b0                oqGetI
 .text.oqWriteTimeout
                0x0000000008006928       0x7e /tmp/ccd2O6iv.ltrans8.ltrans.o
 .text.chEvtObjectInit.lto_priv.233
                0x00000000080069a6       0x18 /tmp/ccd2O6iv.ltrans8.ltrans.o
 .text.osalEventObjectInit.lto_priv.221
                0x00000000080069be       0x14 /tmp/ccd2O6iv.ltrans8.ltrans.o
 .text.osalEventBroadcastFlagsI.lto_priv.219
                0x00000000080069d2       0x18 /tmp/ccd2O6iv.ltrans8.ltrans.o
 .text._write.lto_priv.19
                0x00000000080069ea       0x28 /tmp/ccd2O6iv.ltrans8.ltrans.o
                0x00000000080069ea                _write.lto_priv.19
 .text._read.lto_priv.21
                0x0000000008006a12       0x28 /tmp/ccd2O6iv.ltrans8.ltrans.o
                0x0000000008006a12                _read.lto_priv.21
 .text._put.lto_priv.15
                0x0000000008006a3a       0x26 /tmp/ccd2O6iv.ltrans8.ltrans.o
                0x0000000008006a3a                _put.lto_priv.15
 .text._get.lto_priv.12
                0x0000000008006a60       0x20 /tmp/ccd2O6iv.ltrans8.ltrans.o
                0x0000000008006a60                _get.lto_priv.12
 .text._putt.lto_priv.23
                0x0000000008006a80       0x26 /tmp/ccd2O6iv.ltrans8.ltrans.o
                0x0000000008006a80                _putt.lto_priv.23
 .text._gett.lto_priv.25
                0x0000000008006aa6       0x20 /tmp/ccd2O6iv.ltrans8.ltrans.o
                0x0000000008006aa6                _gett.lto_priv.25
 .text._writet.lto_priv.27
                0x0000000008006ac6       0x28 /tmp/ccd2O6iv.ltrans8.ltrans.o
                0x0000000008006ac6                _writet.lto_priv.27
 .text._readt.lto_priv.29
                0x0000000008006aee       0x28 /tmp/ccd2O6iv.ltrans8.ltrans.o
                0x0000000008006aee                _readt.lto_priv.29
 .text._ctl.lto_priv.31
                0x0000000008006b16       0x26 /tmp/ccd2O6iv.ltrans8.ltrans.o
                0x0000000008006b16                _ctl.lto_priv.31
 .text.sdInit   0x0000000008006b3c        0xa /tmp/ccd2O6iv.ltrans8.ltrans.o
                0x0000000008006b3c                sdInit
 *fill*         0x0000000008006b46        0x2 
 .text.sdObjectInit
                0x0000000008006b48       0x5c /tmp/ccd2O6iv.ltrans8.ltrans.o
                0x0000000008006b48                sdObjectInit
 .text.sdIncomingDataI
                0x0000000008006ba4       0x48 /tmp/ccd2O6iv.ltrans8.ltrans.o
                0x0000000008006ba4                sdIncomingDataI
 .text.port_lock.lto_priv.216
                0x0000000008006bec       0x1a /tmp/ccd2O6iv.ltrans8.ltrans.o
 .text.port_unlock.lto_priv.213
                0x0000000008006c06       0x1a /tmp/ccd2O6iv.ltrans8.ltrans.o
 .text.port_lock_from_isr
                0x0000000008006c20        0xa /tmp/ccd2O6iv.ltrans8.ltrans.o
 .text.port_unlock_from_isr
                0x0000000008006c2a        0xa /tmp/ccd2O6iv.ltrans8.ltrans.o
 .text.chSysLock.lto_priv.210
                0x0000000008006c34        0xa /tmp/ccd2O6iv.ltrans8.ltrans.o
 .text.chSysUnlock.lto_priv.207
                0x0000000008006c3e        0xa /tmp/ccd2O6iv.ltrans8.ltrans.o
 .text.chSysLockFromISR
                0x0000000008006c48        0xa /tmp/ccd2O6iv.ltrans8.ltrans.o
 .text.chSysUnlockFromISR
                0x0000000008006c52        0xa /tmp/ccd2O6iv.ltrans8.ltrans.o
 .text.chEvtObjectInit.lto_priv.234
                0x0000000008006c5c       0x18 /tmp/ccd2O6iv.ltrans8.ltrans.o
 .text.osalSysLock.lto_priv.232
                0x0000000008006c74        0xa /tmp/ccd2O6iv.ltrans8.ltrans.o
 .text.osalSysUnlock.lto_priv.229
                0x0000000008006c7e        0xa /tmp/ccd2O6iv.ltrans8.ltrans.o
 .text.osalSysLockFromISR
                0x0000000008006c88        0xa /tmp/ccd2O6iv.ltrans8.ltrans.o
 .text.osalSysUnlockFromISR
                0x0000000008006c92        0xa /tmp/ccd2O6iv.ltrans8.ltrans.o
 .text.osalThreadDequeueAllI.lto_priv.224
                0x0000000008006c9c       0x18 /tmp/ccd2O6iv.ltrans8.ltrans.o
 .text.osalEventObjectInit.lto_priv.222
                0x0000000008006cb4       0x14 /tmp/ccd2O6iv.ltrans8.ltrans.o
 .text.osalEventBroadcastFlagsI.lto_priv.220
                0x0000000008006cc8       0x18 /tmp/ccd2O6iv.ltrans8.ltrans.o
 .text.sdu_start_receive
                0x0000000008006ce0       0x82 /tmp/ccd2O6iv.ltrans8.ltrans.o
 .text._write.lto_priv.20
                0x0000000008006d62       0x28 /tmp/ccd2O6iv.ltrans8.ltrans.o
                0x0000000008006d62                _write.lto_priv.20
 .text._read.lto_priv.22
                0x0000000008006d8a       0x28 /tmp/ccd2O6iv.ltrans8.ltrans.o
                0x0000000008006d8a                _read.lto_priv.22
 .text._put.lto_priv.16
                0x0000000008006db2       0x26 /tmp/ccd2O6iv.ltrans8.ltrans.o
                0x0000000008006db2                _put.lto_priv.16
 .text._get.lto_priv.13
                0x0000000008006dd8       0x20 /tmp/ccd2O6iv.ltrans8.ltrans.o
                0x0000000008006dd8                _get.lto_priv.13
 .text._putt.lto_priv.24
                0x0000000008006df8       0x26 /tmp/ccd2O6iv.ltrans8.ltrans.o
                0x0000000008006df8                _putt.lto_priv.24
 .text._gett.lto_priv.26
                0x0000000008006e1e       0x20 /tmp/ccd2O6iv.ltrans8.ltrans.o
                0x0000000008006e1e                _gett.lto_priv.26
 .text._writet.lto_priv.28
                0x0000000008006e3e       0x28 /tmp/ccd2O6iv.ltrans8.ltrans.o
                0x0000000008006e3e                _writet.lto_priv.28
 .text._readt.lto_priv.30
                0x0000000008006e66       0x28 /tmp/ccd2O6iv.ltrans8.ltrans.o
                0x0000000008006e66                _readt.lto_priv.30
 .text._ctl.lto_priv.32
                0x0000000008006e8e       0x26 /tmp/ccd2O6iv.ltrans8.ltrans.o
                0x0000000008006e8e                _ctl.lto_priv.32
 .text.ibnotify
                0x0000000008006eb4       0x1a /tmp/ccd2O6iv.ltrans8.ltrans.o
 .text.obnotify
                0x0000000008006ece       0x80 /tmp/ccd2O6iv.ltrans8.ltrans.o
 .text.sduInit  0x0000000008006f4e        0xc /tmp/ccd2O6iv.ltrans8.ltrans.o
                0x0000000008006f4e                sduInit
 *fill*         0x0000000008006f5a        0x2 
 .text.sduObjectInit
                0x0000000008006f5c       0x74 /tmp/ccd2O6iv.ltrans8.ltrans.o
                0x0000000008006f5c                sduObjectInit
 .text.sduStart
                0x0000000008006fd0       0x68 /tmp/ccd2O6iv.ltrans8.ltrans.o
                0x0000000008006fd0                sduStart
 .text.sduSuspendHookI
                0x0000000008007038       0x44 /tmp/ccd2O6iv.ltrans8.ltrans.o
                0x0000000008007038                sduSuspendHookI
 .text.sduWakeupHookI
                0x000000000800707c       0x28 /tmp/ccd2O6iv.ltrans8.ltrans.o
                0x000000000800707c                sduWakeupHookI
 .text.sduConfigureHookI
                0x00000000080070a4       0x42 /tmp/ccd2O6iv.ltrans8.ltrans.o
                0x00000000080070a4                sduConfigureHookI
 *fill*         0x00000000080070e6        0x2 
 .text.sduRequestsHook
                0x00000000080070e8       0x84 /tmp/ccd2O6iv.ltrans8.ltrans.o
                0x00000000080070e8                sduRequestsHook
 .text.sduSOFHookI
                0x000000000800716c       0x80 /tmp/ccd2O6iv.ltrans8.ltrans.o
                0x000000000800716c                sduSOFHookI
 .text.sduDataTransmitted
                0x00000000080071ec       0xce /tmp/ccd2O6iv.ltrans8.ltrans.o
                0x00000000080071ec                sduDataTransmitted
 .text.sduDataReceived
                0x00000000080072ba       0x70 /tmp/ccd2O6iv.ltrans8.ltrans.o
                0x00000000080072ba                sduDataReceived
 .text.sduInterruptTransmitted
                0x000000000800732a       0x16 /tmp/ccd2O6iv.ltrans8.ltrans.o
                0x000000000800732a                sduInterruptTransmitted
 .text.port_lock.lto_priv.217
                0x0000000008007340       0x1a /tmp/ccd2O6iv.ltrans8.ltrans.o
 .text.port_unlock.lto_priv.214
                0x000000000800735a       0x1a /tmp/ccd2O6iv.ltrans8.ltrans.o
 .text.chSysLock.lto_priv.211
                0x0000000008007374        0xa /tmp/ccd2O6iv.ltrans8.ltrans.o
 .text.chSysUnlock.lto_priv.208
                0x000000000800737e        0xa /tmp/ccd2O6iv.ltrans8.ltrans.o
 .text.osalSysLock.lto_priv.191
                0x0000000008007388        0xa /tmp/ccd2O6iv.ltrans8.ltrans.o
                0x0000000008007388                osalSysLock.lto_priv.191
 .text.osalSysUnlock.lto_priv.188
                0x0000000008007392        0xa /tmp/ccd2O6iv.ltrans8.ltrans.o
                0x0000000008007392                osalSysUnlock.lto_priv.188
 .text.osalThreadSuspendS.lto_priv.204
                0x000000000800739c       0x1c /tmp/ccd2O6iv.ltrans8.ltrans.o
                0x000000000800739c                osalThreadSuspendS.lto_priv.204
 .text.osalMutexObjectInit
                0x00000000080073b8       0x14 /tmp/ccd2O6iv.ltrans8.ltrans.o
 .text.spiInit  0x00000000080073cc        0xa /tmp/ccd2O6iv.ltrans8.ltrans.o
                0x00000000080073cc                spiInit
 .text.spiObjectInit
                0x00000000080073d6       0x2a /tmp/ccd2O6iv.ltrans8.ltrans.o
                0x00000000080073d6                spiObjectInit
 .text.spiStart
                0x0000000008007400       0x2a /tmp/ccd2O6iv.ltrans8.ltrans.o
                0x0000000008007400                spiStart
 .text.spiSelect
                0x000000000800742a       0x2c /tmp/ccd2O6iv.ltrans8.ltrans.o
                0x000000000800742a                spiSelect
 .text.spiUnselect
                0x0000000008007456       0x2c /tmp/ccd2O6iv.ltrans8.ltrans.o
                0x0000000008007456                spiUnselect
 .text.__core_init
                0x0000000008007482        0xc /tmp/ccd2O6iv.ltrans9.ltrans.o
                0x0000000008007482                __core_init
 .text.__late_init
                0x000000000800748e        0xc /tmp/ccd2O6iv.ltrans9.ltrans.o
                0x000000000800748e                __late_init
 .text.__default_exit
                0x000000000800749a        0x6 /tmp/ccd2O6iv.ltrans9.ltrans.o
                0x000000000800749a                __default_exit
 .text.__init_ram_areas
                0x00000000080074a0       0x70 /tmp/ccd2O6iv.ltrans9.ltrans.o
                0x00000000080074a0                __init_ram_areas
 .text.osalInit
                0x0000000008007510        0xc /tmp/ccd2O6iv.ltrans9.ltrans.o
 .text.halInit  0x000000000800751c       0x2e /tmp/ccd2O6iv.ltrans9.ltrans.o
                0x000000000800751c                halInit
 .text.st_lld_start_alarm
                0x000000000800754a       0x2a /tmp/ccd2O6iv.ltrans9.ltrans.o
 .text.st_lld_stop_alarm
                0x0000000008007574       0x14 /tmp/ccd2O6iv.ltrans9.ltrans.o
 .text.st_lld_set_alarm
                0x0000000008007588       0x1a /tmp/ccd2O6iv.ltrans9.ltrans.o
 .text.stInit   0x00000000080075a2        0xa /tmp/ccd2O6iv.ltrans9.ltrans.o
 .text.stStartAlarm
                0x00000000080075ac       0x14 /tmp/ccd2O6iv.ltrans9.ltrans.o
                0x00000000080075ac                stStartAlarm
 .text.stStopAlarm
                0x00000000080075c0        0xa /tmp/ccd2O6iv.ltrans9.ltrans.o
                0x00000000080075c0                stStopAlarm
 .text.stSetAlarm
                0x00000000080075ca       0x14 /tmp/ccd2O6iv.ltrans9.ltrans.o
                0x00000000080075ca                stSetAlarm
 .text.chTimeAddX
                0x00000000080075de       0x1c /tmp/ccd2O6iv.ltrans9.ltrans.o
 .text.chTimeDiffX
                0x00000000080075fa       0x1c /tmp/ccd2O6iv.ltrans9.ltrans.o
 .text.port_lock.lto_priv.250
                0x0000000008007616       0x1a /tmp/ccd2O6iv.ltrans9.ltrans.o
 .text.port_unlock.lto_priv.248
                0x0000000008007630       0x1a /tmp/ccd2O6iv.ltrans9.ltrans.o
 .text.st_lld_get_counter
                0x000000000800764a       0x14 /tmp/ccd2O6iv.ltrans9.ltrans.o
 .text.port_timer_get_time
                0x000000000800765e        0xe /tmp/ccd2O6iv.ltrans9.ltrans.o
 .text.queue_init.lto_priv.246
                0x000000000800766c       0x1e /tmp/ccd2O6iv.ltrans9.ltrans.o
 .text.chSysLock.lto_priv.244
                0x000000000800768a        0xa /tmp/ccd2O6iv.ltrans9.ltrans.o
 .text.chSysUnlock.lto_priv.242
                0x0000000008007694        0xa /tmp/ccd2O6iv.ltrans9.ltrans.o
 .text.chVTGetSystemTimeX
                0x000000000800769e        0xe /tmp/ccd2O6iv.ltrans9.ltrans.o
 .text.chThdQueueObjectInit.lto_priv.240
                0x00000000080076ac       0x14 /tmp/ccd2O6iv.ltrans9.ltrans.o
 .text.osalSysLock
                0x00000000080076c0        0xa /tmp/ccd2O6iv.ltrans9.ltrans.o
 .text.osalSysUnlock
                0x00000000080076ca        0xa /tmp/ccd2O6iv.ltrans9.ltrans.o
 .text.osalOsGetSystemTimeX
                0x00000000080076d4        0xe /tmp/ccd2O6iv.ltrans9.ltrans.o
 .text.osalTimeAddX
                0x00000000080076e2       0x1c /tmp/ccd2O6iv.ltrans9.ltrans.o
 .text.osalTimeDiffX
                0x00000000080076fe       0x1c /tmp/ccd2O6iv.ltrans9.ltrans.o
 .text.osalThreadQueueObjectInit
                0x000000000800771a       0x14 /tmp/ccd2O6iv.ltrans9.ltrans.o
 .text.osalThreadEnqueueTimeoutS
                0x000000000800772e       0x1c /tmp/ccd2O6iv.ltrans9.ltrans.o
 .text.osalThreadDequeueNextI
                0x000000000800774a       0x18 /tmp/ccd2O6iv.ltrans9.ltrans.o
 .text.osalThreadDequeueAllI
                0x0000000008007762       0x18 /tmp/ccd2O6iv.ltrans9.ltrans.o
 .text.ibqObjectInit
                0x000000000800777a       0x74 /tmp/ccd2O6iv.ltrans9.ltrans.o
                0x000000000800777a                ibqObjectInit
 .text.ibqResetI
                0x00000000080077ee       0x3c /tmp/ccd2O6iv.ltrans9.ltrans.o
                0x00000000080077ee                ibqResetI
 .text.ibqGetEmptyBufferI
                0x000000000800782a       0x42 /tmp/ccd2O6iv.ltrans9.ltrans.o
                0x000000000800782a                ibqGetEmptyBufferI
 .text.ibqPostFullBufferI
                0x000000000800786c       0x4e /tmp/ccd2O6iv.ltrans9.ltrans.o
                0x000000000800786c                ibqPostFullBufferI
 .text.ibqGetFullBufferTimeoutS
                0x00000000080078ba       0x5c /tmp/ccd2O6iv.ltrans9.ltrans.o
 .text.ibqReleaseEmptyBufferS
                0x0000000008007916       0x50 /tmp/ccd2O6iv.ltrans9.ltrans.o
 .text.ibqGetTimeout
                0x0000000008007966       0x60 /tmp/ccd2O6iv.ltrans9.ltrans.o
                0x0000000008007966                ibqGetTimeout
 .text.ibqReadTimeout
                0x00000000080079c6      0x12a /tmp/ccd2O6iv.ltrans9.ltrans.o
                0x00000000080079c6                ibqReadTimeout
 .text.obqObjectInit
                0x0000000008007af0       0x74 /tmp/ccd2O6iv.ltrans9.ltrans.o
                0x0000000008007af0                obqObjectInit
 .text.obqResetI
                0x0000000008007b64       0x3e /tmp/ccd2O6iv.ltrans9.ltrans.o
                0x0000000008007b64                obqResetI
 .text.obqGetFullBufferI
                0x0000000008007ba2       0x4e /tmp/ccd2O6iv.ltrans9.ltrans.o
                0x0000000008007ba2                obqGetFullBufferI
 .text.obqReleaseEmptyBufferI
                0x0000000008007bf0       0x44 /tmp/ccd2O6iv.ltrans9.ltrans.o
                0x0000000008007bf0                obqReleaseEmptyBufferI
 .text.obqGetEmptyBufferTimeoutS
                0x0000000008007c34       0x5a /tmp/ccd2O6iv.ltrans9.ltrans.o
 .text.obqPostFullBufferS
                0x0000000008007c8e       0x5a /tmp/ccd2O6iv.ltrans9.ltrans.o
 .text.obqPutTimeout
                0x0000000008007ce8       0x6c /tmp/ccd2O6iv.ltrans9.ltrans.o
                0x0000000008007ce8                obqPutTimeout
 .text.obqWriteTimeout
                0x0000000008007d54      0x132 /tmp/ccd2O6iv.ltrans9.ltrans.o
                0x0000000008007d54                obqWriteTimeout
 .text.obqTryFlushI
                0x0000000008007e86       0x96 /tmp/ccd2O6iv.ltrans9.ltrans.o
                0x0000000008007e86                obqTryFlushI
 .text.port_lock.lto_priv.251
                0x0000000008007f1c       0x1a /tmp/ccd2O6iv.ltrans9.ltrans.o
 .text.port_unlock.lto_priv.249
                0x0000000008007f36       0x1a /tmp/ccd2O6iv.ltrans9.ltrans.o
 .text.queue_init.lto_priv.247
                0x0000000008007f50       0x1e /tmp/ccd2O6iv.ltrans9.ltrans.o
 .text.chSysLock.lto_priv.245
                0x0000000008007f6e        0xa /tmp/ccd2O6iv.ltrans9.ltrans.o
 .text.chSysUnlock.lto_priv.243
                0x0000000008007f78        0xa /tmp/ccd2O6iv.ltrans9.ltrans.o
 .text.chThdQueueObjectInit.lto_priv.241
                0x0000000008007f82       0x14 /tmp/ccd2O6iv.ltrans9.ltrans.o
 .text.osalSysLock.lto_priv.230
                0x0000000008007f96        0xa /tmp/ccd2O6iv.ltrans9.ltrans.o
                0x0000000008007f96                osalSysLock.lto_priv.230
 .text.osalSysUnlock.lto_priv.227
                0x0000000008007fa0        0xa /tmp/ccd2O6iv.ltrans9.ltrans.o
                0x0000000008007fa0                osalSysUnlock.lto_priv.227
 .text.osalThreadQueueObjectInit.lto_priv.238
                0x0000000008007faa       0x14 /tmp/ccd2O6iv.ltrans9.ltrans.o
                0x0000000008007faa                osalThreadQueueObjectInit.lto_priv.238
 .text.osalThreadEnqueueTimeoutS.lto_priv.235
                0x0000000008007fbe       0x1c /tmp/ccd2O6iv.ltrans9.ltrans.o
                0x0000000008007fbe                osalThreadEnqueueTimeoutS.lto_priv.235
 .text.osalThreadDequeueNextI.lto_priv.237
                0x0000000008007fda       0x18 /tmp/ccd2O6iv.ltrans9.ltrans.o
                0x0000000008007fda                osalThreadDequeueNextI.lto_priv.237
 .text.iq_read.lto_priv.239
                0x0000000008007ff2       0xbc /tmp/ccd2O6iv.ltrans9.ltrans.o
                0x0000000008007ff2                iq_read.lto_priv.239
 .text.oq_write.lto_priv.236
                0x00000000080080ae       0xbc /tmp/ccd2O6iv.ltrans9.ltrans.o
                0x00000000080080ae                oq_write.lto_priv.236
 .text.iqObjectInit
                0x000000000800816a       0x4a /tmp/ccd2O6iv.ltrans9.ltrans.o
                0x000000000800816a                iqObjectInit
 .text.iqPutI   0x00000000080081b4       0x7c /tmp/ccd2O6iv.ltrans9.ltrans.o
                0x00000000080081b4                iqPutI
 .text.memcpy   0x0000000008008230       0x16 /opt/Atollic_TrueSTUDIO_for_STM32_x86_64_9.1.0/ARMTools/bin/../lib/gcc/arm-atollic-eabi/6.3.1/../../../../arm-atollic-eabi/lib/armv7e-m/fpu/libc.a(lib_a-memcpy-stub.o)
                0x0000000008008230                memcpy
 .text.memset   0x0000000008008246       0x10 /opt/Atollic_TrueSTUDIO_for_STM32_x86_64_9.1.0/ARMTools/bin/../lib/gcc/arm-atollic-eabi/6.3.1/../../../../arm-atollic-eabi/lib/armv7e-m/fpu/libc.a(lib_a-memset.o)
                0x0000000008008246                memset
 *(.glue_7t)
 .glue_7t       0x0000000008008256        0x0 linker stubs
 *(.glue_7)
 .glue_7        0x0000000008008256        0x0 linker stubs
 *(.gcc*)

.vfp11_veneer   0x0000000008008258        0x0
 .vfp11_veneer  0x0000000008008258        0x0 linker stubs

.v4_bx          0x0000000008008258        0x0
 .v4_bx         0x0000000008008258        0x0 linker stubs

.iplt           0x0000000008008258        0x0
 .iplt          0x0000000008008258        0x0 build/obj/crt0_v7m.o

.rodata         0x0000000008008258      0x4fc
                0x0000000008008258                . = ALIGN (0x4)
                0x0000000008008258                __rodata_base__ = .
 *(.rodata)
 *(.rodata.*)
 .rodata.ram_areas.lto_priv.252
                0x0000000008008258       0x80 /tmp/ccd2O6iv.ltrans0.ltrans.o
                0x0000000008008258                ram_areas.lto_priv.252
 .rodata.vmt.lto_priv.8
                0x00000000080082d8       0x28 /tmp/ccd2O6iv.ltrans0.ltrans.o
                0x00000000080082d8                vmt.lto_priv.8
 .rodata.vmt.lto_priv.9
                0x0000000008008300       0x28 /tmp/ccd2O6iv.ltrans0.ltrans.o
                0x0000000008008300                vmt.lto_priv.9
 .rodata.zero_status.lto_priv.183
                0x0000000008008328        0x2 /tmp/ccd2O6iv.ltrans0.ltrans.o
                0x0000000008008328                zero_status.lto_priv.183
 *fill*         0x000000000800832a        0x2 
 .rodata.active_status.lto_priv.185
                0x000000000800832c        0x2 /tmp/ccd2O6iv.ltrans0.ltrans.o
                0x000000000800832c                active_status.lto_priv.185
 *fill*         0x000000000800832e        0x2 
 .rodata.halted_status.lto_priv.184
                0x0000000008008330        0x2 /tmp/ccd2O6iv.ltrans0.ltrans.o
                0x0000000008008330                halted_status.lto_priv.184
 *fill*         0x0000000008008332        0x2 
 .rodata._stm32_dma_streams
                0x0000000008008334       0xc0 /tmp/ccd2O6iv.ltrans0.ltrans.o
                0x0000000008008334                _stm32_dma_streams
 .rodata.ep0config.lto_priv.177
                0x00000000080083f4       0x24 /tmp/ccd2O6iv.ltrans0.ltrans.o
                0x00000000080083f4                ep0config.lto_priv.177
 .rodata.fsparams.lto_priv.178
                0x0000000008008418        0xc /tmp/ccd2O6iv.ltrans0.ltrans.o
                0x0000000008008418                fsparams.lto_priv.178
 .rodata.dummytx.lto_priv.175
                0x0000000008008424        0x2 /tmp/ccd2O6iv.ltrans0.ltrans.o
                0x0000000008008424                dummytx.lto_priv.175
 *fill*         0x0000000008008426        0x2 
 .rodata.gpio_default_config.lto_priv.141
                0x0000000008008428       0xa8 /tmp/ccd2O6iv.ltrans0.ltrans.o
                0x0000000008008428                gpio_default_config.lto_priv.141
 .rodata.str1.4
                0x00000000080084d0        0x5 /tmp/ccd2O6iv.ltrans0.ltrans.o
 *fill*         0x00000000080084d5        0x3 
 .rodata.idle_descriptor.7876.lto_priv.140
                0x00000000080084d8       0x18 /tmp/ccd2O6iv.ltrans0.ltrans.o
                0x00000000080084d8                idle_descriptor.7876.lto_priv.140
 .rodata.ch_debug
                0x00000000080084f0       0x16 /tmp/ccd2O6iv.ltrans0.ltrans.o
                0x00000000080084f0                ch_debug
 *fill*         0x0000000008008506        0x2 
 .rodata.vmt_device
                0x0000000008008508        0x8 /tmp/ccd2O6iv.ltrans0.ltrans.o
 .rodata.vmt_gyroscope
                0x0000000008008510       0x24 /tmp/ccd2O6iv.ltrans0.ltrans.o
 .rodata.pow10  0x0000000008008534       0x24 /tmp/ccd2O6iv.ltrans0.ltrans.o
 .rodata.chvprintf.str1.4
                0x0000000008008558        0x7 /tmp/ccd2O6iv.ltrans0.ltrans.o
 *fill*         0x000000000800855f        0x1 
 .rodata.vcom_device_descriptor_data
                0x0000000008008560       0x12 /tmp/ccd2O6iv.ltrans0.ltrans.o
 *fill*         0x0000000008008572        0x2 
 .rodata.vcom_device_descriptor
                0x0000000008008574        0x8 /tmp/ccd2O6iv.ltrans0.ltrans.o
 .rodata.vcom_configuration_descriptor_data
                0x000000000800857c       0x43 /tmp/ccd2O6iv.ltrans0.ltrans.o
 *fill*         0x00000000080085bf        0x1 
 .rodata.vcom_configuration_descriptor
                0x00000000080085c0        0x8 /tmp/ccd2O6iv.ltrans0.ltrans.o
 .rodata.vcom_string0
                0x00000000080085c8        0x4 /tmp/ccd2O6iv.ltrans0.ltrans.o
 .rodata.vcom_string1
                0x00000000080085cc       0x26 /tmp/ccd2O6iv.ltrans0.ltrans.o
 *fill*         0x00000000080085f2        0x2 
 .rodata.vcom_string2
                0x00000000080085f4       0x38 /tmp/ccd2O6iv.ltrans0.ltrans.o
 .rodata.vcom_string3
                0x000000000800862c        0x8 /tmp/ccd2O6iv.ltrans0.ltrans.o
 .rodata.vcom_strings
                0x0000000008008634       0x20 /tmp/ccd2O6iv.ltrans0.ltrans.o
 .rodata.ep1config
                0x0000000008008654       0x24 /tmp/ccd2O6iv.ltrans0.ltrans.o
 .rodata.ep2config
                0x0000000008008678       0x24 /tmp/ccd2O6iv.ltrans0.ltrans.o
 .rodata.usbcfg
                0x000000000800869c       0x10 /tmp/ccd2O6iv.ltrans0.ltrans.o
 .rodata.serusbcfg
                0x00000000080086ac        0x8 /tmp/ccd2O6iv.ltrans0.ltrans.o
 .rodata.spicfg
                0x00000000080086b4       0x14 /tmp/ccd2O6iv.ltrans0.ltrans.o
 .rodata.Thread1.str1.4
                0x00000000080086c8        0x8 /tmp/ccd2O6iv.ltrans0.ltrans.o
 .rodata.main.str1.4
                0x00000000080086d0       0x6f /tmp/ccd2O6iv.ltrans0.ltrans.o
 *fill*         0x000000000800873f        0x1 
 .rodata.chThdCreateStatic.str1.4
                0x0000000008008740        0x7 /tmp/ccd2O6iv.ltrans3.ltrans.o
 *fill*         0x0000000008008747        0x1 
 .rodata.spi_lld_serve_rx_interrupt.str1.4
                0x0000000008008748        0xc /tmp/ccd2O6iv.ltrans5.ltrans.o
                0x0000000008008754                . = ALIGN (0x4)
                0x0000000008008754                __rodata_end__ = .

.ARM.extab
 *(.ARM.extab* .gnu.linkonce.armextab.*)

.ARM.exidx      0x0000000008008754        0x8
                0x0000000008008754                __exidx_start = .
 *(.ARM.exidx* .gnu.linkonce.armexidx.*)
 .ARM.exidx     0x0000000008008754        0x8 /opt/Atollic_TrueSTUDIO_for_STM32_x86_64_9.1.0/ARMTools/bin/../lib/gcc/arm-atollic-eabi/6.3.1/armv7e-m/fpu/libgcc.a(_udivmoddi4.o)
                0x000000000800875c                __exidx_end = .

.rel.dyn        0x000000000800875c        0x0
 .rel.iplt      0x000000000800875c        0x0 build/obj/crt0_v7m.o

.eh_frame_hdr
 *(.eh_frame_hdr)

.eh_frame
 *(.eh_frame)
                0x0000000020000000                __ram0_start__ = ORIGIN (ram0)
                0x0000000000010000                __ram0_size__ = LENGTH (ram0)
                0x0000000020010000                __ram0_end__ = (__ram0_start__ + __ram0_size__)
                0x0000000000000000                __ram1_start__ = ORIGIN (ram1)
                0x0000000000000000                __ram1_size__ = LENGTH (ram1)
                0x0000000000000000                __ram1_end__ = (__ram1_start__ + __ram1_size__)
                0x0000000000000000                __ram2_start__ = ORIGIN (ram2)
                0x0000000000000000                __ram2_size__ = LENGTH (ram2)
                0x0000000000000000                __ram2_end__ = (__ram2_start__ + __ram2_size__)
                0x0000000000000000                __ram3_start__ = ORIGIN (ram3)
                0x0000000000000000                __ram3_size__ = LENGTH (ram3)
                0x0000000000000000                __ram3_end__ = (__ram3_start__ + __ram3_size__)
                0x0000000000000000                __ram4_start__ = ORIGIN (ram4)
                0x0000000000000000                __ram4_size__ = LENGTH (ram4)
                0x0000000000000000                __ram4_end__ = (__ram4_start__ + __ram4_size__)
                0x0000000000000000                __ram5_start__ = ORIGIN (ram5)
                0x0000000000000000                __ram5_size__ = LENGTH (ram5)
                0x0000000000000000                __ram5_end__ = (__ram5_start__ + __ram5_size__)
                0x0000000000000000                __ram6_start__ = ORIGIN (ram6)
                0x0000000000000000                __ram6_size__ = LENGTH (ram6)
                0x0000000000000000                __ram6_end__ = (__ram6_start__ + __ram6_size__)
                0x0000000000000000                __ram7_start__ = ORIGIN (ram7)
                0x0000000000000000                __ram7_size__ = LENGTH (ram7)
                0x0000000000000000                __ram7_end__ = (__ram7_start__ + __ram7_size__)

.data           0x0000000020000800       0x24 load address 0x000000000800875c
                0x0000000020000800                . = ALIGN (0x4)
                [!provide]                        PROVIDE (_textdata, LOADADDR (.data))
                [!provide]                        PROVIDE (_data, .)
                0x000000000800875c                _textdata_start = LOADADDR (.data)
                0x0000000020000800                _data_start = .
 *(.data)
 *(.data.*)
 .data.linecoding.lto_priv.218
                0x0000000020000800        0x7 /tmp/ccd2O6iv.ltrans0.ltrans.o
                0x0000000020000800                linecoding.lto_priv.218
 *fill*         0x0000000020000807        0x1 
 .data.axisID   0x0000000020000808        0x3 /tmp/ccd2O6iv.ltrans0.ltrans.o
 *fill*         0x000000002000080b        0x1 
 .data.l3gd20cfg
                0x000000002000080c       0x14 /tmp/ccd2O6iv.ltrans0.ltrans.o
 .data.chp      0x0000000020000820        0x4 /tmp/ccd2O6iv.ltrans0.ltrans.o
 *(.ramtext)
                0x0000000020000824                . = ALIGN (0x4)
                [!provide]                        PROVIDE (_edata, .)
                0x0000000020000824                _data_end = .

.igot.plt       0x0000000020000824        0x0 load address 0x0000000008008780
 .igot.plt      0x0000000020000824        0x0 build/obj/crt0_v7m.o

.bss            0x0000000020000828      0xb68 load address 0x0000000008008780
                0x0000000020000828                . = ALIGN (0x4)
                0x0000000020000828                _bss_start = .
 *(.bss)
 *(.bss.*)
 .bss.dma_streams_mask.lto_priv.179
                0x0000000020000828        0x4 /tmp/ccd2O6iv.ltrans0.ltrans.o
                0x0000000020000828                dma_streams_mask.lto_priv.179
 .bss.dma_isr_redir.lto_priv.180
                0x000000002000082c       0x80 /tmp/ccd2O6iv.ltrans0.ltrans.o
                0x000000002000082c                dma_isr_redir.lto_priv.180
 .bss.USBD1     0x00000000200008ac       0x60 /tmp/ccd2O6iv.ltrans0.ltrans.o
                0x00000000200008ac                USBD1
 .bss.ep0_state.lto_priv.181
                0x000000002000090c       0x10 /tmp/ccd2O6iv.ltrans0.ltrans.o
                0x000000002000090c                ep0_state.lto_priv.181
 .bss.ep0setup_buffer.lto_priv.182
                0x000000002000091c        0x8 /tmp/ccd2O6iv.ltrans0.ltrans.o
                0x000000002000091c                ep0setup_buffer.lto_priv.182
 .bss.SPID1     0x0000000020000924       0x30 /tmp/ccd2O6iv.ltrans0.ltrans.o
                0x0000000020000924                SPID1
 .bss.dummyrx.lto_priv.176
                0x0000000020000954        0x2 /tmp/ccd2O6iv.ltrans0.ltrans.o
                0x0000000020000954                dummyrx.lto_priv.176
 *fill*         0x0000000020000956        0x2 
 .bss.SD1       0x0000000020000958       0x7c /tmp/ccd2O6iv.ltrans0.ltrans.o
                0x0000000020000958                SD1
 .bss.SD2       0x00000000200009d4       0x7c /tmp/ccd2O6iv.ltrans0.ltrans.o
                0x00000000200009d4                SD2
 .bss.UARTD1    0x0000000020000a50       0x1c /tmp/ccd2O6iv.ltrans0.ltrans.o
                0x0000000020000a50                UARTD1
 *fill*         0x0000000020000a6c        0x4 
 .bss.ch_idle_thread_wa
                0x0000000020000a70      0x160 /tmp/ccd2O6iv.ltrans0.ltrans.o
                0x0000000020000a70                ch_idle_thread_wa
 .bss.ch        0x0000000020000bd0       0x78 /tmp/ccd2O6iv.ltrans0.ltrans.o
                0x0000000020000bd0                ch
 .bss.ch_memcore
                0x0000000020000c48        0x8 /tmp/ccd2O6iv.ltrans0.ltrans.o
                0x0000000020000c48                ch_memcore
 .bss.default_heap.lto_priv.43
                0x0000000020000c50       0x1c /tmp/ccd2O6iv.ltrans0.ltrans.o
                0x0000000020000c50                default_heap.lto_priv.43
 .bss.ch_factory
                0x0000000020000c6c       0x44 /tmp/ccd2O6iv.ltrans0.ltrans.o
                0x0000000020000c6c                ch_factory
 .bss.SDU1      0x0000000020000cb0      0x490 /tmp/ccd2O6iv.ltrans0.ltrans.o
 .bss.ep1instate
                0x0000000020001140       0x10 /tmp/ccd2O6iv.ltrans0.ltrans.o
 .bss.ep1outstate
                0x0000000020001150       0x10 /tmp/ccd2O6iv.ltrans0.ltrans.o
 .bss.ep2instate
                0x0000000020001160       0x10 /tmp/ccd2O6iv.ltrans0.ltrans.o
 .bss.L3GD20D1  0x0000000020001170       0x30 /tmp/ccd2O6iv.ltrans0.ltrans.o
 .bss.gyroraw   0x00000000200011a0        0xc /tmp/ccd2O6iv.ltrans0.ltrans.o
 .bss.gyrocooked
                0x00000000200011ac        0xc /tmp/ccd2O6iv.ltrans0.ltrans.o
 .bss.i         0x00000000200011b8        0x4 /tmp/ccd2O6iv.ltrans0.ltrans.o
 *fill*         0x00000000200011bc        0x4 
 .bss.waThread1
                0x00000000200011c0      0x1d0 /tmp/ccd2O6iv.ltrans0.ltrans.o
 *(COMMON)
                0x0000000020001390                . = ALIGN (0x4)
                0x0000000020001390                _bss_end = .
                [!provide]                        PROVIDE (end, .)

.ram0_init      0x0000000020001390        0x0 load address 0x0000000008008780
                0x0000000020001390                . = ALIGN (0x4)
                0x0000000008008780                __ram0_init_text__ = LOADADDR (.ram0_init)
                0x0000000020001390                __ram0_init__ = .
 *(.ram0_init)
 *(.ram0_init.*)
                0x0000000020001390                . = ALIGN (0x4)

.ram0           0x0000000020001390        0x0 load address 0x0000000008008780
                0x0000000020001390                . = ALIGN (0x4)
                0x0000000020001390                __ram0_clear__ = .
 *(.ram0_clear)
 *(.ram0_clear.*)
                0x0000000020001390                . = ALIGN (0x4)
                0x0000000020001390                __ram0_noinit__ = .
 *(.ram0)
 *(.ram0.*)
                0x0000000020001390                . = ALIGN (0x4)
                0x0000000020001390                __ram0_free__ = .

.ram1_init      0x0000000000000000        0x0 load address 0x0000000008008780
                0x0000000000000000                . = ALIGN (0x4)
                0x0000000008008780                __ram1_init_text__ = LOADADDR (.ram1_init)
                0x0000000000000000                __ram1_init__ = .
 *(.ram1_init)
 *(.ram1_init.*)
                0x0000000000000000                . = ALIGN (0x4)

.ram1           0x0000000000000000        0x0 load address 0x0000000008008780
                0x0000000000000000                . = ALIGN (0x4)
                0x0000000000000000                __ram1_clear__ = .
 *(.ram1_clear)
 *(.ram1_clear.*)
                0x0000000000000000                . = ALIGN (0x4)
                0x0000000000000000                __ram1_noinit__ = .
 *(.ram1)
 *(.ram1.*)
                0x0000000000000000                . = ALIGN (0x4)
                0x0000000000000000                __ram1_free__ = .

.ram2_init      0x0000000000000000        0x0 load address 0x0000000008008780
                0x0000000000000000                . = ALIGN (0x4)
                0x0000000008008780                __ram2_init_text__ = LOADADDR (.ram2_init)
                0x0000000000000000                __ram2_init__ = .
 *(.ram2_init)
 *(.ram2_init.*)
                0x0000000000000000                . = ALIGN (0x4)

.ram2           0x0000000000000000        0x0 load address 0x0000000008008780
                0x0000000000000000                . = ALIGN (0x4)
                0x0000000000000000                __ram2_clear__ = .
 *(.ram2_clear)
 *(.ram2_clear.*)
                0x0000000000000000                . = ALIGN (0x4)
                0x0000000000000000                __ram2_noinit__ = .
 *(.ram2)
 *(.ram2.*)
                0x0000000000000000                . = ALIGN (0x4)
                0x0000000000000000                __ram2_free__ = .

.ram3_init      0x0000000000000000        0x0 load address 0x0000000008008780
                0x0000000000000000                . = ALIGN (0x4)
                0x0000000008008780                __ram3_init_text__ = LOADADDR (.ram3_init)
                0x0000000000000000                __ram3_init__ = .
 *(.ram3_init)
 *(.ram3_init.*)
                0x0000000000000000                . = ALIGN (0x4)

.ram3           0x0000000000000000        0x0 load address 0x0000000008008780
                0x0000000000000000                . = ALIGN (0x4)
                0x0000000000000000                __ram3_clear__ = .
 *(.ram3_clear)
 *(.ram3_clear.*)
                0x0000000000000000                . = ALIGN (0x4)
                0x0000000000000000                __ram3_noinit__ = .
 *(.ram3)
 *(.ram3.*)
                0x0000000000000000                . = ALIGN (0x4)
                0x0000000000000000                __ram3_free__ = .

.ram4_init      0x0000000000000000        0x0 load address 0x0000000008008780
                0x0000000000000000                . = ALIGN (0x4)
                0x0000000008008780                __ram4_init_text__ = LOADADDR (.ram4_init)
                0x0000000000000000                __ram4_init__ = .
 *(.ram4_init)
 *(.ram4_init.*)
                0x0000000000000000                . = ALIGN (0x4)

.ram4           0x0000000000000000        0x0 load address 0x0000000008008780
                0x0000000000000000                . = ALIGN (0x4)
                0x0000000000000000                __ram4_clear__ = .
 *(.ram4_clear)
 *(.ram4_clear.*)
                0x0000000000000000                . = ALIGN (0x4)
                0x0000000000000000                __ram4_noinit__ = .
 *(.ram4)
 *(.ram4.*)
                0x0000000000000000                . = ALIGN (0x4)
                0x0000000000000000                __ram4_free__ = .

.ram5_init      0x0000000000000000        0x0 load address 0x0000000008008780
                0x0000000000000000                . = ALIGN (0x4)
                0x0000000008008780                __ram5_init_text__ = LOADADDR (.ram5_init)
                0x0000000000000000                __ram5_init__ = .
 *(.ram5_init)
 *(.ram5_init.*)
                0x0000000000000000                . = ALIGN (0x4)

.ram5           0x0000000000000000        0x0 load address 0x0000000008008780
                0x0000000000000000                . = ALIGN (0x4)
                0x0000000000000000                __ram5_clear__ = .
 *(.ram5_clear)
 *(.ram5_clear.*)
                0x0000000000000000                . = ALIGN (0x4)
                0x0000000000000000                __ram5_noinit__ = .
 *(.ram5)
 *(.ram5.*)
                0x0000000000000000                . = ALIGN (0x4)
                0x0000000000000000                __ram5_free__ = .

.ram6_init      0x0000000000000000        0x0 load address 0x0000000008008780
                0x0000000000000000                . = ALIGN (0x4)
                0x0000000008008780                __ram6_init_text__ = LOADADDR (.ram6_init)
                0x0000000000000000                __ram6_init__ = .
 *(.ram6_init)
 *(.ram6_init.*)
                0x0000000000000000                . = ALIGN (0x4)

.ram6           0x0000000000000000        0x0 load address 0x0000000008008780
                0x0000000000000000                . = ALIGN (0x4)
                0x0000000000000000                __ram6_clear__ = .
 *(.ram6_clear)
 *(.ram6_clear.*)
                0x0000000000000000                . = ALIGN (0x4)
                0x0000000000000000                __ram6_noinit__ = .
 *(.ram6)
 *(.ram6.*)
                0x0000000000000000                . = ALIGN (0x4)
                0x0000000000000000                __ram6_free__ = .

.ram7_init      0x0000000000000000        0x0 load address 0x0000000008008780
                0x0000000000000000                . = ALIGN (0x4)
                0x0000000008008780                __ram7_init_text__ = LOADADDR (.ram7_init)
                0x0000000000000000                __ram7_init__ = .
 *(.ram7_init)
 *(.ram7_init.*)
                0x0000000000000000                . = ALIGN (0x4)

.ram7           0x0000000000000000        0x0 load address 0x0000000008008780
                0x0000000000000000                . = ALIGN (0x4)
                0x0000000000000000                __ram7_clear__ = .
 *(.ram7_clear)
 *(.ram7_clear.*)
                0x0000000000000000                . = ALIGN (0x4)
                0x0000000000000000                __ram7_noinit__ = .
 *(.ram7)
 *(.ram7.*)
                0x0000000000000000                . = ALIGN (0x4)
                0x0000000000000000                __ram7_free__ = .

.heap           0x0000000020001390     0xec70
                0x0000000020001390                . = ALIGN (0x8)
                0x0000000020001390                __heap_base__ = .
                0x0000000020010000                . = (ORIGIN (HEAP_RAM) + LENGTH (HEAP_RAM))
 *fill*         0x0000000020001390     0xec70 
                0x0000000020010000                __heap_end__ = .
                0x0000000000000400                __process_stack_size__ = 0x400
                0x0000000000000400                __main_stack_size__ = 0x400
START GROUP
LOAD /opt/Atollic_TrueSTUDIO_for_STM32_x86_64_9.1.0/ARMTools/bin/../lib/gcc/arm-atollic-eabi/6.3.1/armv7e-m/fpu/libgcc.a
LOAD /opt/Atollic_TrueSTUDIO_for_STM32_x86_64_9.1.0/ARMTools/bin/../lib/gcc/arm-atollic-eabi/6.3.1/../../../../arm-atollic-eabi/lib/armv7e-m/fpu/libc.a
END GROUP
OUTPUT(build/ch.elf elf32-littlearm)

.ARM.attributes
                0x0000000000000000       0x35
 .ARM.attributes
                0x0000000000000000       0x25 build/obj/crt0_v7m.o
 .ARM.attributes
                0x0000000000000025       0x25 build/obj/vectors.o
 .ARM.attributes
                0x000000000000004a       0x25 build/obj/chcoreasm_v7m.o
 .ARM.attributes
                0x000000000000006f       0x37 /tmp/ccd2O6iv.ltrans0.ltrans.o
 .ARM.attributes
                0x00000000000000a6       0x37 /tmp/ccd2O6iv.ltrans1.ltrans.o
 .ARM.attributes
                0x00000000000000dd       0x37 /tmp/ccd2O6iv.ltrans2.ltrans.o
 .ARM.attributes
                0x0000000000000114       0x37 /tmp/ccd2O6iv.ltrans3.ltrans.o
 .ARM.attributes
                0x000000000000014b       0x37 /tmp/ccd2O6iv.ltrans4.ltrans.o
 .ARM.attributes
                0x0000000000000182       0x37 /tmp/ccd2O6iv.ltrans5.ltrans.o
 .ARM.attributes
                0x00000000000001b9       0x37 /tmp/ccd2O6iv.ltrans6.ltrans.o
 .ARM.attributes
                0x00000000000001f0       0x37 /tmp/ccd2O6iv.ltrans7.ltrans.o
 .ARM.attributes
                0x0000000000000227       0x37 /tmp/ccd2O6iv.ltrans8.ltrans.o
 .ARM.attributes