Archive member included to satisfy reference by file (symbol)

/opt/Atollic_TrueSTUDIO_for_STM32_x86_64_9.1.0/ARMTools/bin/../lib/gcc/arm-atollic-eabi/6.3.1/armv7e-m/fpu/libgcc.a(_arm_addsubdf3.o)
                              /tmp/ccIxtr6s.ltrans0.ltrans.o (__aeabi_dsub)
/opt/Atollic_TrueSTUDIO_for_STM32_x86_64_9.1.0/ARMTools/bin/../lib/gcc/arm-atollic-eabi/6.3.1/armv7e-m/fpu/libgcc.a(_arm_muldivdf3.o)
                              /tmp/ccIxtr6s.ltrans0.ltrans.o (__aeabi_dmul)
/opt/Atollic_TrueSTUDIO_for_STM32_x86_64_9.1.0/ARMTools/bin/../lib/gcc/arm-atollic-eabi/6.3.1/armv7e-m/fpu/libgcc.a(_arm_fixdfsi.o)
                              /tmp/ccIxtr6s.ltrans0.ltrans.o (__aeabi_d2iz)
/opt/Atollic_TrueSTUDIO_for_STM32_x86_64_9.1.0/ARMTools/bin/../lib/gcc/arm-atollic-eabi/6.3.1/armv7e-m/fpu/libgcc.a(_arm_truncdfsf2.o)
                              /tmp/ccIxtr6s.ltrans0.ltrans.o (__aeabi_d2f)
/opt/Atollic_TrueSTUDIO_for_STM32_x86_64_9.1.0/ARMTools/bin/../lib/gcc/arm-atollic-eabi/6.3.1/armv7e-m/fpu/libgcc.a(_aeabi_uldivmod.o)
                              /tmp/ccIxtr6s.ltrans0.ltrans.o (__aeabi_uldivmod)
/opt/Atollic_TrueSTUDIO_for_STM32_x86_64_9.1.0/ARMTools/bin/../lib/gcc/arm-atollic-eabi/6.3.1/armv7e-m/fpu/libgcc.a(_udivmoddi4.o)
                              /opt/Atollic_TrueSTUDIO_for_STM32_x86_64_9.1.0/ARMTools/bin/../lib/gcc/arm-atollic-eabi/6.3.1/armv7e-m/fpu/libgcc.a(_aeabi_uldivmod.o) (__udivmoddi4)
/opt/Atollic_TrueSTUDIO_for_STM32_x86_64_9.1.0/ARMTools/bin/../lib/gcc/arm-atollic-eabi/6.3.1/armv7e-m/fpu/libgcc.a(_dvmd_tls.o)
                              /opt/Atollic_TrueSTUDIO_for_STM32_x86_64_9.1.0/ARMTools/bin/../lib/gcc/arm-atollic-eabi/6.3.1/armv7e-m/fpu/libgcc.a(_aeabi_uldivmod.o) (__aeabi_ldiv0)
/opt/Atollic_TrueSTUDIO_for_STM32_x86_64_9.1.0/ARMTools/bin/../lib/gcc/arm-atollic-eabi/6.3.1/../../../../arm-atollic-eabi/lib/armv7e-m/fpu/libc.a(lib_a-memcpy-stub.o)
                              /tmp/ccIxtr6s.ltrans0.ltrans.o (memcpy)
/opt/Atollic_TrueSTUDIO_for_STM32_x86_64_9.1.0/ARMTools/bin/../lib/gcc/arm-atollic-eabi/6.3.1/../../../../arm-atollic-eabi/lib/armv7e-m/fpu/libc.a(lib_a-memset.o)
                              /tmp/ccIxtr6s.ltrans1.ltrans.o (memset)
/opt/Atollic_TrueSTUDIO_for_STM32_x86_64_9.1.0/ARMTools/bin/../lib/gcc/arm-atollic-eabi/6.3.1/../../../../arm-atollic-eabi/lib/armv7e-m/fpu/libc.a(lib_a-strcmp.o)
                              /tmp/ccIxtr6s.ltrans3.ltrans.o (strcmp)
/opt/Atollic_TrueSTUDIO_for_STM32_x86_64_9.1.0/ARMTools/bin/../lib/gcc/arm-atollic-eabi/6.3.1/../../../../arm-atollic-eabi/lib/armv7e-m/fpu/libc.a(lib_a-strncmp.o)
                              /tmp/ccIxtr6s.ltrans1.ltrans.o (strncmp)
/opt/Atollic_TrueSTUDIO_for_STM32_x86_64_9.1.0/ARMTools/bin/../lib/gcc/arm-atollic-eabi/6.3.1/../../../../arm-atollic-eabi/lib/armv7e-m/fpu/libc.a(lib_a-strncpy.o)
                              /tmp/ccIxtr6s.ltrans1.ltrans.o (strncpy)

Discarded input sections

 .data          0x0000000000000000        0x0 build/obj/crt0_v7m.o
 .bss           0x0000000000000000        0x0 build/obj/crt0_v7m.o
 .data          0x0000000000000000        0x0 build/obj/vectors.o
 .bss           0x0000000000000000        0x0 build/obj/vectors.o
 .data          0x0000000000000000        0x0 build/obj/chcoreasm_v7m.o
 .bss           0x0000000000000000        0x0 build/obj/chcoreasm_v7m.o
 .text          0x0000000000000000        0x0 build/obj/crt1.o (symbol from plugin)
 .text          0x0000000000000000        0x0 /tmp/ccIxtr6s.ltrans0.ltrans.o
 .data          0x0000000000000000        0x0 /tmp/ccIxtr6s.ltrans0.ltrans.o
 .bss           0x0000000000000000        0x0 /tmp/ccIxtr6s.ltrans0.ltrans.o
 .data.SystemCoreClock
                0x0000000000000000        0x4 /tmp/ccIxtr6s.ltrans0.ltrans.o
 .bss._pal_events
                0x0000000000000000        0x0 /tmp/ccIxtr6s.ltrans0.ltrans.o
 .rodata.default_config.lto_priv.147
                0x0000000000000000        0xc /tmp/ccIxtr6s.ltrans0.ltrans.o
 .text.l3gd20Stop
                0x0000000000000000       0x3e /tmp/ccIxtr6s.ltrans0.ltrans.o
 .text.chsnprintf
                0x0000000000000000       0x66 /tmp/ccIxtr6s.ltrans0.ltrans.o
 .text._writes  0x0000000000000000       0x56 /tmp/ccIxtr6s.ltrans0.ltrans.o
 .text._reads   0x0000000000000000       0x56 /tmp/ccIxtr6s.ltrans0.ltrans.o
 .text._put.lto_priv.13
                0x0000000000000000       0x48 /tmp/ccIxtr6s.ltrans0.ltrans.o
 .text._get.lto_priv.10
                0x0000000000000000       0x44 /tmp/ccIxtr6s.ltrans0.ltrans.o
 .rodata.vmt.lto_priv.6
                0x0000000000000000       0x14 /tmp/ccIxtr6s.ltrans0.ltrans.o
 .text.msObjectInit
                0x0000000000000000       0x3c /tmp/ccIxtr6s.ltrans0.ltrans.o
 .text.writes   0x0000000000000000       0x1a /tmp/ccIxtr6s.ltrans0.ltrans.o
 .text.reads    0x0000000000000000       0x1a /tmp/ccIxtr6s.ltrans0.ltrans.o
 .text.put      0x0000000000000000       0x1a /tmp/ccIxtr6s.ltrans0.ltrans.o
[...]
Memory Configuration

Name             Origin             Length             Attributes
flash0           0x0000000008000000 0x0000000000040000
flash1           0x0000000000000000 0x0000000000000000
flash2           0x0000000000000000 0x0000000000000000
flash3           0x0000000000000000 0x0000000000000000
flash4           0x0000000000000000 0x0000000000000000
flash5           0x0000000000000000 0x0000000000000000
flash6           0x0000000000000000 0x0000000000000000
flash7           0x0000000000000000 0x0000000000000000
ram0             0x0000000020000000 0x0000000000010000
ram1             0x0000000000000000 0x0000000000000000
ram2             0x0000000000000000 0x0000000000000000
ram3             0x0000000000000000 0x0000000000000000
ram4             0x0000000000000000 0x0000000000000000
ram5             0x0000000000000000 0x0000000000000000
ram6             0x0000000000000000 0x0000000000000000
ram7             0x0000000000000000 0x0000000000000000
*default*        0x0000000000000000 0xffffffffffffffff

Linker script and memory map

LOAD build/obj/crt0_v7m.o
LOAD build/obj/vectors.o
LOAD build/obj/chcoreasm_v7m.o
LOAD build/obj/crt1.o
LOAD /tmp/ccIxtr6s.ltrans0.ltrans.o
LOAD /tmp/ccIxtr6s.ltrans1.ltrans.o
LOAD /tmp/ccIxtr6s.ltrans2.ltrans.o
LOAD /tmp/ccIxtr6s.ltrans3.ltrans.o
LOAD /tmp/ccIxtr6s.ltrans4.ltrans.o
LOAD /tmp/ccIxtr6s.ltrans5.ltrans.o
LOAD /tmp/ccIxtr6s.ltrans6.ltrans.o
LOAD /tmp/ccIxtr6s.ltrans7.ltrans.o
LOAD /tmp/ccIxtr6s.ltrans8.ltrans.o
LOAD /tmp/ccIxtr6s.ltrans9.ltrans.o
LOAD build/obj/hal.o
LOAD build/obj/hal_st.o
LOAD build/obj/hal_buffers.o
LOAD build/obj/hal_queues.o
LOAD build/obj/hal_mmcsd.o
LOAD build/obj/hal_pal.o
LOAD build/obj/hal_serial.o
LOAD build/obj/hal_serial_usb.o
LOAD build/obj/hal_spi.o
LOAD build/obj/hal_uart.o
LOAD build/obj/hal_usb.o
LOAD build/obj/nvic.o
LOAD build/obj/stm32_isr.o
LOAD build/obj/hal_lld.o
LOAD build/obj/stm32_dma.o
LOAD build/obj/hal_pal_lld.o
LOAD build/obj/hal_usb_lld.o
LOAD build/obj/hal_spi_lld.o
LOAD build/obj/hal_st_lld.o
LOAD build/obj/hal_serial_lld.o
LOAD build/obj/hal_uart_lld.o
LOAD build/obj/board.o
LOAD build/obj/osal.o
LOAD build/obj/chsys.o
LOAD build/obj/chdebug.o
LOAD build/obj/chtrace.o
LOAD build/obj/chvt.o
LOAD build/obj/chschd.o
LOAD build/obj/chthreads.o
LOAD build/obj/chtm.o
LOAD build/obj/chregistry.o
LOAD build/obj/chsem.o
LOAD build/obj/chmtx.o
LOAD build/obj/chcond.o
LOAD build/obj/chevents.o
LOAD build/obj/chmsg.o
LOAD build/obj/chdynamic.o
LOAD build/obj/chmboxes.o
LOAD build/obj/chmemcore.o
LOAD build/obj/chheap.o
LOAD build/obj/chmempools.o
LOAD build/obj/chfactory.o
LOAD build/obj/chcore.o
LOAD build/obj/chcore_v7m.o
LOAD build/obj/l3gd20.o
LOAD build/obj/chprintf.o
LOAD build/obj/memstreams.o
LOAD build/obj/nullstreams.o
LOAD build/obj/usbcfg.o
LOAD build/obj/main.o
LOAD build/obj/mbcrc.o

.mstack         0x0000000020000000      0x400
                0x0000000020000000                . = ALIGN (0x8)
                0x0000000020000000                __main_stack_base__ = .
                0x0000000020000400                . = (. + __main_stack_size__)
 *fill*         0x0000000020000000      0x400 
                0x0000000020000400                . = ALIGN (0x8)
                0x0000000020000400                __main_stack_end__ = .

.pstack         0x0000000020000400      0x400
                0x0000000020000400                __process_stack_base__ = .
                0x0000000020000400                __main_thread_stack_base__ = .
                0x0000000020000800                . = (. + __process_stack_size__)
 *fill*         0x0000000020000400      0x400 
                0x0000000020000800                . = ALIGN (0x8)
                0x0000000020000800                __process_stack_end__ = .
                0x0000000020000800                __main_thread_stack_end__ = .

.vectors        0x0000000008000000      0x1e0
 *(.vectors)
 .vectors       0x0000000008000000      0x1e0 build/obj/vectors.o
                0x0000000008000000                _vectors

.xtors          0x00000000080001e0        0x0
                0x00000000080001e0                __init_array_start = .
 *(SORT(.init_array.*))
 *(.init_array)
                0x00000000080001e0                __init_array_end = .
                0x00000000080001e0                __fini_array_start = .
 *(.fini_array)
 *(SORT(.fini_array.*))
                0x00000000080001e0                __fini_array_end = .

.text           0x00000000080001e0     0x8cf6
 *(.text)
 .text          0x00000000080001e0      0x120 build/obj/crt0_v7m.o
                0x00000000080001e0                _crt0_entry
 .text          0x0000000008000300        0x8 build/obj/vectors.o
                0x0000000008000300                Reset_Handler
                0x0000000008000302                Vector58
                0x0000000008000302                VectorE8
                0x0000000008000302                Vector9C
                0x0000000008000302                VectorAC
                0x0000000008000302                DebugMon_Handler
                0x0000000008000302                Vector1A0
                0x0000000008000302                Vector5C
                0x0000000008000302                Vector11C
                0x0000000008000302                HardFault_Handler
                0x0000000008000302                Vector1B8
                0x0000000008000302                Vector19C
                0x0000000008000302                Vector8C
                0x0000000008000302                SysTick_Handler
                0x0000000008000302                VectorDC
                0x0000000008000302                PendSV_Handler
                0x0000000008000302                Vector168
                0x0000000008000302                NMI_Handler
                0x0000000008000302                Vector110
                0x0000000008000302                Vector1D8
                0x0000000008000302                VectorC8
                0x0000000008000302                Vector94
                0x0000000008000302                VectorA8
                0x0000000008000302                VectorB4
                0x0000000008000302                Vector160
                0x0000000008000302                Vector1B0
                0x0000000008000302                UsageFault_Handler
                0x0000000008000302                VectorEC
                0x0000000008000302                Vector40
                0x0000000008000302                VectorF8
                0x0000000008000302                Vector108
                0x0000000008000302                VectorBC
                0x0000000008000302                Vector190
                0x0000000008000302                Vector1C4
                0x0000000008000302                Vector1CC
                0x0000000008000302                Vector148
                0x0000000008000302                Vector188
                0x0000000008000302                Vector198
                0x0000000008000302                Vector118
                0x0000000008000302                Vector64
                0x0000000008000302                VectorCC
                0x0000000008000302                Vector54
                0x0000000008000302                Vector98
                0x0000000008000302                Vector138
                0x0000000008000302                Vector24
                0x0000000008000302                Vector1AC
                0x0000000008000302                Vector178
                0x0000000008000302                Vector1A4
                0x0000000008000302                VectorD0
                0x0000000008000302                Vector1B4
                0x0000000008000302                Vector140
                0x0000000008000302                VectorE4
                0x0000000008000302                VectorC0
                0x0000000008000302                Vector1C0
                0x0000000008000302                Vector134
                0x0000000008000302                Vector1D0
                0x0000000008000302                VectorF0
                0x0000000008000302                Vector13C
                0x0000000008000302                Vector100
                0x0000000008000302                VectorE0
                0x0000000008000302                VectorF4
                0x0000000008000302                MemManage_Handler
                0x0000000008000302                VectorA0
                0x0000000008000302                VectorC4
                0x0000000008000302                Vector180
                0x0000000008000302                Vector90
                0x0000000008000302                Vector114
                0x0000000008000302                Vector164
                0x0000000008000302                Vector60
                0x0000000008000302                Vector1C
                0x0000000008000302                Vector1BC
                0x0000000008000302                Vector1D4
                0x0000000008000302                Vector17C
                0x0000000008000302                Vector48
                0x0000000008000302                Vector1A8
                0x0000000008000302                Vector16C
                0x0000000008000302                Vector4C
                0x0000000008000302                Vector144
                0x0000000008000302                Vector68
                0x0000000008000302                Vector170
                0x0000000008000302                Vector88
                0x0000000008000302                Vector104
                0x0000000008000302                Vector184
                0x0000000008000302                Vector10C
                0x0000000008000302                BusFault_Handler
                0x0000000008000302                Vector50
                0x0000000008000302                Vector1C8
                0x0000000008000302                Vector194
                0x0000000008000302                Vector1DC
                0x0000000008000302                Vector44
                0x0000000008000302                Vector28
                0x0000000008000302                VectorB8
                0x0000000008000302                Vector34
                0x0000000008000302                VectorA4
                0x0000000008000302                Vector20
                0x0000000008000302                Vector18C
                0x0000000008000302                Vector174
                0x0000000008000306                _unhandled_exception
 .text          0x0000000008000308       0x30 build/obj/chcoreasm_v7m.o
                0x0000000008000308                _port_switch
                0x0000000008000320                _port_thread_start
                0x0000000008000330                _port_switch_from_isr
                0x0000000008000334                _port_exit_from_isr
 .text          0x0000000008000338      0x370 /opt/Atollic_TrueSTUDIO_for_STM32_x86_64_9.1.0/ARMTools/bin/../lib/gcc/arm-atollic-eabi/6.3.1/armv7e-m/fpu/libgcc.a(_arm_addsubdf3.o)
                0x0000000008000338                __aeabi_drsub
                0x0000000008000340                __aeabi_dsub
                0x0000000008000340                __subdf3
                0x0000000008000344                __adddf3
                0x0000000008000344                __aeabi_dadd
                0x00000000080005bc                __aeabi_ui2d
                0x00000000080005bc                __floatunsidf
                0x00000000080005dc                __floatsidf
                0x00000000080005dc                __aeabi_i2d
                0x0000000008000600                __extendsfdf2
                0x0000000008000600                __aeabi_f2d
                0x000000000800063c                __aeabi_ul2d
                0x000000000800063c                __floatundidf
                0x000000000800064c                __floatdidf
                0x000000000800064c                __aeabi_l2d
 .text          0x00000000080006a8      0x424 /opt/Atollic_TrueSTUDIO_for_STM32_x86_64_9.1.0/ARMTools/bin/../lib/gcc/arm-atollic-eabi/6.3.1/armv7e-m/fpu/libgcc.a(_arm_muldivdf3.o)
                0x00000000080006a8                __aeabi_dmul
                0x00000000080006a8                __muldf3
                0x00000000080008fc                __aeabi_ddiv
                0x00000000080008fc                __divdf3
 .text          0x0000000008000acc       0x50 /opt/Atollic_TrueSTUDIO_for_STM32_x86_64_9.1.0/ARMTools/bin/../lib/gcc/arm-atollic-eabi/6.3.1/armv7e-m/fpu/libgcc.a(_arm_fixdfsi.o)
                0x0000000008000acc                __fixdfsi
                0x0000000008000acc                __aeabi_d2iz
 .text          0x0000000008000b1c       0xa0 /opt/Atollic_TrueSTUDIO_for_STM32_x86_64_9.1.0/ARMTools/bin/../lib/gcc/arm-atollic-eabi/6.3.1/armv7e-m/fpu/libgcc.a(_arm_truncdfsf2.o)
                0x0000000008000b1c                __aeabi_d2f
                0x0000000008000b1c                __truncdfsf2
 .text          0x0000000008000bbc       0x30 /opt/Atollic_TrueSTUDIO_for_STM32_x86_64_9.1.0/ARMTools/bin/../lib/gcc/arm-atollic-eabi/6.3.1/armv7e-m/fpu/libgcc.a(_aeabi_uldivmod.o)
                0x0000000008000bbc                __aeabi_uldivmod
 .text          0x0000000008000bec      0x2dc /opt/Atollic_TrueSTUDIO_for_STM32_x86_64_9.1.0/ARMTools/bin/../lib/gcc/arm-atollic-eabi/6.3.1/armv7e-m/fpu/libgcc.a(_udivmoddi4.o)
                0x0000000008000bec                __udivmoddi4
 .text          0x0000000008000ec8        0x4 /opt/Atollic_TrueSTUDIO_for_STM32_x86_64_9.1.0/ARMTools/bin/../lib/gcc/arm-atollic-eabi/6.3.1/armv7e-m/fpu/libgcc.a(_dvmd_tls.o)
                0x0000000008000ec8                __aeabi_ldiv0
                0x0000000008000ec8                __aeabi_idiv0
 *(.text.*)
 .text.l3gd20SPIReadRegister
                0x0000000008000ecc       0x56 /tmp/ccIxtr6s.ltrans0.ltrans.o
 .text.l3gd20SPIWriteRegister
                0x0000000008000f22       0x50 /tmp/ccIxtr6s.ltrans0.ltrans.o
 .text.gyro_get_axes_number
                0x0000000008000f72       0x16 /tmp/ccIxtr6s.ltrans0.ltrans.o
 .text.gyro_read_raw
                0x0000000008000f88       0x82 /tmp/ccIxtr6s.ltrans0.ltrans.o
 .text.gyro_read_cooked
                0x000000000800100a       0x88 /tmp/ccIxtr6s.ltrans0.ltrans.o
 *fill*         0x0000000008001092        0x2 
 .text.gyro_sample_bias
                0x0000000008001094      0x110 /tmp/ccIxtr6s.ltrans0.ltrans.o
 .text.gyro_set_bias
                0x00000000080011a4       0x50 /tmp/ccIxtr6s.ltrans0.ltrans.o
 .text.gyro_reset_bias
                0x00000000080011f4       0x48 /tmp/ccIxtr6s.ltrans0.ltrans.o
 .text.gyro_set_sensivity
                0x000000000800123c       0x52 /tmp/ccIxtr6s.ltrans0.ltrans.o
 *fill*         0x000000000800128e        0x2 
 .text.gyro_reset_sensivity
                0x0000000008001290       0xc4 /tmp/ccIxtr6s.ltrans0.ltrans.o
 .text.gyro_set_full_scale
                0x0000000008001354      0x114 /tmp/ccIxtr6s.ltrans0.ltrans.o
 .text.l3gd20ObjectInit
                0x0000000008001468       0x34 /tmp/ccIxtr6s.ltrans0.ltrans.o
 .text.l3gd20Start
                0x000000000800149c      0x1ec /tmp/ccIxtr6s.ltrans0.ltrans.o
 .text.long_to_string_with_divisor
                0x0000000008001688       0xaa /tmp/ccIxtr6s.ltrans0.ltrans.o
 .text.ch_ltoa  0x0000000008001732       0x22 /tmp/ccIxtr6s.ltrans0.ltrans.o
 .text.ftoa     0x0000000008001754       0xb4 /tmp/ccIxtr6s.ltrans0.ltrans.o
 .text.chvprintf
                0x0000000008001808      0x4b0 /tmp/ccIxtr6s.ltrans0.ltrans.o
 .text.chprintf
                0x0000000008001cb8       0x2c /tmp/ccIxtr6s.ltrans0.ltrans.o
 .text.port_lock.lto_priv.2
                0x0000000008001ce4       0x1a /tmp/ccIxtr6s.ltrans0.ltrans.o
 .text.port_unlock.lto_priv.0
                0x0000000008001cfe       0x1a /tmp/ccIxtr6s.ltrans0.ltrans.o
 .text.port_lock_from_isr
                0x0000000008001d18        0xa /tmp/ccIxtr6s.ltrans0.ltrans.o
 .text.port_unlock_from_isr
                0x0000000008001d22        0xa /tmp/ccIxtr6s.ltrans0.ltrans.o
 .text.chSysLockFromISR
                0x0000000008001d2c        0xa /tmp/ccIxtr6s.ltrans0.ltrans.o
 .text.chSysUnlockFromISR
                0x0000000008001d36        0xa /tmp/ccIxtr6s.ltrans0.ltrans.o
 .text.osalSysLockFromISR
                0x0000000008001d40        0xa /tmp/ccIxtr6s.ltrans0.ltrans.o
 .text.osalSysUnlockFromISR
                0x0000000008001d4a        0xa /tmp/ccIxtr6s.ltrans0.ltrans.o
 .text.get_descriptor
                0x0000000008001d54       0x5c /tmp/ccIxtr6s.ltrans0.ltrans.o
 .text.usb_event
                0x0000000008001db0       0x88 /tmp/ccIxtr6s.ltrans0.ltrans.o
 .text.sof_handler
                0x0000000008001e38       0x20 /tmp/ccIxtr6s.ltrans0.ltrans.o
 .text.port_lock.lto_priv.3
                0x0000000008001e58       0x1a /tmp/ccIxtr6s.ltrans0.ltrans.o
 .text.port_unlock.lto_priv.1
                0x0000000008001e72       0x1a /tmp/ccIxtr6s.ltrans0.ltrans.o
 .text.st_lld_get_counter
                0x0000000008001e8c       0x14 /tmp/ccIxtr6s.ltrans0.ltrans.o
 .text.port_timer_get_time
                0x0000000008001ea0        0xe /tmp/ccIxtr6s.ltrans0.ltrans.o
 .text.chSysLock
                0x0000000008001eae        0xa /tmp/ccIxtr6s.ltrans0.ltrans.o
 .text.chSysUnlock
                0x0000000008001eb8        0xa /tmp/ccIxtr6s.ltrans0.ltrans.o
 .text.chVTGetSystemTimeX
                0x0000000008001ec2        0xe /tmp/ccIxtr6s.ltrans0.ltrans.o
 .text.chVTGetSystemTime
                0x0000000008001ed0       0x1e /tmp/ccIxtr6s.ltrans0.ltrans.o
 *fill*         0x0000000008001eee        0x2 
 .text.chRegSetThreadName
                0x0000000008001ef0       0x20 /tmp/ccIxtr6s.ltrans0.ltrans.o
 .text.chBSemObjectInit
                0x0000000008001f10       0x24 /tmp/ccIxtr6s.ltrans0.ltrans.o
 .text.chBSemWait
                0x0000000008001f34       0x1a /tmp/ccIxtr6s.ltrans0.ltrans.o
 .text.chBSemSignalI
                0x0000000008001f4e       0x1e /tmp/ccIxtr6s.ltrans0.ltrans.o
 .text.chBSemSignal
                0x0000000008001f6c       0x20 /tmp/ccIxtr6s.ltrans0.ltrans.o
 .text.rxend    0x0000000008001f8c       0x18 /tmp/ccIxtr6s.ltrans0.ltrans.o
 .text.Thread1  0x0000000008001fa4      0x174 /tmp/ccIxtr6s.ltrans0.ltrans.o
 .text.main     0x0000000008002118      0x190 /tmp/ccIxtr6s.ltrans0.ltrans.o
                0x0000000008002118                main
 .text.timer_expired
                0x00000000080022a8       0x10 /tmp/ccIxtr6s.ltrans0.ltrans.o
 .text.stop_timer
                0x00000000080022b8       0x18 /tmp/ccIxtr6s.ltrans0.ltrans.o
 .text.restart_timer
                0x00000000080022d0       0x14 /tmp/ccIxtr6s.ltrans0.ltrans.o
 .text.construct_response
                0x00000000080022e4       0x6a /tmp/ccIxtr6s.ltrans0.ltrans.o
 *fill*         0x000000000800234e        0x2 
 .text.send_response
                0x0000000008002350       0x24 /tmp/ccIxtr6s.ltrans0.ltrans.o
 .text.is_frame_valid
                0x0000000008002374       0x4c /tmp/ccIxtr6s.ltrans0.ltrans.o
 .text.process_request
                0x00000000080023c0       0x4c /tmp/ccIxtr6s.ltrans0.ltrans.o
 .text.poll_uart_for_character
                0x000000000800240c       0x2c /tmp/ccIxtr6s.ltrans0.ltrans.o
 .text.handle_rx_packet
                0x0000000008002438       0xac /tmp/ccIxtr6s.ltrans0.ltrans.o
 .text.modbus_driver_thread
                0x00000000080024e4       0xa8 /tmp/ccIxtr6s.ltrans0.ltrans.o
 .text.usMBCRC16
                0x000000000800258c       0x64 /tmp/ccIxtr6s.ltrans0.ltrans.o
 .text.port_lock.lto_priv.33
                0x00000000080025f0       0x1a /tmp/ccIxtr6s.ltrans1.ltrans.o
 .text.port_unlock.lto_priv.30
                0x000000000800260a       0x1a /tmp/ccIxtr6s.ltrans1.ltrans.o
 .text.chSysLock.lto_priv.38
                0x0000000008002624        0xa /tmp/ccIxtr6s.ltrans1.ltrans.o
 .text.chSysUnlock.lto_priv.36
                0x000000000800262e        0xa /tmp/ccIxtr6s.ltrans1.ltrans.o
 .text._core_init
                0x0000000008002638       0x24 /tmp/ccIxtr6s.ltrans1.ltrans.o
                0x0000000008002638                _core_init
 .text.chCoreAllocAlignedWithOffsetI
                0x000000000800265c       0x6c /tmp/ccIxtr6s.ltrans1.ltrans.o
 .text.chCoreAllocAlignedWithOffset
                0x00000000080026c8       0x2a /tmp/ccIxtr6s.ltrans1.ltrans.o
 *fill*         0x00000000080026f2        0x2 
 .text._heap_init
                0x00000000080026f4       0x2c /tmp/ccIxtr6s.ltrans1.ltrans.o
                0x00000000080026f4                _heap_init
 .text.chPoolObjectInitAligned
                0x0000000008002720       0x30 /tmp/ccIxtr6s.ltrans1.ltrans.o
 .text.chCoreAllocAlignedI
                0x0000000008002750       0x1e /tmp/ccIxtr6s.ltrans1.ltrans.o
 .text.chPoolObjectInit
                0x000000000800276e       0x1e /tmp/ccIxtr6s.ltrans1.ltrans.o
 .text.dyn_list_init
                0x000000000800278c       0x18 /tmp/ccIxtr6s.ltrans1.ltrans.o
 .text._factory_init
                0x00000000080027a4       0x64 /tmp/ccIxtr6s.ltrans1.ltrans.o
                0x00000000080027a4                _factory_init
 .text.port_lock.lto_priv.35
                0x0000000008002808       0x1a /tmp/ccIxtr6s.ltrans1.ltrans.o
 .text.port_unlock.lto_priv.32
                0x0000000008002822       0x1a /tmp/ccIxtr6s.ltrans1.ltrans.o
 .text.port_lock_from_isr
                0x000000000800283c        0xa /tmp/ccIxtr6s.ltrans1.ltrans.o
 .text.port_unlock_from_isr
                0x0000000008002846        0xa /tmp/ccIxtr6s.ltrans1.ltrans.o
 .text.SVC_Handler
                0x0000000008002850       0x3c /tmp/ccIxtr6s.ltrans1.ltrans.o
                0x0000000008002850                SVC_Handler
 .text._port_irq_epilogue
                0x000000000800288c       0x7c /tmp/ccIxtr6s.ltrans1.ltrans.o
                0x000000000800288c                _port_irq_epilogue
 .text.osalThreadSleep.lto_priv.29
                0x0000000008002908       0x14 /tmp/ccIxtr6s.ltrans1.ltrans.o
                0x0000000008002908                osalThreadSleep.lto_priv.29
 .text.chMtxObjectInit
                0x000000000800291c       0x1c /tmp/ccIxtr6s.ltrans2.ltrans.o
                0x000000000800291c                chMtxObjectInit
 .text.chEvtBroadcastFlagsI
                0x0000000008002938       0x56 /tmp/ccIxtr6s.ltrans2.ltrans.o
                0x0000000008002938                chEvtBroadcastFlagsI
 .text.chEvtSignalI
                0x000000000800298e       0x5c /tmp/ccIxtr6s.ltrans2.ltrans.o
 *fill*         0x00000000080029ea        0x2 
 .text._thread_init
                0x00000000080029ec       0x80 /tmp/ccIxtr6s.ltrans3.ltrans.o
                0x00000000080029ec                _thread_init
 .text.chThdCreateSuspendedI
                0x0000000008002a6c       0x5c /tmp/ccIxtr6s.ltrans3.ltrans.o
                0x0000000008002a6c                chThdCreateSuspendedI
 .text.chThdCreate
                0x0000000008002ac8       0x2a /tmp/ccIxtr6s.ltrans3.ltrans.o
                0x0000000008002ac8                chThdCreate
 *fill*         0x0000000008002af2        0x2 
 .text.chThdCreateStatic
                0x0000000008002af4       0x70 /tmp/ccIxtr6s.ltrans3.ltrans.o
                0x0000000008002af4                chThdCreateStatic
 .text.chThdExit
                0x0000000008002b64       0x18 /tmp/ccIxtr6s.ltrans3.ltrans.o
                0x0000000008002b64                chThdExit
 .text.chThdExitS
                0x0000000008002b7c       0x74 /tmp/ccIxtr6s.ltrans3.ltrans.o
 .text.chThdSleep
                0x0000000008002bf0       0x1c /tmp/ccIxtr6s.ltrans3.ltrans.o
                0x0000000008002bf0                chThdSleep
 .text.chThdSuspendTimeoutS
                0x0000000008002c0c       0x3a /tmp/ccIxtr6s.ltrans3.ltrans.o
                0x0000000008002c0c                chThdSuspendTimeoutS
 .text.chThdResumeI
                0x0000000008002c46       0x30 /tmp/ccIxtr6s.ltrans3.ltrans.o
                0x0000000008002c46                chThdResumeI
 *fill*         0x0000000008002c76        0x2 
 .text.chThdEnqueueTimeoutS
                0x0000000008002c78       0x38 /tmp/ccIxtr6s.ltrans3.ltrans.o
                0x0000000008002c78                chThdEnqueueTimeoutS
 .text.chThdDequeueNextI
                0x0000000008002cb0       0x24 /tmp/ccIxtr6s.ltrans3.ltrans.o
                0x0000000008002cb0                chThdDequeueNextI
 .text.chThdDequeueAllI
                0x0000000008002cd4       0x26 /tmp/ccIxtr6s.ltrans3.ltrans.o
                0x0000000008002cd4                chThdDequeueAllI
 *fill*         0x0000000008002cfa        0x2 
 .text.port_rt_get_counter_value
                0x0000000008002cfc       0x18 /tmp/ccIxtr6s.ltrans3.ltrans.o
 .text.tm_stop  0x0000000008002d14       0x70 /tmp/ccIxtr6s.ltrans3.ltrans.o
 .text._tm_init
                0x0000000008002d84       0x34 /tmp/ccIxtr6s.ltrans3.ltrans.o
                0x0000000008002d84                _tm_init
 .text.chTMObjectInit
                0x0000000008002db8       0x38 /tmp/ccIxtr6s.ltrans3.ltrans.o
 .text.chTMStartMeasurementX
                0x0000000008002df0       0x18 /tmp/ccIxtr6s.ltrans3.ltrans.o
 .text.chTMStopMeasurementX
                0x0000000008002e08       0x24 /tmp/ccIxtr6s.ltrans3.ltrans.o
 .text.port_lock.lto_priv.80
                0x0000000008002e2c       0x1a /tmp/ccIxtr6s.ltrans3.ltrans.o
 .text.port_unlock.lto_priv.77
                0x0000000008002e46       0x1a /tmp/ccIxtr6s.ltrans3.ltrans.o
 .text.queue_init.lto_priv.91
                0x0000000008002e60       0x1e /tmp/ccIxtr6s.ltrans3.ltrans.o
 .text.queue_insert.lto_priv.89
                0x0000000008002e7e       0x30 /tmp/ccIxtr6s.ltrans3.ltrans.o
 .text.queue_fifo_remove
                0x0000000008002eae       0x2c /tmp/ccIxtr6s.ltrans3.ltrans.o
 .text.chSysLock.lto_priv.87
                0x0000000008002eda        0xa /tmp/ccIxtr6s.ltrans3.ltrans.o
 .text.chSysUnlock.lto_priv.84
                0x0000000008002ee4        0xa /tmp/ccIxtr6s.ltrans3.ltrans.o
 .text.chSemObjectInit
                0x0000000008002eee       0x1e /tmp/ccIxtr6s.ltrans3.ltrans.o
                0x0000000008002eee                chSemObjectInit
 .text.chSemWait
                0x0000000008002f0c       0x22 /tmp/ccIxtr6s.ltrans3.ltrans.o
                0x0000000008002f0c                chSemWait
 *fill*         0x0000000008002f2e        0x2 
 .text.chSemWaitS
                0x0000000008002f30       0x4c /tmp/ccIxtr6s.ltrans3.ltrans.o
 .text.chSemSignalI
                0x0000000008002f7c       0x36 /tmp/ccIxtr6s.ltrans3.ltrans.o
                0x0000000008002f7c                chSemSignalI
 .text.queue_init.lto_priv.54
                0x0000000008002fb2       0x1e /tmp/ccIxtr6s.ltrans3.ltrans.o
                0x0000000008002fb2                queue_init.lto_priv.54
 .text.Vector15C
                0x0000000008002fd0       0x14 /tmp/ccIxtr6s.ltrans4.ltrans.o
                0x0000000008002fd0                Vector15C
 .text.uart_lld_init
                0x0000000008002fe4       0x30 /tmp/ccIxtr6s.ltrans4.ltrans.o
                0x0000000008002fe4                uart_lld_init
 .text.uart_lld_start
                0x0000000008003014       0xd0 /tmp/ccIxtr6s.ltrans4.ltrans.o
                0x0000000008003014                uart_lld_start
 .text.uart_lld_start_send
                0x00000000080030e4       0x72 /tmp/ccIxtr6s.ltrans4.ltrans.o
                0x00000000080030e4                uart_lld_start_send
 .text.gpio_init
                0x0000000008003156       0x4c /tmp/ccIxtr6s.ltrans4.ltrans.o
 *fill*         0x00000000080031a2        0x2 
 .text.stm32_gpio_init
                0x00000000080031a4       0x94 /tmp/ccIxtr6s.ltrans4.ltrans.o
 .text.__early_init
                0x0000000008003238        0xe /tmp/ccIxtr6s.ltrans4.ltrans.o
                0x0000000008003238                __early_init
 .text.boardInit
                0x0000000008003246        0xc /tmp/ccIxtr6s.ltrans4.ltrans.o
                0x0000000008003246                boardInit
 .text.chTimeAddX.lto_priv.135
                0x0000000008003252       0x1c /tmp/ccIxtr6s.ltrans4.ltrans.o
 .text.chTimeDiffX.lto_priv.133
                0x000000000800326e       0x1c /tmp/ccIxtr6s.ltrans4.ltrans.o
 *fill*         0x000000000800328a        0x2 
 .text.__NVIC_SetPriorityGrouping
                0x000000000800328c       0x48 /tmp/ccIxtr6s.ltrans4.ltrans.o
 .text.__NVIC_SetPriority
                0x00000000080032d4       0x54 /tmp/ccIxtr6s.ltrans4.ltrans.o
 .text.port_init
                0x0000000008003328       0x40 /tmp/ccIxtr6s.ltrans4.ltrans.o
 .text.port_lock.lto_priv.116
                0x0000000008003368       0x1a /tmp/ccIxtr6s.ltrans4.ltrans.o
 .text.port_unlock.lto_priv.113
                0x0000000008003382       0x1a /tmp/ccIxtr6s.ltrans4.ltrans.o
 .text.port_lock_from_isr.lto_priv.125
                0x000000000800339c        0xa /tmp/ccIxtr6s.ltrans4.ltrans.o
 .text.port_unlock_from_isr.lto_priv.123
                0x00000000080033a6        0xa /tmp/ccIxtr6s.ltrans4.ltrans.o
 .text.port_disable
                0x00000000080033b0        0xe /tmp/ccIxtr6s.ltrans4.ltrans.o
 .text.port_enable
                0x00000000080033be       0x1c /tmp/ccIxtr6s.ltrans4.ltrans.o
 .text.port_wait_for_interrupt
                0x00000000080033da        0xc /tmp/ccIxtr6s.ltrans4.ltrans.o
 *fill*         0x00000000080033e6        0x2 
 .text.port_rt_get_counter_value
                0x00000000080033e8       0x18 /tmp/ccIxtr6s.ltrans4.ltrans.o
 .text.st_lld_get_counter.lto_priv.110
                0x0000000008003400       0x14 /tmp/ccIxtr6s.ltrans4.ltrans.o
 .text.port_timer_stop_alarm.lto_priv.131
                0x0000000008003414        0xa /tmp/ccIxtr6s.ltrans4.ltrans.o
 .text.port_timer_set_alarm.lto_priv.129
                0x000000000800341e       0x14 /tmp/ccIxtr6s.ltrans4.ltrans.o
 .text.port_timer_get_time.lto_priv.107
                0x0000000008003432        0xe /tmp/ccIxtr6s.ltrans4.ltrans.o
 .text.chSysEnable
                0x0000000008003440        0xa /tmp/ccIxtr6s.ltrans4.ltrans.o
 .text.chSysLockFromISR.lto_priv.121
                0x000000000800344a        0xa /tmp/ccIxtr6s.ltrans4.ltrans.o
 .text.chSysUnlockFromISR.lto_priv.119
                0x0000000008003454        0xa /tmp/ccIxtr6s.ltrans4.ltrans.o
 .text.chVTGetSystemTimeX.lto_priv.127
                0x000000000800345e        0xe /tmp/ccIxtr6s.ltrans4.ltrans.o
 .text.chVTDoTickI
                0x000000000800346c       0xfc /tmp/ccIxtr6s.ltrans4.ltrans.o
 .text._idle_thread.lto_priv.14
                0x0000000008003568        0xe /tmp/ccIxtr6s.ltrans4.ltrans.o
                0x0000000008003568                _idle_thread.lto_priv.14
 *fill*         0x0000000008003576        0x2 
 .text.chSysInit
                0x0000000008003578       0x60 /tmp/ccIxtr6s.ltrans4.ltrans.o
                0x0000000008003578                chSysInit
 .text.chSysHalt
                0x00000000080035d8       0x18 /tmp/ccIxtr6s.ltrans4.ltrans.o
                0x00000000080035d8                chSysHalt
 .text.chSysTimerHandlerI
                0x00000000080035f0        0xa /tmp/ccIxtr6s.ltrans4.ltrans.o
                0x00000000080035f0                chSysTimerHandlerI
 .text.chSysIsCounterWithinX
                0x00000000080035fa       0x2e /tmp/ccIxtr6s.ltrans4.ltrans.o
 .text.chSysPolledDelayX
                0x0000000008003628       0x32 /tmp/ccIxtr6s.ltrans4.ltrans.o
                0x0000000008003628                chSysPolledDelayX
 .text.chTimeAddX.lto_priv.136
                0x000000000800365a       0x1c /tmp/ccIxtr6s.ltrans4.ltrans.o
 .text.chTimeDiffX.lto_priv.134
                0x0000000008003676       0x1c /tmp/ccIxtr6s.ltrans4.ltrans.o
 .text.st_lld_get_counter.lto_priv.111
                0x0000000008003692       0x14 /tmp/ccIxtr6s.ltrans4.ltrans.o
 .text.port_timer_start_alarm
                0x00000000080036a6       0x14 /tmp/ccIxtr6s.ltrans4.ltrans.o
 .text.port_timer_stop_alarm.lto_priv.132
                0x00000000080036ba        0xa /tmp/ccIxtr6s.ltrans4.ltrans.o
 .text.port_timer_set_alarm.lto_priv.130
                0x00000000080036c4       0x14 /tmp/ccIxtr6s.ltrans4.ltrans.o
 .text.port_timer_get_time.lto_priv.108
                0x00000000080036d8        0xe /tmp/ccIxtr6s.ltrans4.ltrans.o
 .text.chVTGetSystemTimeX.lto_priv.128
                0x00000000080036e6        0xe /tmp/ccIxtr6s.ltrans4.ltrans.o
 .text._vt_init
                0x00000000080036f4       0x30 /tmp/ccIxtr6s.ltrans4.ltrans.o
 .text.chVTDoSetI
                0x0000000008003724      0x134 /tmp/ccIxtr6s.ltrans4.ltrans.o
 .text.chVTDoResetI
                0x0000000008003858       0xec /tmp/ccIxtr6s.ltrans4.ltrans.o
 .text.port_lock.lto_priv.117
                0x0000000008003944       0x1a /tmp/ccIxtr6s.ltrans4.ltrans.o
 .text.port_unlock.lto_priv.114
                0x000000000800395e       0x1a /tmp/ccIxtr6s.ltrans4.ltrans.o
 .text.port_lock_from_isr.lto_priv.126
                0x0000000008003978        0xa /tmp/ccIxtr6s.ltrans4.ltrans.o
 .text.port_unlock_from_isr.lto_priv.124
                0x0000000008003982        0xa /tmp/ccIxtr6s.ltrans4.ltrans.o
 .text.queue_init
                0x000000000800398c       0x1e /tmp/ccIxtr6s.ltrans4.ltrans.o
 .text.queue_fifo_remove.lto_priv.105
                0x00000000080039aa       0x2c /tmp/ccIxtr6s.ltrans4.ltrans.o
 .text.queue_dequeue
                0x00000000080039d6       0x2a /tmp/ccIxtr6s.ltrans4.ltrans.o
 .text.chSchIsRescRequiredI
                0x0000000008003a00       0x28 /tmp/ccIxtr6s.ltrans4.ltrans.o
 .text.chSysLockFromISR.lto_priv.122
                0x0000000008003a28        0xa /tmp/ccIxtr6s.ltrans4.ltrans.o
 .text.chSysUnlockFromISR.lto_priv.120
                0x0000000008003a32        0xa /tmp/ccIxtr6s.ltrans4.ltrans.o
 .text.chVTIsArmedI
                0x0000000008003a3c       0x22 /tmp/ccIxtr6s.ltrans4.ltrans.o
 .text.chSemFastSignalI
                0x0000000008003a5e       0x1c /tmp/ccIxtr6s.ltrans4.ltrans.o
 *fill*         0x0000000008003a7a        0x2 
 .text._scheduler_init
                0x0000000008003a7c       0x24 /tmp/ccIxtr6s.ltrans4.ltrans.o
 .text.chSchReadyI
                0x0000000008003aa0       0x54 /tmp/ccIxtr6s.ltrans4.ltrans.o
                0x0000000008003aa0                chSchReadyI
 .text.chSchReadyAheadI
                0x0000000008003af4       0x54 /tmp/ccIxtr6s.ltrans4.ltrans.o
 .text.chSchGoSleepS
                0x0000000008003b48       0x44 /tmp/ccIxtr6s.ltrans4.ltrans.o
                0x0000000008003b48                chSchGoSleepS
 .text.wakeup   0x0000000008003b8c       0x78 /tmp/ccIxtr6s.ltrans4.ltrans.o
 .text.chSchGoSleepTimeoutS
                0x0000000008003c04       0x68 /tmp/ccIxtr6s.ltrans4.ltrans.o
                0x0000000008003c04                chSchGoSleepTimeoutS
 .text.chSchWakeupS
                0x0000000008003c6c       0x54 /tmp/ccIxtr6s.ltrans4.ltrans.o
                0x0000000008003c6c                chSchWakeupS
 .text.chSchRescheduleS
                0x0000000008003cc0       0x14 /tmp/ccIxtr6s.ltrans4.ltrans.o
                0x0000000008003cc0                chSchRescheduleS
 .text.chSchIsPreemptionRequired
                0x0000000008003cd4       0x34 /tmp/ccIxtr6s.ltrans4.ltrans.o
                0x0000000008003cd4                chSchIsPreemptionRequired
 .text.chSchDoRescheduleAhead
                0x0000000008003d08       0x40 /tmp/ccIxtr6s.ltrans4.ltrans.o
 .text.chSchDoReschedule
                0x0000000008003d48       0x40 /tmp/ccIxtr6s.ltrans4.ltrans.o
                0x0000000008003d48                chSchDoReschedule
 .text.port_lock.lto_priv.118
                0x0000000008003d88       0x1a /tmp/ccIxtr6s.ltrans4.ltrans.o
 .text.port_unlock.lto_priv.115
                0x0000000008003da2       0x1a /tmp/ccIxtr6s.ltrans4.ltrans.o
 .text.list_init.lto_priv.104
                0x0000000008003dbc       0x18 /tmp/ccIxtr6s.ltrans4.ltrans.o
                0x0000000008003dbc                list_init.lto_priv.104
 .text.list_notempty.lto_priv.102
                0x0000000008003dd4       0x24 /tmp/ccIxtr6s.ltrans4.ltrans.o
                0x0000000008003dd4                list_notempty.lto_priv.102
 .text.queue_init.lto_priv.90
                0x0000000008003df8       0x1e /tmp/ccIxtr6s.ltrans4.ltrans.o
                0x0000000008003df8                queue_init.lto_priv.90
 .text.queue_notempty.lto_priv.74
                0x0000000008003e16       0x24 /tmp/ccIxtr6s.ltrans4.ltrans.o
                0x0000000008003e16                queue_notempty.lto_priv.74
 .text.list_remove.lto_priv.103
                0x0000000008003e3a       0x24 /tmp/ccIxtr6s.ltrans4.ltrans.o
                0x0000000008003e3a                list_remove.lto_priv.103
 .text.queue_insert.lto_priv.88
                0x0000000008003e5e       0x30 /tmp/ccIxtr6s.ltrans4.ltrans.o
                0x0000000008003e5e                queue_insert.lto_priv.88
 .text.queue_fifo_remove.lto_priv.106
                0x0000000008003e8e       0x2c /tmp/ccIxtr6s.ltrans4.ltrans.o
 .text.chSysLock.lto_priv.85
                0x0000000008003eba        0xa /tmp/ccIxtr6s.ltrans4.ltrans.o
                0x0000000008003eba                chSysLock.lto_priv.85
 .text.chSysUnlock.lto_priv.82
                0x0000000008003ec4        0xa /tmp/ccIxtr6s.ltrans4.ltrans.o
                0x0000000008003ec4                chSysUnlock.lto_priv.82
 *fill*         0x0000000008003ece        0x2 
 .text.chThdGetSelfX.lto_priv.95
                0x0000000008003ed0       0x18 /tmp/ccIxtr6s.ltrans4.ltrans.o
                0x0000000008003ed0                chThdGetSelfX.lto_priv.95
 .text.chThdSleepS.lto_priv.97
                0x0000000008003ee8       0x16 /tmp/ccIxtr6s.ltrans4.ltrans.o
                0x0000000008003ee8                chThdSleepS.lto_priv.97
 .text.chThdDoDequeueNextI.lto_priv.94
                0x0000000008003efe       0x24 /tmp/ccIxtr6s.ltrans4.ltrans.o
                0x0000000008003efe                chThdDoDequeueNextI.lto_priv.94
 .text.usb_lld_start_in
                0x0000000008003f22      0x14a /tmp/ccIxtr6s.ltrans5.ltrans.o
                0x0000000008003f22                usb_lld_start_in
 .text.usb_lld_stall_out
                0x000000000800406c       0x36 /tmp/ccIxtr6s.ltrans5.ltrans.o
                0x000000000800406c                usb_lld_stall_out
 .text.usb_lld_stall_in
                0x00000000080040a2       0x36 /tmp/ccIxtr6s.ltrans5.ltrans.o
                0x00000000080040a2                usb_lld_stall_in
 .text.usb_lld_clear_out
                0x00000000080040d8       0x36 /tmp/ccIxtr6s.ltrans5.ltrans.o
                0x00000000080040d8                usb_lld_clear_out
 .text.usb_lld_clear_in
                0x000000000800410e       0x36 /tmp/ccIxtr6s.ltrans5.ltrans.o
                0x000000000800410e                usb_lld_clear_in
 .text.port_lock.lto_priv.169
                0x0000000008004144       0x1a /tmp/ccIxtr6s.ltrans5.ltrans.o
 .text.port_unlock.lto_priv.166
                0x000000000800415e       0x1a /tmp/ccIxtr6s.ltrans5.ltrans.o
 .text.port_lock_from_isr.lto_priv.163
                0x0000000008004178        0xa /tmp/ccIxtr6s.ltrans5.ltrans.o
 .text.port_unlock_from_isr.lto_priv.160
                0x0000000008004182        0xa /tmp/ccIxtr6s.ltrans5.ltrans.o
 .text.chSysLockFromISR.lto_priv.157
                0x000000000800418c        0xa /tmp/ccIxtr6s.ltrans5.ltrans.o
 .text.chSysUnlockFromISR.lto_priv.154
                0x0000000008004196        0xa /tmp/ccIxtr6s.ltrans5.ltrans.o
 .text.osalSysHalt.lto_priv.145
                0x00000000080041a0       0x14 /tmp/ccIxtr6s.ltrans5.ltrans.o
 .text.osalSysLockFromISR.lto_priv.151
                0x00000000080041b4        0xa /tmp/ccIxtr6s.ltrans5.ltrans.o
 .text.osalSysUnlockFromISR.lto_priv.148
                0x00000000080041be        0xa /tmp/ccIxtr6s.ltrans5.ltrans.o
 .text.osalThreadResumeI
                0x00000000080041c8       0x18 /tmp/ccIxtr6s.ltrans5.ltrans.o
 .text.spi_lld_serve_rx_interrupt
                0x00000000080041e0      0x12c /tmp/ccIxtr6s.ltrans5.ltrans.o
 .text.spi_lld_serve_tx_interrupt
                0x000000000800430c       0x24 /tmp/ccIxtr6s.ltrans5.ltrans.o
 .text.spi_lld_init
                0x0000000008004330       0x44 /tmp/ccIxtr6s.ltrans5.ltrans.o
                0x0000000008004330                spi_lld_init
 .text.spi_lld_start
                0x0000000008004374      0x150 /tmp/ccIxtr6s.ltrans5.ltrans.o
                0x0000000008004374                spi_lld_start
 .text.spi_lld_send
                0x00000000080044c4       0x88 /tmp/ccIxtr6s.ltrans5.ltrans.o
                0x00000000080044c4                spi_lld_send
 .text.spi_lld_receive
                0x000000000800454c       0x88 /tmp/ccIxtr6s.ltrans5.ltrans.o
                0x000000000800454c                spi_lld_receive
 .text.port_lock.lto_priv.170
                0x00000000080045d4       0x1a /tmp/ccIxtr6s.ltrans5.ltrans.o
 .text.port_unlock.lto_priv.167
                0x00000000080045ee       0x1a /tmp/ccIxtr6s.ltrans5.ltrans.o
 .text.port_lock_from_isr.lto_priv.164
                0x0000000008004608        0xa /tmp/ccIxtr6s.ltrans5.ltrans.o
 .text.port_unlock_from_isr.lto_priv.161
                0x0000000008004612        0xa /tmp/ccIxtr6s.ltrans5.ltrans.o
 .text.chSysLockFromISR.lto_priv.158
                0x000000000800461c        0xa /tmp/ccIxtr6s.ltrans5.ltrans.o
 .text.chSysUnlockFromISR.lto_priv.155
                0x0000000008004626        0xa /tmp/ccIxtr6s.ltrans5.ltrans.o
 .text.osalSysLockFromISR.lto_priv.152
                0x0000000008004630        0xa /tmp/ccIxtr6s.ltrans5.ltrans.o
 .text.osalSysUnlockFromISR.lto_priv.149
                0x000000000800463a        0xa /tmp/ccIxtr6s.ltrans5.ltrans.o
 .text.osalOsTimerHandlerI
                0x0000000008004644        0xa /tmp/ccIxtr6s.ltrans5.ltrans.o
 .text.VectorB0
                0x000000000800464e       0x2c /tmp/ccIxtr6s.ltrans5.ltrans.o
                0x000000000800464e                VectorB0
 *fill*         0x000000000800467a        0x2 
 .text.st_lld_init
                0x000000000800467c       0x80 /tmp/ccIxtr6s.ltrans5.ltrans.o
                0x000000000800467c                st_lld_init
 .text.port_lock.lto_priv.171
                0x00000000080046fc       0x1a /tmp/ccIxtr6s.ltrans5.ltrans.o
 .text.port_unlock.lto_priv.168
                0x0000000008004716       0x1a /tmp/ccIxtr6s.ltrans5.ltrans.o
 .text.port_lock_from_isr.lto_priv.165
                0x0000000008004730        0xa /tmp/ccIxtr6s.ltrans5.ltrans.o
 .text.port_unlock_from_isr.lto_priv.162
                0x000000000800473a        0xa /tmp/ccIxtr6s.ltrans5.ltrans.o
 .text.chSysLockFromISR.lto_priv.159
                0x0000000008004744        0xa /tmp/ccIxtr6s.ltrans5.ltrans.o
 .text.chSysUnlockFromISR.lto_priv.156
                0x000000000800474e        0xa /tmp/ccIxtr6s.ltrans5.ltrans.o
 .text.osalSysLockFromISR.lto_priv.153
                0x0000000008004758        0xa /tmp/ccIxtr6s.ltrans5.ltrans.o
 .text.osalSysUnlockFromISR.lto_priv.150
                0x0000000008004762        0xa /tmp/ccIxtr6s.ltrans5.ltrans.o
 .text.osalEventBroadcastFlagsI
                0x000000000800476c       0x18 /tmp/ccIxtr6s.ltrans5.ltrans.o
 .text.set_error
                0x0000000008004784       0x6a /tmp/ccIxtr6s.ltrans5.ltrans.o
 .text.serve_interrupt
                0x00000000080047ee      0x140 /tmp/ccIxtr6s.ltrans5.ltrans.o
 *fill*         0x000000000800492e        0x2 
 .text.notify1  0x0000000008004930       0x24 /tmp/ccIxtr6s.ltrans5.ltrans.o
 .text.notify2  0x0000000008004954       0x24 /tmp/ccIxtr6s.ltrans5.ltrans.o
 .text.VectorD4
                0x0000000008004978       0x14 /tmp/ccIxtr6s.ltrans5.ltrans.o
                0x0000000008004978                VectorD4
 .text.VectorD8
                0x000000000800498c       0x14 /tmp/ccIxtr6s.ltrans5.ltrans.o
                0x000000000800498c                VectorD8
 .text.sd_lld_init
                0x00000000080049a0       0x40 /tmp/ccIxtr6s.ltrans5.ltrans.o
                0x00000000080049a0                sd_lld_init
 .text.osalSysHalt.lto_priv.146
                0x00000000080049e0       0x14 /tmp/ccIxtr6s.ltrans5.ltrans.o
 .text.translate_errors
                0x00000000080049f4       0x76 /tmp/ccIxtr6s.ltrans5.ltrans.o
 .text.uart_enter_rx_idle_loop.lto_priv.141
                0x0000000008004a6a       0x64 /tmp/ccIxtr6s.ltrans5.ltrans.o
                0x0000000008004a6a                uart_enter_rx_idle_loop.lto_priv.141
 .text.usart_stop.lto_priv.142
                0x0000000008004ace       0x9a /tmp/ccIxtr6s.ltrans5.ltrans.o
                0x0000000008004ace                usart_stop.lto_priv.142
 .text.usart_start.lto_priv.143
                0x0000000008004b68       0xb0 /tmp/ccIxtr6s.ltrans5.ltrans.o
                0x0000000008004b68                usart_start.lto_priv.143
 .text.uart_lld_serve_rx_end_irq.lto_priv.139
                0x0000000008004c18       0xb0 /tmp/ccIxtr6s.ltrans5.ltrans.o
                0x0000000008004c18                uart_lld_serve_rx_end_irq.lto_priv.139
 .text.uart_lld_serve_tx_end_irq.lto_priv.140
                0x0000000008004cc8       0x84 /tmp/ccIxtr6s.ltrans5.ltrans.o
                0x0000000008004cc8                uart_lld_serve_tx_end_irq.lto_priv.140
 .text.serve_usart_irq.lto_priv.144
                0x0000000008004d4c       0x92 /tmp/ccIxtr6s.ltrans5.ltrans.o
                0x0000000008004d4c                serve_usart_irq.lto_priv.144
 *fill*         0x0000000008004dde        0x2 
 .text.Vector120
                0x0000000008004de0       0x40 /tmp/ccIxtr6s.ltrans6.ltrans.o
                0x0000000008004de0                Vector120
 .text.Vector124
                0x0000000008004e20       0x44 /tmp/ccIxtr6s.ltrans6.ltrans.o
                0x0000000008004e20                Vector124
 .text.Vector128
                0x0000000008004e64       0x44 /tmp/ccIxtr6s.ltrans6.ltrans.o
                0x0000000008004e64                Vector128
 .text.Vector12C
                0x0000000008004ea8       0x44 /tmp/ccIxtr6s.ltrans6.ltrans.o
                0x0000000008004ea8                Vector12C
 .text.Vector130
                0x0000000008004eec       0x40 /tmp/ccIxtr6s.ltrans6.ltrans.o
                0x0000000008004eec                Vector130
 .text.Vector150
                0x0000000008004f2c       0x44 /tmp/ccIxtr6s.ltrans6.ltrans.o
                0x0000000008004f2c                Vector150
 .text.Vector154
                0x0000000008004f70       0x44 /tmp/ccIxtr6s.ltrans6.ltrans.o
                0x0000000008004f70                Vector154
 .text.Vector158
                0x0000000008004fb4       0x44 /tmp/ccIxtr6s.ltrans6.ltrans.o
                0x0000000008004fb4                Vector158
 .text.dmaInit  0x0000000008004ff8       0x7c /tmp/ccIxtr6s.ltrans6.ltrans.o
                0x0000000008004ff8                dmaInit
 .text.dmaStreamAllocate
                0x0000000008005074      0x108 /tmp/ccIxtr6s.ltrans6.ltrans.o
                0x0000000008005074                dmaStreamAllocate
 .text._pal_lld_init
                0x000000000800517c        0xc /tmp/ccIxtr6s.ltrans6.ltrans.o
                0x000000000800517c                _pal_lld_init
 .text.port_lock
                0x0000000008005188       0x1a /tmp/ccIxtr6s.ltrans6.ltrans.o
 .text.port_unlock
                0x00000000080051a2       0x1a /tmp/ccIxtr6s.ltrans6.ltrans.o
 .text.port_lock_from_isr
                0x00000000080051bc        0xa /tmp/ccIxtr6s.ltrans6.ltrans.o
 .text.port_unlock_from_isr
                0x00000000080051c6        0xa /tmp/ccIxtr6s.ltrans6.ltrans.o
 .text.chSysLockFromISR
                0x00000000080051d0        0xa /tmp/ccIxtr6s.ltrans6.ltrans.o
 .text.chSysUnlockFromISR
                0x00000000080051da        0xa /tmp/ccIxtr6s.ltrans6.ltrans.o
 .text.osalSysLockFromISR
                0x00000000080051e4        0xa /tmp/ccIxtr6s.ltrans6.ltrans.o
 .text.osalSysUnlockFromISR
                0x00000000080051ee        0xa /tmp/ccIxtr6s.ltrans6.ltrans.o
 .text.osalSysPolledDelayX
                0x00000000080051f8       0x14 /tmp/ccIxtr6s.ltrans6.ltrans.o
 .text.otg_core_reset
                0x000000000800520c       0x3a /tmp/ccIxtr6s.ltrans6.ltrans.o
 .text.otg_disable_ep
                0x0000000008005246       0x9a /tmp/ccIxtr6s.ltrans6.ltrans.o
 .text.otg_rxfifo_flush
                0x00000000080052e0       0x2c /tmp/ccIxtr6s.ltrans6.ltrans.o
 .text.otg_txfifo_flush
                0x000000000800530c       0x34 /tmp/ccIxtr6s.ltrans6.ltrans.o
 .text.otg_ram_reset
                0x0000000008005340       0x1c /tmp/ccIxtr6s.ltrans6.ltrans.o
 .text.otg_ram_alloc
                0x000000000800535c       0x2a /tmp/ccIxtr6s.ltrans6.ltrans.o
 .text.otg_fifo_write_from_buffer
                0x0000000008005386       0x32 /tmp/ccIxtr6s.ltrans6.ltrans.o
 .text.otg_fifo_read_to_buffer
                0x00000000080053b8       0x5a /tmp/ccIxtr6s.ltrans6.ltrans.o
 .text.otg_rxfifo_handler
                0x0000000008005412       0xfe /tmp/ccIxtr6s.ltrans6.ltrans.o
 .text.otg_txfifo_handler
                0x0000000008005510      0x12e /tmp/ccIxtr6s.ltrans6.ltrans.o
 .text.otg_epin_handler
                0x000000000800563e      0x102 /tmp/ccIxtr6s.ltrans6.ltrans.o
 .text.otg_epout_handler
                0x0000000008005740      0x12e /tmp/ccIxtr6s.ltrans6.ltrans.o
 .text.otg_isoc_in_failed_handler
                0x000000000800586e       0xd8 /tmp/ccIxtr6s.ltrans6.ltrans.o
 .text.otg_isoc_out_failed_handler
                0x0000000008005946       0x98 /tmp/ccIxtr6s.ltrans6.ltrans.o
 .text.usb_lld_serve_interrupt
                0x00000000080059de      0x1ba /tmp/ccIxtr6s.ltrans6.ltrans.o
 .text.Vector14C
                0x0000000008005b98       0x14 /tmp/ccIxtr6s.ltrans6.ltrans.o
                0x0000000008005b98                Vector14C
 .text.usb_lld_init
                0x0000000008005bac       0x24 /tmp/ccIxtr6s.ltrans6.ltrans.o
                0x0000000008005bac                usb_lld_init
 .text.usb_lld_start
                0x0000000008005bd0       0xe8 /tmp/ccIxtr6s.ltrans6.ltrans.o
                0x0000000008005bd0                usb_lld_start
 .text.usb_lld_reset
                0x0000000008005cb8      0x130 /tmp/ccIxtr6s.ltrans6.ltrans.o
                0x0000000008005cb8                usb_lld_reset
 .text.usb_lld_set_address
                0x0000000008005de8       0x32 /tmp/ccIxtr6s.ltrans6.ltrans.o
                0x0000000008005de8                usb_lld_set_address
 *fill*         0x0000000008005e1a        0x2 
 .text.usb_lld_init_endpoint
                0x0000000008005e1c      0x220 /tmp/ccIxtr6s.ltrans6.ltrans.o
                0x0000000008005e1c                usb_lld_init_endpoint
 .text.usb_lld_disable_endpoints
                0x000000000800603c       0x1a /tmp/ccIxtr6s.ltrans6.ltrans.o
                0x000000000800603c                usb_lld_disable_endpoints
 .text.usb_lld_get_status_out
                0x0000000008006056       0x46 /tmp/ccIxtr6s.ltrans6.ltrans.o
                0x0000000008006056                usb_lld_get_status_out
 .text.usb_lld_get_status_in
                0x000000000800609c       0x46 /tmp/ccIxtr6s.ltrans6.ltrans.o
                0x000000000800609c                usb_lld_get_status_in
 .text.usb_lld_read_setup
                0x00000000080060e2       0x2c /tmp/ccIxtr6s.ltrans6.ltrans.o
                0x00000000080060e2                usb_lld_read_setup
 .text.usb_lld_start_out
                0x000000000800610e      0x12e /tmp/ccIxtr6s.ltrans6.ltrans.o
                0x000000000800610e                usb_lld_start_out
 .text.uartInit
                0x000000000800623c        0xa /tmp/ccIxtr6s.ltrans7.ltrans.o
                0x000000000800623c                uartInit
 .text.uartObjectInit
                0x0000000008006246       0x2a /tmp/ccIxtr6s.ltrans7.ltrans.o
                0x0000000008006246                uartObjectInit
 .text.uartStart
                0x0000000008006270       0x2a /tmp/ccIxtr6s.ltrans7.ltrans.o
                0x0000000008006270                uartStart
 .text.uartStartSend
                0x000000000800629a       0x2a /tmp/ccIxtr6s.ltrans7.ltrans.o
                0x000000000800629a                uartStartSend
 .text.port_lock
                0x00000000080062c4       0x1a /tmp/ccIxtr6s.ltrans7.ltrans.o
 .text.port_unlock
                0x00000000080062de       0x1a /tmp/ccIxtr6s.ltrans7.ltrans.o
 .text.port_lock_from_isr
                0x00000000080062f8        0xa /tmp/ccIxtr6s.ltrans7.ltrans.o
 .text.port_unlock_from_isr
                0x0000000008006302        0xa /tmp/ccIxtr6s.ltrans7.ltrans.o
 .text.chSysLock
                0x000000000800630c        0xa /tmp/ccIxtr6s.ltrans7.ltrans.o
 .text.chSysUnlock
                0x0000000008006316        0xa /tmp/ccIxtr6s.ltrans7.ltrans.o
 .text.chSysLockFromISR
                0x0000000008006320        0xa /tmp/ccIxtr6s.ltrans7.ltrans.o
 .text.chSysUnlockFromISR
                0x000000000800632a        0xa /tmp/ccIxtr6s.ltrans7.ltrans.o
 .text.osalSysLock.lto_priv.186
                0x0000000008006334        0xa /tmp/ccIxtr6s.ltrans7.ltrans.o
 .text.osalSysUnlock.lto_priv.184
                0x000000000800633e        0xa /tmp/ccIxtr6s.ltrans7.ltrans.o
 .text.osalSysLockFromISR
                0x0000000008006348        0xa /tmp/ccIxtr6s.ltrans7.ltrans.o
 .text.osalSysUnlockFromISR
                0x0000000008006352        0xa /tmp/ccIxtr6s.ltrans7.ltrans.o
 .text.get_hword
                0x000000000800635c       0x32 /tmp/ccIxtr6s.ltrans7.ltrans.o
 .text.set_address
                0x000000000800638e       0x3c /tmp/ccIxtr6s.ltrans7.ltrans.o
 *fill*         0x00000000080063ca        0x2 
 .text.default_handler
                0x00000000080063cc      0x3d4 /tmp/ccIxtr6s.ltrans7.ltrans.o
 .text.usbInit  0x00000000080067a0        0xa /tmp/ccIxtr6s.ltrans7.ltrans.o
                0x00000000080067a0                usbInit
 .text.usbObjectInit
                0x00000000080067aa       0x56 /tmp/ccIxtr6s.ltrans7.ltrans.o
                0x00000000080067aa                usbObjectInit
 .text.usbStart
                0x0000000008006800       0x4a /tmp/ccIxtr6s.ltrans7.ltrans.o
                0x0000000008006800                usbStart
 .text.usbInitEndpointI
                0x000000000800684a       0x58 /tmp/ccIxtr6s.ltrans7.ltrans.o
                0x000000000800684a                usbInitEndpointI
 .text.usbDisableEndpointsI
                0x00000000080068a2       0x50 /tmp/ccIxtr6s.ltrans7.ltrans.o
 .text.usbStartReceiveI
                0x00000000080068f2       0x58 /tmp/ccIxtr6s.ltrans7.ltrans.o
                0x00000000080068f2                usbStartReceiveI
 .text.usbStartTransmitI
                0x000000000800694a       0x58 /tmp/ccIxtr6s.ltrans7.ltrans.o
                0x000000000800694a                usbStartTransmitI
 .text._usb_reset
                0x00000000080069a2       0x7c /tmp/ccIxtr6s.ltrans7.ltrans.o
                0x00000000080069a2                _usb_reset
 .text._usb_suspend
                0x0000000008006a1e       0x34 /tmp/ccIxtr6s.ltrans7.ltrans.o
                0x0000000008006a1e                _usb_suspend
 .text._usb_wakeup
                0x0000000008006a52       0x2e /tmp/ccIxtr6s.ltrans7.ltrans.o
                0x0000000008006a52                _usb_wakeup
 .text._usb_ep0setup
                0x0000000008006a80      0x15c /tmp/ccIxtr6s.ltrans7.ltrans.o
                0x0000000008006a80                _usb_ep0setup
 .text._usb_ep0in
                0x0000000008006bdc      0x134 /tmp/ccIxtr6s.ltrans7.ltrans.o
                0x0000000008006bdc                _usb_ep0in
 .text._usb_ep0out
                0x0000000008006d10       0xec /tmp/ccIxtr6s.ltrans7.ltrans.o
                0x0000000008006d10                _usb_ep0out
 .text.nvicEnableVector
                0x0000000008006dfc       0x5c /tmp/ccIxtr6s.ltrans7.ltrans.o
                0x0000000008006dfc                nvicEnableVector
 .text.irqInit  0x0000000008006e58       0x3e /tmp/ccIxtr6s.ltrans7.ltrans.o
 *fill*         0x0000000008006e96        0x2 
 .text.hal_lld_backup_domain_init
                0x0000000008006e98       0x48 /tmp/ccIxtr6s.ltrans7.ltrans.o
 .text.hal_lld_init
                0x0000000008006ee0       0x78 /tmp/ccIxtr6s.ltrans7.ltrans.o
                0x0000000008006ee0                hal_lld_init
 .text.stm32_clock_init
                0x0000000008006f58      0x138 /tmp/ccIxtr6s.ltrans7.ltrans.o
                0x0000000008006f58                stm32_clock_init
 .text.Vector6C
                0x0000000008007090       0x40 /tmp/ccIxtr6s.ltrans7.ltrans.o
                0x0000000008007090                Vector6C
 .text.Vector70
                0x00000000080070d0       0x44 /tmp/ccIxtr6s.ltrans7.ltrans.o
                0x00000000080070d0                Vector70
 .text.Vector74
                0x0000000008007114       0x44 /tmp/ccIxtr6s.ltrans7.ltrans.o
                0x0000000008007114                Vector74
 .text.Vector78
                0x0000000008007158       0x44 /tmp/ccIxtr6s.ltrans7.ltrans.o
                0x0000000008007158                Vector78
 .text.Vector7C
                0x000000000800719c       0x40 /tmp/ccIxtr6s.ltrans7.ltrans.o
                0x000000000800719c                Vector7C
 .text.Vector80
                0x00000000080071dc       0x44 /tmp/ccIxtr6s.ltrans7.ltrans.o
                0x00000000080071dc                Vector80
 .text.Vector84
                0x0000000008007220       0x44 /tmp/ccIxtr6s.ltrans7.ltrans.o
                0x0000000008007220                Vector84
 .text.VectorFC
                0x0000000008007264       0x44 /tmp/ccIxtr6s.ltrans7.ltrans.o
                0x0000000008007264                VectorFC
 .text.iqGetTimeout
                0x00000000080072a8       0x7c /tmp/ccIxtr6s.ltrans8.ltrans.o
 .text.iqReadTimeout
                0x0000000008007324       0x7e /tmp/ccIxtr6s.ltrans8.ltrans.o
 .text.oqObjectInit
                0x00000000080073a2       0x4a /tmp/ccIxtr6s.ltrans8.ltrans.o
 .text.oqPutTimeout
                0x00000000080073ec       0x80 /tmp/ccIxtr6s.ltrans8.ltrans.o
 .text.oqGetI   0x000000000800746c       0x78 /tmp/ccIxtr6s.ltrans8.ltrans.o
                0x000000000800746c                oqGetI
 .text.oqWriteTimeout
                0x00000000080074e4       0x7e /tmp/ccIxtr6s.ltrans8.ltrans.o
 .text.chEvtObjectInit.lto_priv.221
                0x0000000008007562       0x18 /tmp/ccIxtr6s.ltrans8.ltrans.o
 .text.osalEventObjectInit.lto_priv.217
                0x000000000800757a       0x14 /tmp/ccIxtr6s.ltrans8.ltrans.o
 .text.osalEventBroadcastFlagsI.lto_priv.215
                0x000000000800758e       0x18 /tmp/ccIxtr6s.ltrans8.ltrans.o
 .text._write.lto_priv.15
                0x00000000080075a6       0x28 /tmp/ccIxtr6s.ltrans8.ltrans.o
                0x00000000080075a6                _write.lto_priv.15
 .text._read.lto_priv.17
                0x00000000080075ce       0x28 /tmp/ccIxtr6s.ltrans8.ltrans.o
                0x00000000080075ce                _read.lto_priv.17
 .text._put.lto_priv.11
                0x00000000080075f6       0x26 /tmp/ccIxtr6s.ltrans8.ltrans.o
                0x00000000080075f6                _put.lto_priv.11
 .text._get.lto_priv.8
                0x000000000800761c       0x20 /tmp/ccIxtr6s.ltrans8.ltrans.o
                0x000000000800761c                _get.lto_priv.8
 .text._putt.lto_priv.19
                0x000000000800763c       0x26 /tmp/ccIxtr6s.ltrans8.ltrans.o
                0x000000000800763c                _putt.lto_priv.19
 .text._gett.lto_priv.21
                0x0000000008007662       0x20 /tmp/ccIxtr6s.ltrans8.ltrans.o
                0x0000000008007662                _gett.lto_priv.21
 .text._writet.lto_priv.23
                0x0000000008007682       0x28 /tmp/ccIxtr6s.ltrans8.ltrans.o
                0x0000000008007682                _writet.lto_priv.23
 .text._readt.lto_priv.25
                0x00000000080076aa       0x28 /tmp/ccIxtr6s.ltrans8.ltrans.o
                0x00000000080076aa                _readt.lto_priv.25
 .text._ctl.lto_priv.27
                0x00000000080076d2       0x26 /tmp/ccIxtr6s.ltrans8.ltrans.o
                0x00000000080076d2                _ctl.lto_priv.27
 .text.sdInit   0x00000000080076f8        0xa /tmp/ccIxtr6s.ltrans8.ltrans.o
                0x00000000080076f8                sdInit
 *fill*         0x0000000008007702        0x2 
 .text.sdObjectInit
                0x0000000008007704       0x5c /tmp/ccIxtr6s.ltrans8.ltrans.o
                0x0000000008007704                sdObjectInit
 .text.sdIncomingDataI
                0x0000000008007760       0x48 /tmp/ccIxtr6s.ltrans8.ltrans.o
                0x0000000008007760                sdIncomingDataI
 .text.port_lock.lto_priv.200
                0x00000000080077a8       0x1a /tmp/ccIxtr6s.ltrans8.ltrans.o
 .text.port_unlock.lto_priv.196
                0x00000000080077c2       0x1a /tmp/ccIxtr6s.ltrans8.ltrans.o
 .text.port_lock_from_isr
                0x00000000080077dc        0xa /tmp/ccIxtr6s.ltrans8.ltrans.o
 .text.port_unlock_from_isr
                0x00000000080077e6        0xa /tmp/ccIxtr6s.ltrans8.ltrans.o
 .text.chSysLock.lto_priv.192
                0x00000000080077f0        0xa /tmp/ccIxtr6s.ltrans8.ltrans.o
 .text.chSysUnlock.lto_priv.188
                0x00000000080077fa        0xa /tmp/ccIxtr6s.ltrans8.ltrans.o
 .text.chSysLockFromISR
                0x0000000008007804        0xa /tmp/ccIxtr6s.ltrans8.ltrans.o
 .text.chSysUnlockFromISR
                0x000000000800780e        0xa /tmp/ccIxtr6s.ltrans8.ltrans.o
 .text.chEvtObjectInit.lto_priv.222
                0x0000000008007818       0x18 /tmp/ccIxtr6s.ltrans8.ltrans.o
 .text.osalSysLock.lto_priv.212
                0x0000000008007830        0xa /tmp/ccIxtr6s.ltrans8.ltrans.o
 .text.osalSysUnlock.lto_priv.208
                0x000000000800783a        0xa /tmp/ccIxtr6s.ltrans8.ltrans.o
 .text.osalSysLockFromISR
                0x0000000008007844        0xa /tmp/ccIxtr6s.ltrans8.ltrans.o
 .text.osalSysUnlockFromISR
                0x000000000800784e        0xa /tmp/ccIxtr6s.ltrans8.ltrans.o
 .text.osalThreadDequeueAllI.lto_priv.220
                0x0000000008007858       0x18 /tmp/ccIxtr6s.ltrans8.ltrans.o
 .text.osalEventObjectInit.lto_priv.218
                0x0000000008007870       0x14 /tmp/ccIxtr6s.ltrans8.ltrans.o
 .text.osalEventBroadcastFlagsI.lto_priv.216
                0x0000000008007884       0x18 /tmp/ccIxtr6s.ltrans8.ltrans.o
 .text.sdu_start_receive
                0x000000000800789c       0x82 /tmp/ccIxtr6s.ltrans8.ltrans.o
 .text._write.lto_priv.16
                0x000000000800791e       0x28 /tmp/ccIxtr6s.ltrans8.ltrans.o
                0x000000000800791e                _write.lto_priv.16
 .text._read.lto_priv.18
                0x0000000008007946       0x28 /tmp/ccIxtr6s.ltrans8.ltrans.o
                0x0000000008007946                _read.lto_priv.18
 .text._put.lto_priv.12
                0x000000000800796e       0x26 /tmp/ccIxtr6s.ltrans8.ltrans.o
                0x000000000800796e                _put.lto_priv.12
 .text._get.lto_priv.9
                0x0000000008007994       0x20 /tmp/ccIxtr6s.ltrans8.ltrans.o
                0x0000000008007994                _get.lto_priv.9
 .text._putt.lto_priv.20
                0x00000000080079b4       0x26 /tmp/ccIxtr6s.ltrans8.ltrans.o
                0x00000000080079b4                _putt.lto_priv.20
 .text._gett.lto_priv.22
                0x00000000080079da       0x20 /tmp/ccIxtr6s.ltrans8.ltrans.o
                0x00000000080079da                _gett.lto_priv.22
 .text._writet.lto_priv.24
                0x00000000080079fa       0x28 /tmp/ccIxtr6s.ltrans8.ltrans.o
                0x00000000080079fa                _writet.lto_priv.24
 .text._readt.lto_priv.26
                0x0000000008007a22       0x28 /tmp/ccIxtr6s.ltrans8.ltrans.o
                0x0000000008007a22                _readt.lto_priv.26
 .text._ctl.lto_priv.28
                0x0000000008007a4a       0x26 /tmp/ccIxtr6s.ltrans8.ltrans.o
                0x0000000008007a4a                _ctl.lto_priv.28
 .text.ibnotify
                0x0000000008007a70       0x1a /tmp/ccIxtr6s.ltrans8.ltrans.o
 .text.obnotify
                0x0000000008007a8a       0x80 /tmp/ccIxtr6s.ltrans8.ltrans.o
 .text.sduInit  0x0000000008007b0a        0xc /tmp/ccIxtr6s.ltrans8.ltrans.o
                0x0000000008007b0a                sduInit
 *fill*         0x0000000008007b16        0x2 
 .text.sduObjectInit
                0x0000000008007b18       0x74 /tmp/ccIxtr6s.ltrans8.ltrans.o
                0x0000000008007b18                sduObjectInit
 .text.sduStart
                0x0000000008007b8c       0x68 /tmp/ccIxtr6s.ltrans8.ltrans.o
                0x0000000008007b8c                sduStart
 .text.sduSuspendHookI
                0x0000000008007bf4       0x44 /tmp/ccIxtr6s.ltrans8.ltrans.o
                0x0000000008007bf4                sduSuspendHookI
 .text.sduWakeupHookI
                0x0000000008007c38       0x28 /tmp/ccIxtr6s.ltrans8.ltrans.o
                0x0000000008007c38                sduWakeupHookI
 .text.sduConfigureHookI
                0x0000000008007c60       0x42 /tmp/ccIxtr6s.ltrans8.ltrans.o
                0x0000000008007c60                sduConfigureHookI
 *fill*         0x0000000008007ca2        0x2 
 .text.sduRequestsHook
                0x0000000008007ca4       0x84 /tmp/ccIxtr6s.ltrans8.ltrans.o
                0x0000000008007ca4                sduRequestsHook
 .text.sduSOFHookI
                0x0000000008007d28       0x80 /tmp/ccIxtr6s.ltrans8.ltrans.o
                0x0000000008007d28                sduSOFHookI
 .text.sduDataTransmitted
                0x0000000008007da8       0xce /tmp/ccIxtr6s.ltrans8.ltrans.o
                0x0000000008007da8                sduDataTransmitted
 .text.sduDataReceived
                0x0000000008007e76       0x70 /tmp/ccIxtr6s.ltrans8.ltrans.o
                0x0000000008007e76                sduDataReceived
 .text.sduInterruptTransmitted
                0x0000000008007ee6       0x16 /tmp/ccIxtr6s.ltrans8.ltrans.o
                0x0000000008007ee6                sduInterruptTransmitted
 .text.port_lock.lto_priv.201
                0x0000000008007efc       0x1a /tmp/ccIxtr6s.ltrans8.ltrans.o
 .text.port_unlock.lto_priv.197
                0x0000000008007f16       0x1a /tmp/ccIxtr6s.ltrans8.ltrans.o
 .text.chSysLock.lto_priv.193
                0x0000000008007f30        0xa /tmp/ccIxtr6s.ltrans8.ltrans.o
 .text.chSysUnlock.lto_priv.189
                0x0000000008007f3a        0xa /tmp/ccIxtr6s.ltrans8.ltrans.o
 .text.osalSysLock.lto_priv.213
                0x0000000008007f44        0xa /tmp/ccIxtr6s.ltrans8.ltrans.o
 .text.osalSysUnlock.lto_priv.209
                0x0000000008007f4e        0xa /tmp/ccIxtr6s.ltrans8.ltrans.o
 .text.osalThreadSuspendS
                0x0000000008007f58       0x1c /tmp/ccIxtr6s.ltrans8.ltrans.o
 .text.osalMutexObjectInit
                0x0000000008007f74       0x14 /tmp/ccIxtr6s.ltrans8.ltrans.o
 .text.spiInit  0x0000000008007f88        0xa /tmp/ccIxtr6s.ltrans8.ltrans.o
                0x0000000008007f88                spiInit
 .text.spiObjectInit
                0x0000000008007f92       0x2a /tmp/ccIxtr6s.ltrans8.ltrans.o
                0x0000000008007f92                spiObjectInit
 .text.spiStart
                0x0000000008007fbc       0x2a /tmp/ccIxtr6s.ltrans8.ltrans.o
                0x0000000008007fbc                spiStart
 .text.spiSelect
                0x0000000008007fe6       0x2c /tmp/ccIxtr6s.ltrans8.ltrans.o
                0x0000000008007fe6                spiSelect
 .text.spiUnselect
                0x0000000008008012       0x2c /tmp/ccIxtr6s.ltrans8.ltrans.o
                0x0000000008008012                spiUnselect
 .text.spiSend  0x000000000800803e       0x34 /tmp/ccIxtr6s.ltrans8.ltrans.o
                0x000000000800803e                spiSend
 .text.spiReceive
                0x0000000008008072       0x34 /tmp/ccIxtr6s.ltrans8.ltrans.o
                0x0000000008008072                spiReceive
 .text.port_lock.lto_priv.202
                0x00000000080080a6       0x1a /tmp/ccIxtr6s.ltrans8.ltrans.o
 .text.port_unlock.lto_priv.198
                0x00000000080080c0       0x1a /tmp/ccIxtr6s.ltrans8.ltrans.o
 .text.chSysLock.lto_priv.194
                0x00000000080080da        0xa /tmp/ccIxtr6s.ltrans8.ltrans.o
 .text.chSysUnlock.lto_priv.190
                0x00000000080080e4        0xa /tmp/ccIxtr6s.ltrans8.ltrans.o
 .text.osalSysLock.lto_priv.185
                0x00000000080080ee        0xa /tmp/ccIxtr6s.ltrans8.ltrans.o
                0x00000000080080ee                osalSysLock.lto_priv.185
 .text.osalSysUnlock.lto_priv.183
                0x00000000080080f8        0xa /tmp/ccIxtr6s.ltrans8.ltrans.o
                0x00000000080080f8                osalSysUnlock.lto_priv.183
 .text.__core_init
                0x0000000008008102        0xc /tmp/ccIxtr6s.ltrans9.ltrans.o
                0x0000000008008102                __core_init
 .text.__late_init
                0x000000000800810e        0xc /tmp/ccIxtr6s.ltrans9.ltrans.o
                0x000000000800810e                __late_init
 .text.__default_exit
                0x000000000800811a        0x6 /tmp/ccIxtr6s.ltrans9.ltrans.o
                0x000000000800811a                __default_exit
 .text.__init_ram_areas
                0x0000000008008120       0x70 /tmp/ccIxtr6s.ltrans9.ltrans.o
                0x0000000008008120                __init_ram_areas
 .text.osalInit
                0x0000000008008190        0xc /tmp/ccIxtr6s.ltrans9.ltrans.o
 .text.halInit  0x000000000800819c       0x2e /tmp/ccIxtr6s.ltrans9.ltrans.o
                0x000000000800819c                halInit
 .text.st_lld_start_alarm
                0x00000000080081ca       0x2a /tmp/ccIxtr6s.ltrans9.ltrans.o
 .text.st_lld_stop_alarm
                0x00000000080081f4       0x14 /tmp/ccIxtr6s.ltrans9.ltrans.o
 .text.st_lld_set_alarm
                0x0000000008008208       0x1a /tmp/ccIxtr6s.ltrans9.ltrans.o
 .text.stInit   0x0000000008008222        0xa /tmp/ccIxtr6s.ltrans9.ltrans.o
 .text.stStartAlarm
                0x000000000800822c       0x14 /tmp/ccIxtr6s.ltrans9.ltrans.o
                0x000000000800822c                stStartAlarm
 .text.stStopAlarm
                0x0000000008008240        0xa /tmp/ccIxtr6s.ltrans9.ltrans.o
                0x0000000008008240                stStopAlarm
 .text.stSetAlarm
                0x000000000800824a       0x14 /tmp/ccIxtr6s.ltrans9.ltrans.o
                0x000000000800824a                stSetAlarm
 .text.chTimeAddX
                0x000000000800825e       0x1c /tmp/ccIxtr6s.ltrans9.ltrans.o
 .text.chTimeDiffX
                0x000000000800827a       0x1c /tmp/ccIxtr6s.ltrans9.ltrans.o
 .text.port_lock.lto_priv.238
                0x0000000008008296       0x1a /tmp/ccIxtr6s.ltrans9.ltrans.o
 .text.port_unlock.lto_priv.236
                0x00000000080082b0       0x1a /tmp/ccIxtr6s.ltrans9.ltrans.o
 .text.st_lld_get_counter
                0x00000000080082ca       0x14 /tmp/ccIxtr6s.ltrans9.ltrans.o
 .text.port_timer_get_time
                0x00000000080082de        0xe /tmp/ccIxtr6s.ltrans9.ltrans.o
 .text.queue_init.lto_priv.234
                0x00000000080082ec       0x1e /tmp/ccIxtr6s.ltrans9.ltrans.o
 .text.chSysLock.lto_priv.232
                0x000000000800830a        0xa /tmp/ccIxtr6s.ltrans9.ltrans.o
 .text.chSysUnlock.lto_priv.230
                0x0000000008008314        0xa /tmp/ccIxtr6s.ltrans9.ltrans.o
 .text.chVTGetSystemTimeX
                0x000000000800831e        0xe /tmp/ccIxtr6s.ltrans9.ltrans.o
 .text.chThdQueueObjectInit.lto_priv.228
                0x000000000800832c       0x14 /tmp/ccIxtr6s.ltrans9.ltrans.o
 .text.osalSysLock
                0x0000000008008340        0xa /tmp/ccIxtr6s.ltrans9.ltrans.o
 .text.osalSysUnlock
                0x000000000800834a        0xa /tmp/ccIxtr6s.ltrans9.ltrans.o
 .text.osalOsGetSystemTimeX
                0x0000000008008354        0xe /tmp/ccIxtr6s.ltrans9.ltrans.o
 .text.osalTimeAddX
                0x0000000008008362       0x1c /tmp/ccIxtr6s.ltrans9.ltrans.o
 .text.osalTimeDiffX
                0x000000000800837e       0x1c /tmp/ccIxtr6s.ltrans9.ltrans.o
 .text.osalThreadQueueObjectInit
                0x000000000800839a       0x14 /tmp/ccIxtr6s.ltrans9.ltrans.o
 .text.osalThreadEnqueueTimeoutS
                0x00000000080083ae       0x1c /tmp/ccIxtr6s.ltrans9.ltrans.o
 .text.osalThreadDequeueNextI
                0x00000000080083ca       0x18 /tmp/ccIxtr6s.ltrans9.ltrans.o
 .text.osalThreadDequeueAllI
                0x00000000080083e2       0x18 /tmp/ccIxtr6s.ltrans9.ltrans.o
 .text.ibqObjectInit
                0x00000000080083fa       0x74 /tmp/ccIxtr6s.ltrans9.ltrans.o
                0x00000000080083fa                ibqObjectInit
 .text.ibqResetI
                0x000000000800846e       0x3c /tmp/ccIxtr6s.ltrans9.ltrans.o
                0x000000000800846e                ibqResetI
 .text.ibqGetEmptyBufferI
                0x00000000080084aa       0x42 /tmp/ccIxtr6s.ltrans9.ltrans.o
                0x00000000080084aa                ibqGetEmptyBufferI
 .text.ibqPostFullBufferI
                0x00000000080084ec       0x4e /tmp/ccIxtr6s.ltrans9.ltrans.o
                0x00000000080084ec                ibqPostFullBufferI
 .text.ibqGetFullBufferTimeoutS
                0x000000000800853a       0x5c /tmp/ccIxtr6s.ltrans9.ltrans.o
 .text.ibqReleaseEmptyBufferS
                0x0000000008008596       0x50 /tmp/ccIxtr6s.ltrans9.ltrans.o
 .text.ibqGetTimeout
                0x00000000080085e6       0x60 /tmp/ccIxtr6s.ltrans9.ltrans.o
                0x00000000080085e6                ibqGetTimeout
 .text.ibqReadTimeout
                0x0000000008008646      0x12a /tmp/ccIxtr6s.ltrans9.ltrans.o
                0x0000000008008646                ibqReadTimeout
 .text.obqObjectInit
                0x0000000008008770       0x74 /tmp/ccIxtr6s.ltrans9.ltrans.o
                0x0000000008008770                obqObjectInit
 .text.obqResetI
                0x00000000080087e4       0x3e /tmp/ccIxtr6s.ltrans9.ltrans.o
                0x00000000080087e4                obqResetI
 .text.obqGetFullBufferI
                0x0000000008008822       0x4e /tmp/ccIxtr6s.ltrans9.ltrans.o
                0x0000000008008822                obqGetFullBufferI
 .text.obqReleaseEmptyBufferI
                0x0000000008008870       0x44 /tmp/ccIxtr6s.ltrans9.ltrans.o
                0x0000000008008870                obqReleaseEmptyBufferI
 .text.obqGetEmptyBufferTimeoutS
                0x00000000080088b4       0x5a /tmp/ccIxtr6s.ltrans9.ltrans.o
 .text.obqPostFullBufferS
                0x000000000800890e       0x5a /tmp/ccIxtr6s.ltrans9.ltrans.o
 .text.obqPutTimeout
                0x0000000008008968       0x6c /tmp/ccIxtr6s.ltrans9.ltrans.o
                0x0000000008008968                obqPutTimeout
 .text.obqWriteTimeout
                0x00000000080089d4      0x132 /tmp/ccIxtr6s.ltrans9.ltrans.o
                0x00000000080089d4                obqWriteTimeout
 .text.obqTryFlushI
                0x0000000008008b06       0x96 /tmp/ccIxtr6s.ltrans9.ltrans.o
                0x0000000008008b06                obqTryFlushI
 .text.port_lock.lto_priv.239
                0x0000000008008b9c       0x1a /tmp/ccIxtr6s.ltrans9.ltrans.o
 .text.port_unlock.lto_priv.237
                0x0000000008008bb6       0x1a /tmp/ccIxtr6s.ltrans9.ltrans.o
 .text.queue_init.lto_priv.235
                0x0000000008008bd0       0x1e /tmp/ccIxtr6s.ltrans9.ltrans.o
 .text.chSysLock.lto_priv.233
                0x0000000008008bee        0xa /tmp/ccIxtr6s.ltrans9.ltrans.o
 .text.chSysUnlock.lto_priv.231
                0x0000000008008bf8        0xa /tmp/ccIxtr6s.ltrans9.ltrans.o
 .text.chThdQueueObjectInit.lto_priv.229
                0x0000000008008c02       0x14 /tmp/ccIxtr6s.ltrans9.ltrans.o
 .text.osalSysLock.lto_priv.210
                0x0000000008008c16        0xa /tmp/ccIxtr6s.ltrans9.ltrans.o
                0x0000000008008c16                osalSysLock.lto_priv.210
 .text.osalSysUnlock.lto_priv.206
                0x0000000008008c20        0xa /tmp/ccIxtr6s.ltrans9.ltrans.o
                0x0000000008008c20                osalSysUnlock.lto_priv.206
 .text.osalThreadQueueObjectInit.lto_priv.226
                0x0000000008008c2a       0x14 /tmp/ccIxtr6s.ltrans9.ltrans.o
                0x0000000008008c2a                osalThreadQueueObjectInit.lto_priv.226
 .text.osalThreadEnqueueTimeoutS.lto_priv.223
                0x0000000008008c3e       0x1c /tmp/ccIxtr6s.ltrans9.ltrans.o
                0x0000000008008c3e                osalThreadEnqueueTimeoutS.lto_priv.223
 .text.osalThreadDequeueNextI.lto_priv.225
                0x0000000008008c5a       0x18 /tmp/ccIxtr6s.ltrans9.ltrans.o
                0x0000000008008c5a                osalThreadDequeueNextI.lto_priv.225
 .text.iq_read.lto_priv.227
                0x0000000008008c72       0xbc /tmp/ccIxtr6s.ltrans9.ltrans.o
                0x0000000008008c72                iq_read.lto_priv.227
 .text.oq_write.lto_priv.224
                0x0000000008008d2e       0xbc /tmp/ccIxtr6s.ltrans9.ltrans.o
                0x0000000008008d2e                oq_write.lto_priv.224
 .text.iqObjectInit
                0x0000000008008dea       0x4a /tmp/ccIxtr6s.ltrans9.ltrans.o
                0x0000000008008dea                iqObjectInit
 .text.iqPutI   0x0000000008008e34       0x7c /tmp/ccIxtr6s.ltrans9.ltrans.o
                0x0000000008008e34                iqPutI
 .text.memcpy   0x0000000008008eb0       0x16 /opt/Atollic_TrueSTUDIO_for_STM32_x86_64_9.1.0/ARMTools/bin/../lib/gcc/arm-atollic-eabi/6.3.1/../../../../arm-atollic-eabi/lib/armv7e-m/fpu/libc.a(lib_a-memcpy-stub.o)
                0x0000000008008eb0                memcpy
 .text.memset   0x0000000008008ec6       0x10 /opt/Atollic_TrueSTUDIO_for_STM32_x86_64_9.1.0/ARMTools/bin/../lib/gcc/arm-atollic-eabi/6.3.1/../../../../arm-atollic-eabi/lib/armv7e-m/fpu/libc.a(lib_a-memset.o)
                0x0000000008008ec6                memset
 *(.glue_7t)
 .glue_7t       0x0000000008008ed6        0x0 linker stubs
 *(.glue_7)
 .glue_7        0x0000000008008ed6        0x0 linker stubs
 *(.gcc*)

.vfp11_veneer   0x0000000008008ed8        0x0
 .vfp11_veneer  0x0000000008008ed8        0x0 linker stubs

.v4_bx          0x0000000008008ed8        0x0
 .v4_bx         0x0000000008008ed8        0x0 linker stubs

.iplt           0x0000000008008ed8        0x0
 .iplt          0x0000000008008ed8        0x0 build/obj/crt0_v7m.o

.rodata         0x0000000008008ed8      0x6f0
                0x0000000008008ed8                . = ALIGN (0x4)
                0x0000000008008ed8                __rodata_base__ = .
 *(.rodata)
 *(.rodata.*)
 .rodata.ram_areas.lto_priv.240
                0x0000000008008ed8       0x80 /tmp/ccIxtr6s.ltrans0.ltrans.o
                0x0000000008008ed8                ram_areas.lto_priv.240
 .rodata.vmt.lto_priv.4
                0x0000000008008f58       0x28 /tmp/ccIxtr6s.ltrans0.ltrans.o
                0x0000000008008f58                vmt.lto_priv.4
 .rodata.vmt.lto_priv.5
                0x0000000008008f80       0x28 /tmp/ccIxtr6s.ltrans0.ltrans.o
                0x0000000008008f80                vmt.lto_priv.5
 .rodata.zero_status.lto_priv.180
                0x0000000008008fa8        0x2 /tmp/ccIxtr6s.ltrans0.ltrans.o
                0x0000000008008fa8                zero_status.lto_priv.180
 *fill*         0x0000000008008faa        0x2 
 .rodata.active_status.lto_priv.182
                0x0000000008008fac        0x2 /tmp/ccIxtr6s.ltrans0.ltrans.o
                0x0000000008008fac                active_status.lto_priv.182
 *fill*         0x0000000008008fae        0x2 
 .rodata.halted_status.lto_priv.181
                0x0000000008008fb0        0x2 /tmp/ccIxtr6s.ltrans0.ltrans.o
                0x0000000008008fb0                halted_status.lto_priv.181
 *fill*         0x0000000008008fb2        0x2 
 .rodata._stm32_dma_streams
                0x0000000008008fb4       0xc0 /tmp/ccIxtr6s.ltrans0.ltrans.o
                0x0000000008008fb4                _stm32_dma_streams
 .rodata.ep0config.lto_priv.174
                0x0000000008009074       0x24 /tmp/ccIxtr6s.ltrans0.ltrans.o
                0x0000000008009074                ep0config.lto_priv.174
 .rodata.fsparams.lto_priv.175
                0x0000000008009098        0xc /tmp/ccIxtr6s.ltrans0.ltrans.o
                0x0000000008009098                fsparams.lto_priv.175
 .rodata.dummytx.lto_priv.172
                0x00000000080090a4        0x2 /tmp/ccIxtr6s.ltrans0.ltrans.o
                0x00000000080090a4                dummytx.lto_priv.172
 *fill*         0x00000000080090a6        0x2 
 .rodata.gpio_default_config.lto_priv.138
                0x00000000080090a8       0xa8 /tmp/ccIxtr6s.ltrans0.ltrans.o
                0x00000000080090a8                gpio_default_config.lto_priv.138
 .rodata.str1.4
                0x0000000008009150        0x5 /tmp/ccIxtr6s.ltrans0.ltrans.o
 *fill*         0x0000000008009155        0x3 
 .rodata.idle_descriptor.7876.lto_priv.137
                0x0000000008009158       0x18 /tmp/ccIxtr6s.ltrans0.ltrans.o
                0x0000000008009158                idle_descriptor.7876.lto_priv.137
 .rodata.ch_debug
                0x0000000008009170       0x16 /tmp/ccIxtr6s.ltrans0.ltrans.o
                0x0000000008009170                ch_debug
 *fill*         0x0000000008009186        0x2 
 .rodata.vmt_device
                0x0000000008009188        0x8 /tmp/ccIxtr6s.ltrans0.ltrans.o
 .rodata.vmt_gyroscope
                0x0000000008009190       0x24 /tmp/ccIxtr6s.ltrans0.ltrans.o
 .rodata.pow10  0x00000000080091b4       0x24 /tmp/ccIxtr6s.ltrans0.ltrans.o
 .rodata.chvprintf.str1.4
                0x00000000080091d8        0x7 /tmp/ccIxtr6s.ltrans0.ltrans.o
 *fill*         0x00000000080091df        0x1 
 .rodata.vcom_device_descriptor_data
                0x00000000080091e0       0x12 /tmp/ccIxtr6s.ltrans0.ltrans.o
 *fill*         0x00000000080091f2        0x2 
 .rodata.vcom_device_descriptor
                0x00000000080091f4        0x8 /tmp/ccIxtr6s.ltrans0.ltrans.o
 .rodata.vcom_configuration_descriptor_data
                0x00000000080091fc       0x43 /tmp/ccIxtr6s.ltrans0.ltrans.o
 *fill*         0x000000000800923f        0x1 
 .rodata.vcom_configuration_descriptor
                0x0000000008009240        0x8 /tmp/ccIxtr6s.ltrans0.ltrans.o
 .rodata.vcom_string0
                0x0000000008009248        0x4 /tmp/ccIxtr6s.ltrans0.ltrans.o
 .rodata.vcom_string1
                0x000000000800924c       0x26 /tmp/ccIxtr6s.ltrans0.ltrans.o
 *fill*         0x0000000008009272        0x2 
 .rodata.vcom_string2
                0x0000000008009274       0x38 /tmp/ccIxtr6s.ltrans0.ltrans.o
 .rodata.vcom_string3
                0x00000000080092ac        0x8 /tmp/ccIxtr6s.ltrans0.ltrans.o
 .rodata.vcom_strings
                0x00000000080092b4       0x20 /tmp/ccIxtr6s.ltrans0.ltrans.o
 .rodata.ep1config
                0x00000000080092d4       0x24 /tmp/ccIxtr6s.ltrans0.ltrans.o
 .rodata.ep2config
                0x00000000080092f8       0x24 /tmp/ccIxtr6s.ltrans0.ltrans.o
 .rodata.usbcfg
                0x000000000800931c       0x10 /tmp/ccIxtr6s.ltrans0.ltrans.o
 .rodata.serusbcfg
                0x000000000800932c        0x8 /tmp/ccIxtr6s.ltrans0.ltrans.o
 .rodata.spicfg
                0x0000000008009334       0x14 /tmp/ccIxtr6s.ltrans0.ltrans.o
 .rodata.Thread1.str1.4
                0x0000000008009348        0x8 /tmp/ccIxtr6s.ltrans0.ltrans.o
 .rodata.main.str1.4
                0x0000000008009350       0x4f /tmp/ccIxtr6s.ltrans0.ltrans.o
 *fill*         0x000000000800939f        0x1 
 .rodata.handle_rx_packet.str1.4
                0x00000000080093a0       0x11 /tmp/ccIxtr6s.ltrans0.ltrans.o
 *fill*         0x00000000080093b1        0x3 
 .rodata.aucCRCHi
                0x00000000080093b4      0x100 /tmp/ccIxtr6s.ltrans0.ltrans.o
 .rodata.aucCRCLo
                0x00000000080094b4      0x100 /tmp/ccIxtr6s.ltrans0.ltrans.o
 .rodata.chThdCreateStatic.str1.4
                0x00000000080095b4        0x7 /tmp/ccIxtr6s.ltrans3.ltrans.o
 *fill*         0x00000000080095bb        0x1 
 .rodata.spi_lld_serve_rx_interrupt.str1.4
                0x00000000080095bc        0xc /tmp/ccIxtr6s.ltrans5.ltrans.o
                0x00000000080095c8                . = ALIGN (0x4)
                0x00000000080095c8                __rodata_end__ = .

.ARM.extab
 *(.ARM.extab* .gnu.linkonce.armextab.*)

.ARM.exidx      0x00000000080095c8        0x8
                0x00000000080095c8                __exidx_start = .
 *(.ARM.exidx* .gnu.linkonce.armexidx.*)
 .ARM.exidx     0x00000000080095c8        0x8 /opt/Atollic_TrueSTUDIO_for_STM32_x86_64_9.1.0/ARMTools/bin/../lib/gcc/arm-atollic-eabi/6.3.1/armv7e-m/fpu/libgcc.a(_udivmoddi4.o)
                0x00000000080095d0                __exidx_end = .

.rel.dyn        0x00000000080095d0        0x0
 .rel.iplt      0x00000000080095d0        0x0 build/obj/crt0_v7m.o

.eh_frame_hdr
 *(.eh_frame_hdr)

.eh_frame
 *(.eh_frame)
                0x0000000020000000                __ram0_start__ = ORIGIN (ram0)
                0x0000000000010000                __ram0_size__ = LENGTH (ram0)
                0x0000000020010000                __ram0_end__ = (__ram0_start__ + __ram0_size__)
                0x0000000000000000                __ram1_start__ = ORIGIN (ram1)
                0x0000000000000000                __ram1_size__ = LENGTH (ram1)
                0x0000000000000000                __ram1_end__ = (__ram1_start__ + __ram1_size__)
                0x0000000000000000                __ram2_start__ = ORIGIN (ram2)
                0x0000000000000000                __ram2_size__ = LENGTH (ram2)
                0x0000000000000000                __ram2_end__ = (__ram2_start__ + __ram2_size__)
                0x0000000000000000                __ram3_start__ = ORIGIN (ram3)
                0x0000000000000000                __ram3_size__ = LENGTH (ram3)
                0x0000000000000000                __ram3_end__ = (__ram3_start__ + __ram3_size__)
                0x0000000000000000                __ram4_start__ = ORIGIN (ram4)
                0x0000000000000000                __ram4_size__ = LENGTH (ram4)
                0x0000000000000000                __ram4_end__ = (__ram4_start__ + __ram4_size__)
                0x0000000000000000                __ram5_start__ = ORIGIN (ram5)
                0x0000000000000000                __ram5_size__ = LENGTH (ram5)
                0x0000000000000000                __ram5_end__ = (__ram5_start__ + __ram5_size__)
                0x0000000000000000                __ram6_start__ = ORIGIN (ram6)
                0x0000000000000000                __ram6_size__ = LENGTH (ram6)
                0x0000000000000000                __ram6_end__ = (__ram6_start__ + __ram6_size__)
                0x0000000000000000                __ram7_start__ = ORIGIN (ram7)
                0x0000000000000000                __ram7_size__ = LENGTH (ram7)
                0x0000000000000000                __ram7_end__ = (__ram7_start__ + __ram7_size__)

.data           0x0000000020000800       0x44 load address 0x00000000080095d0
                0x0000000020000800                . = ALIGN (0x4)
                [!provide]                        PROVIDE (_textdata, LOADADDR (.data))
                [!provide]                        PROVIDE (_data, .)
                0x00000000080095d0                _textdata_start = LOADADDR (.data)
                0x0000000020000800                _data_start = .
 *(.data)
 *(.data.*)
 .data.linecoding.lto_priv.214
                0x0000000020000800        0x7 /tmp/ccIxtr6s.ltrans0.ltrans.o
                0x0000000020000800                linecoding.lto_priv.214
 *fill*         0x0000000020000807        0x1 
 .data.uart_cfg_1
                0x0000000020000808       0x20 /tmp/ccIxtr6s.ltrans0.ltrans.o
 .data.axisID   0x0000000020000828        0x3 /tmp/ccIxtr6s.ltrans0.ltrans.o
 *fill*         0x000000002000082b        0x1 
 .data.l3gd20cfg
                0x000000002000082c       0x14 /tmp/ccIxtr6s.ltrans0.ltrans.o
 .data.chp      0x0000000020000840        0x4 /tmp/ccIxtr6s.ltrans0.ltrans.o
 *(.ramtext)
                0x0000000020000844                . = ALIGN (0x4)
                [!provide]                        PROVIDE (_edata, .)
                0x0000000020000844                _data_end = .

.igot.plt       0x0000000020000844        0x0 load address 0x0000000008009614
 .igot.plt      0x0000000020000844        0x0 build/obj/crt0_v7m.o

.bss            0x0000000020000848      0xb90 load address 0x0000000008009614
                0x0000000020000848                . = ALIGN (0x4)
                0x0000000020000848                _bss_start = .
 *(.bss)
 *(.bss.*)
 .bss.dma_streams_mask.lto_priv.176
                0x0000000020000848        0x4 /tmp/ccIxtr6s.ltrans0.ltrans.o
                0x0000000020000848                dma_streams_mask.lto_priv.176
 .bss.dma_isr_redir.lto_priv.177
                0x000000002000084c       0x80 /tmp/ccIxtr6s.ltrans0.ltrans.o
                0x000000002000084c                dma_isr_redir.lto_priv.177
 .bss.USBD1     0x00000000200008cc       0x60 /tmp/ccIxtr6s.ltrans0.ltrans.o
                0x00000000200008cc                USBD1
 .bss.ep0_state.lto_priv.178
                0x000000002000092c       0x10 /tmp/ccIxtr6s.ltrans0.ltrans.o
                0x000000002000092c                ep0_state.lto_priv.178
 .bss.ep0setup_buffer.lto_priv.179
                0x000000002000093c        0x8 /tmp/ccIxtr6s.ltrans0.ltrans.o
                0x000000002000093c                ep0setup_buffer.lto_priv.179
 .bss.SPID1     0x0000000020000944       0x30 /tmp/ccIxtr6s.ltrans0.ltrans.o
                0x0000000020000944                SPID1
 .bss.dummyrx.lto_priv.173
                0x0000000020000974        0x2 /tmp/ccIxtr6s.ltrans0.ltrans.o
                0x0000000020000974                dummyrx.lto_priv.173
 *fill*         0x0000000020000976        0x2 
 .bss.SD1       0x0000000020000978       0x7c /tmp/ccIxtr6s.ltrans0.ltrans.o
                0x0000000020000978                SD1
 .bss.SD2       0x00000000200009f4       0x7c /tmp/ccIxtr6s.ltrans0.ltrans.o
                0x00000000200009f4                SD2
 .bss.UARTD6    0x0000000020000a70       0x1c /tmp/ccIxtr6s.ltrans0.ltrans.o
                0x0000000020000a70                UARTD6
 *fill*         0x0000000020000a8c        0x4 
 .bss.ch_idle_thread_wa
                0x0000000020000a90      0x160 /tmp/ccIxtr6s.ltrans0.ltrans.o
                0x0000000020000a90                ch_idle_thread_wa
 .bss.ch        0x0000000020000bf0       0x78 /tmp/ccIxtr6s.ltrans0.ltrans.o
                0x0000000020000bf0                ch
 .bss.ch_memcore
                0x0000000020000c68        0x8 /tmp/ccIxtr6s.ltrans0.ltrans.o
                0x0000000020000c68                ch_memcore
 .bss.default_heap.lto_priv.40
                0x0000000020000c70       0x1c /tmp/ccIxtr6s.ltrans0.ltrans.o
                0x0000000020000c70                default_heap.lto_priv.40
 .bss.ch_factory
                0x0000000020000c8c       0x44 /tmp/ccIxtr6s.ltrans0.ltrans.o
                0x0000000020000c8c                ch_factory
 .bss.SDU1      0x0000000020000cd0      0x490 /tmp/ccIxtr6s.ltrans0.ltrans.o
 .bss.ep1instate
                0x0000000020001160       0x10 /tmp/ccIxtr6s.ltrans0.ltrans.o
 .bss.ep1outstate
                0x0000000020001170       0x10 /tmp/ccIxtr6s.ltrans0.ltrans.o
 .bss.ep2instate
                0x0000000020001180       0x10 /tmp/ccIxtr6s.ltrans0.ltrans.o
 .bss.bsem      0x0000000020001190        0xc /tmp/ccIxtr6s.ltrans0.ltrans.o
 .bss.L3GD20D1  0x000000002000119c       0x30 /tmp/ccIxtr6s.ltrans0.ltrans.o
 .bss.gyroraw   0x00000000200011cc        0xc /tmp/ccIxtr6s.ltrans0.ltrans.o
 .bss.gyrocooked
                0x00000000200011d8        0xc /tmp/ccIxtr6s.ltrans0.ltrans.o
 .bss.i         0x00000000200011e4        0x4 /tmp/ccIxtr6s.ltrans0.ltrans.o
 .bss.waThread1
                0x00000000200011e8      0x1d0 /tmp/ccIxtr6s.ltrans0.ltrans.o
 .bss.modbus_registers
                0x00000000200013b8       0x18 /tmp/ccIxtr6s.ltrans0.ltrans.o
 .bss.start_time
                0x00000000200013d0        0x4 /tmp/ccIxtr6s.ltrans0.ltrans.o
 .bss.timeout   0x00000000200013d4        0x4 /tmp/ccIxtr6s.ltrans0.ltrans.o
 *(COMMON)
                0x00000000200013d8                . = ALIGN (0x4)
                0x00000000200013d8                _bss_end = .
                [!provide]                        PROVIDE (end, .)

.ram0_init      0x00000000200013d8        0x0 load address 0x0000000008009614
                0x00000000200013d8                . = ALIGN (0x4)
                0x0000000008009614                __ram0_init_text__ = LOADADDR (.ram0_init)
                0x00000000200013d8                __ram0_init__ = .
 *(.ram0_init)
 *(.ram0_init.*)
                0x00000000200013d8                . = ALIGN (0x4)

.ram0           0x00000000200013d8        0x0 load address 0x0000000008009614
                0x00000000200013d8                . = ALIGN (0x4)
                0x00000000200013d8                __ram0_clear__ = .
 *(.ram0_clear)
 *(.ram0_clear.*)
                0x00000000200013d8                . = ALIGN (0x4)
                0x00000000200013d8                __ram0_noinit__ = .
 *(.ram0)
 *(.ram0.*)
                0x00000000200013d8                . = ALIGN (0x4)
                0x00000000200013d8                __ram0_free__ = .

.ram1_init      0x0000000000000000        0x0 load address 0x0000000008009614
                0x0000000000000000                . = ALIGN (0x4)
                0x0000000008009614                __ram1_init_text__ = LOADADDR (.ram1_init)
                0x0000000000000000                __ram1_init__ = .
 *(.ram1_init)
 *(.ram1_init.*)
                0x0000000000000000                . = ALIGN (0x4)

.ram1           0x0000000000000000        0x0 load address 0x0000000008009614
                0x0000000000000000                . = ALIGN (0x4)
                0x0000000000000000                __ram1_clear__ = .
 *(.ram1_clear)
 *(.ram1_clear.*)
                0x0000000000000000                . = ALIGN (0x4)
                0x0000000000000000                __ram1_noinit__ = .
 *(.ram1)
 *(.ram1.*)
                0x0000000000000000                . = ALIGN (0x4)
                0x0000000000000000                __ram1_free__ = .

.ram2_init      0x0000000000000000        0x0 load address 0x0000000008009614
                0x0000000000000000                . = ALIGN (0x4)