Archive member included to satisfy reference by file (symbol)

/opt/Atollic_TrueSTUDIO_for_STM32_x86_64_9.1.0/ARMTools/bin/../lib/gcc/arm-atollic-eabi/6.3.1/armv7e-m/fpu/libgcc.a(_arm_addsubdf3.o)
                              /tmp/ccRI5EXL.ltrans0.ltrans.o (__aeabi_dsub)
/opt/Atollic_TrueSTUDIO_for_STM32_x86_64_9.1.0/ARMTools/bin/../lib/gcc/arm-atollic-eabi/6.3.1/armv7e-m/fpu/libgcc.a(_arm_muldivdf3.o)
                              /tmp/ccRI5EXL.ltrans0.ltrans.o (__aeabi_dmul)
/opt/Atollic_TrueSTUDIO_for_STM32_x86_64_9.1.0/ARMTools/bin/../lib/gcc/arm-atollic-eabi/6.3.1/armv7e-m/fpu/libgcc.a(_arm_fixdfsi.o)
                              /tmp/ccRI5EXL.ltrans0.ltrans.o (__aeabi_d2iz)
/opt/Atollic_TrueSTUDIO_for_STM32_x86_64_9.1.0/ARMTools/bin/../lib/gcc/arm-atollic-eabi/6.3.1/armv7e-m/fpu/libgcc.a(_arm_truncdfsf2.o)
                              /tmp/ccRI5EXL.ltrans0.ltrans.o (__aeabi_d2f)
/opt/Atollic_TrueSTUDIO_for_STM32_x86_64_9.1.0/ARMTools/bin/../lib/gcc/arm-atollic-eabi/6.3.1/armv7e-m/fpu/libgcc.a(_aeabi_uldivmod.o)
                              /tmp/ccRI5EXL.ltrans0.ltrans.o (__aeabi_uldivmod)
/opt/Atollic_TrueSTUDIO_for_STM32_x86_64_9.1.0/ARMTools/bin/../lib/gcc/arm-atollic-eabi/6.3.1/armv7e-m/fpu/libgcc.a(_udivmoddi4.o)
                              /opt/Atollic_TrueSTUDIO_for_STM32_x86_64_9.1.0/ARMTools/bin/../lib/gcc/arm-atollic-eabi/6.3.1/armv7e-m/fpu/libgcc.a(_aeabi_uldivmod.o) (__udivmoddi4)
/opt/Atollic_TrueSTUDIO_for_STM32_x86_64_9.1.0/ARMTools/bin/../lib/gcc/arm-atollic-eabi/6.3.1/armv7e-m/fpu/libgcc.a(_dvmd_tls.o)
                              /opt/Atollic_TrueSTUDIO_for_STM32_x86_64_9.1.0/ARMTools/bin/../lib/gcc/arm-atollic-eabi/6.3.1/armv7e-m/fpu/libgcc.a(_aeabi_uldivmod.o) (__aeabi_ldiv0)
/opt/Atollic_TrueSTUDIO_for_STM32_x86_64_9.1.0/ARMTools/bin/../lib/gcc/arm-atollic-eabi/6.3.1/../../../../arm-atollic-eabi/lib/armv7e-m/fpu/libc.a(lib_a-memcpy-stub.o)
                              /tmp/ccRI5EXL.ltrans0.ltrans.o (memcpy)
/opt/Atollic_TrueSTUDIO_for_STM32_x86_64_9.1.0/ARMTools/bin/../lib/gcc/arm-atollic-eabi/6.3.1/../../../../arm-atollic-eabi/lib/armv7e-m/fpu/libc.a(lib_a-memset.o)
                              /tmp/ccRI5EXL.ltrans1.ltrans.o (memset)
/opt/Atollic_TrueSTUDIO_for_STM32_x86_64_9.1.0/ARMTools/bin/../lib/gcc/arm-atollic-eabi/6.3.1/../../../../arm-atollic-eabi/lib/armv7e-m/fpu/libc.a(lib_a-strcmp.o)
                              /tmp/ccRI5EXL.ltrans3.ltrans.o (strcmp)
/opt/Atollic_TrueSTUDIO_for_STM32_x86_64_9.1.0/ARMTools/bin/../lib/gcc/arm-atollic-eabi/6.3.1/../../../../arm-atollic-eabi/lib/armv7e-m/fpu/libc.a(lib_a-strncmp.o)
                              /tmp/ccRI5EXL.ltrans1.ltrans.o (strncmp)
/opt/Atollic_TrueSTUDIO_for_STM32_x86_64_9.1.0/ARMTools/bin/../lib/gcc/arm-atollic-eabi/6.3.1/../../../../arm-atollic-eabi/lib/armv7e-m/fpu/libc.a(lib_a-strncpy.o)
                              /tmp/ccRI5EXL.ltrans1.ltrans.o (strncpy)

Discarded input sections

 .data          0x0000000000000000        0x0 build/obj/crt0_v7m.o
 .bss           0x0000000000000000        0x0 build/obj/crt0_v7m.o
 .data          0x0000000000000000        0x0 build/obj/vectors.o
 .bss           0x0000000000000000        0x0 build/obj/vectors.o
 .data          0x0000000000000000        0x0 build/obj/chcoreasm_v7m.o
 .bss           0x0000000000000000        0x0 build/obj/chcoreasm_v7m.o
 .text          0x0000000000000000        0x0 build/obj/crt1.o (symbol from plugin)
 .text          0x0000000000000000        0x0 /tmp/ccRI5EXL.ltrans0.ltrans.o
 .data          0x0000000000000000        0x0 /tmp/ccRI5EXL.ltrans0.ltrans.o
 .bss           0x0000000000000000        0x0 /tmp/ccRI5EXL.ltrans0.ltrans.o
 .data.SystemCoreClock
                0x0000000000000000        0x4 /tmp/ccRI5EXL.ltrans0.ltrans.o
 .bss._pal_events
                0x0000000000000000        0x0 /tmp/ccRI5EXL.ltrans0.ltrans.o
 .rodata.default_config.lto_priv.150
                0x0000000000000000        0xc /tmp/ccRI5EXL.ltrans0.ltrans.o
 .text.l3gd20Stop
                0x0000000000000000       0x3e /tmp/ccRI5EXL.ltrans0.ltrans.o
 .text.chsnprintf
                0x0000000000000000       0x66 /tmp/ccRI5EXL.ltrans0.ltrans.o
 .text._writes  0x0000000000000000       0x56 /tmp/ccRI5EXL.ltrans0.ltrans.o
 .text._reads   0x0000000000000000       0x56 /tmp/ccRI5EXL.ltrans0.ltrans.o
 .text._put.lto_priv.17
                0x0000000000000000       0x48 /tmp/ccRI5EXL.ltrans0.ltrans.o
 .text._get.lto_priv.14
                0x0000000000000000       0x44 /tmp/ccRI5EXL.ltrans0.ltrans.o
 .rodata.vmt.lto_priv.10
                0x0000000000000000       0x14 /tmp/ccRI5EXL.ltrans0.ltrans.o
 .text.msObjectInit
                0x0000000000000000       0x3c /tmp/ccRI5EXL.ltrans0.ltrans.o
 .text.writes   0x0000000000000000       0x1a /tmp/ccRI5EXL.ltrans0.ltrans.o
 .text.reads    0x0000000000000000       0x1a /tmp/ccRI5EXL.ltrans0.ltrans.o
 .text.put      0x0000000000000000       0x1a /tmp/ccRI5EXL.ltrans0.ltrans.o
[...]
Memory Configuration

Name             Origin             Length             Attributes
flash0           0x0000000008000000 0x0000000000040000
flash1           0x0000000000000000 0x0000000000000000
flash2           0x0000000000000000 0x0000000000000000
flash3           0x0000000000000000 0x0000000000000000
flash4           0x0000000000000000 0x0000000000000000
flash5           0x0000000000000000 0x0000000000000000
flash6           0x0000000000000000 0x0000000000000000
flash7           0x0000000000000000 0x0000000000000000
ram0             0x0000000020000000 0x0000000000010000
ram1             0x0000000000000000 0x0000000000000000
ram2             0x0000000000000000 0x0000000000000000
ram3             0x0000000000000000 0x0000000000000000
ram4             0x0000000000000000 0x0000000000000000
ram5             0x0000000000000000 0x0000000000000000
ram6             0x0000000000000000 0x0000000000000000
ram7             0x0000000000000000 0x0000000000000000
*default*        0x0000000000000000 0xffffffffffffffff

Linker script and memory map

LOAD build/obj/crt0_v7m.o
LOAD build/obj/vectors.o
LOAD build/obj/chcoreasm_v7m.o
LOAD build/obj/crt1.o
LOAD /tmp/ccRI5EXL.ltrans0.ltrans.o
LOAD /tmp/ccRI5EXL.ltrans1.ltrans.o
LOAD /tmp/ccRI5EXL.ltrans2.ltrans.o
LOAD /tmp/ccRI5EXL.ltrans3.ltrans.o
LOAD /tmp/ccRI5EXL.ltrans4.ltrans.o
LOAD /tmp/ccRI5EXL.ltrans5.ltrans.o
LOAD /tmp/ccRI5EXL.ltrans6.ltrans.o
LOAD /tmp/ccRI5EXL.ltrans7.ltrans.o
LOAD /tmp/ccRI5EXL.ltrans8.ltrans.o
LOAD /tmp/ccRI5EXL.ltrans9.ltrans.o
LOAD build/obj/hal.o
LOAD build/obj/hal_st.o
LOAD build/obj/hal_buffers.o
LOAD build/obj/hal_queues.o
LOAD build/obj/hal_mmcsd.o
LOAD build/obj/hal_pal.o
LOAD build/obj/hal_serial.o
LOAD build/obj/hal_serial_usb.o
LOAD build/obj/hal_spi.o
LOAD build/obj/hal_uart.o
LOAD build/obj/hal_usb.o
LOAD build/obj/nvic.o
LOAD build/obj/stm32_isr.o
LOAD build/obj/hal_lld.o
LOAD build/obj/stm32_dma.o
LOAD build/obj/hal_pal_lld.o
LOAD build/obj/hal_usb_lld.o
LOAD build/obj/hal_spi_lld.o
LOAD build/obj/hal_st_lld.o
LOAD build/obj/hal_serial_lld.o
LOAD build/obj/hal_uart_lld.o
LOAD build/obj/board.o
LOAD build/obj/osal.o
LOAD build/obj/chsys.o
LOAD build/obj/chdebug.o
LOAD build/obj/chtrace.o
LOAD build/obj/chvt.o
LOAD build/obj/chschd.o
LOAD build/obj/chthreads.o
LOAD build/obj/chtm.o
LOAD build/obj/chregistry.o
LOAD build/obj/chsem.o
LOAD build/obj/chmtx.o
LOAD build/obj/chcond.o
LOAD build/obj/chevents.o
LOAD build/obj/chmsg.o
LOAD build/obj/chdynamic.o
LOAD build/obj/chmboxes.o
LOAD build/obj/chmemcore.o
LOAD build/obj/chheap.o
LOAD build/obj/chmempools.o
LOAD build/obj/chfactory.o
LOAD build/obj/chcore.o
LOAD build/obj/chcore_v7m.o
LOAD build/obj/l3gd20.o
LOAD build/obj/chprintf.o
LOAD build/obj/memstreams.o
LOAD build/obj/nullstreams.o
LOAD build/obj/usbcfg.o
LOAD build/obj/main.o
LOAD build/obj/mbcrc.o

.mstack         0x0000000020000000      0x400
                0x0000000020000000                . = ALIGN (0x8)
                0x0000000020000000                __main_stack_base__ = .
                0x0000000020000400                . = (. + __main_stack_size__)
 *fill*         0x0000000020000000      0x400 
                0x0000000020000400                . = ALIGN (0x8)
                0x0000000020000400                __main_stack_end__ = .

.pstack         0x0000000020000400      0x400
                0x0000000020000400                __process_stack_base__ = .
                0x0000000020000400                __main_thread_stack_base__ = .
                0x0000000020000800                . = (. + __process_stack_size__)
 *fill*         0x0000000020000400      0x400 
                0x0000000020000800                . = ALIGN (0x8)
                0x0000000020000800                __process_stack_end__ = .
                0x0000000020000800                __main_thread_stack_end__ = .

.vectors        0x0000000008000000      0x1e0
 *(.vectors)
 .vectors       0x0000000008000000      0x1e0 build/obj/vectors.o
                0x0000000008000000                _vectors

.xtors          0x00000000080001e0        0x0
                0x00000000080001e0                __init_array_start = .
 *(SORT(.init_array.*))
 *(.init_array)
                0x00000000080001e0                __init_array_end = .
                0x00000000080001e0                __fini_array_start = .
 *(.fini_array)
 *(SORT(.fini_array.*))
                0x00000000080001e0                __fini_array_end = .

.text           0x00000000080001e0     0x8aee
 *(.text)
 .text          0x00000000080001e0      0x120 build/obj/crt0_v7m.o
                0x00000000080001e0                _crt0_entry
 .text          0x0000000008000300        0x8 build/obj/vectors.o
                0x0000000008000300                Reset_Handler
                0x0000000008000302                Vector58
                0x0000000008000302                VectorE8
                0x0000000008000302                Vector9C
                0x0000000008000302                VectorAC
                0x0000000008000302                DebugMon_Handler
                0x0000000008000302                Vector1A0
                0x0000000008000302                Vector5C
                0x0000000008000302                Vector11C
                0x0000000008000302                HardFault_Handler
                0x0000000008000302                Vector1B8
                0x0000000008000302                Vector19C
                0x0000000008000302                Vector8C
                0x0000000008000302                SysTick_Handler
                0x0000000008000302                VectorDC
                0x0000000008000302                PendSV_Handler
                0x0000000008000302                Vector168
                0x0000000008000302                NMI_Handler
                0x0000000008000302                Vector110
                0x0000000008000302                Vector1D8
                0x0000000008000302                VectorC8
                0x0000000008000302                Vector94
                0x0000000008000302                VectorA8
                0x0000000008000302                VectorB4
                0x0000000008000302                Vector160
                0x0000000008000302                Vector1B0
                0x0000000008000302                UsageFault_Handler
                0x0000000008000302                VectorEC
                0x0000000008000302                Vector40
                0x0000000008000302                VectorF8
                0x0000000008000302                Vector108
                0x0000000008000302                VectorBC
                0x0000000008000302                Vector190
                0x0000000008000302                Vector1C4
                0x0000000008000302                Vector1CC
                0x0000000008000302                Vector148
                0x0000000008000302                Vector188
                0x0000000008000302                Vector198
                0x0000000008000302                Vector118
                0x0000000008000302                Vector64
                0x0000000008000302                VectorCC
                0x0000000008000302                Vector54
                0x0000000008000302                Vector98
                0x0000000008000302                Vector138
                0x0000000008000302                Vector24
                0x0000000008000302                Vector1AC
                0x0000000008000302                Vector178
                0x0000000008000302                Vector1A4
                0x0000000008000302                VectorD0
                0x0000000008000302                Vector1B4
                0x0000000008000302                Vector140
                0x0000000008000302                VectorE4
                0x0000000008000302                VectorC0
                0x0000000008000302                Vector1C0
                0x0000000008000302                Vector134
                0x0000000008000302                Vector1D0
                0x0000000008000302                VectorF0
                0x0000000008000302                Vector13C
                0x0000000008000302                Vector100
                0x0000000008000302                VectorE0
                0x0000000008000302                VectorF4
                0x0000000008000302                MemManage_Handler
                0x0000000008000302                VectorA0
                0x0000000008000302                VectorC4
                0x0000000008000302                Vector180
                0x0000000008000302                Vector90
                0x0000000008000302                Vector114
                0x0000000008000302                Vector164
                0x0000000008000302                Vector60
                0x0000000008000302                Vector1C
                0x0000000008000302                Vector1BC
                0x0000000008000302                Vector1D4
                0x0000000008000302                Vector17C
                0x0000000008000302                Vector48
                0x0000000008000302                Vector1A8
                0x0000000008000302                Vector16C
                0x0000000008000302                Vector4C
                0x0000000008000302                Vector144
                0x0000000008000302                Vector68
                0x0000000008000302                Vector170
                0x0000000008000302                Vector88
                0x0000000008000302                Vector104
                0x0000000008000302                Vector184
                0x0000000008000302                Vector10C
                0x0000000008000302                BusFault_Handler
                0x0000000008000302                Vector50
                0x0000000008000302                Vector1C8
                0x0000000008000302                Vector194
                0x0000000008000302                Vector1DC
                0x0000000008000302                Vector44
                0x0000000008000302                Vector28
                0x0000000008000302                VectorB8
                0x0000000008000302                Vector34
                0x0000000008000302                VectorA4
                0x0000000008000302                Vector20
                0x0000000008000302                Vector18C
                0x0000000008000302                Vector174
                0x0000000008000306                _unhandled_exception
 .text          0x0000000008000308       0x30 build/obj/chcoreasm_v7m.o
                0x0000000008000308                _port_switch
                0x0000000008000320                _port_thread_start
                0x0000000008000330                _port_switch_from_isr
                0x0000000008000334                _port_exit_from_isr
 .text          0x0000000008000338      0x370 /opt/Atollic_TrueSTUDIO_for_STM32_x86_64_9.1.0/ARMTools/bin/../lib/gcc/arm-atollic-eabi/6.3.1/armv7e-m/fpu/libgcc.a(_arm_addsubdf3.o)
                0x0000000008000338                __aeabi_drsub
                0x0000000008000340                __aeabi_dsub
                0x0000000008000340                __subdf3
                0x0000000008000344                __adddf3
                0x0000000008000344                __aeabi_dadd
                0x00000000080005bc                __aeabi_ui2d
                0x00000000080005bc                __floatunsidf
                0x00000000080005dc                __floatsidf
                0x00000000080005dc                __aeabi_i2d
                0x0000000008000600                __extendsfdf2
                0x0000000008000600                __aeabi_f2d
                0x000000000800063c                __aeabi_ul2d
                0x000000000800063c                __floatundidf
                0x000000000800064c                __floatdidf
                0x000000000800064c                __aeabi_l2d
 .text          0x00000000080006a8      0x424 /opt/Atollic_TrueSTUDIO_for_STM32_x86_64_9.1.0/ARMTools/bin/../lib/gcc/arm-atollic-eabi/6.3.1/armv7e-m/fpu/libgcc.a(_arm_muldivdf3.o)
                0x00000000080006a8                __aeabi_dmul
                0x00000000080006a8                __muldf3
                0x00000000080008fc                __aeabi_ddiv
                0x00000000080008fc                __divdf3
 .text          0x0000000008000acc       0x50 /opt/Atollic_TrueSTUDIO_for_STM32_x86_64_9.1.0/ARMTools/bin/../lib/gcc/arm-atollic-eabi/6.3.1/armv7e-m/fpu/libgcc.a(_arm_fixdfsi.o)
                0x0000000008000acc                __fixdfsi
                0x0000000008000acc                __aeabi_d2iz
 .text          0x0000000008000b1c       0xa0 /opt/Atollic_TrueSTUDIO_for_STM32_x86_64_9.1.0/ARMTools/bin/../lib/gcc/arm-atollic-eabi/6.3.1/armv7e-m/fpu/libgcc.a(_arm_truncdfsf2.o)
                0x0000000008000b1c                __aeabi_d2f
                0x0000000008000b1c                __truncdfsf2
 .text          0x0000000008000bbc       0x30 /opt/Atollic_TrueSTUDIO_for_STM32_x86_64_9.1.0/ARMTools/bin/../lib/gcc/arm-atollic-eabi/6.3.1/armv7e-m/fpu/libgcc.a(_aeabi_uldivmod.o)
                0x0000000008000bbc                __aeabi_uldivmod
 .text          0x0000000008000bec      0x2dc /opt/Atollic_TrueSTUDIO_for_STM32_x86_64_9.1.0/ARMTools/bin/../lib/gcc/arm-atollic-eabi/6.3.1/armv7e-m/fpu/libgcc.a(_udivmoddi4.o)
                0x0000000008000bec                __udivmoddi4
 .text          0x0000000008000ec8        0x4 /opt/Atollic_TrueSTUDIO_for_STM32_x86_64_9.1.0/ARMTools/bin/../lib/gcc/arm-atollic-eabi/6.3.1/armv7e-m/fpu/libgcc.a(_dvmd_tls.o)
                0x0000000008000ec8                __aeabi_ldiv0
                0x0000000008000ec8                __aeabi_idiv0
 *(.text.*)
 .text.SVC_Handler
                0x0000000008000ecc       0x3c /tmp/ccRI5EXL.ltrans0.ltrans.o
                0x0000000008000ecc                SVC_Handler
 .text._port_irq_epilogue
                0x0000000008000f08       0x7c /tmp/ccRI5EXL.ltrans0.ltrans.o
                0x0000000008000f08                _port_irq_epilogue
 .text.osalThreadSleep
                0x0000000008000f84       0x14 /tmp/ccRI5EXL.ltrans0.ltrans.o
 .text.l3gd20SPIReadRegister
                0x0000000008000f98       0x56 /tmp/ccRI5EXL.ltrans0.ltrans.o
 .text.l3gd20SPIWriteRegister
                0x0000000008000fee       0x50 /tmp/ccRI5EXL.ltrans0.ltrans.o
 .text.gyro_get_axes_number
                0x000000000800103e       0x16 /tmp/ccRI5EXL.ltrans0.ltrans.o
 .text.gyro_read_raw
                0x0000000008001054       0x82 /tmp/ccRI5EXL.ltrans0.ltrans.o
 .text.gyro_read_cooked
                0x00000000080010d6       0x88 /tmp/ccRI5EXL.ltrans0.ltrans.o
 *fill*         0x000000000800115e        0x2 
 .text.gyro_sample_bias
                0x0000000008001160      0x110 /tmp/ccRI5EXL.ltrans0.ltrans.o
 .text.gyro_set_bias
                0x0000000008001270       0x50 /tmp/ccRI5EXL.ltrans0.ltrans.o
 .text.gyro_reset_bias
                0x00000000080012c0       0x48 /tmp/ccRI5EXL.ltrans0.ltrans.o
 .text.gyro_set_sensivity
                0x0000000008001308       0x52 /tmp/ccRI5EXL.ltrans0.ltrans.o
 *fill*         0x000000000800135a        0x2 
 .text.gyro_reset_sensivity
                0x000000000800135c       0xc4 /tmp/ccRI5EXL.ltrans0.ltrans.o
 .text.gyro_set_full_scale
                0x0000000008001420      0x114 /tmp/ccRI5EXL.ltrans0.ltrans.o
 .text.l3gd20ObjectInit
                0x0000000008001534       0x34 /tmp/ccRI5EXL.ltrans0.ltrans.o
 .text.l3gd20Start
                0x0000000008001568      0x1ec /tmp/ccRI5EXL.ltrans0.ltrans.o
 .text.long_to_string_with_divisor
                0x0000000008001754       0xaa /tmp/ccRI5EXL.ltrans0.ltrans.o
 .text.ch_ltoa  0x00000000080017fe       0x22 /tmp/ccRI5EXL.ltrans0.ltrans.o
 .text.ftoa     0x0000000008001820       0xb4 /tmp/ccRI5EXL.ltrans0.ltrans.o
 .text.chvprintf
                0x00000000080018d4      0x4b0 /tmp/ccRI5EXL.ltrans0.ltrans.o
 .text.chprintf
                0x0000000008001d84       0x2c /tmp/ccRI5EXL.ltrans0.ltrans.o
 .text.port_lock.lto_priv.2
                0x0000000008001db0       0x1a /tmp/ccRI5EXL.ltrans0.ltrans.o
 .text.port_unlock.lto_priv.0
                0x0000000008001dca       0x1a /tmp/ccRI5EXL.ltrans0.ltrans.o
 .text.port_lock_from_isr.lto_priv.7
                0x0000000008001de4        0xa /tmp/ccRI5EXL.ltrans0.ltrans.o
 .text.port_unlock_from_isr.lto_priv.5
                0x0000000008001dee        0xa /tmp/ccRI5EXL.ltrans0.ltrans.o
 .text.chSysLockFromISR
                0x0000000008001df8        0xa /tmp/ccRI5EXL.ltrans0.ltrans.o
 .text.chSysUnlockFromISR
                0x0000000008001e02        0xa /tmp/ccRI5EXL.ltrans0.ltrans.o
 .text.osalSysLockFromISR
                0x0000000008001e0c        0xa /tmp/ccRI5EXL.ltrans0.ltrans.o
 .text.osalSysUnlockFromISR
                0x0000000008001e16        0xa /tmp/ccRI5EXL.ltrans0.ltrans.o
 .text.get_descriptor
                0x0000000008001e20       0x5c /tmp/ccRI5EXL.ltrans0.ltrans.o
 .text.usb_event
                0x0000000008001e7c       0x88 /tmp/ccRI5EXL.ltrans0.ltrans.o
 .text.sof_handler
                0x0000000008001f04       0x20 /tmp/ccRI5EXL.ltrans0.ltrans.o
 .text.port_lock.lto_priv.3
                0x0000000008001f24       0x1a /tmp/ccRI5EXL.ltrans0.ltrans.o
 .text.port_unlock.lto_priv.1
                0x0000000008001f3e       0x1a /tmp/ccRI5EXL.ltrans0.ltrans.o
 .text.st_lld_get_counter
                0x0000000008001f58       0x14 /tmp/ccRI5EXL.ltrans0.ltrans.o
 .text.port_timer_get_time
                0x0000000008001f6c        0xe /tmp/ccRI5EXL.ltrans0.ltrans.o
 .text.chSysLock
                0x0000000008001f7a        0xa /tmp/ccRI5EXL.ltrans0.ltrans.o
 .text.chSysUnlock
                0x0000000008001f84        0xa /tmp/ccRI5EXL.ltrans0.ltrans.o
 .text.chVTGetSystemTimeX
                0x0000000008001f8e        0xe /tmp/ccRI5EXL.ltrans0.ltrans.o
 .text.chVTGetSystemTime
                0x0000000008001f9c       0x1e /tmp/ccRI5EXL.ltrans0.ltrans.o
 *fill*         0x0000000008001fba        0x2 
 .text.chRegSetThreadName
                0x0000000008001fbc       0x20 /tmp/ccRI5EXL.ltrans0.ltrans.o
 .text.Thread1  0x0000000008001fdc      0x174 /tmp/ccRI5EXL.ltrans0.ltrans.o
 .text.main     0x0000000008002150      0x18c /tmp/ccRI5EXL.ltrans0.ltrans.o
                0x0000000008002150                main
 .text.timer_expired
                0x00000000080022dc       0x10 /tmp/ccRI5EXL.ltrans0.ltrans.o
 .text.stop_timer
                0x00000000080022ec       0x18 /tmp/ccRI5EXL.ltrans0.ltrans.o
 .text.restart_timer
                0x0000000008002304       0x14 /tmp/ccRI5EXL.ltrans0.ltrans.o
 .text.construct_response
                0x0000000008002318       0x6a /tmp/ccRI5EXL.ltrans0.ltrans.o
 *fill*         0x0000000008002382        0x2 
 .text.send_response
                0x0000000008002384       0x24 /tmp/ccRI5EXL.ltrans0.ltrans.o
 .text.is_frame_valid
                0x00000000080023a8       0x4c /tmp/ccRI5EXL.ltrans0.ltrans.o
 .text.process_request
                0x00000000080023f4       0x4c /tmp/ccRI5EXL.ltrans0.ltrans.o
 .text.poll_uart_for_character
                0x0000000008002440       0x28 /tmp/ccRI5EXL.ltrans0.ltrans.o
 .text.handle_rx_packet
                0x0000000008002468       0x92 /tmp/ccRI5EXL.ltrans0.ltrans.o
 *fill*         0x00000000080024fa        0x2 
 .text.modbus_driver_thread
                0x00000000080024fc       0xa8 /tmp/ccRI5EXL.ltrans0.ltrans.o
 .text.usMBCRC16
                0x00000000080025a4       0x64 /tmp/ccRI5EXL.ltrans0.ltrans.o
 .text.port_lock.lto_priv.36
                0x0000000008002608       0x1a /tmp/ccRI5EXL.ltrans1.ltrans.o
 .text.port_unlock.lto_priv.33
                0x0000000008002622       0x1a /tmp/ccRI5EXL.ltrans1.ltrans.o
 .text.chSysLock.lto_priv.41
                0x000000000800263c        0xa /tmp/ccRI5EXL.ltrans1.ltrans.o
 .text.chSysUnlock.lto_priv.39
                0x0000000008002646        0xa /tmp/ccRI5EXL.ltrans1.ltrans.o
 .text._core_init
                0x0000000008002650       0x24 /tmp/ccRI5EXL.ltrans1.ltrans.o
                0x0000000008002650                _core_init
 .text.chCoreAllocAlignedWithOffsetI
                0x0000000008002674       0x6c /tmp/ccRI5EXL.ltrans1.ltrans.o
 .text.chCoreAllocAlignedWithOffset
                0x00000000080026e0       0x2a /tmp/ccRI5EXL.ltrans1.ltrans.o
 *fill*         0x000000000800270a        0x2 
 .text._heap_init
                0x000000000800270c       0x2c /tmp/ccRI5EXL.ltrans1.ltrans.o
                0x000000000800270c                _heap_init
 .text.chPoolObjectInitAligned
                0x0000000008002738       0x30 /tmp/ccRI5EXL.ltrans1.ltrans.o
 .text.chCoreAllocAlignedI
                0x0000000008002768       0x1e /tmp/ccRI5EXL.ltrans1.ltrans.o
 .text.chPoolObjectInit
                0x0000000008002786       0x1e /tmp/ccRI5EXL.ltrans1.ltrans.o
 .text.dyn_list_init
                0x00000000080027a4       0x18 /tmp/ccRI5EXL.ltrans1.ltrans.o
 .text._factory_init
                0x00000000080027bc       0x64 /tmp/ccRI5EXL.ltrans1.ltrans.o
                0x00000000080027bc                _factory_init
 .text.port_lock.lto_priv.38
                0x0000000008002820       0x1a /tmp/ccRI5EXL.ltrans1.ltrans.o
 .text.port_unlock.lto_priv.35
                0x000000000800283a       0x1a /tmp/ccRI5EXL.ltrans1.ltrans.o
 .text.port_lock_from_isr.lto_priv.6
                0x0000000008002854        0xa /tmp/ccRI5EXL.ltrans1.ltrans.o
                0x0000000008002854                port_lock_from_isr.lto_priv.6
 .text.port_unlock_from_isr.lto_priv.4
                0x000000000800285e        0xa /tmp/ccRI5EXL.ltrans1.ltrans.o
                0x000000000800285e                port_unlock_from_isr.lto_priv.4
 .text.chMtxObjectInit
                0x0000000008002868       0x1c /tmp/ccRI5EXL.ltrans2.ltrans.o
                0x0000000008002868                chMtxObjectInit
 .text.chEvtBroadcastFlagsI
                0x0000000008002884       0x56 /tmp/ccRI5EXL.ltrans2.ltrans.o
                0x0000000008002884                chEvtBroadcastFlagsI
 .text.chEvtSignalI
                0x00000000080028da       0x5c /tmp/ccRI5EXL.ltrans2.ltrans.o
 *fill*         0x0000000008002936        0x2 
 .text._thread_init
                0x0000000008002938       0x80 /tmp/ccRI5EXL.ltrans3.ltrans.o
                0x0000000008002938                _thread_init
 .text.chThdCreateSuspendedI
                0x00000000080029b8       0x5c /tmp/ccRI5EXL.ltrans3.ltrans.o
                0x00000000080029b8                chThdCreateSuspendedI
 .text.chThdCreate
                0x0000000008002a14       0x2a /tmp/ccRI5EXL.ltrans3.ltrans.o
                0x0000000008002a14                chThdCreate
 *fill*         0x0000000008002a3e        0x2 
 .text.chThdCreateStatic
                0x0000000008002a40       0x70 /tmp/ccRI5EXL.ltrans3.ltrans.o
                0x0000000008002a40                chThdCreateStatic
 .text.chThdExit
                0x0000000008002ab0       0x18 /tmp/ccRI5EXL.ltrans3.ltrans.o
                0x0000000008002ab0                chThdExit
 .text.chThdExitS
                0x0000000008002ac8       0x74 /tmp/ccRI5EXL.ltrans3.ltrans.o
 .text.chThdSleep
                0x0000000008002b3c       0x1c /tmp/ccRI5EXL.ltrans3.ltrans.o
                0x0000000008002b3c                chThdSleep
 .text.chThdSuspendTimeoutS
                0x0000000008002b58       0x3a /tmp/ccRI5EXL.ltrans3.ltrans.o
                0x0000000008002b58                chThdSuspendTimeoutS
 .text.chThdResumeI
                0x0000000008002b92       0x30 /tmp/ccRI5EXL.ltrans3.ltrans.o
                0x0000000008002b92                chThdResumeI
 *fill*         0x0000000008002bc2        0x2 
 .text.chThdEnqueueTimeoutS
                0x0000000008002bc4       0x38 /tmp/ccRI5EXL.ltrans3.ltrans.o
                0x0000000008002bc4                chThdEnqueueTimeoutS
 .text.chThdDequeueNextI
                0x0000000008002bfc       0x24 /tmp/ccRI5EXL.ltrans3.ltrans.o
                0x0000000008002bfc                chThdDequeueNextI
 .text.chThdDequeueAllI
                0x0000000008002c20       0x26 /tmp/ccRI5EXL.ltrans3.ltrans.o
                0x0000000008002c20                chThdDequeueAllI
 *fill*         0x0000000008002c46        0x2 
 .text.port_rt_get_counter_value
                0x0000000008002c48       0x18 /tmp/ccRI5EXL.ltrans3.ltrans.o
 .text.tm_stop  0x0000000008002c60       0x70 /tmp/ccRI5EXL.ltrans3.ltrans.o
 .text._tm_init
                0x0000000008002cd0       0x34 /tmp/ccRI5EXL.ltrans3.ltrans.o
                0x0000000008002cd0                _tm_init
 .text.chTMObjectInit
                0x0000000008002d04       0x38 /tmp/ccRI5EXL.ltrans3.ltrans.o
 .text.chTMStartMeasurementX
                0x0000000008002d3c       0x18 /tmp/ccRI5EXL.ltrans3.ltrans.o
 .text.chTMStopMeasurementX
                0x0000000008002d54       0x24 /tmp/ccRI5EXL.ltrans3.ltrans.o
 .text.queue_init.lto_priv.57
                0x0000000008002d78       0x1e /tmp/ccRI5EXL.ltrans3.ltrans.o
                0x0000000008002d78                queue_init.lto_priv.57
 *fill*         0x0000000008002d96        0x2 
 .text.Vector15C
                0x0000000008002d98       0x14 /tmp/ccRI5EXL.ltrans4.ltrans.o
                0x0000000008002d98                Vector15C
 .text.uart_lld_init
                0x0000000008002dac       0x30 /tmp/ccRI5EXL.ltrans4.ltrans.o
                0x0000000008002dac                uart_lld_init
 .text.uart_lld_start
                0x0000000008002ddc       0xd0 /tmp/ccRI5EXL.ltrans4.ltrans.o
                0x0000000008002ddc                uart_lld_start
 .text.uart_lld_start_send
                0x0000000008002eac       0x72 /tmp/ccRI5EXL.ltrans4.ltrans.o
                0x0000000008002eac                uart_lld_start_send
 .text.uart_lld_start_receive
                0x0000000008002f1e       0x86 /tmp/ccRI5EXL.ltrans4.ltrans.o
                0x0000000008002f1e                uart_lld_start_receive
 .text.gpio_init
                0x0000000008002fa4       0x4c /tmp/ccRI5EXL.ltrans4.ltrans.o
 .text.stm32_gpio_init
                0x0000000008002ff0       0x94 /tmp/ccRI5EXL.ltrans4.ltrans.o
 .text.__early_init
                0x0000000008003084        0xe /tmp/ccRI5EXL.ltrans4.ltrans.o
                0x0000000008003084                __early_init
 .text.boardInit
                0x0000000008003092        0xc /tmp/ccRI5EXL.ltrans4.ltrans.o
                0x0000000008003092                boardInit
 .text.chTimeAddX.lto_priv.138
                0x000000000800309e       0x1c /tmp/ccRI5EXL.ltrans4.ltrans.o
 .text.chTimeDiffX.lto_priv.136
                0x00000000080030ba       0x1c /tmp/ccRI5EXL.ltrans4.ltrans.o
 *fill*         0x00000000080030d6        0x2 
 .text.__NVIC_SetPriorityGrouping
                0x00000000080030d8       0x48 /tmp/ccRI5EXL.ltrans4.ltrans.o
 .text.__NVIC_SetPriority
                0x0000000008003120       0x54 /tmp/ccRI5EXL.ltrans4.ltrans.o
 .text.port_init
                0x0000000008003174       0x40 /tmp/ccRI5EXL.ltrans4.ltrans.o
 .text.port_lock.lto_priv.119
                0x00000000080031b4       0x1a /tmp/ccRI5EXL.ltrans4.ltrans.o
 .text.port_unlock.lto_priv.116
                0x00000000080031ce       0x1a /tmp/ccRI5EXL.ltrans4.ltrans.o
 .text.port_lock_from_isr.lto_priv.128
                0x00000000080031e8        0xa /tmp/ccRI5EXL.ltrans4.ltrans.o
 .text.port_unlock_from_isr.lto_priv.126
                0x00000000080031f2        0xa /tmp/ccRI5EXL.ltrans4.ltrans.o
 .text.port_disable
                0x00000000080031fc        0xe /tmp/ccRI5EXL.ltrans4.ltrans.o
 .text.port_enable
                0x000000000800320a       0x1c /tmp/ccRI5EXL.ltrans4.ltrans.o
 .text.port_wait_for_interrupt
                0x0000000008003226        0xc /tmp/ccRI5EXL.ltrans4.ltrans.o
 *fill*         0x0000000008003232        0x2 
 .text.port_rt_get_counter_value
                0x0000000008003234       0x18 /tmp/ccRI5EXL.ltrans4.ltrans.o
 .text.st_lld_get_counter.lto_priv.113
                0x000000000800324c       0x14 /tmp/ccRI5EXL.ltrans4.ltrans.o
 .text.port_timer_stop_alarm.lto_priv.134
                0x0000000008003260        0xa /tmp/ccRI5EXL.ltrans4.ltrans.o
 .text.port_timer_set_alarm.lto_priv.132
                0x000000000800326a       0x14 /tmp/ccRI5EXL.ltrans4.ltrans.o
 .text.port_timer_get_time.lto_priv.110
                0x000000000800327e        0xe /tmp/ccRI5EXL.ltrans4.ltrans.o
 .text.chSysEnable
                0x000000000800328c        0xa /tmp/ccRI5EXL.ltrans4.ltrans.o
 .text.chSysLockFromISR.lto_priv.124
                0x0000000008003296        0xa /tmp/ccRI5EXL.ltrans4.ltrans.o
 .text.chSysUnlockFromISR.lto_priv.122
                0x00000000080032a0        0xa /tmp/ccRI5EXL.ltrans4.ltrans.o
 .text.chVTGetSystemTimeX.lto_priv.130
                0x00000000080032aa        0xe /tmp/ccRI5EXL.ltrans4.ltrans.o
 .text.chVTDoTickI
                0x00000000080032b8       0xfc /tmp/ccRI5EXL.ltrans4.ltrans.o
 .text._idle_thread.lto_priv.18
                0x00000000080033b4        0xe /tmp/ccRI5EXL.ltrans4.ltrans.o
                0x00000000080033b4                _idle_thread.lto_priv.18
 *fill*         0x00000000080033c2        0x2 
 .text.chSysInit
                0x00000000080033c4       0x60 /tmp/ccRI5EXL.ltrans4.ltrans.o
                0x00000000080033c4                chSysInit
 .text.chSysHalt
                0x0000000008003424       0x18 /tmp/ccRI5EXL.ltrans4.ltrans.o
                0x0000000008003424                chSysHalt
 .text.chSysTimerHandlerI
                0x000000000800343c        0xa /tmp/ccRI5EXL.ltrans4.ltrans.o
                0x000000000800343c                chSysTimerHandlerI
 .text.chSysIsCounterWithinX
                0x0000000008003446       0x2e /tmp/ccRI5EXL.ltrans4.ltrans.o
 .text.chSysPolledDelayX
                0x0000000008003474       0x32 /tmp/ccRI5EXL.ltrans4.ltrans.o
                0x0000000008003474                chSysPolledDelayX
 .text.chTimeAddX.lto_priv.139
                0x00000000080034a6       0x1c /tmp/ccRI5EXL.ltrans4.ltrans.o
 .text.chTimeDiffX.lto_priv.137
                0x00000000080034c2       0x1c /tmp/ccRI5EXL.ltrans4.ltrans.o
 .text.st_lld_get_counter.lto_priv.114
                0x00000000080034de       0x14 /tmp/ccRI5EXL.ltrans4.ltrans.o
 .text.port_timer_start_alarm
                0x00000000080034f2       0x14 /tmp/ccRI5EXL.ltrans4.ltrans.o
 .text.port_timer_stop_alarm.lto_priv.135
                0x0000000008003506        0xa /tmp/ccRI5EXL.ltrans4.ltrans.o
 .text.port_timer_set_alarm.lto_priv.133
                0x0000000008003510       0x14 /tmp/ccRI5EXL.ltrans4.ltrans.o
 .text.port_timer_get_time.lto_priv.111
                0x0000000008003524        0xe /tmp/ccRI5EXL.ltrans4.ltrans.o
 .text.chVTGetSystemTimeX.lto_priv.131
                0x0000000008003532        0xe /tmp/ccRI5EXL.ltrans4.ltrans.o
 .text._vt_init
                0x0000000008003540       0x30 /tmp/ccRI5EXL.ltrans4.ltrans.o
 .text.chVTDoSetI
                0x0000000008003570      0x134 /tmp/ccRI5EXL.ltrans4.ltrans.o
 .text.chVTDoResetI
                0x00000000080036a4       0xec /tmp/ccRI5EXL.ltrans4.ltrans.o
 .text.port_lock.lto_priv.120
                0x0000000008003790       0x1a /tmp/ccRI5EXL.ltrans4.ltrans.o
 .text.port_unlock.lto_priv.117
                0x00000000080037aa       0x1a /tmp/ccRI5EXL.ltrans4.ltrans.o
 .text.port_lock_from_isr.lto_priv.129
                0x00000000080037c4        0xa /tmp/ccRI5EXL.ltrans4.ltrans.o
 .text.port_unlock_from_isr.lto_priv.127
                0x00000000080037ce        0xa /tmp/ccRI5EXL.ltrans4.ltrans.o
 .text.queue_init
                0x00000000080037d8       0x1e /tmp/ccRI5EXL.ltrans4.ltrans.o
 .text.queue_fifo_remove.lto_priv.108
                0x00000000080037f6       0x2c /tmp/ccRI5EXL.ltrans4.ltrans.o
 .text.queue_dequeue
                0x0000000008003822       0x2a /tmp/ccRI5EXL.ltrans4.ltrans.o
 .text.chSysLockFromISR.lto_priv.125
                0x000000000800384c        0xa /tmp/ccRI5EXL.ltrans4.ltrans.o
 .text.chSysUnlockFromISR.lto_priv.123
                0x0000000008003856        0xa /tmp/ccRI5EXL.ltrans4.ltrans.o
 .text.chVTIsArmedI
                0x0000000008003860       0x22 /tmp/ccRI5EXL.ltrans4.ltrans.o
 .text.chSemFastSignalI
                0x0000000008003882       0x1c /tmp/ccRI5EXL.ltrans4.ltrans.o
 *fill*         0x000000000800389e        0x2 
 .text._scheduler_init
                0x00000000080038a0       0x24 /tmp/ccRI5EXL.ltrans4.ltrans.o
 .text.chSchReadyI
                0x00000000080038c4       0x54 /tmp/ccRI5EXL.ltrans4.ltrans.o
                0x00000000080038c4                chSchReadyI
 .text.chSchReadyAheadI
                0x0000000008003918       0x54 /tmp/ccRI5EXL.ltrans4.ltrans.o
 .text.chSchGoSleepS
                0x000000000800396c       0x44 /tmp/ccRI5EXL.ltrans4.ltrans.o
                0x000000000800396c                chSchGoSleepS
 .text.wakeup   0x00000000080039b0       0x78 /tmp/ccRI5EXL.ltrans4.ltrans.o
 .text.chSchGoSleepTimeoutS
                0x0000000008003a28       0x68 /tmp/ccRI5EXL.ltrans4.ltrans.o
                0x0000000008003a28                chSchGoSleepTimeoutS
 .text.chSchWakeupS
                0x0000000008003a90       0x54 /tmp/ccRI5EXL.ltrans4.ltrans.o
                0x0000000008003a90                chSchWakeupS
 .text.chSchIsPreemptionRequired
                0x0000000008003ae4       0x34 /tmp/ccRI5EXL.ltrans4.ltrans.o
                0x0000000008003ae4                chSchIsPreemptionRequired
 .text.chSchDoReschedule
                0x0000000008003b18       0x40 /tmp/ccRI5EXL.ltrans4.ltrans.o
                0x0000000008003b18                chSchDoReschedule
 .text.port_lock.lto_priv.121
                0x0000000008003b58       0x1a /tmp/ccRI5EXL.ltrans4.ltrans.o
 .text.port_unlock.lto_priv.118
                0x0000000008003b72       0x1a /tmp/ccRI5EXL.ltrans4.ltrans.o
 .text.list_init.lto_priv.107
                0x0000000008003b8c       0x18 /tmp/ccRI5EXL.ltrans4.ltrans.o
                0x0000000008003b8c                list_init.lto_priv.107
 .text.list_notempty.lto_priv.105
                0x0000000008003ba4       0x24 /tmp/ccRI5EXL.ltrans4.ltrans.o
                0x0000000008003ba4                list_notempty.lto_priv.105
 .text.queue_init.lto_priv.93
                0x0000000008003bc8       0x1e /tmp/ccRI5EXL.ltrans4.ltrans.o
                0x0000000008003bc8                queue_init.lto_priv.93
 .text.queue_notempty.lto_priv.77
                0x0000000008003be6       0x24 /tmp/ccRI5EXL.ltrans4.ltrans.o
                0x0000000008003be6                queue_notempty.lto_priv.77
 .text.list_remove.lto_priv.106
                0x0000000008003c0a       0x24 /tmp/ccRI5EXL.ltrans4.ltrans.o
                0x0000000008003c0a                list_remove.lto_priv.106
 .text.queue_insert.lto_priv.91
                0x0000000008003c2e       0x30 /tmp/ccRI5EXL.ltrans4.ltrans.o
                0x0000000008003c2e                queue_insert.lto_priv.91
 .text.queue_fifo_remove.lto_priv.109
                0x0000000008003c5e       0x2c /tmp/ccRI5EXL.ltrans4.ltrans.o
 .text.chSysLock.lto_priv.88
                0x0000000008003c8a        0xa /tmp/ccRI5EXL.ltrans4.ltrans.o
                0x0000000008003c8a                chSysLock.lto_priv.88
 .text.chSysUnlock.lto_priv.85
                0x0000000008003c94        0xa /tmp/ccRI5EXL.ltrans4.ltrans.o
                0x0000000008003c94                chSysUnlock.lto_priv.85
 *fill*         0x0000000008003c9e        0x2 
 .text.chThdGetSelfX.lto_priv.98
                0x0000000008003ca0       0x18 /tmp/ccRI5EXL.ltrans4.ltrans.o
                0x0000000008003ca0                chThdGetSelfX.lto_priv.98
 .text.chThdSleepS.lto_priv.100
                0x0000000008003cb8       0x16 /tmp/ccRI5EXL.ltrans4.ltrans.o
                0x0000000008003cb8                chThdSleepS.lto_priv.100
 .text.chThdDoDequeueNextI.lto_priv.97
                0x0000000008003cce       0x24 /tmp/ccRI5EXL.ltrans4.ltrans.o
                0x0000000008003cce                chThdDoDequeueNextI.lto_priv.97
 .text.usb_lld_start_in
                0x0000000008003cf2      0x14a /tmp/ccRI5EXL.ltrans5.ltrans.o
                0x0000000008003cf2                usb_lld_start_in
 .text.usb_lld_stall_out
                0x0000000008003e3c       0x36 /tmp/ccRI5EXL.ltrans5.ltrans.o
                0x0000000008003e3c                usb_lld_stall_out
 .text.usb_lld_stall_in
                0x0000000008003e72       0x36 /tmp/ccRI5EXL.ltrans5.ltrans.o
                0x0000000008003e72                usb_lld_stall_in
 .text.usb_lld_clear_out
                0x0000000008003ea8       0x36 /tmp/ccRI5EXL.ltrans5.ltrans.o
                0x0000000008003ea8                usb_lld_clear_out
 .text.usb_lld_clear_in
                0x0000000008003ede       0x36 /tmp/ccRI5EXL.ltrans5.ltrans.o
                0x0000000008003ede                usb_lld_clear_in
 .text.port_lock.lto_priv.172
                0x0000000008003f14       0x1a /tmp/ccRI5EXL.ltrans5.ltrans.o
 .text.port_unlock.lto_priv.169
                0x0000000008003f2e       0x1a /tmp/ccRI5EXL.ltrans5.ltrans.o
 .text.port_lock_from_isr.lto_priv.166
                0x0000000008003f48        0xa /tmp/ccRI5EXL.ltrans5.ltrans.o
 .text.port_unlock_from_isr.lto_priv.163
                0x0000000008003f52        0xa /tmp/ccRI5EXL.ltrans5.ltrans.o
 .text.chSysLockFromISR.lto_priv.160
                0x0000000008003f5c        0xa /tmp/ccRI5EXL.ltrans5.ltrans.o
 .text.chSysUnlockFromISR.lto_priv.157
                0x0000000008003f66        0xa /tmp/ccRI5EXL.ltrans5.ltrans.o
 .text.osalSysHalt.lto_priv.148
                0x0000000008003f70       0x14 /tmp/ccRI5EXL.ltrans5.ltrans.o
 .text.osalSysLockFromISR.lto_priv.154
                0x0000000008003f84        0xa /tmp/ccRI5EXL.ltrans5.ltrans.o
 .text.osalSysUnlockFromISR.lto_priv.151
                0x0000000008003f8e        0xa /tmp/ccRI5EXL.ltrans5.ltrans.o
 .text.osalThreadResumeI
                0x0000000008003f98       0x18 /tmp/ccRI5EXL.ltrans5.ltrans.o
 .text.spi_lld_serve_rx_interrupt
                0x0000000008003fb0      0x12c /tmp/ccRI5EXL.ltrans5.ltrans.o
 .text.spi_lld_serve_tx_interrupt
                0x00000000080040dc       0x24 /tmp/ccRI5EXL.ltrans5.ltrans.o
 .text.spi_lld_init
                0x0000000008004100       0x44 /tmp/ccRI5EXL.ltrans5.ltrans.o
                0x0000000008004100                spi_lld_init
 .text.spi_lld_start
                0x0000000008004144      0x150 /tmp/ccRI5EXL.ltrans5.ltrans.o
                0x0000000008004144                spi_lld_start
 .text.spi_lld_send
                0x0000000008004294       0x88 /tmp/ccRI5EXL.ltrans5.ltrans.o
                0x0000000008004294                spi_lld_send
 .text.spi_lld_receive
                0x000000000800431c       0x88 /tmp/ccRI5EXL.ltrans5.ltrans.o
                0x000000000800431c                spi_lld_receive
 .text.port_lock.lto_priv.173
                0x00000000080043a4       0x1a /tmp/ccRI5EXL.ltrans5.ltrans.o
 .text.port_unlock.lto_priv.170
                0x00000000080043be       0x1a /tmp/ccRI5EXL.ltrans5.ltrans.o
 .text.port_lock_from_isr.lto_priv.167
                0x00000000080043d8        0xa /tmp/ccRI5EXL.ltrans5.ltrans.o
 .text.port_unlock_from_isr.lto_priv.164
                0x00000000080043e2        0xa /tmp/ccRI5EXL.ltrans5.ltrans.o
 .text.chSysLockFromISR.lto_priv.161
                0x00000000080043ec        0xa /tmp/ccRI5EXL.ltrans5.ltrans.o
 .text.chSysUnlockFromISR.lto_priv.158
                0x00000000080043f6        0xa /tmp/ccRI5EXL.ltrans5.ltrans.o
 .text.osalSysLockFromISR.lto_priv.155
                0x0000000008004400        0xa /tmp/ccRI5EXL.ltrans5.ltrans.o
 .text.osalSysUnlockFromISR.lto_priv.152
                0x000000000800440a        0xa /tmp/ccRI5EXL.ltrans5.ltrans.o
 .text.osalOsTimerHandlerI
                0x0000000008004414        0xa /tmp/ccRI5EXL.ltrans5.ltrans.o
 .text.VectorB0
                0x000000000800441e       0x2c /tmp/ccRI5EXL.ltrans5.ltrans.o
                0x000000000800441e                VectorB0
 *fill*         0x000000000800444a        0x2 
 .text.st_lld_init
                0x000000000800444c       0x80 /tmp/ccRI5EXL.ltrans5.ltrans.o
                0x000000000800444c                st_lld_init
 .text.port_lock.lto_priv.174
                0x00000000080044cc       0x1a /tmp/ccRI5EXL.ltrans5.ltrans.o
 .text.port_unlock.lto_priv.171
                0x00000000080044e6       0x1a /tmp/ccRI5EXL.ltrans5.ltrans.o
 .text.port_lock_from_isr.lto_priv.168
                0x0000000008004500        0xa /tmp/ccRI5EXL.ltrans5.ltrans.o
 .text.port_unlock_from_isr.lto_priv.165
                0x000000000800450a        0xa /tmp/ccRI5EXL.ltrans5.ltrans.o
 .text.chSysLockFromISR.lto_priv.162
                0x0000000008004514        0xa /tmp/ccRI5EXL.ltrans5.ltrans.o
 .text.chSysUnlockFromISR.lto_priv.159
                0x000000000800451e        0xa /tmp/ccRI5EXL.ltrans5.ltrans.o
 .text.osalSysLockFromISR.lto_priv.156
                0x0000000008004528        0xa /tmp/ccRI5EXL.ltrans5.ltrans.o
 .text.osalSysUnlockFromISR.lto_priv.153
                0x0000000008004532        0xa /tmp/ccRI5EXL.ltrans5.ltrans.o
 .text.osalEventBroadcastFlagsI
                0x000000000800453c       0x18 /tmp/ccRI5EXL.ltrans5.ltrans.o
 .text.set_error
                0x0000000008004554       0x6a /tmp/ccRI5EXL.ltrans5.ltrans.o
 .text.serve_interrupt
                0x00000000080045be      0x140 /tmp/ccRI5EXL.ltrans5.ltrans.o
 *fill*         0x00000000080046fe        0x2 
 .text.notify1  0x0000000008004700       0x24 /tmp/ccRI5EXL.ltrans5.ltrans.o
 .text.notify2  0x0000000008004724       0x24 /tmp/ccRI5EXL.ltrans5.ltrans.o
 .text.VectorD4
                0x0000000008004748       0x14 /tmp/ccRI5EXL.ltrans5.ltrans.o
                0x0000000008004748                VectorD4
 .text.VectorD8
                0x000000000800475c       0x14 /tmp/ccRI5EXL.ltrans5.ltrans.o
                0x000000000800475c                VectorD8
 .text.sd_lld_init
                0x0000000008004770       0x40 /tmp/ccRI5EXL.ltrans5.ltrans.o
                0x0000000008004770                sd_lld_init
 .text.osalSysHalt.lto_priv.149
                0x00000000080047b0       0x14 /tmp/ccRI5EXL.ltrans5.ltrans.o
 .text.translate_errors
                0x00000000080047c4       0x76 /tmp/ccRI5EXL.ltrans5.ltrans.o
 .text.uart_enter_rx_idle_loop.lto_priv.144
                0x000000000800483a       0x64 /tmp/ccRI5EXL.ltrans5.ltrans.o
                0x000000000800483a                uart_enter_rx_idle_loop.lto_priv.144
 .text.usart_stop.lto_priv.145
                0x000000000800489e       0x9a /tmp/ccRI5EXL.ltrans5.ltrans.o
                0x000000000800489e                usart_stop.lto_priv.145
 .text.usart_start.lto_priv.146
                0x0000000008004938       0xb0 /tmp/ccRI5EXL.ltrans5.ltrans.o
                0x0000000008004938                usart_start.lto_priv.146
 .text.uart_lld_serve_rx_end_irq.lto_priv.142
                0x00000000080049e8       0xb0 /tmp/ccRI5EXL.ltrans5.ltrans.o
                0x00000000080049e8                uart_lld_serve_rx_end_irq.lto_priv.142
 .text.uart_lld_serve_tx_end_irq.lto_priv.143
                0x0000000008004a98       0x84 /tmp/ccRI5EXL.ltrans5.ltrans.o
                0x0000000008004a98                uart_lld_serve_tx_end_irq.lto_priv.143
 .text.serve_usart_irq.lto_priv.147
                0x0000000008004b1c       0x92 /tmp/ccRI5EXL.ltrans5.ltrans.o
                0x0000000008004b1c                serve_usart_irq.lto_priv.147
 *fill*         0x0000000008004bae        0x2 
 .text.Vector120
                0x0000000008004bb0       0x40 /tmp/ccRI5EXL.ltrans6.ltrans.o
                0x0000000008004bb0                Vector120
 .text.Vector124
                0x0000000008004bf0       0x44 /tmp/ccRI5EXL.ltrans6.ltrans.o
                0x0000000008004bf0                Vector124
 .text.Vector128
                0x0000000008004c34       0x44 /tmp/ccRI5EXL.ltrans6.ltrans.o
                0x0000000008004c34                Vector128
 .text.Vector12C
                0x0000000008004c78       0x44 /tmp/ccRI5EXL.ltrans6.ltrans.o
                0x0000000008004c78                Vector12C
 .text.Vector130
                0x0000000008004cbc       0x40 /tmp/ccRI5EXL.ltrans6.ltrans.o
                0x0000000008004cbc                Vector130
 .text.Vector150
                0x0000000008004cfc       0x44 /tmp/ccRI5EXL.ltrans6.ltrans.o
                0x0000000008004cfc                Vector150
 .text.Vector154
                0x0000000008004d40       0x44 /tmp/ccRI5EXL.ltrans6.ltrans.o
                0x0000000008004d40                Vector154
 .text.Vector158
                0x0000000008004d84       0x44 /tmp/ccRI5EXL.ltrans6.ltrans.o
                0x0000000008004d84                Vector158
 .text.dmaInit  0x0000000008004dc8       0x7c /tmp/ccRI5EXL.ltrans6.ltrans.o
                0x0000000008004dc8                dmaInit
 .text.dmaStreamAllocate
                0x0000000008004e44      0x108 /tmp/ccRI5EXL.ltrans6.ltrans.o
                0x0000000008004e44                dmaStreamAllocate
 .text._pal_lld_init
                0x0000000008004f4c        0xc /tmp/ccRI5EXL.ltrans6.ltrans.o
                0x0000000008004f4c                _pal_lld_init
 .text.port_lock
                0x0000000008004f58       0x1a /tmp/ccRI5EXL.ltrans6.ltrans.o
 .text.port_unlock
                0x0000000008004f72       0x1a /tmp/ccRI5EXL.ltrans6.ltrans.o
 .text.port_lock_from_isr
                0x0000000008004f8c        0xa /tmp/ccRI5EXL.ltrans6.ltrans.o
 .text.port_unlock_from_isr
                0x0000000008004f96        0xa /tmp/ccRI5EXL.ltrans6.ltrans.o
 .text.chSysLockFromISR
                0x0000000008004fa0        0xa /tmp/ccRI5EXL.ltrans6.ltrans.o
 .text.chSysUnlockFromISR
                0x0000000008004faa        0xa /tmp/ccRI5EXL.ltrans6.ltrans.o
 .text.osalSysLockFromISR
                0x0000000008004fb4        0xa /tmp/ccRI5EXL.ltrans6.ltrans.o
 .text.osalSysUnlockFromISR
                0x0000000008004fbe        0xa /tmp/ccRI5EXL.ltrans6.ltrans.o
 .text.osalSysPolledDelayX
                0x0000000008004fc8       0x14 /tmp/ccRI5EXL.ltrans6.ltrans.o
 .text.otg_core_reset
                0x0000000008004fdc       0x3a /tmp/ccRI5EXL.ltrans6.ltrans.o
 .text.otg_disable_ep
                0x0000000008005016       0x9a /tmp/ccRI5EXL.ltrans6.ltrans.o
 .text.otg_rxfifo_flush
                0x00000000080050b0       0x2c /tmp/ccRI5EXL.ltrans6.ltrans.o
 .text.otg_txfifo_flush
                0x00000000080050dc       0x34 /tmp/ccRI5EXL.ltrans6.ltrans.o
 .text.otg_ram_reset
                0x0000000008005110       0x1c /tmp/ccRI5EXL.ltrans6.ltrans.o
 .text.otg_ram_alloc
                0x000000000800512c       0x2a /tmp/ccRI5EXL.ltrans6.ltrans.o
 .text.otg_fifo_write_from_buffer
                0x0000000008005156       0x32 /tmp/ccRI5EXL.ltrans6.ltrans.o
 .text.otg_fifo_read_to_buffer
                0x0000000008005188       0x5a /tmp/ccRI5EXL.ltrans6.ltrans.o
 .text.otg_rxfifo_handler
                0x00000000080051e2       0xfe /tmp/ccRI5EXL.ltrans6.ltrans.o
 .text.otg_txfifo_handler
                0x00000000080052e0      0x12e /tmp/ccRI5EXL.ltrans6.ltrans.o
 .text.otg_epin_handler
                0x000000000800540e      0x102 /tmp/ccRI5EXL.ltrans6.ltrans.o
 .text.otg_epout_handler
                0x0000000008005510      0x12e /tmp/ccRI5EXL.ltrans6.ltrans.o
 .text.otg_isoc_in_failed_handler
                0x000000000800563e       0xd8 /tmp/ccRI5EXL.ltrans6.ltrans.o
 .text.otg_isoc_out_failed_handler
                0x0000000008005716       0x98 /tmp/ccRI5EXL.ltrans6.ltrans.o
 .text.usb_lld_serve_interrupt
                0x00000000080057ae      0x1ba /tmp/ccRI5EXL.ltrans6.ltrans.o
 .text.Vector14C
                0x0000000008005968       0x14 /tmp/ccRI5EXL.ltrans6.ltrans.o
                0x0000000008005968                Vector14C
 .text.usb_lld_init
                0x000000000800597c       0x24 /tmp/ccRI5EXL.ltrans6.ltrans.o
                0x000000000800597c                usb_lld_init
 .text.usb_lld_start
                0x00000000080059a0       0xe8 /tmp/ccRI5EXL.ltrans6.ltrans.o
                0x00000000080059a0                usb_lld_start
 .text.usb_lld_reset
                0x0000000008005a88      0x130 /tmp/ccRI5EXL.ltrans6.ltrans.o
                0x0000000008005a88                usb_lld_reset
 .text.usb_lld_set_address
                0x0000000008005bb8       0x32 /tmp/ccRI5EXL.ltrans6.ltrans.o
                0x0000000008005bb8                usb_lld_set_address
 *fill*         0x0000000008005bea        0x2 
 .text.usb_lld_init_endpoint
                0x0000000008005bec      0x220 /tmp/ccRI5EXL.ltrans6.ltrans.o
                0x0000000008005bec                usb_lld_init_endpoint
 .text.usb_lld_disable_endpoints
                0x0000000008005e0c       0x1a /tmp/ccRI5EXL.ltrans6.ltrans.o
                0x0000000008005e0c                usb_lld_disable_endpoints
 .text.usb_lld_get_status_out
                0x0000000008005e26       0x46 /tmp/ccRI5EXL.ltrans6.ltrans.o
                0x0000000008005e26                usb_lld_get_status_out
 .text.usb_lld_get_status_in
                0x0000000008005e6c       0x46 /tmp/ccRI5EXL.ltrans6.ltrans.o
                0x0000000008005e6c                usb_lld_get_status_in
 .text.usb_lld_read_setup
                0x0000000008005eb2       0x2c /tmp/ccRI5EXL.ltrans6.ltrans.o
                0x0000000008005eb2                usb_lld_read_setup
 .text.usb_lld_start_out
                0x0000000008005ede      0x12e /tmp/ccRI5EXL.ltrans6.ltrans.o
                0x0000000008005ede                usb_lld_start_out
 .text.uartInit
                0x000000000800600c        0xa /tmp/ccRI5EXL.ltrans7.ltrans.o
                0x000000000800600c                uartInit
 .text.uartObjectInit
                0x0000000008006016       0x2a /tmp/ccRI5EXL.ltrans7.ltrans.o
                0x0000000008006016                uartObjectInit
 .text.uartStart
                0x0000000008006040       0x2a /tmp/ccRI5EXL.ltrans7.ltrans.o
                0x0000000008006040                uartStart
 .text.uartStartSend
                0x000000000800606a       0x2a /tmp/ccRI5EXL.ltrans7.ltrans.o
                0x000000000800606a                uartStartSend
 .text.uartStartReceive
                0x0000000008006094       0x2a /tmp/ccRI5EXL.ltrans7.ltrans.o
                0x0000000008006094                uartStartReceive
 .text.port_lock
                0x00000000080060be       0x1a /tmp/ccRI5EXL.ltrans7.ltrans.o
 .text.port_unlock
                0x00000000080060d8       0x1a /tmp/ccRI5EXL.ltrans7.ltrans.o
 .text.port_lock_from_isr
                0x00000000080060f2        0xa /tmp/ccRI5EXL.ltrans7.ltrans.o
 .text.port_unlock_from_isr
                0x00000000080060fc        0xa /tmp/ccRI5EXL.ltrans7.ltrans.o
 .text.chSysLock
                0x0000000008006106        0xa /tmp/ccRI5EXL.ltrans7.ltrans.o
 .text.chSysUnlock
                0x0000000008006110        0xa /tmp/ccRI5EXL.ltrans7.ltrans.o
 .text.chSysLockFromISR
                0x000000000800611a        0xa /tmp/ccRI5EXL.ltrans7.ltrans.o
 .text.chSysUnlockFromISR
                0x0000000008006124        0xa /tmp/ccRI5EXL.ltrans7.ltrans.o
 .text.osalSysLock.lto_priv.189
                0x000000000800612e        0xa /tmp/ccRI5EXL.ltrans7.ltrans.o
 .text.osalSysUnlock.lto_priv.187
                0x0000000008006138        0xa /tmp/ccRI5EXL.ltrans7.ltrans.o
 .text.osalSysLockFromISR
                0x0000000008006142        0xa /tmp/ccRI5EXL.ltrans7.ltrans.o
 .text.osalSysUnlockFromISR
                0x000000000800614c        0xa /tmp/ccRI5EXL.ltrans7.ltrans.o
 .text.get_hword
                0x0000000008006156       0x32 /tmp/ccRI5EXL.ltrans7.ltrans.o
 .text.set_address
                0x0000000008006188       0x3c /tmp/ccRI5EXL.ltrans7.ltrans.o
 .text.default_handler
                0x00000000080061c4      0x3d4 /tmp/ccRI5EXL.ltrans7.ltrans.o
 .text.usbInit  0x0000000008006598        0xa /tmp/ccRI5EXL.ltrans7.ltrans.o
                0x0000000008006598                usbInit
 .text.usbObjectInit
                0x00000000080065a2       0x56 /tmp/ccRI5EXL.ltrans7.ltrans.o
                0x00000000080065a2                usbObjectInit
 .text.usbStart
                0x00000000080065f8       0x4a /tmp/ccRI5EXL.ltrans7.ltrans.o
                0x00000000080065f8                usbStart
 .text.usbInitEndpointI
                0x0000000008006642       0x58 /tmp/ccRI5EXL.ltrans7.ltrans.o
                0x0000000008006642                usbInitEndpointI
 .text.usbDisableEndpointsI
                0x000000000800669a       0x50 /tmp/ccRI5EXL.ltrans7.ltrans.o
 .text.usbStartReceiveI
                0x00000000080066ea       0x58 /tmp/ccRI5EXL.ltrans7.ltrans.o
                0x00000000080066ea                usbStartReceiveI
 .text.usbStartTransmitI
                0x0000000008006742       0x58 /tmp/ccRI5EXL.ltrans7.ltrans.o
                0x0000000008006742                usbStartTransmitI
 .text._usb_reset
                0x000000000800679a       0x7c /tmp/ccRI5EXL.ltrans7.ltrans.o
                0x000000000800679a                _usb_reset
 .text._usb_suspend
                0x0000000008006816       0x34 /tmp/ccRI5EXL.ltrans7.ltrans.o
                0x0000000008006816                _usb_suspend
 .text._usb_wakeup
                0x000000000800684a       0x2e /tmp/ccRI5EXL.ltrans7.ltrans.o
                0x000000000800684a                _usb_wakeup
 .text._usb_ep0setup
                0x0000000008006878      0x15c /tmp/ccRI5EXL.ltrans7.ltrans.o
                0x0000000008006878                _usb_ep0setup
 .text._usb_ep0in
                0x00000000080069d4      0x134 /tmp/ccRI5EXL.ltrans7.ltrans.o
                0x00000000080069d4                _usb_ep0in
 .text._usb_ep0out
                0x0000000008006b08       0xec /tmp/ccRI5EXL.ltrans7.ltrans.o
                0x0000000008006b08                _usb_ep0out
 .text.nvicEnableVector
                0x0000000008006bf4       0x5c /tmp/ccRI5EXL.ltrans7.ltrans.o
                0x0000000008006bf4                nvicEnableVector
 .text.irqInit  0x0000000008006c50       0x3e /tmp/ccRI5EXL.ltrans7.ltrans.o
 *fill*         0x0000000008006c8e        0x2 
 .text.hal_lld_backup_domain_init
                0x0000000008006c90       0x48 /tmp/ccRI5EXL.ltrans7.ltrans.o
 .text.hal_lld_init
                0x0000000008006cd8       0x78 /tmp/ccRI5EXL.ltrans7.ltrans.o
                0x0000000008006cd8                hal_lld_init
 .text.stm32_clock_init
                0x0000000008006d50      0x138 /tmp/ccRI5EXL.ltrans7.ltrans.o
                0x0000000008006d50                stm32_clock_init
 .text.Vector6C
                0x0000000008006e88       0x40 /tmp/ccRI5EXL.ltrans7.ltrans.o
                0x0000000008006e88                Vector6C
 .text.Vector70
                0x0000000008006ec8       0x44 /tmp/ccRI5EXL.ltrans7.ltrans.o
                0x0000000008006ec8                Vector70
 .text.Vector74
                0x0000000008006f0c       0x44 /tmp/ccRI5EXL.ltrans7.ltrans.o
                0x0000000008006f0c                Vector74
 .text.Vector78
                0x0000000008006f50       0x44 /tmp/ccRI5EXL.ltrans7.ltrans.o
                0x0000000008006f50                Vector78
 .text.Vector7C
                0x0000000008006f94       0x40 /tmp/ccRI5EXL.ltrans7.ltrans.o
                0x0000000008006f94                Vector7C
 .text.Vector80
                0x0000000008006fd4       0x44 /tmp/ccRI5EXL.ltrans7.ltrans.o
                0x0000000008006fd4                Vector80
 .text.Vector84
                0x0000000008007018       0x44 /tmp/ccRI5EXL.ltrans7.ltrans.o
                0x0000000008007018                Vector84
 .text.VectorFC
                0x000000000800705c       0x44 /tmp/ccRI5EXL.ltrans7.ltrans.o
                0x000000000800705c                VectorFC
 .text.iqGetTimeout
                0x00000000080070a0       0x7c /tmp/ccRI5EXL.ltrans8.ltrans.o
 .text.iqReadTimeout
                0x000000000800711c       0x7e /tmp/ccRI5EXL.ltrans8.ltrans.o
 .text.oqObjectInit
                0x000000000800719a       0x4a /tmp/ccRI5EXL.ltrans8.ltrans.o
 .text.oqPutTimeout
                0x00000000080071e4       0x80 /tmp/ccRI5EXL.ltrans8.ltrans.o
 .text.oqGetI   0x0000000008007264       0x78 /tmp/ccRI5EXL.ltrans8.ltrans.o
                0x0000000008007264                oqGetI
 .text.oqWriteTimeout
                0x00000000080072dc       0x7e /tmp/ccRI5EXL.ltrans8.ltrans.o
 .text.chEvtObjectInit.lto_priv.224
                0x000000000800735a       0x18 /tmp/ccRI5EXL.ltrans8.ltrans.o
 .text.osalEventObjectInit.lto_priv.220
                0x0000000008007372       0x14 /tmp/ccRI5EXL.ltrans8.ltrans.o
 .text.osalEventBroadcastFlagsI.lto_priv.218
                0x0000000008007386       0x18 /tmp/ccRI5EXL.ltrans8.ltrans.o
 .text._write.lto_priv.19
                0x000000000800739e       0x28 /tmp/ccRI5EXL.ltrans8.ltrans.o
                0x000000000800739e                _write.lto_priv.19
 .text._read.lto_priv.21
                0x00000000080073c6       0x28 /tmp/ccRI5EXL.ltrans8.ltrans.o
                0x00000000080073c6                _read.lto_priv.21
 .text._put.lto_priv.15
                0x00000000080073ee       0x26 /tmp/ccRI5EXL.ltrans8.ltrans.o
                0x00000000080073ee                _put.lto_priv.15
 .text._get.lto_priv.12
                0x0000000008007414       0x20 /tmp/ccRI5EXL.ltrans8.ltrans.o
                0x0000000008007414                _get.lto_priv.12
 .text._putt.lto_priv.23
                0x0000000008007434       0x26 /tmp/ccRI5EXL.ltrans8.ltrans.o
                0x0000000008007434                _putt.lto_priv.23
 .text._gett.lto_priv.25
                0x000000000800745a       0x20 /tmp/ccRI5EXL.ltrans8.ltrans.o
                0x000000000800745a                _gett.lto_priv.25
 .text._writet.lto_priv.27
                0x000000000800747a       0x28 /tmp/ccRI5EXL.ltrans8.ltrans.o
                0x000000000800747a                _writet.lto_priv.27
 .text._readt.lto_priv.29
                0x00000000080074a2       0x28 /tmp/ccRI5EXL.ltrans8.ltrans.o
                0x00000000080074a2                _readt.lto_priv.29
 .text._ctl.lto_priv.31
                0x00000000080074ca       0x26 /tmp/ccRI5EXL.ltrans8.ltrans.o
                0x00000000080074ca                _ctl.lto_priv.31
 .text.sdInit   0x00000000080074f0        0xa /tmp/ccRI5EXL.ltrans8.ltrans.o
                0x00000000080074f0                sdInit
 *fill*         0x00000000080074fa        0x2 
 .text.sdObjectInit
                0x00000000080074fc       0x5c /tmp/ccRI5EXL.ltrans8.ltrans.o
                0x00000000080074fc                sdObjectInit
 .text.sdIncomingDataI
                0x0000000008007558       0x48 /tmp/ccRI5EXL.ltrans8.ltrans.o
                0x0000000008007558                sdIncomingDataI
 .text.port_lock.lto_priv.203
                0x00000000080075a0       0x1a /tmp/ccRI5EXL.ltrans8.ltrans.o
 .text.port_unlock.lto_priv.199
                0x00000000080075ba       0x1a /tmp/ccRI5EXL.ltrans8.ltrans.o
 .text.port_lock_from_isr
                0x00000000080075d4        0xa /tmp/ccRI5EXL.ltrans8.ltrans.o
 .text.port_unlock_from_isr
                0x00000000080075de        0xa /tmp/ccRI5EXL.ltrans8.ltrans.o
 .text.chSysLock.lto_priv.195
                0x00000000080075e8        0xa /tmp/ccRI5EXL.ltrans8.ltrans.o
 .text.chSysUnlock.lto_priv.191
                0x00000000080075f2        0xa /tmp/ccRI5EXL.ltrans8.ltrans.o
 .text.chSysLockFromISR
                0x00000000080075fc        0xa /tmp/ccRI5EXL.ltrans8.ltrans.o
 .text.chSysUnlockFromISR
                0x0000000008007606        0xa /tmp/ccRI5EXL.ltrans8.ltrans.o
 .text.chEvtObjectInit.lto_priv.225
                0x0000000008007610       0x18 /tmp/ccRI5EXL.ltrans8.ltrans.o
 .text.osalSysLock.lto_priv.215
                0x0000000008007628        0xa /tmp/ccRI5EXL.ltrans8.ltrans.o
 .text.osalSysUnlock.lto_priv.211
                0x0000000008007632        0xa /tmp/ccRI5EXL.ltrans8.ltrans.o
 .text.osalSysLockFromISR
                0x000000000800763c        0xa /tmp/ccRI5EXL.ltrans8.ltrans.o
 .text.osalSysUnlockFromISR
                0x0000000008007646        0xa /tmp/ccRI5EXL.ltrans8.ltrans.o
 .text.osalThreadDequeueAllI.lto_priv.223
                0x0000000008007650       0x18 /tmp/ccRI5EXL.ltrans8.ltrans.o
 .text.osalEventObjectInit.lto_priv.221
                0x0000000008007668       0x14 /tmp/ccRI5EXL.ltrans8.ltrans.o
 .text.osalEventBroadcastFlagsI.lto_priv.219
                0x000000000800767c       0x18 /tmp/ccRI5EXL.ltrans8.ltrans.o
 .text.sdu_start_receive
                0x0000000008007694       0x82 /tmp/ccRI5EXL.ltrans8.ltrans.o
 .text._write.lto_priv.20
                0x0000000008007716       0x28 /tmp/ccRI5EXL.ltrans8.ltrans.o
                0x0000000008007716                _write.lto_priv.20
 .text._read.lto_priv.22
                0x000000000800773e       0x28 /tmp/ccRI5EXL.ltrans8.ltrans.o
                0x000000000800773e                _read.lto_priv.22
 .text._put.lto_priv.16
                0x0000000008007766       0x26 /tmp/ccRI5EXL.ltrans8.ltrans.o
                0x0000000008007766                _put.lto_priv.16
 .text._get.lto_priv.13
                0x000000000800778c       0x20 /tmp/ccRI5EXL.ltrans8.ltrans.o
                0x000000000800778c                _get.lto_priv.13
 .text._putt.lto_priv.24
                0x00000000080077ac       0x26 /tmp/ccRI5EXL.ltrans8.ltrans.o
                0x00000000080077ac                _putt.lto_priv.24
 .text._gett.lto_priv.26
                0x00000000080077d2       0x20 /tmp/ccRI5EXL.ltrans8.ltrans.o
                0x00000000080077d2                _gett.lto_priv.26
 .text._writet.lto_priv.28
                0x00000000080077f2       0x28 /tmp/ccRI5EXL.ltrans8.ltrans.o
                0x00000000080077f2                _writet.lto_priv.28
 .text._readt.lto_priv.30
                0x000000000800781a       0x28 /tmp/ccRI5EXL.ltrans8.ltrans.o
                0x000000000800781a                _readt.lto_priv.30
 .text._ctl.lto_priv.32
                0x0000000008007842       0x26 /tmp/ccRI5EXL.ltrans8.ltrans.o
                0x0000000008007842                _ctl.lto_priv.32
 .text.ibnotify
                0x0000000008007868       0x1a /tmp/ccRI5EXL.ltrans8.ltrans.o
 .text.obnotify
                0x0000000008007882       0x80 /tmp/ccRI5EXL.ltrans8.ltrans.o
 .text.sduInit  0x0000000008007902        0xc /tmp/ccRI5EXL.ltrans8.ltrans.o
                0x0000000008007902                sduInit
 *fill*         0x000000000800790e        0x2 
 .text.sduObjectInit
                0x0000000008007910       0x74 /tmp/ccRI5EXL.ltrans8.ltrans.o
                0x0000000008007910                sduObjectInit
 .text.sduStart
                0x0000000008007984       0x68 /tmp/ccRI5EXL.ltrans8.ltrans.o
                0x0000000008007984                sduStart
 .text.sduSuspendHookI
                0x00000000080079ec       0x44 /tmp/ccRI5EXL.ltrans8.ltrans.o
                0x00000000080079ec                sduSuspendHookI
 .text.sduWakeupHookI
                0x0000000008007a30       0x28 /tmp/ccRI5EXL.ltrans8.ltrans.o
                0x0000000008007a30                sduWakeupHookI
 .text.sduConfigureHookI
                0x0000000008007a58       0x42 /tmp/ccRI5EXL.ltrans8.ltrans.o
                0x0000000008007a58                sduConfigureHookI
 *fill*         0x0000000008007a9a        0x2 
 .text.sduRequestsHook
                0x0000000008007a9c       0x84 /tmp/ccRI5EXL.ltrans8.ltrans.o
                0x0000000008007a9c                sduRequestsHook
 .text.sduSOFHookI
                0x0000000008007b20       0x80 /tmp/ccRI5EXL.ltrans8.ltrans.o
                0x0000000008007b20                sduSOFHookI
 .text.sduDataTransmitted
                0x0000000008007ba0       0xce /tmp/ccRI5EXL.ltrans8.ltrans.o
                0x0000000008007ba0                sduDataTransmitted
 .text.sduDataReceived
                0x0000000008007c6e       0x70 /tmp/ccRI5EXL.ltrans8.ltrans.o
                0x0000000008007c6e                sduDataReceived
 .text.sduInterruptTransmitted
                0x0000000008007cde       0x16 /tmp/ccRI5EXL.ltrans8.ltrans.o
                0x0000000008007cde                sduInterruptTransmitted
 .text.port_lock.lto_priv.204
                0x0000000008007cf4       0x1a /tmp/ccRI5EXL.ltrans8.ltrans.o
 .text.port_unlock.lto_priv.200
                0x0000000008007d0e       0x1a /tmp/ccRI5EXL.ltrans8.ltrans.o
 .text.chSysLock.lto_priv.196
                0x0000000008007d28        0xa /tmp/ccRI5EXL.ltrans8.ltrans.o
 .text.chSysUnlock.lto_priv.192
                0x0000000008007d32        0xa /tmp/ccRI5EXL.ltrans8.ltrans.o
 .text.osalSysLock.lto_priv.216
                0x0000000008007d3c        0xa /tmp/ccRI5EXL.ltrans8.ltrans.o
 .text.osalSysUnlock.lto_priv.212
                0x0000000008007d46        0xa /tmp/ccRI5EXL.ltrans8.ltrans.o
 .text.osalThreadSuspendS
                0x0000000008007d50       0x1c /tmp/ccRI5EXL.ltrans8.ltrans.o
 .text.osalMutexObjectInit
                0x0000000008007d6c       0x14 /tmp/ccRI5EXL.ltrans8.ltrans.o
 .text.spiInit  0x0000000008007d80        0xa /tmp/ccRI5EXL.ltrans8.ltrans.o
                0x0000000008007d80                spiInit
 .text.spiObjectInit
                0x0000000008007d8a       0x2a /tmp/ccRI5EXL.ltrans8.ltrans.o
                0x0000000008007d8a                spiObjectInit
 .text.spiStart
                0x0000000008007db4       0x2a /tmp/ccRI5EXL.ltrans8.ltrans.o
                0x0000000008007db4                spiStart
 .text.spiSelect
                0x0000000008007dde       0x2c /tmp/ccRI5EXL.ltrans8.ltrans.o
                0x0000000008007dde                spiSelect
 .text.spiUnselect
                0x0000000008007e0a       0x2c /tmp/ccRI5EXL.ltrans8.ltrans.o
                0x0000000008007e0a                spiUnselect
 .text.spiSend  0x0000000008007e36       0x34 /tmp/ccRI5EXL.ltrans8.ltrans.o
                0x0000000008007e36                spiSend
 .text.spiReceive
                0x0000000008007e6a       0x34 /tmp/ccRI5EXL.ltrans8.ltrans.o
                0x0000000008007e6a                spiReceive
 .text.port_lock.lto_priv.205
                0x0000000008007e9e       0x1a /tmp/ccRI5EXL.ltrans8.ltrans.o
 .text.port_unlock.lto_priv.201
                0x0000000008007eb8       0x1a /tmp/ccRI5EXL.ltrans8.ltrans.o
 .text.chSysLock.lto_priv.197
                0x0000000008007ed2        0xa /tmp/ccRI5EXL.ltrans8.ltrans.o
 .text.chSysUnlock.lto_priv.193
                0x0000000008007edc        0xa /tmp/ccRI5EXL.ltrans8.ltrans.o
 .text.osalSysLock.lto_priv.188
                0x0000000008007ee6        0xa /tmp/ccRI5EXL.ltrans8.ltrans.o
                0x0000000008007ee6                osalSysLock.lto_priv.188
 .text.osalSysUnlock.lto_priv.186
                0x0000000008007ef0        0xa /tmp/ccRI5EXL.ltrans8.ltrans.o
                0x0000000008007ef0                osalSysUnlock.lto_priv.186
 .text.__core_init
                0x0000000008007efa        0xc /tmp/ccRI5EXL.ltrans9.ltrans.o
                0x0000000008007efa                __core_init
 .text.__late_init
                0x0000000008007f06        0xc /tmp/ccRI5EXL.ltrans9.ltrans.o
                0x0000000008007f06                __late_init
 .text.__default_exit
                0x0000000008007f12        0x6 /tmp/ccRI5EXL.ltrans9.ltrans.o
                0x0000000008007f12                __default_exit
 .text.__init_ram_areas
                0x0000000008007f18       0x70 /tmp/ccRI5EXL.ltrans9.ltrans.o
                0x0000000008007f18                __init_ram_areas
 .text.osalInit
                0x0000000008007f88        0xc /tmp/ccRI5EXL.ltrans9.ltrans.o
 .text.halInit  0x0000000008007f94       0x2e /tmp/ccRI5EXL.ltrans9.ltrans.o
                0x0000000008007f94                halInit
 .text.st_lld_start_alarm
                0x0000000008007fc2       0x2a /tmp/ccRI5EXL.ltrans9.ltrans.o
 .text.st_lld_stop_alarm
                0x0000000008007fec       0x14 /tmp/ccRI5EXL.ltrans9.ltrans.o
 .text.st_lld_set_alarm
                0x0000000008008000       0x1a /tmp/ccRI5EXL.ltrans9.ltrans.o
 .text.stInit   0x000000000800801a        0xa /tmp/ccRI5EXL.ltrans9.ltrans.o
 .text.stStartAlarm
                0x0000000008008024       0x14 /tmp/ccRI5EXL.ltrans9.ltrans.o
                0x0000000008008024                stStartAlarm
 .text.stStopAlarm
                0x0000000008008038        0xa /tmp/ccRI5EXL.ltrans9.ltrans.o
                0x0000000008008038                stStopAlarm
 .text.stSetAlarm
                0x0000000008008042       0x14 /tmp/ccRI5EXL.ltrans9.ltrans.o
                0x0000000008008042                stSetAlarm
 .text.chTimeAddX
                0x0000000008008056       0x1c /tmp/ccRI5EXL.ltrans9.ltrans.o
 .text.chTimeDiffX
                0x0000000008008072       0x1c /tmp/ccRI5EXL.ltrans9.ltrans.o
 .text.port_lock.lto_priv.241
                0x000000000800808e       0x1a /tmp/ccRI5EXL.ltrans9.ltrans.o
 .text.port_unlock.lto_priv.239
                0x00000000080080a8       0x1a /tmp/ccRI5EXL.ltrans9.ltrans.o
 .text.st_lld_get_counter
                0x00000000080080c2       0x14 /tmp/ccRI5EXL.ltrans9.ltrans.o
 .text.port_timer_get_time
                0x00000000080080d6        0xe /tmp/ccRI5EXL.ltrans9.ltrans.o
 .text.queue_init.lto_priv.237
                0x00000000080080e4       0x1e /tmp/ccRI5EXL.ltrans9.ltrans.o
 .text.chSysLock.lto_priv.235
                0x0000000008008102        0xa /tmp/ccRI5EXL.ltrans9.ltrans.o
 .text.chSysUnlock.lto_priv.233
                0x000000000800810c        0xa /tmp/ccRI5EXL.ltrans9.ltrans.o
 .text.chVTGetSystemTimeX
                0x0000000008008116        0xe /tmp/ccRI5EXL.ltrans9.ltrans.o
 .text.chThdQueueObjectInit.lto_priv.231
                0x0000000008008124       0x14 /tmp/ccRI5EXL.ltrans9.ltrans.o
 .text.osalSysLock
                0x0000000008008138        0xa /tmp/ccRI5EXL.ltrans9.ltrans.o
 .text.osalSysUnlock
                0x0000000008008142        0xa /tmp/ccRI5EXL.ltrans9.ltrans.o
 .text.osalOsGetSystemTimeX
                0x000000000800814c        0xe /tmp/ccRI5EXL.ltrans9.ltrans.o
 .text.osalTimeAddX
                0x000000000800815a       0x1c /tmp/ccRI5EXL.ltrans9.ltrans.o
 .text.osalTimeDiffX
                0x0000000008008176       0x1c /tmp/ccRI5EXL.ltrans9.ltrans.o
 .text.osalThreadQueueObjectInit
                0x0000000008008192       0x14 /tmp/ccRI5EXL.ltrans9.ltrans.o
 .text.osalThreadEnqueueTimeoutS
                0x00000000080081a6       0x1c /tmp/ccRI5EXL.ltrans9.ltrans.o
 .text.osalThreadDequeueNextI
                0x00000000080081c2       0x18 /tmp/ccRI5EXL.ltrans9.ltrans.o
 .text.osalThreadDequeueAllI
                0x00000000080081da       0x18 /tmp/ccRI5EXL.ltrans9.ltrans.o
 .text.ibqObjectInit
                0x00000000080081f2       0x74 /tmp/ccRI5EXL.ltrans9.ltrans.o
                0x00000000080081f2                ibqObjectInit
 .text.ibqResetI
                0x0000000008008266       0x3c /tmp/ccRI5EXL.ltrans9.ltrans.o
                0x0000000008008266                ibqResetI
 .text.ibqGetEmptyBufferI
                0x00000000080082a2       0x42 /tmp/ccRI5EXL.ltrans9.ltrans.o
                0x00000000080082a2                ibqGetEmptyBufferI
 .text.ibqPostFullBufferI
                0x00000000080082e4       0x4e /tmp/ccRI5EXL.ltrans9.ltrans.o
                0x00000000080082e4                ibqPostFullBufferI
 .text.ibqGetFullBufferTimeoutS
                0x0000000008008332       0x5c /tmp/ccRI5EXL.ltrans9.ltrans.o
 .text.ibqReleaseEmptyBufferS
                0x000000000800838e       0x50 /tmp/ccRI5EXL.ltrans9.ltrans.o
 .text.ibqGetTimeout
                0x00000000080083de       0x60 /tmp/ccRI5EXL.ltrans9.ltrans.o
                0x00000000080083de                ibqGetTimeout
 .text.ibqReadTimeout
                0x000000000800843e      0x12a /tmp/ccRI5EXL.ltrans9.ltrans.o
                0x000000000800843e                ibqReadTimeout
 .text.obqObjectInit
                0x0000000008008568       0x74 /tmp/ccRI5EXL.ltrans9.ltrans.o
                0x0000000008008568                obqObjectInit
 .text.obqResetI
                0x00000000080085dc       0x3e /tmp/ccRI5EXL.ltrans9.ltrans.o
                0x00000000080085dc                obqResetI
 .text.obqGetFullBufferI
                0x000000000800861a       0x4e /tmp/ccRI5EXL.ltrans9.ltrans.o
                0x000000000800861a                obqGetFullBufferI
 .text.obqReleaseEmptyBufferI
                0x0000000008008668       0x44 /tmp/ccRI5EXL.ltrans9.ltrans.o
                0x0000000008008668                obqReleaseEmptyBufferI
 .text.obqGetEmptyBufferTimeoutS
                0x00000000080086ac       0x5a /tmp/ccRI5EXL.ltrans9.ltrans.o
 .text.obqPostFullBufferS
                0x0000000008008706       0x5a /tmp/ccRI5EXL.ltrans9.ltrans.o
 .text.obqPutTimeout
                0x0000000008008760       0x6c /tmp/ccRI5EXL.ltrans9.ltrans.o
                0x0000000008008760                obqPutTimeout
 .text.obqWriteTimeout
                0x00000000080087cc      0x132 /tmp/ccRI5EXL.ltrans9.ltrans.o
                0x00000000080087cc                obqWriteTimeout
 .text.obqTryFlushI
                0x00000000080088fe       0x96 /tmp/ccRI5EXL.ltrans9.ltrans.o
                0x00000000080088fe                obqTryFlushI
 .text.port_lock.lto_priv.242
                0x0000000008008994       0x1a /tmp/ccRI5EXL.ltrans9.ltrans.o
 .text.port_unlock.lto_priv.240
                0x00000000080089ae       0x1a /tmp/ccRI5EXL.ltrans9.ltrans.o
 .text.queue_init.lto_priv.238
                0x00000000080089c8       0x1e /tmp/ccRI5EXL.ltrans9.ltrans.o
 .text.chSysLock.lto_priv.236
                0x00000000080089e6        0xa /tmp/ccRI5EXL.ltrans9.ltrans.o
 .text.chSysUnlock.lto_priv.234
                0x00000000080089f0        0xa /tmp/ccRI5EXL.ltrans9.ltrans.o
 .text.chThdQueueObjectInit.lto_priv.232
                0x00000000080089fa       0x14 /tmp/ccRI5EXL.ltrans9.ltrans.o
 .text.osalSysLock.lto_priv.213
                0x0000000008008a0e        0xa /tmp/ccRI5EXL.ltrans9.ltrans.o
                0x0000000008008a0e                osalSysLock.lto_priv.213
 .text.osalSysUnlock.lto_priv.209
                0x0000000008008a18        0xa /tmp/ccRI5EXL.ltrans9.ltrans.o
                0x0000000008008a18                osalSysUnlock.lto_priv.209
 .text.osalThreadQueueObjectInit.lto_priv.229
                0x0000000008008a22       0x14 /tmp/ccRI5EXL.ltrans9.ltrans.o
                0x0000000008008a22                osalThreadQueueObjectInit.lto_priv.229
 .text.osalThreadEnqueueTimeoutS.lto_priv.226
                0x0000000008008a36       0x1c /tmp/ccRI5EXL.ltrans9.ltrans.o
                0x0000000008008a36                osalThreadEnqueueTimeoutS.lto_priv.226
 .text.osalThreadDequeueNextI.lto_priv.228
                0x0000000008008a52       0x18 /tmp/ccRI5EXL.ltrans9.ltrans.o
                0x0000000008008a52                osalThreadDequeueNextI.lto_priv.228
 .text.iq_read.lto_priv.230
                0x0000000008008a6a       0xbc /tmp/ccRI5EXL.ltrans9.ltrans.o
                0x0000000008008a6a                iq_read.lto_priv.230
 .text.oq_write.lto_priv.227
                0x0000000008008b26       0xbc /tmp/ccRI5EXL.ltrans9.ltrans.o
                0x0000000008008b26                oq_write.lto_priv.227
 .text.iqObjectInit
                0x0000000008008be2       0x4a /tmp/ccRI5EXL.ltrans9.ltrans.o
                0x0000000008008be2                iqObjectInit
 .text.iqPutI   0x0000000008008c2c       0x7c /tmp/ccRI5EXL.ltrans9.ltrans.o
                0x0000000008008c2c                iqPutI
 .text.memcpy   0x0000000008008ca8       0x16 /opt/Atollic_TrueSTUDIO_for_STM32_x86_64_9.1.0/ARMTools/bin/../lib/gcc/arm-atollic-eabi/6.3.1/../../../../arm-atollic-eabi/lib/armv7e-m/fpu/libc.a(lib_a-memcpy-stub.o)
                0x0000000008008ca8                memcpy
 .text.memset   0x0000000008008cbe       0x10 /opt/Atollic_TrueSTUDIO_for_STM32_x86_64_9.1.0/ARMTools/bin/../lib/gcc/arm-atollic-eabi/6.3.1/../../../../arm-atollic-eabi/lib/armv7e-m/fpu/libc.a(lib_a-memset.o)
                0x0000000008008cbe                memset
 *(.glue_7t)
 .glue_7t       0x0000000008008cce        0x0 linker stubs
 *(.glue_7)
 .glue_7        0x0000000008008cce        0x0 linker stubs
 *(.gcc*)

.vfp11_veneer   0x0000000008008cd0        0x0
 .vfp11_veneer  0x0000000008008cd0        0x0 linker stubs

.v4_bx          0x0000000008008cd0        0x0
 .v4_bx         0x0000000008008cd0        0x0 linker stubs

.iplt           0x0000000008008cd0        0x0
 .iplt          0x0000000008008cd0        0x0 build/obj/crt0_v7m.o

.rodata         0x0000000008008cd0      0x6fc
                0x0000000008008cd0                . = ALIGN (0x4)
                0x0000000008008cd0                __rodata_base__ = .
 *(.rodata)
 *(.rodata.*)
 .rodata.ram_areas.lto_priv.243
                0x0000000008008cd0       0x80 /tmp/ccRI5EXL.ltrans0.ltrans.o
                0x0000000008008cd0                ram_areas.lto_priv.243
 .rodata.vmt.lto_priv.8
                0x0000000008008d50       0x28 /tmp/ccRI5EXL.ltrans0.ltrans.o
                0x0000000008008d50                vmt.lto_priv.8
 .rodata.vmt.lto_priv.9
                0x0000000008008d78       0x28 /tmp/ccRI5EXL.ltrans0.ltrans.o
                0x0000000008008d78                vmt.lto_priv.9
 .rodata.zero_status.lto_priv.183
                0x0000000008008da0        0x2 /tmp/ccRI5EXL.ltrans0.ltrans.o
                0x0000000008008da0                zero_status.lto_priv.183
 *fill*         0x0000000008008da2        0x2 
 .rodata.active_status.lto_priv.185
                0x0000000008008da4        0x2 /tmp/ccRI5EXL.ltrans0.ltrans.o
                0x0000000008008da4                active_status.lto_priv.185
 *fill*         0x0000000008008da6        0x2 
 .rodata.halted_status.lto_priv.184
                0x0000000008008da8        0x2 /tmp/ccRI5EXL.ltrans0.ltrans.o
                0x0000000008008da8                halted_status.lto_priv.184
 *fill*         0x0000000008008daa        0x2 
 .rodata._stm32_dma_streams
                0x0000000008008dac       0xc0 /tmp/ccRI5EXL.ltrans0.ltrans.o
                0x0000000008008dac                _stm32_dma_streams
 .rodata.ep0config.lto_priv.177
                0x0000000008008e6c       0x24 /tmp/ccRI5EXL.ltrans0.ltrans.o
                0x0000000008008e6c                ep0config.lto_priv.177
 .rodata.fsparams.lto_priv.178
                0x0000000008008e90        0xc /tmp/ccRI5EXL.ltrans0.ltrans.o
                0x0000000008008e90                fsparams.lto_priv.178
 .rodata.dummytx.lto_priv.175
                0x0000000008008e9c        0x2 /tmp/ccRI5EXL.ltrans0.ltrans.o
                0x0000000008008e9c                dummytx.lto_priv.175
 *fill*         0x0000000008008e9e        0x2 
 .rodata.gpio_default_config.lto_priv.141
                0x0000000008008ea0       0xa8 /tmp/ccRI5EXL.ltrans0.ltrans.o
                0x0000000008008ea0                gpio_default_config.lto_priv.141
 .rodata.str1.4
                0x0000000008008f48        0x5 /tmp/ccRI5EXL.ltrans0.ltrans.o
 *fill*         0x0000000008008f4d        0x3 
 .rodata.idle_descriptor.7876.lto_priv.140
                0x0000000008008f50       0x18 /tmp/ccRI5EXL.ltrans0.ltrans.o
                0x0000000008008f50                idle_descriptor.7876.lto_priv.140
 .rodata.ch_debug
                0x0000000008008f68       0x16 /tmp/ccRI5EXL.ltrans0.ltrans.o
                0x0000000008008f68                ch_debug
 *fill*         0x0000000008008f7e        0x2 
 .rodata.vmt_device
                0x0000000008008f80        0x8 /tmp/ccRI5EXL.ltrans0.ltrans.o
 .rodata.vmt_gyroscope
                0x0000000008008f88       0x24 /tmp/ccRI5EXL.ltrans0.ltrans.o
 .rodata.pow10  0x0000000008008fac       0x24 /tmp/ccRI5EXL.ltrans0.ltrans.o
 .rodata.chvprintf.str1.4
                0x0000000008008fd0        0x7 /tmp/ccRI5EXL.ltrans0.ltrans.o
 *fill*         0x0000000008008fd7        0x1 
 .rodata.vcom_device_descriptor_data
                0x0000000008008fd8       0x12 /tmp/ccRI5EXL.ltrans0.ltrans.o
 *fill*         0x0000000008008fea        0x2 
 .rodata.vcom_device_descriptor
                0x0000000008008fec        0x8 /tmp/ccRI5EXL.ltrans0.ltrans.o
 .rodata.vcom_configuration_descriptor_data
                0x0000000008008ff4       0x43 /tmp/ccRI5EXL.ltrans0.ltrans.o
 *fill*         0x0000000008009037        0x1 
 .rodata.vcom_configuration_descriptor
                0x0000000008009038        0x8 /tmp/ccRI5EXL.ltrans0.ltrans.o
 .rodata.vcom_string0
                0x0000000008009040        0x4 /tmp/ccRI5EXL.ltrans0.ltrans.o
 .rodata.vcom_string1
                0x0000000008009044       0x26 /tmp/ccRI5EXL.ltrans0.ltrans.o
 *fill*         0x000000000800906a        0x2 
 .rodata.vcom_string2
                0x000000000800906c       0x38 /tmp/ccRI5EXL.ltrans0.ltrans.o
 .rodata.vcom_string3
                0x00000000080090a4        0x8 /tmp/ccRI5EXL.ltrans0.ltrans.o
 .rodata.vcom_strings
                0x00000000080090ac       0x20 /tmp/ccRI5EXL.ltrans0.ltrans.o
 .rodata.ep1config
                0x00000000080090cc       0x24 /tmp/ccRI5EXL.ltrans0.ltrans.o
 .rodata.ep2config
                0x00000000080090f0       0x24 /tmp/ccRI5EXL.ltrans0.ltrans.o
 .rodata.usbcfg
                0x0000000008009114       0x10 /tmp/ccRI5EXL.ltrans0.ltrans.o
 .rodata.serusbcfg
                0x0000000008009124        0x8 /tmp/ccRI5EXL.ltrans0.ltrans.o
 .rodata.spicfg
                0x000000000800912c       0x14 /tmp/ccRI5EXL.ltrans0.ltrans.o
 .rodata.Thread1.str1.4
                0x0000000008009140        0x8 /tmp/ccRI5EXL.ltrans0.ltrans.o
 .rodata.main.str1.4
                0x0000000008009148       0x6f /tmp/ccRI5EXL.ltrans0.ltrans.o
 *fill*         0x00000000080091b7        0x1 
 .rodata.aucCRCHi
                0x00000000080091b8      0x100 /tmp/ccRI5EXL.ltrans0.ltrans.o
 .rodata.aucCRCLo
                0x00000000080092b8      0x100 /tmp/ccRI5EXL.ltrans0.ltrans.o
 .rodata.chThdCreateStatic.str1.4
                0x00000000080093b8        0x7 /tmp/ccRI5EXL.ltrans3.ltrans.o
 *fill*         0x00000000080093bf        0x1 
 .rodata.spi_lld_serve_rx_interrupt.str1.4
                0x00000000080093c0        0xc /tmp/ccRI5EXL.ltrans5.ltrans.o
                0x00000000080093cc                . = ALIGN (0x4)
                0x00000000080093cc                __rodata_end__ = .

.ARM.extab
 *(.ARM.extab* .gnu.linkonce.armextab.*)

.ARM.exidx      0x00000000080093cc        0x8
                0x00000000080093cc                __exidx_start = .
 *(.ARM.exidx* .gnu.linkonce.armexidx.*)
 .ARM.exidx     0x00000000080093cc        0x8 /opt/Atollic_TrueSTUDIO_for_STM32_x86_64_9.1.0/ARMTools/bin/../lib/gcc/arm-atollic-eabi/6.3.1/armv7e-m/fpu/libgcc.a(_udivmoddi4.o)
                0x00000000080093d4                __exidx_end = .

.rel.dyn        0x00000000080093d4        0x0
 .rel.iplt      0x00000000080093d4        0x0 build/obj/crt0_v7m.o

.eh_frame_hdr
 *(.eh_frame_hdr)

.eh_frame
 *(.eh_frame)
                0x0000000020000000                __ram0_start__ = ORIGIN (ram0)
                0x0000000000010000                __ram0_size__ = LENGTH (ram0)
                0x0000000020010000                __ram0_end__ = (__ram0_start__ + __ram0_size__)
                0x0000000000000000                __ram1_start__ = ORIGIN (ram1)
                0x0000000000000000                __ram1_size__ = LENGTH (ram1)
                0x0000000000000000                __ram1_end__ = (__ram1_start__ + __ram1_size__)
                0x0000000000000000                __ram2_start__ = ORIGIN (ram2)
                0x0000000000000000                __ram2_size__ = LENGTH (ram2)
                0x0000000000000000                __ram2_end__ = (__ram2_start__ + __ram2_size__)
                0x0000000000000000                __ram3_start__ = ORIGIN (ram3)
                0x0000000000000000                __ram3_size__ = LENGTH (ram3)
                0x0000000000000000                __ram3_end__ = (__ram3_start__ + __ram3_size__)
                0x0000000000000000                __ram4_start__ = ORIGIN (ram4)
                0x0000000000000000                __ram4_size__ = LENGTH (ram4)
                0x0000000000000000                __ram4_end__ = (__ram4_start__ + __ram4_size__)
                0x0000000000000000                __ram5_start__ = ORIGIN (ram5)
                0x0000000000000000                __ram5_size__ = LENGTH (ram5)
                0x0000000000000000                __ram5_end__ = (__ram5_start__ + __ram5_size__)
                0x0000000000000000                __ram6_start__ = ORIGIN (ram6)
                0x0000000000000000                __ram6_size__ = LENGTH (ram6)
                0x0000000000000000                __ram6_end__ = (__ram6_start__ + __ram6_size__)
                0x0000000000000000                __ram7_start__ = ORIGIN (ram7)
                0x0000000000000000                __ram7_size__ = LENGTH (ram7)
                0x0000000000000000                __ram7_end__ = (__ram7_start__ + __ram7_size__)

.data           0x0000000020000800       0x44 load address 0x00000000080093d4
                0x0000000020000800                . = ALIGN (0x4)
                [!provide]                        PROVIDE (_textdata, LOADADDR (.data))
                [!provide]                        PROVIDE (_data, .)
                0x00000000080093d4                _textdata_start = LOADADDR (.data)
                0x0000000020000800                _data_start = .
 *(.data)
 *(.data.*)
 .data.linecoding.lto_priv.217
                0x0000000020000800        0x7 /tmp/ccRI5EXL.ltrans0.ltrans.o
                0x0000000020000800                linecoding.lto_priv.217
 *fill*         0x0000000020000807        0x1 
 .data.uart_cfg_1
                0x0000000020000808       0x20 /tmp/ccRI5EXL.ltrans0.ltrans.o
 .data.axisID   0x0000000020000828        0x3 /tmp/ccRI5EXL.ltrans0.ltrans.o
 *fill*         0x000000002000082b        0x1 
 .data.l3gd20cfg
                0x000000002000082c       0x14 /tmp/ccRI5EXL.ltrans0.ltrans.o
 .data.chp      0x0000000020000840        0x4 /tmp/ccRI5EXL.ltrans0.ltrans.o
 *(.ramtext)
                0x0000000020000844                . = ALIGN (0x4)
                [!provide]                        PROVIDE (_edata, .)
                0x0000000020000844                _data_end = .

.igot.plt       0x0000000020000844        0x0 load address 0x0000000008009418
 .igot.plt      0x0000000020000844        0x0 build/obj/crt0_v7m.o

.bss            0x0000000020000848      0xb88 load address 0x0000000008009418
                0x0000000020000848                . = ALIGN (0x4)
                0x0000000020000848                _bss_start = .
 *(.bss)
 *(.bss.*)
 .bss.dma_streams_mask.lto_priv.179
                0x0000000020000848        0x4 /tmp/ccRI5EXL.ltrans0.ltrans.o
                0x0000000020000848                dma_streams_mask.lto_priv.179
 .bss.dma_isr_redir.lto_priv.180
                0x000000002000084c       0x80 /tmp/ccRI5EXL.ltrans0.ltrans.o
                0x000000002000084c                dma_isr_redir.lto_priv.180
 .bss.USBD1     0x00000000200008cc       0x60 /tmp/ccRI5EXL.ltrans0.ltrans.o
                0x00000000200008cc                USBD1
 .bss.ep0_state.lto_priv.181
                0x000000002000092c       0x10 /tmp/ccRI5EXL.ltrans0.ltrans.o
                0x000000002000092c                ep0_state.lto_priv.181
 .bss.ep0setup_buffer.lto_priv.182
                0x000000002000093c        0x8 /tmp/ccRI5EXL.ltrans0.ltrans.o
                0x000000002000093c                ep0setup_buffer.lto_priv.182
 .bss.SPID1     0x0000000020000944       0x30 /tmp/ccRI5EXL.ltrans0.ltrans.o
                0x0000000020000944                SPID1
 .bss.dummyrx.lto_priv.176
                0x0000000020000974        0x2 /tmp/ccRI5EXL.ltrans0.ltrans.o
                0x0000000020000974                dummyrx.lto_priv.176
 *fill*         0x0000000020000976        0x2 
 .bss.SD1       0x0000000020000978       0x7c /tmp/ccRI5EXL.ltrans0.ltrans.o
                0x0000000020000978                SD1
 .bss.SD2       0x00000000200009f4       0x7c /tmp/ccRI5EXL.ltrans0.ltrans.o
                0x00000000200009f4                SD2
 .bss.UARTD6    0x0000000020000a70       0x1c /tmp/ccRI5EXL.ltrans0.ltrans.o
                0x0000000020000a70                UARTD6
 *fill*         0x0000000020000a8c        0x4 
 .bss.ch_idle_thread_wa
                0x0000000020000a90      0x160 /tmp/ccRI5EXL.ltrans0.ltrans.o
                0x0000000020000a90                ch_idle_thread_wa
 .bss.ch        0x0000000020000bf0       0x78 /tmp/ccRI5EXL.ltrans0.ltrans.o
                0x0000000020000bf0                ch
 .bss.ch_memcore
                0x0000000020000c68        0x8 /tmp/ccRI5EXL.ltrans0.ltrans.o
                0x0000000020000c68                ch_memcore
 .bss.default_heap.lto_priv.43
                0x0000000020000c70       0x1c /tmp/ccRI5EXL.ltrans0.ltrans.o
                0x0000000020000c70                default_heap.lto_priv.43
 .bss.ch_factory
                0x0000000020000c8c       0x44 /tmp/ccRI5EXL.ltrans0.ltrans.o
                0x0000000020000c8c                ch_factory
 .bss.SDU1      0x0000000020000cd0      0x490 /tmp/ccRI5EXL.ltrans0.ltrans.o
 .bss.ep1instate
                0x0000000020001160       0x10 /tmp/ccRI5EXL.ltrans0.ltrans.o
 .bss.ep1outstate
                0x0000000020001170       0x10 /tmp/ccRI5EXL.ltrans0.ltrans.o
 .bss.ep2instate
                0x0000000020001180       0x10 /tmp/ccRI5EXL.ltrans0.ltrans.o
 .bss.L3GD20D1  0x0000000020001190       0x30 /tmp/ccRI5EXL.ltrans0.ltrans.o
 .bss.gyroraw   0x00000000200011c0        0xc /tmp/ccRI5EXL.ltrans0.ltrans.o
 .bss.gyrocooked
                0x00000000200011cc        0xc /tmp/ccRI5EXL.ltrans0.ltrans.o
 .bss.i         0x00000000200011d8        0x4 /tmp/ccRI5EXL.ltrans0.ltrans.o
 *fill*         0x00000000200011dc        0x4 
 .bss.waThread1
                0x00000000200011e0      0x1d0 /tmp/ccRI5EXL.ltrans0.ltrans.o
 .bss.modbus_registers
                0x00000000200013b0       0x18 /tmp/ccRI5EXL.ltrans0.ltrans.o
 .bss.start_time
                0x00000000200013c8        0x4 /tmp/ccRI5EXL.ltrans0.ltrans.o
 .bss.timeout   0x00000000200013cc        0x4 /tmp/ccRI5EXL.ltrans0.ltrans.o
 *(COMMON)
                0x00000000200013d0                . = ALIGN (0x4)
                0x00000000200013d0                _bss_end = .
                [!provide]                        PROVIDE (end, .)

.ram0_init      0x00000000200013d0        0x0 load address 0x0000000008009418
                0x00000000200013d0                . = ALIGN (0x4)
                0x0000000008009418                __ram0_init_text__ = LOADADDR (.ram0_init)
                0x00000000200013d0                __ram0_init__ = .
 *(.ram0_init)
 *(.ram0_init.*)
                0x00000000200013d0                . = ALIGN (0x4)

.ram0           0x00000000200013d0        0x0 load address 0x0000000008009418
                0x00000000200013d0                . = ALIGN (0x4)
                0x00000000200013d0                __ram0_clear__ = .
 *(.ram0_clear)
 *(.ram0_clear.*)
                0x00000000200013d0                . = ALIGN (0x4)
                0x00000000200013d0                __ram0_noinit__ = .
 *(.ram0)
 *(.ram0.*)
                0x00000000200013d0                . = ALIGN (0x4)
                0x00000000200013d0                __ram0_free__ = .

.ram1_init      0x0000000000000000        0x0 load address 0x0000000008009418
                0x0000000000000000                . = ALIGN (0x4)
                0x0000000008009418                __ram1_init_text__ = LOADADDR (.ram1_init)
                0x0000000000000000                __ram1_init__ = .
 *(.ram1_init)
 *(.ram1_init.*)
                0x0000000000000000                . = ALIGN (0x4)

.ram1           0x0000000000000000        0x0 load address 0x0000000008009418
                0x0000000000000000                . = ALIGN (0x4)
                0x0000000000000000                __ram1_clear__ = .
 *(.ram1_clear)
 *(.ram1_clear.*)
                0x0000000000000000                . = ALIGN (0x4)
                0x0000000000000000                __ram1_noinit__ = .
 *(.ram1)
 *(.ram1.*)
                0x0000000000000000                . = ALIGN (0x4)
                0x0000000000000000                __ram1_free__ = .

.ram2_init      0x0000000000000000        0x0 load address 0x0000000008009418
                0x0000000000000000                . = ALIGN (0x4)
                0x0000000008009418                __ram2_init_text__ = LOADADDR (.ram2_init)
                0x0000000000000000                __ram2_init__ = .
 *(.ram2_init)
 *(.ram2_init.*)
                0x0000000000000000                . = ALIGN (0x4)

.ram2           0x0000000000000000        0x0 load address 0x0000000008009418
                0x0000000000000000                . = ALIGN (0x4)
                0x0000000000000000                __ram2_clear__ = .
 *(.ram2_clear)
 *(.ram2_clear.*)
                0x0000000000000000                . = ALIGN (0x4)
                0x0000000000000000                __ram2_noinit__ = .
 *(.ram2)
 *(.ram2.*)
                0x0000000000000000                . = ALIGN (0x4)
                0x0000000000000000                __ram2_free__ = .

.ram3_init      0x0000000000000000        0x0 load address 0x0000000008009418
                0x0000000000000000                . = ALIGN (0x4)
                0x0000000008009418                __ram3_init_text__ = LOADADDR (.ram3_init)
                0x0000000000000000                __ram3_init__ = .
 *(.ram3_init)
 *(.ram3_init.*)
                0x0000000000000000                . = ALIGN (0x4)

.ram3           0x0000000000000000        0x0 load address 0x0000000008009418
                0x0000000000000000                . = ALIGN (0x4)
                0x0000000000000000                __ram3_clear__ = .
 *(.ram3_clear)
 *(.ram3_clear.*)
                0x0000000000000000                . = ALIGN (0x4)
                0x0000000000000000                __ram3_noinit__ = .
 *(.ram3)
 *(.ram3.*)
                0x0000000000000000                . = ALIGN (0x4)
                0x0000000000000000                __ram3_free__ = .

.ram4_init      0x0000000000000000        0x0 load address 0x0000000008009418
                0x0000000000000000                . = ALIGN (0x4)