Archive member included to satisfy reference by file (symbol)

/opt/Atollic_TrueSTUDIO_for_STM32_x86_64_9.1.0/ARMTools/bin/../lib/gcc/arm-atollic-eabi/6.3.1/armv7e-m/fpu/libgcc.a(_arm_addsubdf3.o)
                              /tmp/cceRjJvB.ltrans0.ltrans.o (__aeabi_dsub)
/opt/Atollic_TrueSTUDIO_for_STM32_x86_64_9.1.0/ARMTools/bin/../lib/gcc/arm-atollic-eabi/6.3.1/armv7e-m/fpu/libgcc.a(_arm_muldivdf3.o)
                              /tmp/cceRjJvB.ltrans0.ltrans.o (__aeabi_dmul)
/opt/Atollic_TrueSTUDIO_for_STM32_x86_64_9.1.0/ARMTools/bin/../lib/gcc/arm-atollic-eabi/6.3.1/armv7e-m/fpu/libgcc.a(_arm_fixdfsi.o)
                              /tmp/cceRjJvB.ltrans0.ltrans.o (__aeabi_d2iz)
/opt/Atollic_TrueSTUDIO_for_STM32_x86_64_9.1.0/ARMTools/bin/../lib/gcc/arm-atollic-eabi/6.3.1/armv7e-m/fpu/libgcc.a(_arm_truncdfsf2.o)
                              /tmp/cceRjJvB.ltrans0.ltrans.o (__aeabi_d2f)
/opt/Atollic_TrueSTUDIO_for_STM32_x86_64_9.1.0/ARMTools/bin/../lib/gcc/arm-atollic-eabi/6.3.1/armv7e-m/fpu/libgcc.a(_aeabi_uldivmod.o)
                              /tmp/cceRjJvB.ltrans0.ltrans.o (__aeabi_uldivmod)
/opt/Atollic_TrueSTUDIO_for_STM32_x86_64_9.1.0/ARMTools/bin/../lib/gcc/arm-atollic-eabi/6.3.1/armv7e-m/fpu/libgcc.a(_udivmoddi4.o)
                              /opt/Atollic_TrueSTUDIO_for_STM32_x86_64_9.1.0/ARMTools/bin/../lib/gcc/arm-atollic-eabi/6.3.1/armv7e-m/fpu/libgcc.a(_aeabi_uldivmod.o) (__udivmoddi4)
/opt/Atollic_TrueSTUDIO_for_STM32_x86_64_9.1.0/ARMTools/bin/../lib/gcc/arm-atollic-eabi/6.3.1/armv7e-m/fpu/libgcc.a(_dvmd_tls.o)
                              /opt/Atollic_TrueSTUDIO_for_STM32_x86_64_9.1.0/ARMTools/bin/../lib/gcc/arm-atollic-eabi/6.3.1/armv7e-m/fpu/libgcc.a(_aeabi_uldivmod.o) (__aeabi_ldiv0)
/opt/Atollic_TrueSTUDIO_for_STM32_x86_64_9.1.0/ARMTools/bin/../lib/gcc/arm-atollic-eabi/6.3.1/../../../../arm-atollic-eabi/lib/armv7e-m/fpu/libc.a(lib_a-memcpy-stub.o)
                              /tmp/cceRjJvB.ltrans0.ltrans.o (memcpy)
/opt/Atollic_TrueSTUDIO_for_STM32_x86_64_9.1.0/ARMTools/bin/../lib/gcc/arm-atollic-eabi/6.3.1/../../../../arm-atollic-eabi/lib/armv7e-m/fpu/libc.a(lib_a-memset.o)
                              /tmp/cceRjJvB.ltrans1.ltrans.o (memset)
/opt/Atollic_TrueSTUDIO_for_STM32_x86_64_9.1.0/ARMTools/bin/../lib/gcc/arm-atollic-eabi/6.3.1/../../../../arm-atollic-eabi/lib/armv7e-m/fpu/libc.a(lib_a-strcmp.o)
                              /tmp/cceRjJvB.ltrans3.ltrans.o (strcmp)
/opt/Atollic_TrueSTUDIO_for_STM32_x86_64_9.1.0/ARMTools/bin/../lib/gcc/arm-atollic-eabi/6.3.1/../../../../arm-atollic-eabi/lib/armv7e-m/fpu/libc.a(lib_a-strncmp.o)
                              /tmp/cceRjJvB.ltrans1.ltrans.o (strncmp)
/opt/Atollic_TrueSTUDIO_for_STM32_x86_64_9.1.0/ARMTools/bin/../lib/gcc/arm-atollic-eabi/6.3.1/../../../../arm-atollic-eabi/lib/armv7e-m/fpu/libc.a(lib_a-strncpy.o)
                              /tmp/cceRjJvB.ltrans1.ltrans.o (strncpy)

Discarded input sections

 .data          0x0000000000000000        0x0 build/obj/crt0_v7m.o
 .bss           0x0000000000000000        0x0 build/obj/crt0_v7m.o
 .data          0x0000000000000000        0x0 build/obj/vectors.o
 .bss           0x0000000000000000        0x0 build/obj/vectors.o
 .data          0x0000000000000000        0x0 build/obj/chcoreasm_v7m.o
 .bss           0x0000000000000000        0x0 build/obj/chcoreasm_v7m.o
 .text          0x0000000000000000        0x0 build/obj/crt1.o (symbol from plugin)
 .text          0x0000000000000000        0x0 /tmp/cceRjJvB.ltrans0.ltrans.o
 .data          0x0000000000000000        0x0 /tmp/cceRjJvB.ltrans0.ltrans.o
 .bss           0x0000000000000000        0x0 /tmp/cceRjJvB.ltrans0.ltrans.o
 .data.SystemCoreClock
                0x0000000000000000        0x4 /tmp/cceRjJvB.ltrans0.ltrans.o
 .bss._pal_events
                0x0000000000000000        0x0 /tmp/cceRjJvB.ltrans0.ltrans.o
 .rodata.default_config.lto_priv.151
                0x0000000000000000        0xc /tmp/cceRjJvB.ltrans0.ltrans.o
 .text.l3gd20Stop
                0x0000000000000000       0x3e /tmp/cceRjJvB.ltrans0.ltrans.o
 .text.chsnprintf
                0x0000000000000000       0x66 /tmp/cceRjJvB.ltrans0.ltrans.o
 .text._writes  0x0000000000000000       0x56 /tmp/cceRjJvB.ltrans0.ltrans.o
 .text._reads   0x0000000000000000       0x56 /tmp/cceRjJvB.ltrans0.ltrans.o
 .text._put.lto_priv.13
                0x0000000000000000       0x48 /tmp/cceRjJvB.ltrans0.ltrans.o
 .text._get.lto_priv.10
                0x0000000000000000       0x44 /tmp/cceRjJvB.ltrans0.ltrans.o
 .rodata.vmt.lto_priv.6
                0x0000000000000000       0x14 /tmp/cceRjJvB.ltrans0.ltrans.o
 .text.msObjectInit
                0x0000000000000000       0x3c /tmp/cceRjJvB.ltrans0.ltrans.o
 .text.writes   0x0000000000000000       0x1a /tmp/cceRjJvB.ltrans0.ltrans.o
 .text.reads    0x0000000000000000       0x1a /tmp/cceRjJvB.ltrans0.ltrans.o
 .text.put      0x0000000000000000       0x1a /tmp/cceRjJvB.ltrans0.ltrans.o
[...]
Memory Configuration

Name             Origin             Length             Attributes
flash0           0x0000000008000000 0x0000000000040000
flash1           0x0000000000000000 0x0000000000000000
flash2           0x0000000000000000 0x0000000000000000
flash3           0x0000000000000000 0x0000000000000000
flash4           0x0000000000000000 0x0000000000000000
flash5           0x0000000000000000 0x0000000000000000
flash6           0x0000000000000000 0x0000000000000000
flash7           0x0000000000000000 0x0000000000000000
ram0             0x0000000020000000 0x0000000000010000
ram1             0x0000000000000000 0x0000000000000000
ram2             0x0000000000000000 0x0000000000000000
ram3             0x0000000000000000 0x0000000000000000
ram4             0x0000000000000000 0x0000000000000000
ram5             0x0000000000000000 0x0000000000000000
ram6             0x0000000000000000 0x0000000000000000
ram7             0x0000000000000000 0x0000000000000000
*default*        0x0000000000000000 0xffffffffffffffff

Linker script and memory map

LOAD build/obj/crt0_v7m.o
LOAD build/obj/vectors.o
LOAD build/obj/chcoreasm_v7m.o
LOAD build/obj/crt1.o
LOAD /tmp/cceRjJvB.ltrans0.ltrans.o
LOAD /tmp/cceRjJvB.ltrans1.ltrans.o
LOAD /tmp/cceRjJvB.ltrans2.ltrans.o
LOAD /tmp/cceRjJvB.ltrans3.ltrans.o
LOAD /tmp/cceRjJvB.ltrans4.ltrans.o
LOAD /tmp/cceRjJvB.ltrans5.ltrans.o
LOAD /tmp/cceRjJvB.ltrans6.ltrans.o
LOAD /tmp/cceRjJvB.ltrans7.ltrans.o
LOAD /tmp/cceRjJvB.ltrans8.ltrans.o
LOAD /tmp/cceRjJvB.ltrans9.ltrans.o
LOAD build/obj/hal.o
LOAD build/obj/hal_st.o
LOAD build/obj/hal_buffers.o
LOAD build/obj/hal_queues.o
LOAD build/obj/hal_mmcsd.o
LOAD build/obj/hal_pal.o
LOAD build/obj/hal_serial.o
LOAD build/obj/hal_serial_usb.o
LOAD build/obj/hal_spi.o
LOAD build/obj/hal_uart.o
LOAD build/obj/hal_usb.o
LOAD build/obj/nvic.o
LOAD build/obj/stm32_isr.o
LOAD build/obj/hal_lld.o
LOAD build/obj/stm32_dma.o
LOAD build/obj/hal_pal_lld.o
LOAD build/obj/hal_usb_lld.o
LOAD build/obj/hal_spi_lld.o
LOAD build/obj/hal_st_lld.o
LOAD build/obj/hal_serial_lld.o
LOAD build/obj/hal_uart_lld.o
LOAD build/obj/board.o
LOAD build/obj/osal.o
LOAD build/obj/chsys.o
LOAD build/obj/chdebug.o
LOAD build/obj/chtrace.o
LOAD build/obj/chvt.o
LOAD build/obj/chschd.o
LOAD build/obj/chthreads.o
LOAD build/obj/chtm.o
LOAD build/obj/chregistry.o
LOAD build/obj/chsem.o
LOAD build/obj/chmtx.o
LOAD build/obj/chcond.o
LOAD build/obj/chevents.o
LOAD build/obj/chmsg.o
LOAD build/obj/chdynamic.o
LOAD build/obj/chmboxes.o
LOAD build/obj/chmemcore.o
LOAD build/obj/chheap.o
LOAD build/obj/chmempools.o
LOAD build/obj/chfactory.o
LOAD build/obj/chcore.o
LOAD build/obj/chcore_v7m.o
LOAD build/obj/l3gd20.o
LOAD build/obj/chprintf.o
LOAD build/obj/memstreams.o
LOAD build/obj/nullstreams.o
LOAD build/obj/usbcfg.o
LOAD build/obj/main.o
LOAD build/obj/mbcrc.o

.mstack         0x0000000020000000      0x400
                0x0000000020000000                . = ALIGN (0x8)
                0x0000000020000000                __main_stack_base__ = .
                0x0000000020000400                . = (. + __main_stack_size__)
 *fill*         0x0000000020000000      0x400 
                0x0000000020000400                . = ALIGN (0x8)
                0x0000000020000400                __main_stack_end__ = .

.pstack         0x0000000020000400      0x400
                0x0000000020000400                __process_stack_base__ = .
                0x0000000020000400                __main_thread_stack_base__ = .
                0x0000000020000800                . = (. + __process_stack_size__)
 *fill*         0x0000000020000400      0x400 
                0x0000000020000800                . = ALIGN (0x8)
                0x0000000020000800                __process_stack_end__ = .
                0x0000000020000800                __main_thread_stack_end__ = .

.vectors        0x0000000008000000      0x1e0
 *(.vectors)
 .vectors       0x0000000008000000      0x1e0 build/obj/vectors.o
                0x0000000008000000                _vectors

.xtors          0x00000000080001e0        0x0
                0x00000000080001e0                __init_array_start = .
 *(SORT(.init_array.*))
 *(.init_array)
                0x00000000080001e0                __init_array_end = .
                0x00000000080001e0                __fini_array_start = .
 *(.fini_array)
 *(SORT(.fini_array.*))
                0x00000000080001e0                __fini_array_end = .

.text           0x00000000080001e0     0x9016
 *(.text)
 .text          0x00000000080001e0      0x120 build/obj/crt0_v7m.o
                0x00000000080001e0                _crt0_entry
 .text          0x0000000008000300        0x8 build/obj/vectors.o
                0x0000000008000300                Reset_Handler
                0x0000000008000302                Vector58
                0x0000000008000302                VectorE8
                0x0000000008000302                Vector9C
                0x0000000008000302                VectorAC
                0x0000000008000302                DebugMon_Handler
                0x0000000008000302                Vector1A0
                0x0000000008000302                Vector5C
                0x0000000008000302                Vector11C
                0x0000000008000302                HardFault_Handler
                0x0000000008000302                Vector1B8
                0x0000000008000302                Vector19C
                0x0000000008000302                Vector8C
                0x0000000008000302                SysTick_Handler
                0x0000000008000302                VectorDC
                0x0000000008000302                PendSV_Handler
                0x0000000008000302                Vector168
                0x0000000008000302                NMI_Handler
                0x0000000008000302                Vector110
                0x0000000008000302                Vector1D8
                0x0000000008000302                VectorC8
                0x0000000008000302                Vector94
                0x0000000008000302                VectorA8
                0x0000000008000302                VectorB4
                0x0000000008000302                Vector160
                0x0000000008000302                Vector1B0
                0x0000000008000302                UsageFault_Handler
                0x0000000008000302                VectorEC
                0x0000000008000302                Vector40
                0x0000000008000302                VectorF8
                0x0000000008000302                Vector108
                0x0000000008000302                VectorBC
                0x0000000008000302                Vector190
                0x0000000008000302                Vector1C4
                0x0000000008000302                Vector1CC
                0x0000000008000302                Vector148
                0x0000000008000302                Vector188
                0x0000000008000302                Vector198
                0x0000000008000302                Vector118
                0x0000000008000302                Vector64
                0x0000000008000302                VectorCC
                0x0000000008000302                Vector54
                0x0000000008000302                Vector98
                0x0000000008000302                Vector138
                0x0000000008000302                Vector24
                0x0000000008000302                Vector1AC
                0x0000000008000302                Vector178
                0x0000000008000302                Vector1A4
                0x0000000008000302                VectorD0
                0x0000000008000302                Vector1B4
                0x0000000008000302                Vector140
                0x0000000008000302                VectorE4
                0x0000000008000302                VectorC0
                0x0000000008000302                Vector1C0
                0x0000000008000302                Vector134
                0x0000000008000302                Vector1D0
                0x0000000008000302                VectorF0
                0x0000000008000302                Vector13C
                0x0000000008000302                Vector100
                0x0000000008000302                VectorE0
                0x0000000008000302                VectorF4
                0x0000000008000302                MemManage_Handler
                0x0000000008000302                VectorA0
                0x0000000008000302                VectorC4
                0x0000000008000302                Vector180
                0x0000000008000302                Vector90
                0x0000000008000302                Vector114
                0x0000000008000302                Vector164
                0x0000000008000302                Vector60
                0x0000000008000302                Vector1C
                0x0000000008000302                Vector1BC
                0x0000000008000302                Vector1D4
                0x0000000008000302                Vector17C
                0x0000000008000302                Vector48
                0x0000000008000302                Vector1A8
                0x0000000008000302                Vector16C
                0x0000000008000302                Vector4C
                0x0000000008000302                Vector144
                0x0000000008000302                Vector68
                0x0000000008000302                Vector170
                0x0000000008000302                Vector88
                0x0000000008000302                Vector104
                0x0000000008000302                Vector184
                0x0000000008000302                Vector10C
                0x0000000008000302                BusFault_Handler
                0x0000000008000302                Vector50
                0x0000000008000302                Vector1C8
                0x0000000008000302                Vector194
                0x0000000008000302                Vector1DC
                0x0000000008000302                Vector44
                0x0000000008000302                Vector28
                0x0000000008000302                VectorB8
                0x0000000008000302                Vector34
                0x0000000008000302                VectorA4
                0x0000000008000302                Vector20
                0x0000000008000302                Vector18C
                0x0000000008000302                Vector174
                0x0000000008000306                _unhandled_exception
 .text          0x0000000008000308       0x30 build/obj/chcoreasm_v7m.o
                0x0000000008000308                _port_switch
                0x0000000008000320                _port_thread_start
                0x0000000008000330                _port_switch_from_isr
                0x0000000008000334                _port_exit_from_isr
 .text          0x0000000008000338      0x370 /opt/Atollic_TrueSTUDIO_for_STM32_x86_64_9.1.0/ARMTools/bin/../lib/gcc/arm-atollic-eabi/6.3.1/armv7e-m/fpu/libgcc.a(_arm_addsubdf3.o)
                0x0000000008000338                __aeabi_drsub
                0x0000000008000340                __aeabi_dsub
                0x0000000008000340                __subdf3
                0x0000000008000344                __adddf3
                0x0000000008000344                __aeabi_dadd
                0x00000000080005bc                __aeabi_ui2d
                0x00000000080005bc                __floatunsidf
                0x00000000080005dc                __floatsidf
                0x00000000080005dc                __aeabi_i2d
                0x0000000008000600                __extendsfdf2
                0x0000000008000600                __aeabi_f2d
                0x000000000800063c                __aeabi_ul2d
                0x000000000800063c                __floatundidf
                0x000000000800064c                __floatdidf
                0x000000000800064c                __aeabi_l2d
 .text          0x00000000080006a8      0x424 /opt/Atollic_TrueSTUDIO_for_STM32_x86_64_9.1.0/ARMTools/bin/../lib/gcc/arm-atollic-eabi/6.3.1/armv7e-m/fpu/libgcc.a(_arm_muldivdf3.o)
                0x00000000080006a8                __aeabi_dmul
                0x00000000080006a8                __muldf3
                0x00000000080008fc                __aeabi_ddiv
                0x00000000080008fc                __divdf3
 .text          0x0000000008000acc       0x50 /opt/Atollic_TrueSTUDIO_for_STM32_x86_64_9.1.0/ARMTools/bin/../lib/gcc/arm-atollic-eabi/6.3.1/armv7e-m/fpu/libgcc.a(_arm_fixdfsi.o)
                0x0000000008000acc                __fixdfsi
                0x0000000008000acc                __aeabi_d2iz
 .text          0x0000000008000b1c       0xa0 /opt/Atollic_TrueSTUDIO_for_STM32_x86_64_9.1.0/ARMTools/bin/../lib/gcc/arm-atollic-eabi/6.3.1/armv7e-m/fpu/libgcc.a(_arm_truncdfsf2.o)
                0x0000000008000b1c                __aeabi_d2f
                0x0000000008000b1c                __truncdfsf2
 .text          0x0000000008000bbc       0x30 /opt/Atollic_TrueSTUDIO_for_STM32_x86_64_9.1.0/ARMTools/bin/../lib/gcc/arm-atollic-eabi/6.3.1/armv7e-m/fpu/libgcc.a(_aeabi_uldivmod.o)
                0x0000000008000bbc                __aeabi_uldivmod
 .text          0x0000000008000bec      0x2dc /opt/Atollic_TrueSTUDIO_for_STM32_x86_64_9.1.0/ARMTools/bin/../lib/gcc/arm-atollic-eabi/6.3.1/armv7e-m/fpu/libgcc.a(_udivmoddi4.o)
                0x0000000008000bec                __udivmoddi4
 .text          0x0000000008000ec8        0x4 /opt/Atollic_TrueSTUDIO_for_STM32_x86_64_9.1.0/ARMTools/bin/../lib/gcc/arm-atollic-eabi/6.3.1/armv7e-m/fpu/libgcc.a(_dvmd_tls.o)
                0x0000000008000ec8                __aeabi_ldiv0
                0x0000000008000ec8                __aeabi_idiv0
 *(.text.*)
 .text.gyro_read_cooked
                0x0000000008000ecc       0x88 /tmp/cceRjJvB.ltrans0.ltrans.o
 .text.gyro_sample_bias
                0x0000000008000f54      0x110 /tmp/cceRjJvB.ltrans0.ltrans.o
 .text.gyro_set_bias
                0x0000000008001064       0x50 /tmp/cceRjJvB.ltrans0.ltrans.o
 .text.gyro_reset_bias
                0x00000000080010b4       0x48 /tmp/cceRjJvB.ltrans0.ltrans.o
 .text.gyro_set_sensivity
                0x00000000080010fc       0x52 /tmp/cceRjJvB.ltrans0.ltrans.o
 *fill*         0x000000000800114e        0x2 
 .text.gyro_reset_sensivity
                0x0000000008001150       0xc4 /tmp/cceRjJvB.ltrans0.ltrans.o
 .text.gyro_set_full_scale
                0x0000000008001214      0x114 /tmp/cceRjJvB.ltrans0.ltrans.o
 .text.l3gd20ObjectInit
                0x0000000008001328       0x34 /tmp/cceRjJvB.ltrans0.ltrans.o
 .text.l3gd20Start
                0x000000000800135c      0x1ec /tmp/cceRjJvB.ltrans0.ltrans.o
 .text.long_to_string_with_divisor
                0x0000000008001548       0xaa /tmp/cceRjJvB.ltrans0.ltrans.o
 .text.ch_ltoa  0x00000000080015f2       0x22 /tmp/cceRjJvB.ltrans0.ltrans.o
 .text.ftoa     0x0000000008001614       0xb4 /tmp/cceRjJvB.ltrans0.ltrans.o
 .text.chvprintf
                0x00000000080016c8      0x4b0 /tmp/cceRjJvB.ltrans0.ltrans.o
 .text.chprintf
                0x0000000008001b78       0x2c /tmp/cceRjJvB.ltrans0.ltrans.o
 .text.port_lock.lto_priv.2
                0x0000000008001ba4       0x1a /tmp/cceRjJvB.ltrans0.ltrans.o
 .text.port_unlock.lto_priv.0
                0x0000000008001bbe       0x1a /tmp/cceRjJvB.ltrans0.ltrans.o
 .text.port_lock_from_isr
                0x0000000008001bd8        0xa /tmp/cceRjJvB.ltrans0.ltrans.o
 .text.port_unlock_from_isr
                0x0000000008001be2        0xa /tmp/cceRjJvB.ltrans0.ltrans.o
 .text.chSysLockFromISR
                0x0000000008001bec        0xa /tmp/cceRjJvB.ltrans0.ltrans.o
 .text.chSysUnlockFromISR
                0x0000000008001bf6        0xa /tmp/cceRjJvB.ltrans0.ltrans.o
 .text.osalSysLockFromISR
                0x0000000008001c00        0xa /tmp/cceRjJvB.ltrans0.ltrans.o
 .text.osalSysUnlockFromISR
                0x0000000008001c0a        0xa /tmp/cceRjJvB.ltrans0.ltrans.o
 .text.get_descriptor
                0x0000000008001c14       0x5c /tmp/cceRjJvB.ltrans0.ltrans.o
 .text.usb_event
                0x0000000008001c70       0x88 /tmp/cceRjJvB.ltrans0.ltrans.o
 .text.sof_handler
                0x0000000008001cf8       0x20 /tmp/cceRjJvB.ltrans0.ltrans.o
 .text.port_lock.lto_priv.3
                0x0000000008001d18       0x1a /tmp/cceRjJvB.ltrans0.ltrans.o
 .text.port_unlock.lto_priv.1
                0x0000000008001d32       0x1a /tmp/cceRjJvB.ltrans0.ltrans.o
 .text.st_lld_get_counter
                0x0000000008001d4c       0x14 /tmp/cceRjJvB.ltrans0.ltrans.o
 .text.port_timer_get_time
                0x0000000008001d60        0xe /tmp/cceRjJvB.ltrans0.ltrans.o
 .text.chSysLock
                0x0000000008001d6e        0xa /tmp/cceRjJvB.ltrans0.ltrans.o
 .text.chSysUnlock
                0x0000000008001d78        0xa /tmp/cceRjJvB.ltrans0.ltrans.o
 .text.chVTGetSystemTimeX
                0x0000000008001d82        0xe /tmp/cceRjJvB.ltrans0.ltrans.o
 .text.chVTGetSystemTime
                0x0000000008001d90       0x1e /tmp/cceRjJvB.ltrans0.ltrans.o
 *fill*         0x0000000008001dae        0x2 
 .text.chRegSetThreadName
                0x0000000008001db0       0x20 /tmp/cceRjJvB.ltrans0.ltrans.o
 .text.chBSemObjectInit
                0x0000000008001dd0       0x24 /tmp/cceRjJvB.ltrans0.ltrans.o
 .text.chBSemWait
                0x0000000008001df4       0x1a /tmp/cceRjJvB.ltrans0.ltrans.o
 .text.chBSemSignalI
                0x0000000008001e0e       0x1e /tmp/cceRjJvB.ltrans0.ltrans.o
 .text.chBSemSignal
                0x0000000008001e2c       0x20 /tmp/cceRjJvB.ltrans0.ltrans.o
 .text.rxend    0x0000000008001e4c       0x18 /tmp/cceRjJvB.ltrans0.ltrans.o
 .text.Thread1  0x0000000008001e64      0x174 /tmp/cceRjJvB.ltrans0.ltrans.o
 .text.main     0x0000000008001fd8      0x1f0 /tmp/cceRjJvB.ltrans0.ltrans.o
                0x0000000008001fd8                main
 .text.timer_expired
                0x00000000080021c8       0x10 /tmp/cceRjJvB.ltrans0.ltrans.o
 .text.stop_timer
                0x00000000080021d8       0x18 /tmp/cceRjJvB.ltrans0.ltrans.o
 .text.restart_timer
                0x00000000080021f0       0x14 /tmp/cceRjJvB.ltrans0.ltrans.o
 .text.construct_response
                0x0000000008002204       0x6a /tmp/cceRjJvB.ltrans0.ltrans.o
 *fill*         0x000000000800226e        0x2 
 .text.send_response
                0x0000000008002270       0x24 /tmp/cceRjJvB.ltrans0.ltrans.o
 .text.is_frame_valid
                0x0000000008002294       0x4c /tmp/cceRjJvB.ltrans0.ltrans.o
 .text.process_request
                0x00000000080022e0       0x5c /tmp/cceRjJvB.ltrans0.ltrans.o
 .text.poll_uart_for_character
                0x000000000800233c       0x2c /tmp/cceRjJvB.ltrans0.ltrans.o
 .text.handle_rx_packet
                0x0000000008002368       0xac /tmp/cceRjJvB.ltrans0.ltrans.o
 .text.modbus_driver_thread
                0x0000000008002414       0xac /tmp/cceRjJvB.ltrans0.ltrans.o
 .text.usMBCRC16
                0x00000000080024c0       0x64 /tmp/cceRjJvB.ltrans0.ltrans.o
 .text.port_lock.lto_priv.37
                0x0000000008002524       0x1a /tmp/cceRjJvB.ltrans1.ltrans.o
 .text.port_unlock.lto_priv.34
                0x000000000800253e       0x1a /tmp/cceRjJvB.ltrans1.ltrans.o
 .text.chSysLock.lto_priv.42
                0x0000000008002558        0xa /tmp/cceRjJvB.ltrans1.ltrans.o
 .text.chSysUnlock.lto_priv.40
                0x0000000008002562        0xa /tmp/cceRjJvB.ltrans1.ltrans.o
 .text._core_init
                0x000000000800256c       0x24 /tmp/cceRjJvB.ltrans1.ltrans.o
                0x000000000800256c                _core_init
 .text.chCoreAllocAlignedWithOffsetI
                0x0000000008002590       0x6c /tmp/cceRjJvB.ltrans1.ltrans.o
 .text.chCoreAllocAlignedWithOffset
                0x00000000080025fc       0x2a /tmp/cceRjJvB.ltrans1.ltrans.o
 *fill*         0x0000000008002626        0x2 
 .text._heap_init
                0x0000000008002628       0x2c /tmp/cceRjJvB.ltrans1.ltrans.o
                0x0000000008002628                _heap_init
 .text.chPoolObjectInitAligned
                0x0000000008002654       0x30 /tmp/cceRjJvB.ltrans1.ltrans.o
 .text.chCoreAllocAlignedI
                0x0000000008002684       0x1e /tmp/cceRjJvB.ltrans1.ltrans.o
 .text.chPoolObjectInit
                0x00000000080026a2       0x1e /tmp/cceRjJvB.ltrans1.ltrans.o
 .text.dyn_list_init
                0x00000000080026c0       0x18 /tmp/cceRjJvB.ltrans1.ltrans.o
 .text._factory_init
                0x00000000080026d8       0x64 /tmp/cceRjJvB.ltrans1.ltrans.o
                0x00000000080026d8                _factory_init
 .text.port_lock.lto_priv.39
                0x000000000800273c       0x1a /tmp/cceRjJvB.ltrans1.ltrans.o
 .text.port_unlock.lto_priv.36
                0x0000000008002756       0x1a /tmp/cceRjJvB.ltrans1.ltrans.o
 .text.port_lock_from_isr
                0x0000000008002770        0xa /tmp/cceRjJvB.ltrans1.ltrans.o
 .text.port_unlock_from_isr
                0x000000000800277a        0xa /tmp/cceRjJvB.ltrans1.ltrans.o
 .text.SVC_Handler
                0x0000000008002784       0x3c /tmp/cceRjJvB.ltrans1.ltrans.o
                0x0000000008002784                SVC_Handler
 .text._port_irq_epilogue
                0x00000000080027c0       0x7c /tmp/cceRjJvB.ltrans1.ltrans.o
                0x00000000080027c0                _port_irq_epilogue
 .text.osalThreadSleep.lto_priv.32
                0x000000000800283c       0x14 /tmp/cceRjJvB.ltrans1.ltrans.o
                0x000000000800283c                osalThreadSleep.lto_priv.32
 .text.l3gd20SPIReadRegister.lto_priv.33
                0x0000000008002850       0x56 /tmp/cceRjJvB.ltrans1.ltrans.o
                0x0000000008002850                l3gd20SPIReadRegister.lto_priv.33
 .text.l3gd20SPIWriteRegister.lto_priv.31
                0x00000000080028a6       0x50 /tmp/cceRjJvB.ltrans1.ltrans.o
                0x00000000080028a6                l3gd20SPIWriteRegister.lto_priv.31
 .text.gyro_get_axes_number.lto_priv.14
                0x00000000080028f6       0x16 /tmp/cceRjJvB.ltrans1.ltrans.o
                0x00000000080028f6                gyro_get_axes_number.lto_priv.14
 .text.gyro_read_raw.lto_priv.15
                0x000000000800290c       0x82 /tmp/cceRjJvB.ltrans1.ltrans.o
                0x000000000800290c                gyro_read_raw.lto_priv.15
 .text.chMtxObjectInit
                0x000000000800298e       0x1c /tmp/cceRjJvB.ltrans2.ltrans.o
                0x000000000800298e                chMtxObjectInit
 .text.chMtxLock
                0x00000000080029aa       0x1c /tmp/cceRjJvB.ltrans2.ltrans.o
                0x00000000080029aa                chMtxLock
 *fill*         0x00000000080029c6        0x2 
 .text.chMtxLockS
                0x00000000080029c8       0xc0 /tmp/cceRjJvB.ltrans2.ltrans.o
 .text.chMtxUnlock
                0x0000000008002a88       0xa4 /tmp/cceRjJvB.ltrans2.ltrans.o
                0x0000000008002a88                chMtxUnlock
 .text.chEvtBroadcastFlagsI
                0x0000000008002b2c       0x56 /tmp/cceRjJvB.ltrans2.ltrans.o
                0x0000000008002b2c                chEvtBroadcastFlagsI
 .text.chEvtSignalI
                0x0000000008002b82       0x5c /tmp/cceRjJvB.ltrans2.ltrans.o
 *fill*         0x0000000008002bde        0x2 
 .text._thread_init
                0x0000000008002be0       0x80 /tmp/cceRjJvB.ltrans3.ltrans.o
                0x0000000008002be0                _thread_init
 .text.chThdCreateSuspendedI
                0x0000000008002c60       0x5c /tmp/cceRjJvB.ltrans3.ltrans.o
                0x0000000008002c60                chThdCreateSuspendedI
 .text.chThdCreate
                0x0000000008002cbc       0x2a /tmp/cceRjJvB.ltrans3.ltrans.o
                0x0000000008002cbc                chThdCreate
 *fill*         0x0000000008002ce6        0x2 
 .text.chThdCreateStatic
                0x0000000008002ce8       0x70 /tmp/cceRjJvB.ltrans3.ltrans.o
                0x0000000008002ce8                chThdCreateStatic
 .text.chThdExit
                0x0000000008002d58       0x18 /tmp/cceRjJvB.ltrans3.ltrans.o
                0x0000000008002d58                chThdExit
 .text.chThdExitS
                0x0000000008002d70       0x74 /tmp/cceRjJvB.ltrans3.ltrans.o
 .text.chThdSleep
                0x0000000008002de4       0x1c /tmp/cceRjJvB.ltrans3.ltrans.o
                0x0000000008002de4                chThdSleep
 .text.chThdSuspendTimeoutS
                0x0000000008002e00       0x3a /tmp/cceRjJvB.ltrans3.ltrans.o
                0x0000000008002e00                chThdSuspendTimeoutS
 .text.chThdResumeI
                0x0000000008002e3a       0x30 /tmp/cceRjJvB.ltrans3.ltrans.o
                0x0000000008002e3a                chThdResumeI
 *fill*         0x0000000008002e6a        0x2 
 .text.chThdEnqueueTimeoutS
                0x0000000008002e6c       0x38 /tmp/cceRjJvB.ltrans3.ltrans.o
                0x0000000008002e6c                chThdEnqueueTimeoutS
 .text.chThdDequeueNextI
                0x0000000008002ea4       0x24 /tmp/cceRjJvB.ltrans3.ltrans.o
                0x0000000008002ea4                chThdDequeueNextI
 .text.chThdDequeueAllI
                0x0000000008002ec8       0x26 /tmp/cceRjJvB.ltrans3.ltrans.o
                0x0000000008002ec8                chThdDequeueAllI
 *fill*         0x0000000008002eee        0x2 
 .text.port_rt_get_counter_value
                0x0000000008002ef0       0x18 /tmp/cceRjJvB.ltrans3.ltrans.o
 .text.tm_stop  0x0000000008002f08       0x70 /tmp/cceRjJvB.ltrans3.ltrans.o
 .text._tm_init
                0x0000000008002f78       0x34 /tmp/cceRjJvB.ltrans3.ltrans.o
                0x0000000008002f78                _tm_init
 .text.chTMObjectInit
                0x0000000008002fac       0x38 /tmp/cceRjJvB.ltrans3.ltrans.o
 .text.chTMStartMeasurementX
                0x0000000008002fe4       0x18 /tmp/cceRjJvB.ltrans3.ltrans.o
 .text.chTMStopMeasurementX
                0x0000000008002ffc       0x24 /tmp/cceRjJvB.ltrans3.ltrans.o
 .text.port_lock.lto_priv.84
                0x0000000008003020       0x1a /tmp/cceRjJvB.ltrans3.ltrans.o
 .text.port_unlock.lto_priv.81
                0x000000000800303a       0x1a /tmp/cceRjJvB.ltrans3.ltrans.o
 .text.queue_init.lto_priv.95
                0x0000000008003054       0x1e /tmp/cceRjJvB.ltrans3.ltrans.o
 .text.queue_insert.lto_priv.93
                0x0000000008003072       0x30 /tmp/cceRjJvB.ltrans3.ltrans.o
 .text.queue_fifo_remove
                0x00000000080030a2       0x2c /tmp/cceRjJvB.ltrans3.ltrans.o
 .text.chSysLock.lto_priv.91
                0x00000000080030ce        0xa /tmp/cceRjJvB.ltrans3.ltrans.o
 .text.chSysUnlock.lto_priv.88
                0x00000000080030d8        0xa /tmp/cceRjJvB.ltrans3.ltrans.o
 .text.chSemObjectInit
                0x00000000080030e2       0x1e /tmp/cceRjJvB.ltrans3.ltrans.o
                0x00000000080030e2                chSemObjectInit
 .text.chSemWait
                0x0000000008003100       0x22 /tmp/cceRjJvB.ltrans3.ltrans.o
                0x0000000008003100                chSemWait
 *fill*         0x0000000008003122        0x2 
 .text.chSemWaitS
                0x0000000008003124       0x4c /tmp/cceRjJvB.ltrans3.ltrans.o
 .text.chSemSignalI
                0x0000000008003170       0x36 /tmp/cceRjJvB.ltrans3.ltrans.o
                0x0000000008003170                chSemSignalI
 .text.port_lock.lto_priv.85
                0x00000000080031a6       0x1a /tmp/cceRjJvB.ltrans3.ltrans.o
 .text.port_unlock.lto_priv.82
                0x00000000080031c0       0x1a /tmp/cceRjJvB.ltrans3.ltrans.o
 .text.queue_init.lto_priv.58
                0x00000000080031da       0x1e /tmp/cceRjJvB.ltrans3.ltrans.o
                0x00000000080031da                queue_init.lto_priv.58
 .text.queue_notempty.lto_priv.79
                0x00000000080031f8       0x24 /tmp/cceRjJvB.ltrans3.ltrans.o
 .text.queue_prio_insert.lto_priv.74
                0x000000000800321c       0x4e /tmp/cceRjJvB.ltrans3.ltrans.o
                0x000000000800321c                queue_prio_insert.lto_priv.74
 .text.queue_fifo_remove.lto_priv.71
                0x000000000800326a       0x2c /tmp/cceRjJvB.ltrans3.ltrans.o
                0x000000000800326a                queue_fifo_remove.lto_priv.71
 .text.queue_dequeue.lto_priv.77
                0x0000000008003296       0x2a /tmp/cceRjJvB.ltrans3.ltrans.o
                0x0000000008003296                queue_dequeue.lto_priv.77
 .text.chSysLock.lto_priv.52
                0x00000000080032c0        0xa /tmp/cceRjJvB.ltrans3.ltrans.o
                0x00000000080032c0                chSysLock.lto_priv.52
 .text.chSysUnlock.lto_priv.46
                0x00000000080032ca        0xa /tmp/cceRjJvB.ltrans3.ltrans.o
                0x00000000080032ca                chSysUnlock.lto_priv.46
 .text.chMtxQueueNotEmptyS.lto_priv.76
                0x00000000080032d4       0x1a /tmp/cceRjJvB.ltrans3.ltrans.o
                0x00000000080032d4                chMtxQueueNotEmptyS.lto_priv.76
 *fill*         0x00000000080032ee        0x2 
 .text.Vector15C
                0x00000000080032f0       0x14 /tmp/cceRjJvB.ltrans4.ltrans.o
                0x00000000080032f0                Vector15C
 .text.uart_lld_init
                0x0000000008003304       0x30 /tmp/cceRjJvB.ltrans4.ltrans.o
                0x0000000008003304                uart_lld_init
 .text.uart_lld_start
                0x0000000008003334       0xd0 /tmp/cceRjJvB.ltrans4.ltrans.o
                0x0000000008003334                uart_lld_start
 .text.uart_lld_start_send
                0x0000000008003404       0x72 /tmp/cceRjJvB.ltrans4.ltrans.o
                0x0000000008003404                uart_lld_start_send
 .text.gpio_init
                0x0000000008003476       0x4c /tmp/cceRjJvB.ltrans4.ltrans.o
 *fill*         0x00000000080034c2        0x2 
 .text.stm32_gpio_init
                0x00000000080034c4       0x94 /tmp/cceRjJvB.ltrans4.ltrans.o
 .text.__early_init
                0x0000000008003558        0xe /tmp/cceRjJvB.ltrans4.ltrans.o
                0x0000000008003558                __early_init
 .text.boardInit
                0x0000000008003566        0xc /tmp/cceRjJvB.ltrans4.ltrans.o
                0x0000000008003566                boardInit
 .text.chTimeAddX.lto_priv.139
                0x0000000008003572       0x1c /tmp/cceRjJvB.ltrans4.ltrans.o
 .text.chTimeDiffX.lto_priv.137
                0x000000000800358e       0x1c /tmp/cceRjJvB.ltrans4.ltrans.o
 *fill*         0x00000000080035aa        0x2 
 .text.__NVIC_SetPriorityGrouping
                0x00000000080035ac       0x48 /tmp/cceRjJvB.ltrans4.ltrans.o
 .text.__NVIC_SetPriority
                0x00000000080035f4       0x54 /tmp/cceRjJvB.ltrans4.ltrans.o
 .text.port_init
                0x0000000008003648       0x40 /tmp/cceRjJvB.ltrans4.ltrans.o
 .text.port_lock.lto_priv.120
                0x0000000008003688       0x1a /tmp/cceRjJvB.ltrans4.ltrans.o
 .text.port_unlock.lto_priv.117
                0x00000000080036a2       0x1a /tmp/cceRjJvB.ltrans4.ltrans.o
 .text.port_lock_from_isr.lto_priv.129
                0x00000000080036bc        0xa /tmp/cceRjJvB.ltrans4.ltrans.o
 .text.port_unlock_from_isr.lto_priv.127
                0x00000000080036c6        0xa /tmp/cceRjJvB.ltrans4.ltrans.o
 .text.port_disable
                0x00000000080036d0        0xe /tmp/cceRjJvB.ltrans4.ltrans.o
 .text.port_enable
                0x00000000080036de       0x1c /tmp/cceRjJvB.ltrans4.ltrans.o
 .text.port_wait_for_interrupt
                0x00000000080036fa        0xc /tmp/cceRjJvB.ltrans4.ltrans.o
 *fill*         0x0000000008003706        0x2 
 .text.port_rt_get_counter_value
                0x0000000008003708       0x18 /tmp/cceRjJvB.ltrans4.ltrans.o
 .text.st_lld_get_counter.lto_priv.114
                0x0000000008003720       0x14 /tmp/cceRjJvB.ltrans4.ltrans.o
 .text.port_timer_stop_alarm.lto_priv.135
                0x0000000008003734        0xa /tmp/cceRjJvB.ltrans4.ltrans.o
 .text.port_timer_set_alarm.lto_priv.133
                0x000000000800373e       0x14 /tmp/cceRjJvB.ltrans4.ltrans.o
 .text.port_timer_get_time.lto_priv.111
                0x0000000008003752        0xe /tmp/cceRjJvB.ltrans4.ltrans.o
 .text.chSysEnable
                0x0000000008003760        0xa /tmp/cceRjJvB.ltrans4.ltrans.o
 .text.chSysLockFromISR.lto_priv.125
                0x000000000800376a        0xa /tmp/cceRjJvB.ltrans4.ltrans.o
 .text.chSysUnlockFromISR.lto_priv.123
                0x0000000008003774        0xa /tmp/cceRjJvB.ltrans4.ltrans.o
 .text.chVTGetSystemTimeX.lto_priv.131
                0x000000000800377e        0xe /tmp/cceRjJvB.ltrans4.ltrans.o
 .text.chVTDoTickI
                0x000000000800378c       0xfc /tmp/cceRjJvB.ltrans4.ltrans.o
 .text._idle_thread.lto_priv.16
                0x0000000008003888        0xe /tmp/cceRjJvB.ltrans4.ltrans.o
                0x0000000008003888                _idle_thread.lto_priv.16
 *fill*         0x0000000008003896        0x2 
 .text.chSysInit
                0x0000000008003898       0x60 /tmp/cceRjJvB.ltrans4.ltrans.o
                0x0000000008003898                chSysInit
 .text.chSysHalt
                0x00000000080038f8       0x18 /tmp/cceRjJvB.ltrans4.ltrans.o
                0x00000000080038f8                chSysHalt
 .text.chSysTimerHandlerI
                0x0000000008003910        0xa /tmp/cceRjJvB.ltrans4.ltrans.o
                0x0000000008003910                chSysTimerHandlerI
 .text.chSysIsCounterWithinX
                0x000000000800391a       0x2e /tmp/cceRjJvB.ltrans4.ltrans.o
 .text.chSysPolledDelayX
                0x0000000008003948       0x32 /tmp/cceRjJvB.ltrans4.ltrans.o
                0x0000000008003948                chSysPolledDelayX
 .text.chTimeAddX.lto_priv.140
                0x000000000800397a       0x1c /tmp/cceRjJvB.ltrans4.ltrans.o
 .text.chTimeDiffX.lto_priv.138
                0x0000000008003996       0x1c /tmp/cceRjJvB.ltrans4.ltrans.o
 .text.st_lld_get_counter.lto_priv.115
                0x00000000080039b2       0x14 /tmp/cceRjJvB.ltrans4.ltrans.o
 .text.port_timer_start_alarm
                0x00000000080039c6       0x14 /tmp/cceRjJvB.ltrans4.ltrans.o
 .text.port_timer_stop_alarm.lto_priv.136
                0x00000000080039da        0xa /tmp/cceRjJvB.ltrans4.ltrans.o
 .text.port_timer_set_alarm.lto_priv.134
                0x00000000080039e4       0x14 /tmp/cceRjJvB.ltrans4.ltrans.o
 .text.port_timer_get_time.lto_priv.112
                0x00000000080039f8        0xe /tmp/cceRjJvB.ltrans4.ltrans.o
 .text.chVTGetSystemTimeX.lto_priv.132
                0x0000000008003a06        0xe /tmp/cceRjJvB.ltrans4.ltrans.o
 .text._vt_init
                0x0000000008003a14       0x30 /tmp/cceRjJvB.ltrans4.ltrans.o
 .text.chVTDoSetI
                0x0000000008003a44      0x134 /tmp/cceRjJvB.ltrans4.ltrans.o
 .text.chVTDoResetI
                0x0000000008003b78       0xec /tmp/cceRjJvB.ltrans4.ltrans.o
 .text.port_lock.lto_priv.121
                0x0000000008003c64       0x1a /tmp/cceRjJvB.ltrans4.ltrans.o
 .text.port_unlock.lto_priv.118
                0x0000000008003c7e       0x1a /tmp/cceRjJvB.ltrans4.ltrans.o
 .text.port_lock_from_isr.lto_priv.130
                0x0000000008003c98        0xa /tmp/cceRjJvB.ltrans4.ltrans.o
 .text.port_unlock_from_isr.lto_priv.128
                0x0000000008003ca2        0xa /tmp/cceRjJvB.ltrans4.ltrans.o
 .text.queue_init
                0x0000000008003cac       0x1e /tmp/cceRjJvB.ltrans4.ltrans.o
 .text.queue_fifo_remove.lto_priv.109
                0x0000000008003cca       0x2c /tmp/cceRjJvB.ltrans4.ltrans.o
 .text.queue_dequeue
                0x0000000008003cf6       0x2a /tmp/cceRjJvB.ltrans4.ltrans.o
 .text.chSchIsRescRequiredI
                0x0000000008003d20       0x28 /tmp/cceRjJvB.ltrans4.ltrans.o
 .text.chSysLockFromISR.lto_priv.126
                0x0000000008003d48        0xa /tmp/cceRjJvB.ltrans4.ltrans.o
 .text.chSysUnlockFromISR.lto_priv.124
                0x0000000008003d52        0xa /tmp/cceRjJvB.ltrans4.ltrans.o
 .text.chVTIsArmedI
                0x0000000008003d5c       0x22 /tmp/cceRjJvB.ltrans4.ltrans.o
 .text.chSemFastSignalI
                0x0000000008003d7e       0x1c /tmp/cceRjJvB.ltrans4.ltrans.o
 *fill*         0x0000000008003d9a        0x2 
 .text._scheduler_init
                0x0000000008003d9c       0x24 /tmp/cceRjJvB.ltrans4.ltrans.o
 .text.chSchReadyI
                0x0000000008003dc0       0x54 /tmp/cceRjJvB.ltrans4.ltrans.o
                0x0000000008003dc0                chSchReadyI
 .text.chSchReadyAheadI
                0x0000000008003e14       0x54 /tmp/cceRjJvB.ltrans4.ltrans.o
 .text.chSchGoSleepS
                0x0000000008003e68       0x44 /tmp/cceRjJvB.ltrans4.ltrans.o
                0x0000000008003e68                chSchGoSleepS
 .text.wakeup   0x0000000008003eac       0x78 /tmp/cceRjJvB.ltrans4.ltrans.o
 .text.chSchGoSleepTimeoutS
                0x0000000008003f24       0x68 /tmp/cceRjJvB.ltrans4.ltrans.o
                0x0000000008003f24                chSchGoSleepTimeoutS
 .text.chSchWakeupS
                0x0000000008003f8c       0x54 /tmp/cceRjJvB.ltrans4.ltrans.o
                0x0000000008003f8c                chSchWakeupS
 .text.chSchRescheduleS
                0x0000000008003fe0       0x14 /tmp/cceRjJvB.ltrans4.ltrans.o
                0x0000000008003fe0                chSchRescheduleS
 .text.chSchIsPreemptionRequired
                0x0000000008003ff4       0x34 /tmp/cceRjJvB.ltrans4.ltrans.o
                0x0000000008003ff4                chSchIsPreemptionRequired
 .text.chSchDoRescheduleAhead
                0x0000000008004028       0x40 /tmp/cceRjJvB.ltrans4.ltrans.o
 .text.chSchDoReschedule
                0x0000000008004068       0x40 /tmp/cceRjJvB.ltrans4.ltrans.o
                0x0000000008004068                chSchDoReschedule
 .text.port_lock.lto_priv.122
                0x00000000080040a8       0x1a /tmp/cceRjJvB.ltrans4.ltrans.o
 .text.port_unlock.lto_priv.119
                0x00000000080040c2       0x1a /tmp/cceRjJvB.ltrans4.ltrans.o
 .text.list_init.lto_priv.108
                0x00000000080040dc       0x18 /tmp/cceRjJvB.ltrans4.ltrans.o
                0x00000000080040dc                list_init.lto_priv.108
 .text.list_notempty.lto_priv.106
                0x00000000080040f4       0x24 /tmp/cceRjJvB.ltrans4.ltrans.o
                0x00000000080040f4                list_notempty.lto_priv.106
 .text.queue_init.lto_priv.94
                0x0000000008004118       0x1e /tmp/cceRjJvB.ltrans4.ltrans.o
                0x0000000008004118                queue_init.lto_priv.94
 .text.queue_notempty.lto_priv.78
                0x0000000008004136       0x24 /tmp/cceRjJvB.ltrans4.ltrans.o
                0x0000000008004136                queue_notempty.lto_priv.78
 .text.list_remove.lto_priv.107
                0x000000000800415a       0x24 /tmp/cceRjJvB.ltrans4.ltrans.o
                0x000000000800415a                list_remove.lto_priv.107
 .text.queue_insert.lto_priv.92
                0x000000000800417e       0x30 /tmp/cceRjJvB.ltrans4.ltrans.o
                0x000000000800417e                queue_insert.lto_priv.92
 .text.queue_fifo_remove.lto_priv.110
                0x00000000080041ae       0x2c /tmp/cceRjJvB.ltrans4.ltrans.o
 .text.chSysLock.lto_priv.89
                0x00000000080041da        0xa /tmp/cceRjJvB.ltrans4.ltrans.o
                0x00000000080041da                chSysLock.lto_priv.89
 .text.chSysUnlock.lto_priv.86
                0x00000000080041e4        0xa /tmp/cceRjJvB.ltrans4.ltrans.o
                0x00000000080041e4                chSysUnlock.lto_priv.86
 *fill*         0x00000000080041ee        0x2 
 .text.chThdGetSelfX.lto_priv.99
                0x00000000080041f0       0x18 /tmp/cceRjJvB.ltrans4.ltrans.o
                0x00000000080041f0                chThdGetSelfX.lto_priv.99
 .text.chThdSleepS.lto_priv.101
                0x0000000008004208       0x16 /tmp/cceRjJvB.ltrans4.ltrans.o
                0x0000000008004208                chThdSleepS.lto_priv.101
 .text.chThdDoDequeueNextI.lto_priv.98
                0x000000000800421e       0x24 /tmp/cceRjJvB.ltrans4.ltrans.o
                0x000000000800421e                chThdDoDequeueNextI.lto_priv.98
 .text.usb_lld_start_in
                0x0000000008004242      0x14a /tmp/cceRjJvB.ltrans5.ltrans.o
                0x0000000008004242                usb_lld_start_in
 .text.usb_lld_stall_out
                0x000000000800438c       0x36 /tmp/cceRjJvB.ltrans5.ltrans.o
                0x000000000800438c                usb_lld_stall_out
 .text.usb_lld_stall_in
                0x00000000080043c2       0x36 /tmp/cceRjJvB.ltrans5.ltrans.o
                0x00000000080043c2                usb_lld_stall_in
 .text.usb_lld_clear_out
                0x00000000080043f8       0x36 /tmp/cceRjJvB.ltrans5.ltrans.o
                0x00000000080043f8                usb_lld_clear_out
 .text.usb_lld_clear_in
                0x000000000800442e       0x36 /tmp/cceRjJvB.ltrans5.ltrans.o
                0x000000000800442e                usb_lld_clear_in
 .text.port_lock.lto_priv.173
                0x0000000008004464       0x1a /tmp/cceRjJvB.ltrans5.ltrans.o
 .text.port_unlock.lto_priv.170
                0x000000000800447e       0x1a /tmp/cceRjJvB.ltrans5.ltrans.o
 .text.port_lock_from_isr.lto_priv.167
                0x0000000008004498        0xa /tmp/cceRjJvB.ltrans5.ltrans.o
 .text.port_unlock_from_isr.lto_priv.164
                0x00000000080044a2        0xa /tmp/cceRjJvB.ltrans5.ltrans.o
 .text.chSysLockFromISR.lto_priv.161
                0x00000000080044ac        0xa /tmp/cceRjJvB.ltrans5.ltrans.o
 .text.chSysUnlockFromISR.lto_priv.158
                0x00000000080044b6        0xa /tmp/cceRjJvB.ltrans5.ltrans.o
 .text.osalSysHalt.lto_priv.149
                0x00000000080044c0       0x14 /tmp/cceRjJvB.ltrans5.ltrans.o
 .text.osalSysLockFromISR.lto_priv.155
                0x00000000080044d4        0xa /tmp/cceRjJvB.ltrans5.ltrans.o
 .text.osalSysUnlockFromISR.lto_priv.152
                0x00000000080044de        0xa /tmp/cceRjJvB.ltrans5.ltrans.o
 .text.osalThreadResumeI
                0x00000000080044e8       0x18 /tmp/cceRjJvB.ltrans5.ltrans.o
 .text.spi_lld_serve_rx_interrupt
                0x0000000008004500      0x12c /tmp/cceRjJvB.ltrans5.ltrans.o
 .text.spi_lld_serve_tx_interrupt
                0x000000000800462c       0x24 /tmp/cceRjJvB.ltrans5.ltrans.o
 .text.spi_lld_init
                0x0000000008004650       0x44 /tmp/cceRjJvB.ltrans5.ltrans.o
                0x0000000008004650                spi_lld_init
 .text.spi_lld_start
                0x0000000008004694      0x150 /tmp/cceRjJvB.ltrans5.ltrans.o
                0x0000000008004694                spi_lld_start
 .text.spi_lld_send
                0x00000000080047e4       0x88 /tmp/cceRjJvB.ltrans5.ltrans.o
                0x00000000080047e4                spi_lld_send
 .text.spi_lld_receive
                0x000000000800486c       0x88 /tmp/cceRjJvB.ltrans5.ltrans.o
                0x000000000800486c                spi_lld_receive
 .text.port_lock.lto_priv.174
                0x00000000080048f4       0x1a /tmp/cceRjJvB.ltrans5.ltrans.o
 .text.port_unlock.lto_priv.171
                0x000000000800490e       0x1a /tmp/cceRjJvB.ltrans5.ltrans.o
 .text.port_lock_from_isr.lto_priv.168
                0x0000000008004928        0xa /tmp/cceRjJvB.ltrans5.ltrans.o
 .text.port_unlock_from_isr.lto_priv.165
                0x0000000008004932        0xa /tmp/cceRjJvB.ltrans5.ltrans.o
 .text.chSysLockFromISR.lto_priv.162
                0x000000000800493c        0xa /tmp/cceRjJvB.ltrans5.ltrans.o
 .text.chSysUnlockFromISR.lto_priv.159
                0x0000000008004946        0xa /tmp/cceRjJvB.ltrans5.ltrans.o
 .text.osalSysLockFromISR.lto_priv.156
                0x0000000008004950        0xa /tmp/cceRjJvB.ltrans5.ltrans.o
 .text.osalSysUnlockFromISR.lto_priv.153
                0x000000000800495a        0xa /tmp/cceRjJvB.ltrans5.ltrans.o
 .text.osalOsTimerHandlerI
                0x0000000008004964        0xa /tmp/cceRjJvB.ltrans5.ltrans.o
 .text.VectorB0
                0x000000000800496e       0x2c /tmp/cceRjJvB.ltrans5.ltrans.o
                0x000000000800496e                VectorB0
 *fill*         0x000000000800499a        0x2 
 .text.st_lld_init
                0x000000000800499c       0x80 /tmp/cceRjJvB.ltrans5.ltrans.o
                0x000000000800499c                st_lld_init
 .text.port_lock.lto_priv.175
                0x0000000008004a1c       0x1a /tmp/cceRjJvB.ltrans5.ltrans.o
 .text.port_unlock.lto_priv.172
                0x0000000008004a36       0x1a /tmp/cceRjJvB.ltrans5.ltrans.o
 .text.port_lock_from_isr.lto_priv.169
                0x0000000008004a50        0xa /tmp/cceRjJvB.ltrans5.ltrans.o
 .text.port_unlock_from_isr.lto_priv.166
                0x0000000008004a5a        0xa /tmp/cceRjJvB.ltrans5.ltrans.o
 .text.chSysLockFromISR.lto_priv.163
                0x0000000008004a64        0xa /tmp/cceRjJvB.ltrans5.ltrans.o
 .text.chSysUnlockFromISR.lto_priv.160
                0x0000000008004a6e        0xa /tmp/cceRjJvB.ltrans5.ltrans.o
 .text.osalSysLockFromISR.lto_priv.157
                0x0000000008004a78        0xa /tmp/cceRjJvB.ltrans5.ltrans.o
 .text.osalSysUnlockFromISR.lto_priv.154
                0x0000000008004a82        0xa /tmp/cceRjJvB.ltrans5.ltrans.o
 .text.osalEventBroadcastFlagsI
                0x0000000008004a8c       0x18 /tmp/cceRjJvB.ltrans5.ltrans.o
 .text.set_error
                0x0000000008004aa4       0x6a /tmp/cceRjJvB.ltrans5.ltrans.o
 .text.serve_interrupt
                0x0000000008004b0e      0x140 /tmp/cceRjJvB.ltrans5.ltrans.o
 *fill*         0x0000000008004c4e        0x2 
 .text.notify1  0x0000000008004c50       0x24 /tmp/cceRjJvB.ltrans5.ltrans.o
 .text.notify2  0x0000000008004c74       0x24 /tmp/cceRjJvB.ltrans5.ltrans.o
 .text.VectorD4
                0x0000000008004c98       0x14 /tmp/cceRjJvB.ltrans5.ltrans.o
                0x0000000008004c98                VectorD4
 .text.VectorD8
                0x0000000008004cac       0x14 /tmp/cceRjJvB.ltrans5.ltrans.o
                0x0000000008004cac                VectorD8
 .text.sd_lld_init
                0x0000000008004cc0       0x40 /tmp/cceRjJvB.ltrans5.ltrans.o
                0x0000000008004cc0                sd_lld_init
 .text.osalSysHalt.lto_priv.150
                0x0000000008004d00       0x14 /tmp/cceRjJvB.ltrans5.ltrans.o
 .text.translate_errors
                0x0000000008004d14       0x76 /tmp/cceRjJvB.ltrans5.ltrans.o
 .text.uart_enter_rx_idle_loop.lto_priv.145
                0x0000000008004d8a       0x64 /tmp/cceRjJvB.ltrans5.ltrans.o
                0x0000000008004d8a                uart_enter_rx_idle_loop.lto_priv.145
 .text.usart_stop.lto_priv.146
                0x0000000008004dee       0x9a /tmp/cceRjJvB.ltrans5.ltrans.o
                0x0000000008004dee                usart_stop.lto_priv.146
 .text.usart_start.lto_priv.147
                0x0000000008004e88       0xb0 /tmp/cceRjJvB.ltrans5.ltrans.o
                0x0000000008004e88                usart_start.lto_priv.147
 .text.uart_lld_serve_rx_end_irq.lto_priv.143
                0x0000000008004f38       0xb0 /tmp/cceRjJvB.ltrans5.ltrans.o
                0x0000000008004f38                uart_lld_serve_rx_end_irq.lto_priv.143
 .text.uart_lld_serve_tx_end_irq.lto_priv.144
                0x0000000008004fe8       0x84 /tmp/cceRjJvB.ltrans5.ltrans.o
                0x0000000008004fe8                uart_lld_serve_tx_end_irq.lto_priv.144
 .text.serve_usart_irq.lto_priv.148
                0x000000000800506c       0x92 /tmp/cceRjJvB.ltrans5.ltrans.o
                0x000000000800506c                serve_usart_irq.lto_priv.148
 *fill*         0x00000000080050fe        0x2 
 .text.Vector120
                0x0000000008005100       0x40 /tmp/cceRjJvB.ltrans6.ltrans.o
                0x0000000008005100                Vector120
 .text.Vector124
                0x0000000008005140       0x44 /tmp/cceRjJvB.ltrans6.ltrans.o
                0x0000000008005140                Vector124
 .text.Vector128
                0x0000000008005184       0x44 /tmp/cceRjJvB.ltrans6.ltrans.o
                0x0000000008005184                Vector128
 .text.Vector12C
                0x00000000080051c8       0x44 /tmp/cceRjJvB.ltrans6.ltrans.o
                0x00000000080051c8                Vector12C
 .text.Vector130
                0x000000000800520c       0x40 /tmp/cceRjJvB.ltrans6.ltrans.o
                0x000000000800520c                Vector130
 .text.Vector150
                0x000000000800524c       0x44 /tmp/cceRjJvB.ltrans6.ltrans.o
                0x000000000800524c                Vector150
 .text.Vector154
                0x0000000008005290       0x44 /tmp/cceRjJvB.ltrans6.ltrans.o
                0x0000000008005290                Vector154
 .text.Vector158
                0x00000000080052d4       0x44 /tmp/cceRjJvB.ltrans6.ltrans.o
                0x00000000080052d4                Vector158
 .text.dmaInit  0x0000000008005318       0x7c /tmp/cceRjJvB.ltrans6.ltrans.o
                0x0000000008005318                dmaInit
 .text.dmaStreamAllocate
                0x0000000008005394      0x108 /tmp/cceRjJvB.ltrans6.ltrans.o
                0x0000000008005394                dmaStreamAllocate
 .text._pal_lld_init
                0x000000000800549c        0xc /tmp/cceRjJvB.ltrans6.ltrans.o
                0x000000000800549c                _pal_lld_init
 .text.port_lock
                0x00000000080054a8       0x1a /tmp/cceRjJvB.ltrans6.ltrans.o
 .text.port_unlock
                0x00000000080054c2       0x1a /tmp/cceRjJvB.ltrans6.ltrans.o
 .text.port_lock_from_isr
                0x00000000080054dc        0xa /tmp/cceRjJvB.ltrans6.ltrans.o
 .text.port_unlock_from_isr
                0x00000000080054e6        0xa /tmp/cceRjJvB.ltrans6.ltrans.o
 .text.chSysLockFromISR
                0x00000000080054f0        0xa /tmp/cceRjJvB.ltrans6.ltrans.o
 .text.chSysUnlockFromISR
                0x00000000080054fa        0xa /tmp/cceRjJvB.ltrans6.ltrans.o
 .text.osalSysLockFromISR
                0x0000000008005504        0xa /tmp/cceRjJvB.ltrans6.ltrans.o
 .text.osalSysUnlockFromISR
                0x000000000800550e        0xa /tmp/cceRjJvB.ltrans6.ltrans.o
 .text.osalSysPolledDelayX
                0x0000000008005518       0x14 /tmp/cceRjJvB.ltrans6.ltrans.o
 .text.otg_core_reset
                0x000000000800552c       0x3a /tmp/cceRjJvB.ltrans6.ltrans.o
 .text.otg_disable_ep
                0x0000000008005566       0x9a /tmp/cceRjJvB.ltrans6.ltrans.o
 .text.otg_rxfifo_flush
                0x0000000008005600       0x2c /tmp/cceRjJvB.ltrans6.ltrans.o
 .text.otg_txfifo_flush
                0x000000000800562c       0x34 /tmp/cceRjJvB.ltrans6.ltrans.o
 .text.otg_ram_reset
                0x0000000008005660       0x1c /tmp/cceRjJvB.ltrans6.ltrans.o
 .text.otg_ram_alloc
                0x000000000800567c       0x2a /tmp/cceRjJvB.ltrans6.ltrans.o
 .text.otg_fifo_write_from_buffer
                0x00000000080056a6       0x32 /tmp/cceRjJvB.ltrans6.ltrans.o
 .text.otg_fifo_read_to_buffer
                0x00000000080056d8       0x5a /tmp/cceRjJvB.ltrans6.ltrans.o
 .text.otg_rxfifo_handler
                0x0000000008005732       0xfe /tmp/cceRjJvB.ltrans6.ltrans.o
 .text.otg_txfifo_handler
                0x0000000008005830      0x12e /tmp/cceRjJvB.ltrans6.ltrans.o
 .text.otg_epin_handler
                0x000000000800595e      0x102 /tmp/cceRjJvB.ltrans6.ltrans.o
 .text.otg_epout_handler
                0x0000000008005a60      0x12e /tmp/cceRjJvB.ltrans6.ltrans.o
 .text.otg_isoc_in_failed_handler
                0x0000000008005b8e       0xd8 /tmp/cceRjJvB.ltrans6.ltrans.o
 .text.otg_isoc_out_failed_handler
                0x0000000008005c66       0x98 /tmp/cceRjJvB.ltrans6.ltrans.o
 .text.usb_lld_serve_interrupt
                0x0000000008005cfe      0x1ba /tmp/cceRjJvB.ltrans6.ltrans.o
 .text.Vector14C
                0x0000000008005eb8       0x14 /tmp/cceRjJvB.ltrans6.ltrans.o
                0x0000000008005eb8                Vector14C
 .text.usb_lld_init
                0x0000000008005ecc       0x24 /tmp/cceRjJvB.ltrans6.ltrans.o
                0x0000000008005ecc                usb_lld_init
 .text.usb_lld_start
                0x0000000008005ef0       0xe8 /tmp/cceRjJvB.ltrans6.ltrans.o
                0x0000000008005ef0                usb_lld_start
 .text.usb_lld_reset
                0x0000000008005fd8      0x130 /tmp/cceRjJvB.ltrans6.ltrans.o
                0x0000000008005fd8                usb_lld_reset
 .text.usb_lld_set_address
                0x0000000008006108       0x32 /tmp/cceRjJvB.ltrans6.ltrans.o
                0x0000000008006108                usb_lld_set_address
 *fill*         0x000000000800613a        0x2 
 .text.usb_lld_init_endpoint
                0x000000000800613c      0x220 /tmp/cceRjJvB.ltrans6.ltrans.o
                0x000000000800613c                usb_lld_init_endpoint
 .text.usb_lld_disable_endpoints
                0x000000000800635c       0x1a /tmp/cceRjJvB.ltrans6.ltrans.o
                0x000000000800635c                usb_lld_disable_endpoints
 .text.usb_lld_get_status_out
                0x0000000008006376       0x46 /tmp/cceRjJvB.ltrans6.ltrans.o
                0x0000000008006376                usb_lld_get_status_out
 .text.usb_lld_get_status_in
                0x00000000080063bc       0x46 /tmp/cceRjJvB.ltrans6.ltrans.o
                0x00000000080063bc                usb_lld_get_status_in
 .text.usb_lld_read_setup
                0x0000000008006402       0x2c /tmp/cceRjJvB.ltrans6.ltrans.o
                0x0000000008006402                usb_lld_read_setup
 .text.usb_lld_start_out
                0x000000000800642e      0x12e /tmp/cceRjJvB.ltrans6.ltrans.o
                0x000000000800642e                usb_lld_start_out
 .text.uartInit
                0x000000000800655c        0xa /tmp/cceRjJvB.ltrans7.ltrans.o
                0x000000000800655c                uartInit
 .text.uartObjectInit
                0x0000000008006566       0x2a /tmp/cceRjJvB.ltrans7.ltrans.o
                0x0000000008006566                uartObjectInit
 .text.uartStart
                0x0000000008006590       0x2a /tmp/cceRjJvB.ltrans7.ltrans.o
                0x0000000008006590                uartStart
 .text.uartStartSend
                0x00000000080065ba       0x2a /tmp/cceRjJvB.ltrans7.ltrans.o
                0x00000000080065ba                uartStartSend
 .text.port_lock
                0x00000000080065e4       0x1a /tmp/cceRjJvB.ltrans7.ltrans.o
 .text.port_unlock
                0x00000000080065fe       0x1a /tmp/cceRjJvB.ltrans7.ltrans.o
 .text.port_lock_from_isr
                0x0000000008006618        0xa /tmp/cceRjJvB.ltrans7.ltrans.o
 .text.port_unlock_from_isr
                0x0000000008006622        0xa /tmp/cceRjJvB.ltrans7.ltrans.o
 .text.chSysLock
                0x000000000800662c        0xa /tmp/cceRjJvB.ltrans7.ltrans.o
 .text.chSysUnlock
                0x0000000008006636        0xa /tmp/cceRjJvB.ltrans7.ltrans.o
 .text.chSysLockFromISR
                0x0000000008006640        0xa /tmp/cceRjJvB.ltrans7.ltrans.o
 .text.chSysUnlockFromISR
                0x000000000800664a        0xa /tmp/cceRjJvB.ltrans7.ltrans.o
 .text.osalSysLock.lto_priv.190
                0x0000000008006654        0xa /tmp/cceRjJvB.ltrans7.ltrans.o
 .text.osalSysUnlock.lto_priv.188
                0x000000000800665e        0xa /tmp/cceRjJvB.ltrans7.ltrans.o
 .text.osalSysLockFromISR
                0x0000000008006668        0xa /tmp/cceRjJvB.ltrans7.ltrans.o
 .text.osalSysUnlockFromISR
                0x0000000008006672        0xa /tmp/cceRjJvB.ltrans7.ltrans.o
 .text.get_hword
                0x000000000800667c       0x32 /tmp/cceRjJvB.ltrans7.ltrans.o
 .text.set_address
                0x00000000080066ae       0x3c /tmp/cceRjJvB.ltrans7.ltrans.o
 *fill*         0x00000000080066ea        0x2 
 .text.default_handler
                0x00000000080066ec      0x3d4 /tmp/cceRjJvB.ltrans7.ltrans.o
 .text.usbInit  0x0000000008006ac0        0xa /tmp/cceRjJvB.ltrans7.ltrans.o
                0x0000000008006ac0                usbInit
 .text.usbObjectInit
                0x0000000008006aca       0x56 /tmp/cceRjJvB.ltrans7.ltrans.o
                0x0000000008006aca                usbObjectInit
 .text.usbStart
                0x0000000008006b20       0x4a /tmp/cceRjJvB.ltrans7.ltrans.o
                0x0000000008006b20                usbStart
 .text.usbInitEndpointI
                0x0000000008006b6a       0x58 /tmp/cceRjJvB.ltrans7.ltrans.o
                0x0000000008006b6a                usbInitEndpointI
 .text.usbDisableEndpointsI
                0x0000000008006bc2       0x50 /tmp/cceRjJvB.ltrans7.ltrans.o
 .text.usbStartReceiveI
                0x0000000008006c12       0x58 /tmp/cceRjJvB.ltrans7.ltrans.o
                0x0000000008006c12                usbStartReceiveI
 .text.usbStartTransmitI
                0x0000000008006c6a       0x58 /tmp/cceRjJvB.ltrans7.ltrans.o
                0x0000000008006c6a                usbStartTransmitI
 .text._usb_reset
                0x0000000008006cc2       0x7c /tmp/cceRjJvB.ltrans7.ltrans.o
                0x0000000008006cc2                _usb_reset
 .text._usb_suspend
                0x0000000008006d3e       0x34 /tmp/cceRjJvB.ltrans7.ltrans.o
                0x0000000008006d3e                _usb_suspend
 .text._usb_wakeup
                0x0000000008006d72       0x2e /tmp/cceRjJvB.ltrans7.ltrans.o
                0x0000000008006d72                _usb_wakeup
 .text._usb_ep0setup
                0x0000000008006da0      0x15c /tmp/cceRjJvB.ltrans7.ltrans.o
                0x0000000008006da0                _usb_ep0setup
 .text._usb_ep0in
                0x0000000008006efc      0x134 /tmp/cceRjJvB.ltrans7.ltrans.o
                0x0000000008006efc                _usb_ep0in
 .text._usb_ep0out
                0x0000000008007030       0xec /tmp/cceRjJvB.ltrans7.ltrans.o
                0x0000000008007030                _usb_ep0out
 .text.nvicEnableVector
                0x000000000800711c       0x5c /tmp/cceRjJvB.ltrans7.ltrans.o
                0x000000000800711c                nvicEnableVector
 .text.irqInit  0x0000000008007178       0x3e /tmp/cceRjJvB.ltrans7.ltrans.o
 *fill*         0x00000000080071b6        0x2 
 .text.hal_lld_backup_domain_init
                0x00000000080071b8       0x48 /tmp/cceRjJvB.ltrans7.ltrans.o
 .text.hal_lld_init
                0x0000000008007200       0x78 /tmp/cceRjJvB.ltrans7.ltrans.o
                0x0000000008007200                hal_lld_init
 .text.stm32_clock_init
                0x0000000008007278      0x138 /tmp/cceRjJvB.ltrans7.ltrans.o
                0x0000000008007278                stm32_clock_init
 .text.Vector6C
                0x00000000080073b0       0x40 /tmp/cceRjJvB.ltrans7.ltrans.o
                0x00000000080073b0                Vector6C
 .text.Vector70
                0x00000000080073f0       0x44 /tmp/cceRjJvB.ltrans7.ltrans.o
                0x00000000080073f0                Vector70
 .text.Vector74
                0x0000000008007434       0x44 /tmp/cceRjJvB.ltrans7.ltrans.o
                0x0000000008007434                Vector74
 .text.Vector78
                0x0000000008007478       0x44 /tmp/cceRjJvB.ltrans7.ltrans.o
                0x0000000008007478                Vector78
 .text.Vector7C
                0x00000000080074bc       0x40 /tmp/cceRjJvB.ltrans7.ltrans.o
                0x00000000080074bc                Vector7C
 .text.Vector80
                0x00000000080074fc       0x44 /tmp/cceRjJvB.ltrans7.ltrans.o
                0x00000000080074fc                Vector80
 .text.Vector84
                0x0000000008007540       0x44 /tmp/cceRjJvB.ltrans7.ltrans.o
                0x0000000008007540                Vector84
 .text.VectorFC
                0x0000000008007584       0x44 /tmp/cceRjJvB.ltrans7.ltrans.o
                0x0000000008007584                VectorFC
 .text.iqGetTimeout
                0x00000000080075c8       0x7c /tmp/cceRjJvB.ltrans8.ltrans.o
 .text.iqReadTimeout
                0x0000000008007644       0x7e /tmp/cceRjJvB.ltrans8.ltrans.o
 .text.oqObjectInit
                0x00000000080076c2       0x4a /tmp/cceRjJvB.ltrans8.ltrans.o
 .text.oqPutTimeout
                0x000000000800770c       0x80 /tmp/cceRjJvB.ltrans8.ltrans.o
 .text.oqGetI   0x000000000800778c       0x78 /tmp/cceRjJvB.ltrans8.ltrans.o
                0x000000000800778c                oqGetI
 .text.oqWriteTimeout
                0x0000000008007804       0x7e /tmp/cceRjJvB.ltrans8.ltrans.o
 .text.chEvtObjectInit.lto_priv.225
                0x0000000008007882       0x18 /tmp/cceRjJvB.ltrans8.ltrans.o
 .text.osalEventObjectInit.lto_priv.221
                0x000000000800789a       0x14 /tmp/cceRjJvB.ltrans8.ltrans.o
 .text.osalEventBroadcastFlagsI.lto_priv.219
                0x00000000080078ae       0x18 /tmp/cceRjJvB.ltrans8.ltrans.o
 .text._write.lto_priv.17
                0x00000000080078c6       0x28 /tmp/cceRjJvB.ltrans8.ltrans.o
                0x00000000080078c6                _write.lto_priv.17
 .text._read.lto_priv.19
                0x00000000080078ee       0x28 /tmp/cceRjJvB.ltrans8.ltrans.o
                0x00000000080078ee                _read.lto_priv.19
 .text._put.lto_priv.11
                0x0000000008007916       0x26 /tmp/cceRjJvB.ltrans8.ltrans.o
                0x0000000008007916                _put.lto_priv.11
 .text._get.lto_priv.8
                0x000000000800793c       0x20 /tmp/cceRjJvB.ltrans8.ltrans.o
                0x000000000800793c                _get.lto_priv.8
 .text._putt.lto_priv.21
                0x000000000800795c       0x26 /tmp/cceRjJvB.ltrans8.ltrans.o
                0x000000000800795c                _putt.lto_priv.21
 .text._gett.lto_priv.23
                0x0000000008007982       0x20 /tmp/cceRjJvB.ltrans8.ltrans.o
                0x0000000008007982                _gett.lto_priv.23
 .text._writet.lto_priv.25
                0x00000000080079a2       0x28 /tmp/cceRjJvB.ltrans8.ltrans.o
                0x00000000080079a2                _writet.lto_priv.25
 .text._readt.lto_priv.27
                0x00000000080079ca       0x28 /tmp/cceRjJvB.ltrans8.ltrans.o
                0x00000000080079ca                _readt.lto_priv.27
 .text._ctl.lto_priv.29
                0x00000000080079f2       0x26 /tmp/cceRjJvB.ltrans8.ltrans.o
                0x00000000080079f2                _ctl.lto_priv.29
 .text.sdInit   0x0000000008007a18        0xa /tmp/cceRjJvB.ltrans8.ltrans.o
                0x0000000008007a18                sdInit
 *fill*         0x0000000008007a22        0x2 
 .text.sdObjectInit
                0x0000000008007a24       0x5c /tmp/cceRjJvB.ltrans8.ltrans.o
                0x0000000008007a24                sdObjectInit
 .text.sdIncomingDataI
                0x0000000008007a80       0x48 /tmp/cceRjJvB.ltrans8.ltrans.o
                0x0000000008007a80                sdIncomingDataI
 .text.port_lock.lto_priv.204
                0x0000000008007ac8       0x1a /tmp/cceRjJvB.ltrans8.ltrans.o
 .text.port_unlock.lto_priv.200
                0x0000000008007ae2       0x1a /tmp/cceRjJvB.ltrans8.ltrans.o
 .text.port_lock_from_isr
                0x0000000008007afc        0xa /tmp/cceRjJvB.ltrans8.ltrans.o
 .text.port_unlock_from_isr
                0x0000000008007b06        0xa /tmp/cceRjJvB.ltrans8.ltrans.o
 .text.chSysLock.lto_priv.196
                0x0000000008007b10        0xa /tmp/cceRjJvB.ltrans8.ltrans.o
 .text.chSysUnlock.lto_priv.192
                0x0000000008007b1a        0xa /tmp/cceRjJvB.ltrans8.ltrans.o
 .text.chSysLockFromISR
                0x0000000008007b24        0xa /tmp/cceRjJvB.ltrans8.ltrans.o
 .text.chSysUnlockFromISR
                0x0000000008007b2e        0xa /tmp/cceRjJvB.ltrans8.ltrans.o
 .text.chEvtObjectInit.lto_priv.226
                0x0000000008007b38       0x18 /tmp/cceRjJvB.ltrans8.ltrans.o
 .text.osalSysLock.lto_priv.216
                0x0000000008007b50        0xa /tmp/cceRjJvB.ltrans8.ltrans.o
 .text.osalSysUnlock.lto_priv.212
                0x0000000008007b5a        0xa /tmp/cceRjJvB.ltrans8.ltrans.o
 .text.osalSysLockFromISR
                0x0000000008007b64        0xa /tmp/cceRjJvB.ltrans8.ltrans.o
 .text.osalSysUnlockFromISR
                0x0000000008007b6e        0xa /tmp/cceRjJvB.ltrans8.ltrans.o
 .text.osalThreadDequeueAllI.lto_priv.224
                0x0000000008007b78       0x18 /tmp/cceRjJvB.ltrans8.ltrans.o
 .text.osalEventObjectInit.lto_priv.222
                0x0000000008007b90       0x14 /tmp/cceRjJvB.ltrans8.ltrans.o
 .text.osalEventBroadcastFlagsI.lto_priv.220
                0x0000000008007ba4       0x18 /tmp/cceRjJvB.ltrans8.ltrans.o
 .text.sdu_start_receive
                0x0000000008007bbc       0x82 /tmp/cceRjJvB.ltrans8.ltrans.o
 .text._write.lto_priv.18
                0x0000000008007c3e       0x28 /tmp/cceRjJvB.ltrans8.ltrans.o
                0x0000000008007c3e                _write.lto_priv.18
 .text._read.lto_priv.20
                0x0000000008007c66       0x28 /tmp/cceRjJvB.ltrans8.ltrans.o
                0x0000000008007c66                _read.lto_priv.20
 .text._put.lto_priv.12
                0x0000000008007c8e       0x26 /tmp/cceRjJvB.ltrans8.ltrans.o
                0x0000000008007c8e                _put.lto_priv.12
 .text._get.lto_priv.9
                0x0000000008007cb4       0x20 /tmp/cceRjJvB.ltrans8.ltrans.o
                0x0000000008007cb4                _get.lto_priv.9
 .text._putt.lto_priv.22
                0x0000000008007cd4       0x26 /tmp/cceRjJvB.ltrans8.ltrans.o
                0x0000000008007cd4                _putt.lto_priv.22
 .text._gett.lto_priv.24
                0x0000000008007cfa       0x20 /tmp/cceRjJvB.ltrans8.ltrans.o
                0x0000000008007cfa                _gett.lto_priv.24
 .text._writet.lto_priv.26
                0x0000000008007d1a       0x28 /tmp/cceRjJvB.ltrans8.ltrans.o
                0x0000000008007d1a                _writet.lto_priv.26
 .text._readt.lto_priv.28
                0x0000000008007d42       0x28 /tmp/cceRjJvB.ltrans8.ltrans.o
                0x0000000008007d42                _readt.lto_priv.28
 .text._ctl.lto_priv.30
                0x0000000008007d6a       0x26 /tmp/cceRjJvB.ltrans8.ltrans.o
                0x0000000008007d6a                _ctl.lto_priv.30
 .text.ibnotify
                0x0000000008007d90       0x1a /tmp/cceRjJvB.ltrans8.ltrans.o
 .text.obnotify
                0x0000000008007daa       0x80 /tmp/cceRjJvB.ltrans8.ltrans.o
 .text.sduInit  0x0000000008007e2a        0xc /tmp/cceRjJvB.ltrans8.ltrans.o
                0x0000000008007e2a                sduInit
 *fill*         0x0000000008007e36        0x2 
 .text.sduObjectInit
                0x0000000008007e38       0x74 /tmp/cceRjJvB.ltrans8.ltrans.o
                0x0000000008007e38                sduObjectInit
 .text.sduStart
                0x0000000008007eac       0x68 /tmp/cceRjJvB.ltrans8.ltrans.o
                0x0000000008007eac                sduStart
 .text.sduSuspendHookI
                0x0000000008007f14       0x44 /tmp/cceRjJvB.ltrans8.ltrans.o
                0x0000000008007f14                sduSuspendHookI
 .text.sduWakeupHookI
                0x0000000008007f58       0x28 /tmp/cceRjJvB.ltrans8.ltrans.o
                0x0000000008007f58                sduWakeupHookI
 .text.sduConfigureHookI
                0x0000000008007f80       0x42 /tmp/cceRjJvB.ltrans8.ltrans.o
                0x0000000008007f80                sduConfigureHookI
 *fill*         0x0000000008007fc2        0x2 
 .text.sduRequestsHook
                0x0000000008007fc4       0x84 /tmp/cceRjJvB.ltrans8.ltrans.o
                0x0000000008007fc4                sduRequestsHook
 .text.sduSOFHookI
                0x0000000008008048       0x80 /tmp/cceRjJvB.ltrans8.ltrans.o
                0x0000000008008048                sduSOFHookI
 .text.sduDataTransmitted
                0x00000000080080c8       0xce /tmp/cceRjJvB.ltrans8.ltrans.o
                0x00000000080080c8                sduDataTransmitted
 .text.sduDataReceived
                0x0000000008008196       0x70 /tmp/cceRjJvB.ltrans8.ltrans.o
                0x0000000008008196                sduDataReceived
 .text.sduInterruptTransmitted
                0x0000000008008206       0x16 /tmp/cceRjJvB.ltrans8.ltrans.o
                0x0000000008008206                sduInterruptTransmitted
 .text.port_lock.lto_priv.205
                0x000000000800821c       0x1a /tmp/cceRjJvB.ltrans8.ltrans.o
 .text.port_unlock.lto_priv.201
                0x0000000008008236       0x1a /tmp/cceRjJvB.ltrans8.ltrans.o
 .text.chSysLock.lto_priv.197
                0x0000000008008250        0xa /tmp/cceRjJvB.ltrans8.ltrans.o
 .text.chSysUnlock.lto_priv.193
                0x000000000800825a        0xa /tmp/cceRjJvB.ltrans8.ltrans.o
 .text.osalSysLock.lto_priv.217
                0x0000000008008264        0xa /tmp/cceRjJvB.ltrans8.ltrans.o
 .text.osalSysUnlock.lto_priv.213
                0x000000000800826e        0xa /tmp/cceRjJvB.ltrans8.ltrans.o
 .text.osalThreadSuspendS
                0x0000000008008278       0x1c /tmp/cceRjJvB.ltrans8.ltrans.o
 .text.osalMutexObjectInit
                0x0000000008008294       0x14 /tmp/cceRjJvB.ltrans8.ltrans.o
 .text.spiInit  0x00000000080082a8        0xa /tmp/cceRjJvB.ltrans8.ltrans.o
                0x00000000080082a8                spiInit
 .text.spiObjectInit
                0x00000000080082b2       0x2a /tmp/cceRjJvB.ltrans8.ltrans.o
                0x00000000080082b2                spiObjectInit
 .text.spiStart
                0x00000000080082dc       0x2a /tmp/cceRjJvB.ltrans8.ltrans.o
                0x00000000080082dc                spiStart
 .text.spiSelect
                0x0000000008008306       0x2c /tmp/cceRjJvB.ltrans8.ltrans.o
                0x0000000008008306                spiSelect
 .text.spiUnselect
                0x0000000008008332       0x2c /tmp/cceRjJvB.ltrans8.ltrans.o
                0x0000000008008332                spiUnselect
 .text.spiSend  0x000000000800835e       0x34 /tmp/cceRjJvB.ltrans8.ltrans.o
                0x000000000800835e                spiSend
 .text.spiReceive
                0x0000000008008392       0x34 /tmp/cceRjJvB.ltrans8.ltrans.o
                0x0000000008008392                spiReceive
 .text.port_lock.lto_priv.206
                0x00000000080083c6       0x1a /tmp/cceRjJvB.ltrans8.ltrans.o
 .text.port_unlock.lto_priv.202
                0x00000000080083e0       0x1a /tmp/cceRjJvB.ltrans8.ltrans.o
 .text.chSysLock.lto_priv.198
                0x00000000080083fa        0xa /tmp/cceRjJvB.ltrans8.ltrans.o
 .text.chSysUnlock.lto_priv.194
                0x0000000008008404        0xa /tmp/cceRjJvB.ltrans8.ltrans.o
 .text.osalSysLock.lto_priv.189
                0x000000000800840e        0xa /tmp/cceRjJvB.ltrans8.ltrans.o
                0x000000000800840e                osalSysLock.lto_priv.189
 .text.osalSysUnlock.lto_priv.187
                0x0000000008008418        0xa /tmp/cceRjJvB.ltrans8.ltrans.o
                0x0000000008008418                osalSysUnlock.lto_priv.187
 .text.__core_init
                0x0000000008008422        0xc /tmp/cceRjJvB.ltrans9.ltrans.o
                0x0000000008008422                __core_init
 .text.__late_init
                0x000000000800842e        0xc /tmp/cceRjJvB.ltrans9.ltrans.o
                0x000000000800842e                __late_init
 .text.__default_exit
                0x000000000800843a        0x6 /tmp/cceRjJvB.ltrans9.ltrans.o
                0x000000000800843a                __default_exit
 .text.__init_ram_areas
                0x0000000008008440       0x70 /tmp/cceRjJvB.ltrans9.ltrans.o
                0x0000000008008440                __init_ram_areas
 .text.osalInit
                0x00000000080084b0        0xc /tmp/cceRjJvB.ltrans9.ltrans.o
 .text.halInit  0x00000000080084bc       0x2e /tmp/cceRjJvB.ltrans9.ltrans.o
                0x00000000080084bc                halInit
 .text.st_lld_start_alarm
                0x00000000080084ea       0x2a /tmp/cceRjJvB.ltrans9.ltrans.o
 .text.st_lld_stop_alarm
                0x0000000008008514       0x14 /tmp/cceRjJvB.ltrans9.ltrans.o
 .text.st_lld_set_alarm
                0x0000000008008528       0x1a /tmp/cceRjJvB.ltrans9.ltrans.o
 .text.stInit   0x0000000008008542        0xa /tmp/cceRjJvB.ltrans9.ltrans.o
 .text.stStartAlarm
                0x000000000800854c       0x14 /tmp/cceRjJvB.ltrans9.ltrans.o
                0x000000000800854c                stStartAlarm
 .text.stStopAlarm
                0x0000000008008560        0xa /tmp/cceRjJvB.ltrans9.ltrans.o
                0x0000000008008560                stStopAlarm
 .text.stSetAlarm
                0x000000000800856a       0x14 /tmp/cceRjJvB.ltrans9.ltrans.o
                0x000000000800856a                stSetAlarm
 .text.chTimeAddX
                0x000000000800857e       0x1c /tmp/cceRjJvB.ltrans9.ltrans.o
 .text.chTimeDiffX
                0x000000000800859a       0x1c /tmp/cceRjJvB.ltrans9.ltrans.o
 .text.port_lock.lto_priv.242
                0x00000000080085b6       0x1a /tmp/cceRjJvB.ltrans9.ltrans.o
 .text.port_unlock.lto_priv.240
                0x00000000080085d0       0x1a /tmp/cceRjJvB.ltrans9.ltrans.o
 .text.st_lld_get_counter
                0x00000000080085ea       0x14 /tmp/cceRjJvB.ltrans9.ltrans.o
 .text.port_timer_get_time
                0x00000000080085fe        0xe /tmp/cceRjJvB.ltrans9.ltrans.o
 .text.queue_init.lto_priv.238
                0x000000000800860c       0x1e /tmp/cceRjJvB.ltrans9.ltrans.o
 .text.chSysLock.lto_priv.236
                0x000000000800862a        0xa /tmp/cceRjJvB.ltrans9.ltrans.o
 .text.chSysUnlock.lto_priv.234
                0x0000000008008634        0xa /tmp/cceRjJvB.ltrans9.ltrans.o
 .text.chVTGetSystemTimeX
                0x000000000800863e        0xe /tmp/cceRjJvB.ltrans9.ltrans.o
 .text.chThdQueueObjectInit.lto_priv.232
                0x000000000800864c       0x14 /tmp/cceRjJvB.ltrans9.ltrans.o
 .text.osalSysLock
                0x0000000008008660        0xa /tmp/cceRjJvB.ltrans9.ltrans.o
 .text.osalSysUnlock
                0x000000000800866a        0xa /tmp/cceRjJvB.ltrans9.ltrans.o
 .text.osalOsGetSystemTimeX
                0x0000000008008674        0xe /tmp/cceRjJvB.ltrans9.ltrans.o
 .text.osalTimeAddX
                0x0000000008008682       0x1c /tmp/cceRjJvB.ltrans9.ltrans.o
 .text.osalTimeDiffX
                0x000000000800869e       0x1c /tmp/cceRjJvB.ltrans9.ltrans.o
 .text.osalThreadQueueObjectInit
                0x00000000080086ba       0x14 /tmp/cceRjJvB.ltrans9.ltrans.o
 .text.osalThreadEnqueueTimeoutS
                0x00000000080086ce       0x1c /tmp/cceRjJvB.ltrans9.ltrans.o
 .text.osalThreadDequeueNextI
                0x00000000080086ea       0x18 /tmp/cceRjJvB.ltrans9.ltrans.o
 .text.osalThreadDequeueAllI
                0x0000000008008702       0x18 /tmp/cceRjJvB.ltrans9.ltrans.o
 .text.ibqObjectInit
                0x000000000800871a       0x74 /tmp/cceRjJvB.ltrans9.ltrans.o
                0x000000000800871a                ibqObjectInit
 .text.ibqResetI
                0x000000000800878e       0x3c /tmp/cceRjJvB.ltrans9.ltrans.o
                0x000000000800878e                ibqResetI
 .text.ibqGetEmptyBufferI
                0x00000000080087ca       0x42 /tmp/cceRjJvB.ltrans9.ltrans.o
                0x00000000080087ca                ibqGetEmptyBufferI
 .text.ibqPostFullBufferI
                0x000000000800880c       0x4e /tmp/cceRjJvB.ltrans9.ltrans.o
                0x000000000800880c                ibqPostFullBufferI
 .text.ibqGetFullBufferTimeoutS
                0x000000000800885a       0x5c /tmp/cceRjJvB.ltrans9.ltrans.o
 .text.ibqReleaseEmptyBufferS
                0x00000000080088b6       0x50 /tmp/cceRjJvB.ltrans9.ltrans.o
 .text.ibqGetTimeout
                0x0000000008008906       0x60 /tmp/cceRjJvB.ltrans9.ltrans.o
                0x0000000008008906                ibqGetTimeout
 .text.ibqReadTimeout
                0x0000000008008966      0x12a /tmp/cceRjJvB.ltrans9.ltrans.o
                0x0000000008008966                ibqReadTimeout
 .text.obqObjectInit
                0x0000000008008a90       0x74 /tmp/cceRjJvB.ltrans9.ltrans.o
                0x0000000008008a90                obqObjectInit
 .text.obqResetI
                0x0000000008008b04       0x3e /tmp/cceRjJvB.ltrans9.ltrans.o
                0x0000000008008b04                obqResetI
 .text.obqGetFullBufferI
                0x0000000008008b42       0x4e /tmp/cceRjJvB.ltrans9.ltrans.o
                0x0000000008008b42                obqGetFullBufferI
 .text.obqReleaseEmptyBufferI
                0x0000000008008b90       0x44 /tmp/cceRjJvB.ltrans9.ltrans.o
                0x0000000008008b90                obqReleaseEmptyBufferI
 .text.obqGetEmptyBufferTimeoutS
                0x0000000008008bd4       0x5a /tmp/cceRjJvB.ltrans9.ltrans.o
 .text.obqPostFullBufferS
                0x0000000008008c2e       0x5a /tmp/cceRjJvB.ltrans9.ltrans.o
 .text.obqPutTimeout
                0x0000000008008c88       0x6c /tmp/cceRjJvB.ltrans9.ltrans.o
                0x0000000008008c88                obqPutTimeout
 .text.obqWriteTimeout
                0x0000000008008cf4      0x132 /tmp/cceRjJvB.ltrans9.ltrans.o
                0x0000000008008cf4                obqWriteTimeout
 .text.obqTryFlushI
                0x0000000008008e26       0x96 /tmp/cceRjJvB.ltrans9.ltrans.o
                0x0000000008008e26                obqTryFlushI
 .text.port_lock.lto_priv.243
                0x0000000008008ebc       0x1a /tmp/cceRjJvB.ltrans9.ltrans.o
 .text.port_unlock.lto_priv.241
                0x0000000008008ed6       0x1a /tmp/cceRjJvB.ltrans9.ltrans.o
 .text.queue_init.lto_priv.239
                0x0000000008008ef0       0x1e /tmp/cceRjJvB.ltrans9.ltrans.o
 .text.chSysLock.lto_priv.237
                0x0000000008008f0e        0xa /tmp/cceRjJvB.ltrans9.ltrans.o
 .text.chSysUnlock.lto_priv.235
                0x0000000008008f18        0xa /tmp/cceRjJvB.ltrans9.ltrans.o
 .text.chThdQueueObjectInit.lto_priv.233
                0x0000000008008f22       0x14 /tmp/cceRjJvB.ltrans9.ltrans.o
 .text.osalSysLock.lto_priv.214
                0x0000000008008f36        0xa /tmp/cceRjJvB.ltrans9.ltrans.o
                0x0000000008008f36                osalSysLock.lto_priv.214
 .text.osalSysUnlock.lto_priv.210
                0x0000000008008f40        0xa /tmp/cceRjJvB.ltrans9.ltrans.o
                0x0000000008008f40                osalSysUnlock.lto_priv.210
 .text.osalThreadQueueObjectInit.lto_priv.230
                0x0000000008008f4a       0x14 /tmp/cceRjJvB.ltrans9.ltrans.o
                0x0000000008008f4a                osalThreadQueueObjectInit.lto_priv.230
 .text.osalThreadEnqueueTimeoutS.lto_priv.227
                0x0000000008008f5e       0x1c /tmp/cceRjJvB.ltrans9.ltrans.o
                0x0000000008008f5e                osalThreadEnqueueTimeoutS.lto_priv.227
 .text.osalThreadDequeueNextI.lto_priv.229
                0x0000000008008f7a       0x18 /tmp/cceRjJvB.ltrans9.ltrans.o
                0x0000000008008f7a                osalThreadDequeueNextI.lto_priv.229
 .text.iq_read.lto_priv.231
                0x0000000008008f92       0xbc /tmp/cceRjJvB.ltrans9.ltrans.o
                0x0000000008008f92                iq_read.lto_priv.231
 .text.oq_write.lto_priv.228
                0x000000000800904e       0xbc /tmp/cceRjJvB.ltrans9.ltrans.o
                0x000000000800904e                oq_write.lto_priv.228
 .text.iqObjectInit
                0x000000000800910a       0x4a /tmp/cceRjJvB.ltrans9.ltrans.o
                0x000000000800910a                iqObjectInit
 .text.iqPutI   0x0000000008009154       0x7c /tmp/cceRjJvB.ltrans9.ltrans.o
                0x0000000008009154                iqPutI
 .text.memcpy   0x00000000080091d0       0x16 /opt/Atollic_TrueSTUDIO_for_STM32_x86_64_9.1.0/ARMTools/bin/../lib/gcc/arm-atollic-eabi/6.3.1/../../../../arm-atollic-eabi/lib/armv7e-m/fpu/libc.a(lib_a-memcpy-stub.o)
                0x00000000080091d0                memcpy
 .text.memset   0x00000000080091e6       0x10 /opt/Atollic_TrueSTUDIO_for_STM32_x86_64_9.1.0/ARMTools/bin/../lib/gcc/arm-atollic-eabi/6.3.1/../../../../arm-atollic-eabi/lib/armv7e-m/fpu/libc.a(lib_a-memset.o)
                0x00000000080091e6                memset
 *(.glue_7t)
 .glue_7t       0x00000000080091f6        0x0 linker stubs
 *(.glue_7)
 .glue_7        0x00000000080091f6        0x0 linker stubs
 *(.gcc*)

.vfp11_veneer   0x00000000080091f8        0x0
 .vfp11_veneer  0x00000000080091f8        0x0 linker stubs

.v4_bx          0x00000000080091f8        0x0
 .v4_bx         0x00000000080091f8        0x0 linker stubs

.iplt           0x00000000080091f8        0x0
 .iplt          0x00000000080091f8        0x0 build/obj/crt0_v7m.o

.rodata         0x00000000080091f8      0x6fc
                0x00000000080091f8                . = ALIGN (0x4)
                0x00000000080091f8                __rodata_base__ = .
 *(.rodata)
 *(.rodata.*)
 .rodata.ram_areas.lto_priv.244
                0x00000000080091f8       0x80 /tmp/cceRjJvB.ltrans0.ltrans.o
                0x00000000080091f8                ram_areas.lto_priv.244
 .rodata.vmt.lto_priv.4
                0x0000000008009278       0x28 /tmp/cceRjJvB.ltrans0.ltrans.o
                0x0000000008009278                vmt.lto_priv.4
 .rodata.vmt.lto_priv.5
                0x00000000080092a0       0x28 /tmp/cceRjJvB.ltrans0.ltrans.o
                0x00000000080092a0                vmt.lto_priv.5
 .rodata.zero_status.lto_priv.184
                0x00000000080092c8        0x2 /tmp/cceRjJvB.ltrans0.ltrans.o
                0x00000000080092c8                zero_status.lto_priv.184
 *fill*         0x00000000080092ca        0x2 
 .rodata.active_status.lto_priv.186
                0x00000000080092cc        0x2 /tmp/cceRjJvB.ltrans0.ltrans.o
                0x00000000080092cc                active_status.lto_priv.186
 *fill*         0x00000000080092ce        0x2 
 .rodata.halted_status.lto_priv.185
                0x00000000080092d0        0x2 /tmp/cceRjJvB.ltrans0.ltrans.o
                0x00000000080092d0                halted_status.lto_priv.185
 *fill*         0x00000000080092d2        0x2 
 .rodata._stm32_dma_streams
                0x00000000080092d4       0xc0 /tmp/cceRjJvB.ltrans0.ltrans.o
                0x00000000080092d4                _stm32_dma_streams
 .rodata.ep0config.lto_priv.178
                0x0000000008009394       0x24 /tmp/cceRjJvB.ltrans0.ltrans.o
                0x0000000008009394                ep0config.lto_priv.178
 .rodata.fsparams.lto_priv.179
                0x00000000080093b8        0xc /tmp/cceRjJvB.ltrans0.ltrans.o
                0x00000000080093b8                fsparams.lto_priv.179
 .rodata.dummytx.lto_priv.176
                0x00000000080093c4        0x2 /tmp/cceRjJvB.ltrans0.ltrans.o
                0x00000000080093c4                dummytx.lto_priv.176
 *fill*         0x00000000080093c6        0x2 
 .rodata.gpio_default_config.lto_priv.142
                0x00000000080093c8       0xa8 /tmp/cceRjJvB.ltrans0.ltrans.o
                0x00000000080093c8                gpio_default_config.lto_priv.142
 .rodata.str1.4
                0x0000000008009470        0x5 /tmp/cceRjJvB.ltrans0.ltrans.o
 *fill*         0x0000000008009475        0x3 
 .rodata.idle_descriptor.7876.lto_priv.141
                0x0000000008009478       0x18 /tmp/cceRjJvB.ltrans0.ltrans.o
                0x0000000008009478                idle_descriptor.7876.lto_priv.141
 .rodata.ch_debug
                0x0000000008009490       0x16 /tmp/cceRjJvB.ltrans0.ltrans.o
                0x0000000008009490                ch_debug
 *fill*         0x00000000080094a6        0x2 
 .rodata.vmt_device
                0x00000000080094a8        0x8 /tmp/cceRjJvB.ltrans0.ltrans.o
 .rodata.vmt_gyroscope
                0x00000000080094b0       0x24 /tmp/cceRjJvB.ltrans0.ltrans.o
 .rodata.pow10  0x00000000080094d4       0x24 /tmp/cceRjJvB.ltrans0.ltrans.o
 .rodata.chvprintf.str1.4
                0x00000000080094f8        0x7 /tmp/cceRjJvB.ltrans0.ltrans.o
 *fill*         0x00000000080094ff        0x1 
 .rodata.vcom_device_descriptor_data
                0x0000000008009500       0x12 /tmp/cceRjJvB.ltrans0.ltrans.o
 *fill*         0x0000000008009512        0x2 
 .rodata.vcom_device_descriptor
                0x0000000008009514        0x8 /tmp/cceRjJvB.ltrans0.ltrans.o
 .rodata.vcom_configuration_descriptor_data
                0x000000000800951c       0x43 /tmp/cceRjJvB.ltrans0.ltrans.o
 *fill*         0x000000000800955f        0x1 
 .rodata.vcom_configuration_descriptor
                0x0000000008009560        0x8 /tmp/cceRjJvB.ltrans0.ltrans.o
 .rodata.vcom_string0
                0x0000000008009568        0x4 /tmp/cceRjJvB.ltrans0.ltrans.o
 .rodata.vcom_string1
                0x000000000800956c       0x26 /tmp/cceRjJvB.ltrans0.ltrans.o
 *fill*         0x0000000008009592        0x2 
 .rodata.vcom_string2
                0x0000000008009594       0x38 /tmp/cceRjJvB.ltrans0.ltrans.o
 .rodata.vcom_string3
                0x00000000080095cc        0x8 /tmp/cceRjJvB.ltrans0.ltrans.o
 .rodata.vcom_strings
                0x00000000080095d4       0x20 /tmp/cceRjJvB.ltrans0.ltrans.o
 .rodata.ep1config
                0x00000000080095f4       0x24 /tmp/cceRjJvB.ltrans0.ltrans.o
 .rodata.ep2config
                0x0000000008009618       0x24 /tmp/cceRjJvB.ltrans0.ltrans.o
 .rodata.usbcfg
                0x000000000800963c       0x10 /tmp/cceRjJvB.ltrans0.ltrans.o
 .rodata.serusbcfg
                0x000000000800964c        0x8 /tmp/cceRjJvB.ltrans0.ltrans.o
 .rodata.spicfg
                0x0000000008009654       0x14 /tmp/cceRjJvB.ltrans0.ltrans.o
 .rodata.Thread1.str1.4
                0x0000000008009668        0x8 /tmp/cceRjJvB.ltrans0.ltrans.o
 .rodata.main.str1.4
                0x0000000008009670       0x5b /tmp/cceRjJvB.ltrans0.ltrans.o
 *fill*         0x00000000080096cb        0x1 
 .rodata.handle_rx_packet.str1.4
                0x00000000080096cc       0x11 /tmp/cceRjJvB.ltrans0.ltrans.o
 *fill*         0x00000000080096dd        0x3 
 .rodata.aucCRCHi
                0x00000000080096e0      0x100 /tmp/cceRjJvB.ltrans0.ltrans.o
 .rodata.aucCRCLo
                0x00000000080097e0      0x100 /tmp/cceRjJvB.ltrans0.ltrans.o
 .rodata.chThdCreateStatic.str1.4
                0x00000000080098e0        0x7 /tmp/cceRjJvB.ltrans3.ltrans.o
 *fill*         0x00000000080098e7        0x1 
 .rodata.spi_lld_serve_rx_interrupt.str1.4
                0x00000000080098e8        0xc /tmp/cceRjJvB.ltrans5.ltrans.o
                0x00000000080098f4                . = ALIGN (0x4)
                0x00000000080098f4                __rodata_end__ = .

.ARM.extab
 *(.ARM.extab* .gnu.linkonce.armextab.*)

.ARM.exidx      0x00000000080098f4        0x8
                0x00000000080098f4                __exidx_start = .
 *(.ARM.exidx* .gnu.linkonce.armexidx.*)
 .ARM.exidx     0x00000000080098f4        0x8 /opt/Atollic_TrueSTUDIO_for_STM32_x86_64_9.1.0/ARMTools/bin/../lib/gcc/arm-atollic-eabi/6.3.1/armv7e-m/fpu/libgcc.a(_udivmoddi4.o)
                0x00000000080098fc                __exidx_end = .

.rel.dyn        0x00000000080098fc        0x0
 .rel.iplt      0x00000000080098fc        0x0 build/obj/crt0_v7m.o

.eh_frame_hdr
 *(.eh_frame_hdr)

.eh_frame
 *(.eh_frame)
                0x0000000020000000                __ram0_start__ = ORIGIN (ram0)
                0x0000000000010000                __ram0_size__ = LENGTH (ram0)
                0x0000000020010000                __ram0_end__ = (__ram0_start__ + __ram0_size__)
                0x0000000000000000                __ram1_start__ = ORIGIN (ram1)
                0x0000000000000000                __ram1_size__ = LENGTH (ram1)
                0x0000000000000000                __ram1_end__ = (__ram1_start__ + __ram1_size__)
                0x0000000000000000                __ram2_start__ = ORIGIN (ram2)
                0x0000000000000000                __ram2_size__ = LENGTH (ram2)
                0x0000000000000000                __ram2_end__ = (__ram2_start__ + __ram2_size__)
                0x0000000000000000                __ram3_start__ = ORIGIN (ram3)
                0x0000000000000000                __ram3_size__ = LENGTH (ram3)
                0x0000000000000000                __ram3_end__ = (__ram3_start__ + __ram3_size__)
                0x0000000000000000                __ram4_start__ = ORIGIN (ram4)
                0x0000000000000000                __ram4_size__ = LENGTH (ram4)
                0x0000000000000000                __ram4_end__ = (__ram4_start__ + __ram4_size__)
                0x0000000000000000                __ram5_start__ = ORIGIN (ram5)
                0x0000000000000000                __ram5_size__ = LENGTH (ram5)
                0x0000000000000000                __ram5_end__ = (__ram5_start__ + __ram5_size__)
                0x0000000000000000                __ram6_start__ = ORIGIN (ram6)
                0x0000000000000000                __ram6_size__ = LENGTH (ram6)
                0x0000000000000000                __ram6_end__ = (__ram6_start__ + __ram6_size__)
                0x0000000000000000                __ram7_start__ = ORIGIN (ram7)
                0x0000000000000000                __ram7_size__ = LENGTH (ram7)
                0x0000000000000000                __ram7_end__ = (__ram7_start__ + __ram7_size__)

.data           0x0000000020000800       0x44 load address 0x00000000080098fc
                0x0000000020000800                . = ALIGN (0x4)
                [!provide]                        PROVIDE (_textdata, LOADADDR (.data))
                [!provide]                        PROVIDE (_data, .)
                0x00000000080098fc                _textdata_start = LOADADDR (.data)
                0x0000000020000800                _data_start = .
 *(.data)
 *(.data.*)
 .data.linecoding.lto_priv.218
                0x0000000020000800        0x7 /tmp/cceRjJvB.ltrans0.ltrans.o
                0x0000000020000800                linecoding.lto_priv.218
 *fill*         0x0000000020000807        0x1 
 .data.uart_cfg_1
                0x0000000020000808       0x20 /tmp/cceRjJvB.ltrans0.ltrans.o
 .data.axisID   0x0000000020000828        0x3 /tmp/cceRjJvB.ltrans0.ltrans.o
 *fill*         0x000000002000082b        0x1 
 .data.l3gd20cfg
                0x000000002000082c       0x14 /tmp/cceRjJvB.ltrans0.ltrans.o
 .data.chp      0x0000000020000840        0x4 /tmp/cceRjJvB.ltrans0.ltrans.o
 *(.ramtext)
                0x0000000020000844                . = ALIGN (0x4)
                [!provide]                        PROVIDE (_edata, .)
                0x0000000020000844                _data_end = .

.igot.plt       0x0000000020000844        0x0 load address 0x0000000008009940
 .igot.plt      0x0000000020000844        0x0 build/obj/crt0_v7m.o

.bss            0x0000000020000848      0xba0 load address 0x0000000008009940
                0x0000000020000848                . = ALIGN (0x4)
                0x0000000020000848                _bss_start = .
 *(.bss)
 *(.bss.*)
 .bss.dma_streams_mask.lto_priv.180
                0x0000000020000848        0x4 /tmp/cceRjJvB.ltrans0.ltrans.o
                0x0000000020000848                dma_streams_mask.lto_priv.180
 .bss.dma_isr_redir.lto_priv.181
                0x000000002000084c       0x80 /tmp/cceRjJvB.ltrans0.ltrans.o
                0x000000002000084c                dma_isr_redir.lto_priv.181
 .bss.USBD1     0x00000000200008cc       0x60 /tmp/cceRjJvB.ltrans0.ltrans.o
                0x00000000200008cc                USBD1
 .bss.ep0_state.lto_priv.182
                0x000000002000092c       0x10 /tmp/cceRjJvB.ltrans0.ltrans.o
                0x000000002000092c                ep0_state.lto_priv.182
 .bss.ep0setup_buffer.lto_priv.183
                0x000000002000093c        0x8 /tmp/cceRjJvB.ltrans0.ltrans.o
                0x000000002000093c                ep0setup_buffer.lto_priv.183
 .bss.SPID1     0x0000000020000944       0x30 /tmp/cceRjJvB.ltrans0.ltrans.o
                0x0000000020000944                SPID1
 .bss.dummyrx.lto_priv.177
                0x0000000020000974        0x2 /tmp/cceRjJvB.ltrans0.ltrans.o
                0x0000000020000974                dummyrx.lto_priv.177
 *fill*         0x0000000020000976        0x2 
 .bss.SD1       0x0000000020000978       0x7c /tmp/cceRjJvB.ltrans0.ltrans.o
                0x0000000020000978                SD1
 .bss.SD2       0x00000000200009f4       0x7c /tmp/cceRjJvB.ltrans0.ltrans.o
                0x00000000200009f4                SD2
 .bss.UARTD6    0x0000000020000a70       0x1c /tmp/cceRjJvB.ltrans0.ltrans.o
                0x0000000020000a70                UARTD6
 *fill*         0x0000000020000a8c        0x4 
 .bss.ch_idle_thread_wa
                0x0000000020000a90      0x160 /tmp/cceRjJvB.ltrans0.ltrans.o
                0x0000000020000a90                ch_idle_thread_wa
 .bss.ch        0x0000000020000bf0       0x78 /tmp/cceRjJvB.ltrans0.ltrans.o
                0x0000000020000bf0                ch
 .bss.ch_memcore
                0x0000000020000c68        0x8 /tmp/cceRjJvB.ltrans0.ltrans.o
                0x0000000020000c68                ch_memcore
 .bss.default_heap.lto_priv.44
                0x0000000020000c70       0x1c /tmp/cceRjJvB.ltrans0.ltrans.o
                0x0000000020000c70                default_heap.lto_priv.44
 .bss.ch_factory
                0x0000000020000c8c       0x44 /tmp/cceRjJvB.ltrans0.ltrans.o
                0x0000000020000c8c                ch_factory
 .bss.SDU1      0x0000000020000cd0      0x490 /tmp/cceRjJvB.ltrans0.ltrans.o
 .bss.ep1instate
                0x0000000020001160       0x10 /tmp/cceRjJvB.ltrans0.ltrans.o
 .bss.ep1outstate
                0x0000000020001170       0x10 /tmp/cceRjJvB.ltrans0.ltrans.o
 .bss.ep2instate
                0x0000000020001180       0x10 /tmp/cceRjJvB.ltrans0.ltrans.o
 .bss.bsem      0x0000000020001190        0xc /tmp/cceRjJvB.ltrans0.ltrans.o
 .bss.mtx1      0x000000002000119c       0x10 /tmp/cceRjJvB.ltrans0.ltrans.o
 .bss.L3GD20D1  0x00000000200011ac       0x30 /tmp/cceRjJvB.ltrans0.ltrans.o
 .bss.gyroraw   0x00000000200011dc        0xc /tmp/cceRjJvB.ltrans0.ltrans.o
 .bss.gyrocooked
                0x00000000200011e8        0xc /tmp/cceRjJvB.ltrans0.ltrans.o
 .bss.i         0x00000000200011f4        0x4 /tmp/cceRjJvB.ltrans0.ltrans.o
 .bss.modbus_registers
                0x00000000200011f8       0x18 /tmp/cceRjJvB.ltrans0.ltrans.o
 .bss.waThread1
                0x0000000020001210      0x1d0 /tmp/cceRjJvB.ltrans0.ltrans.o
 .bss.start_time